******************************************************************************
              TMS320C55x Linker PC v4.4.1                      
******************************************************************************
>> Linked Wed Dec 07 11:09:21 2016

OUTPUT FILE NAME:   <VE1939_delay.out>
ENTRY POINT SYMBOL: "_c_int00"  address: 00036af1


MEMORY CONFIGURATION

         name            origin    length      used     unused   attr    fill
                        (bytes)   (bytes)    (bytes)   (bytes)
----------------------  --------  ---------  --------  --------  ----  --------
PAGE 0:
  MMR                   00000000   000000c0  00000000  000000c0  RWIX
  DARAM0                000000c0   0000ff40  0000575c  0000a7e4  RWIX
  SARAM0                00010000   00010000  00000000  00010000  RWIX
  SARAM1                00020000   00020000  00016c13  000093ed  RWIX
  SARAM2                00040000   0000fe00  00000360  0000faa0  RWIX
  VECS                  0004fe00   00000200  00000100  00000100  RWIX
  PDROM                 00ff8000   00008000  00000000  00008000  R IX

PAGE 2:
  IOPORT                00000000   00020000  00000000  00020000  RWI 


SECTION ALLOCATION MAP
(Addresses surrounded by []'s are displayed for convenience only!)

output                                                          attributes/
section   page  orgn(bytes) orgn(words) len(bytes) len(words)   input sections
--------  ----  ----------- ----------- ---------- ----------   --------------
.pinit       0   [ 00040000 ]  00020000          *   00000000   UNINITIALIZED

.stack       0   [ 000000c0 ]  00000060          *   00001000   UNINITIALIZED
                 [ 000000c0 ]  00000060          *   00001000   --HOLE--

.data        0   [ 000000c0 ]  00000060          *   00000000   UNINITIALIZED

.sysstack 
*            0   [ 000020c0 ]  00001060          *   00000800   UNINITIALIZED
                 [ 000020c0 ]  00001060          *   00000800   --HOLE--

.bss.1       0   [ 000030c0 ]  00001860          *   0000026a   UNINITIALIZED
                 [ 000030c0 ]  00001860          *   00000119   rts55x.lib : defs.obj (.bss)
                 [ 000032f2 ]  00001979          *   000000d0              : trgdrv.obj (.bss)
                 [ 00003492 ]  00001a49          *   00000001              : fopen.obj (.bss)
                 [ 00003494 ]  00001a4a          *   00000071              : lowlev.obj (.bss)
                 [ 00003576 ]  00001abb          *   00000001   usbstk5515bsl.lib : usbstk5515_i2c.obj (.bss)
                 [ 00003578 ]  00001abc          *   00000006   rts55x.lib : memory.obj (.bss)
                 [ 00003584 ]  00001ac2          *   00000004              : _lock.obj (.bss)
                 [ 0000358c ]  00001ac6          *   00000004              : exit.obj (.bss)

.sysmem      0   [ 00003594 ]  00001aca          *   00001000   UNINITIALIZED
                 [ 00003594 ]  00001aca          *   00001000   --HOLE--

.const.1     0   [ 00005594 ]  00002aca          *   00000101   
                 [ 00005594 ]  00002aca          *   00000101   rts55x.lib : ctype.obj (.const:__ctypes_)

.const.2     0   [ 00005798 ]  00002bcc          *   0000003f   
                 [ 00005798 ]  00002bcc          *   00000024   rts55x.lib : _printfi.obj (.const:.string)
                 [ 000057e0 ]  00002bf0          *   0000000c              : _printfi.obj (.const)
                 [ 000057f8 ]  00002bfc          *   00000008              : divd.obj (.const:_initial_approx$1)
                 [ 00005808 ]  00002c04          *   00000007   hailMary_delay_alt_inMain.obj (.const:.string)

.const.3     0   [ 00005818 ]  00002c0c          *   00000004   
                 [ 00005818 ]  00002c0c          *   00000002   rts55x.lib : fputs.obj (.const:.string)
                 [ 0000581c ]  00002c0e          *   00000002              : fltlid.obj (.const)

.bss.2       0   [ 00020000 ]  00010000          *   0000910f   UNINITIALIZED
                 [ 00020000 ]  00010000          *   0000910f   hailMary_delay_alt_inMain.obj (.bss)

.text        0     0003221e  [ 0001910f ] 000049f5          *   
                   0003221e  [ 0001910f ] 000015a4          *   rts55x.lib : _printfi.obj (.text)
                   000337c2  [ 00019be1 ] 00000543          *              : lowlev.obj (.text)
                   00033d05  [ 00019e82+] 00000528          *              : trgdrv.obj (.text)
                   0003422d  [ 0001a116+] 000004b5          *              : memory.obj (.text)
                   000346e2  [ 0001a371 ] 000003cc          *              : divd.obj (.text)
                   00034aae  [ 0001a557 ] 0000036e          *   hailMary_delay_alt_inMain.obj (.text)
                   00034e1c  [ 0001a70e ] 0000027f          *   rts55x.lib : fopen.obj (.text)
                   0003509b  [ 0001a84d+] 0000025e          *              : llmpy.obj (.text)
                   000352f9  [ 0001a97c+] 0000025a          *              : addd.obj (.text)
                   00035553  [ 0001aaa9+] 000001f9          *   AIC_func.obj (.text)
                   0003574c  [ 0001aba6 ] 000001ea          *   rts55x.lib : cmpd.obj (.text)
                   00035936  [ 0001ac9b ] 00000163          *              : fputs.obj (.text)
                   00035a99  [ 0001ad4c+] 00000156          *   usbstk5515bsl.lib : usbstk5515_gpio.obj (.text)
                   00035bef  [ 0001adf7+] 0000014c          *   rts55x.lib : mpyd.obj (.text)
                   00035d3b  [ 0001ae9d+] 00000149          *   hailMary_delay_alt_inMain.obj (.text:retain)
                   00035e84  [ 0001af42 ] 0000013e          *   usbstk5515bsl.lib : usbstk5515_i2c.obj (.text)
                   00035fc2  [ 0001afe1 ] 000000e6          *   rts55x.lib : setvbuf.obj (.text)
                   000360a8  [ 0001b054 ] 000000dd          *              : _io_perm.obj (.text)
                   00036185  [ 0001b0c2+] 000000c2          *              : fflush.obj (.text)
                   00036247  [ 0001b123+] 000000ba          *              : trgmsg.obj (.text:CIO_breakpoint)
                   00036301  [ 0001b180+] 000000a6          *              : fputc.obj (.text)
                   000363a7  [ 0001b1d3+] 000000a1          *              : divul.obj (.text)
                   00036448  [ 0001b224 ] 0000007d          *              : ltoa.obj (.text)
                   000364c5  [ 0001b262+] 0000007b          *              : fclose.obj (.text)
                   00036540  [ 0001b2a0 ] 00000076          *              : frcmpyd.obj (.text)
                   000365b6  [ 0001b2db ] 00000073          *              : frcmpyd_div.obj (.text)
                   00036629  [ 0001b314+] 00000072          *              : remul.obj (.text)
                   0003669b  [ 0001b34d+] 0000006f          *              : fixdli.obj (.text)
                   0003670a  [ 0001b385 ] 0000006d          *              : trgmsg.obj (.text)
                   00036777  [ 0001b3bb+] 0000006b          *              : fseek.obj (.text)
                   000367e2  [ 0001b3f1 ] 00000067          *              : fltlid.obj (.text)
                   00036849  [ 0001b424+] 0000005c          *              : atoi.obj (.text)
                   000368a5  [ 0001b452+] 00000054          *   usbstk5515bsl.lib : usbstk5515.obj (.text)
                   000368f9  [ 0001b47c+] 00000050          *   rts55x.lib : printf.obj (.text)
                   00036949  [ 0001b4a4+] 0000004d          *              : autoinit.obj (.text)
                   00036996  [ 0001b4cb ] 0000004b          *              : args_main.obj (.text)
                   000369e1  [ 0001b4f0+] 0000004b          *              : remli.obj (.text)
                   00036a2c  [ 0001b516 ] 00000048          *              : divli.obj (.text)
                   00036a74  [ 0001b53a ] 0000003f          *              : memcpy.obj (.text)
                   00036ab3  [ 0001b559+] 0000003e          *              : exit.obj (.text)
                   00036af1  [ 0001b578+] 00000034          *              : boot.obj (.text)
                   00036b25  [ 0001b592+] 0000002a          *              : fixdi.obj (.text)
                   00036b4f  [ 0001b5a7+] 0000002a          *              : udiv.obj (.text)
                   00036b79  [ 0001b5bc+] 00000023          *              : memccpy.obj (.text)
                   00036b9c  [ 0001b5ce ] 0000001a          *              : isinf.obj (.text)
                   00036bb6  [ 0001b5db ] 00000014          *              : subd.obj (.text)
                   00036bca  [ 0001b5e5 ] 00000013          *              : lmpy.obj (.text)
                   00036bdd  [ 0001b5ee+] 00000012          *              : _lock.obj (.text)
                   00036bef  [ 0001b5f7+] 00000010          *              : negd.obj (.text)
                   00036bff  [ 0001b5ff+] 0000000a          *              : remove.obj (.text)
                   00036c09  [ 0001b604+] 00000007          *              : exit.obj (.text:CIO_breakpoint)
                   00036c10  [ 0001b608 ] 00000002          *              : vectors.obj (.text)
                   00036c12  [ 0001b609 ] 00000001          *   --HOLE-- [fill = 20]

.cio         0   [ 00040000 ]  00020000          *   00000120   UNINITIALIZED
                 [ 00040000 ]  00020000          *   00000120   rts55x.lib : trgmsg.obj (.cio)

.cinit       0   [ 00040240 ]  00020120          *   00000090   
                 [ 00040240 ]  00020120          *   0000002d   rts55x.lib : lowlev.obj (.cinit)
                 [ 0004029a ]  0002014d          *   0000002a              : defs.obj (.cinit)
                 [ 000402ee ]  00020177          *   00000018   hailMary_delay_alt_inMain.obj (.cinit)
                 [ 0004031e ]  0002018f          *   0000000a   rts55x.lib : _lock.obj (.cinit)
                 [ 00040332 ]  00020199          *   0000000a              : exit.obj (.cinit)
                 [ 00040346 ]  000201a3          *   00000004              : fopen.obj (.cinit)
                 [ 0004034e ]  000201a7          *   00000004              : memory.obj (.cinit)
                 [ 00040356 ]  000201ab          *   00000004   usbstk5515bsl.lib : usbstk5515_i2c.obj (.cinit)
                 [ 0004035e ]  000201af          *   00000001   --HOLE-- [fill = 0]

vectors      0     0004fe00  [ 00027f00 ] 00000100          *   
                   0004fe00  [ 00027f00 ] 00000100          *   rts55x.lib : vectors.obj (vectors)


GLOBAL SYMBOLS: SORTED ALPHABETICALLY BY Name 

abs. value/
byte addr   word addr   name
---------   ---------   ----
00000002                $TI_capability$C5500$CallingConvention
00000002                $TI_capability$C5500$MemoryModel
00000001                $TI_capability_requires_rev3
ffffffff                .bss
ffffffff                .data
ffffffff                .text
00036c0a                C$$EXIT
000362fc                C$$IO$$
00036bca                I$$LMPY
00036b4f                I$$UDIV
00036b64                I$$UMOD
00034c06                _ADC_Fifo_Get
00034ba8                _ADC_Fifo_Init
00034d8e                _ADC_Fifo_Put
00034bf6                _ADC_Fifo_Size
            0001800a    _ADC_GetI
            00018008    _ADC_PutI
00035590                _AIC3204_rset
000355aa                _AIC_init
00035589                _AIC_off
0003556c                _AIC_read2
00035553                _AIC_write2
00034dd1                _DAC_Fifo_Get
00034b98                _DAC_Fifo_Init
00034c41                _DAC_Fifo_Put
00034e0c                _DAC_Fifo_Size
            0001840e    _DAC_GetI
            0001840c    _DAC_PutI
000341cf                _HOSTclock
00034164                _HOSTclose
000340af                _HOSTlseek
00034010                _HOSTopen
00033f83                _HOSTread
00033ed5                _HOSTrename
00033e77                _HOSTtime
00033e0d                _HOSTunlink
00033d80                _HOSTwrite
00035d3b                _I2S_ISR
00034bb8                _I2S_interrupt_setup
0004fe00                _Reset
00035b97                _USBSTK5515_GPIO_getInput
00035a99                _USBSTK5515_GPIO_init
00035a9d                _USBSTK5515_GPIO_setDirection
00035b1a                _USBSTK5515_GPIO_setOutput
00035ea3                _USBSTK5515_I2C_close
00035e84                _USBSTK5515_I2C_init
00035f49                _USBSTK5515_I2C_read
00035eac                _USBSTK5515_I2C_reset
00035eba                _USBSTK5515_I2C_write
000368eb                _USBSTK5515_init
000368a5                _USBSTK5515_wait
000368d9                _USBSTK5515_waitusec
            00020000    __CIOBUF_
            00001060    __STACK_END
00002000                __STACK_SIZE
00002000                __SYSMEM_SIZE
00001000                __SYSSTACK_SIZE
00000001                __TI_args_main
ffffffff                ___binit__
ffffffff                ___bss__
ffffffff                ___c_args__
            00020120    ___cinit__
ffffffff                ___data__
ffffffff                ___edata__
ffffffff                ___end__
ffffffff                ___etext__
00036b9c                ___isinf
ffffffff                ___pinit__
ffffffff                ___text__
000352f9                __addd
00036996                __args_main
00034f3d                __cleanup
            00001ac6    __cleanup_ptr
000358de                __cmpd
            00002aca    __ctypes_
000346e2                __divd
00036a2c                __divli
000352c4                __divlli
00036b4f                __divu
000363a7                __divul
000351d0                __divull
00036185                __doflush
            00001ac8    __dtors_ptr
000358aa                __eqld
00036b25                __fixdi
0003669b                __fixdli
000367e2                __fltlid
00036540                __frcmpyd
000365b6                __frcmpyd_div
            00001978    __ft_end
            00001860    __ftable
00035860                __geqd
00035815                __gtrd
000357c8                __leqd
            00001ac2    __lock
00035780                __lssd
00035bef                __mpyd
00036bca                __mpyli
00035118                __mpylli
00036bef                __negd
0003574c                __neqd
00036bed                __nop
00033580                __printfi
00036128                __rd_ok
00036be5                __register_lock
00036bdd                __register_unlock
000369e1                __remli
000350e9                __remlli
00036b64                __remu
00036629                __remul
0003509b                __remull
            00000060    __stack
00036bb6                __subd
            00001aca    __sys_memory
            00001060    __sysstack
            000018d8    __tmpnams
            00001ac4    __unlock
000360a8                __wrt_ok
00036c09                _abort
00033c15                _add_device
00036849                _atoi
00036949                _auto_init
00036af1                _c_int00
00034aae                _calculateRead
000346bc                _calloc
000346b4                _chkheap
00034d68                _circIncReadWrite
00033ba2                _close
            00010005    _delayBuffer
            00010002    _delayCounter
            00010003    _delayLengthSamp
00036ab3                _exit
            00019010    _extra
000364c5                _fclose
000361ee                _fflush
00033b99                _find_registered_device
            00018007    _flag
00035060                _fopen
00036301                _fputc
00035936                _fputs
0003422d                _free
0003465e                _free_memory
00034f97                _freopen
00036777                _fseek
00033d05                _getenv
            00018005    _hexDelaySize
            00001abb    _i2c_timeout
            00018810    _input
            00018006    _keepSample
00033b33                _lseek
00036448                _ltoa
00034c84                _main
0003435e                _malloc
00034604                _max_free
00036b79                _memccpy
00036a74                _memcpy
000342f9                _minit
00033a74                _open
            00018c10    _output
000368f9                _printf
00034aea                _processDelay
00036301                _putc
00036398                _putchar
00035a6b                _puts
000339c6                _read
            00010001    _readIndex
0003670a                _readmsg
00034453                _realloc
00036bff                _remove
00033990                _remove_device
00033937                _rename
00035fc2                _setvbuf
            00010004    _test2
00033904                _unlink
000337c2                _write
            00010000    _writeIndex
00036247                _writemsg
ffffffff                binit
            00020120    cinit
ffffffff                edata
ffffffff                end
ffffffff                etext
ffffffff                pinit


GLOBAL SYMBOLS: SORTED BY Symbol Address 

abs. value/
byte addr   word addr   name
---------   ---------   ----
00000001                $TI_capability_requires_rev3
00000001                __TI_args_main
00000002                $TI_capability$C5500$CallingConvention
00000002                $TI_capability$C5500$MemoryModel
            00000060    __stack
00001000                __SYSSTACK_SIZE
00002000                __STACK_SIZE
00002000                __SYSMEM_SIZE
            00001060    __STACK_END
            00001060    __sysstack
            00001860    __ftable
            000018d8    __tmpnams
            00001978    __ft_end
            00001abb    _i2c_timeout
            00001ac2    __lock
            00001ac4    __unlock
            00001ac6    __cleanup_ptr
            00001ac8    __dtors_ptr
            00001aca    __sys_memory
            00002aca    __ctypes_
            00010000    _writeIndex
            00010001    _readIndex
            00010002    _delayCounter
            00010003    _delayLengthSamp
            00010004    _test2
            00010005    _delayBuffer
            00018005    _hexDelaySize
            00018006    _keepSample
            00018007    _flag
            00018008    _ADC_PutI
            0001800a    _ADC_GetI
            0001840c    _DAC_PutI
            0001840e    _DAC_GetI
            00018810    _input
            00018c10    _output
            00019010    _extra
00033580                __printfi
000337c2                _write
00033904                _unlink
00033937                _rename
00033990                _remove_device
000339c6                _read
00033a74                _open
00033b33                _lseek
00033b99                _find_registered_device
00033ba2                _close
00033c15                _add_device
00033d05                _getenv
00033d80                _HOSTwrite
00033e0d                _HOSTunlink
00033e77                _HOSTtime
00033ed5                _HOSTrename
00033f83                _HOSTread
00034010                _HOSTopen
000340af                _HOSTlseek
00034164                _HOSTclose
000341cf                _HOSTclock
0003422d                _free
000342f9                _minit
0003435e                _malloc
00034453                _realloc
00034604                _max_free
0003465e                _free_memory
000346b4                _chkheap
000346bc                _calloc
000346e2                __divd
00034aae                _calculateRead
00034aea                _processDelay
00034b98                _DAC_Fifo_Init
00034ba8                _ADC_Fifo_Init
00034bb8                _I2S_interrupt_setup
00034bf6                _ADC_Fifo_Size
00034c06                _ADC_Fifo_Get
00034c41                _DAC_Fifo_Put
00034c84                _main
00034d68                _circIncReadWrite
00034d8e                _ADC_Fifo_Put
00034dd1                _DAC_Fifo_Get
00034e0c                _DAC_Fifo_Size
00034f3d                __cleanup
00034f97                _freopen
00035060                _fopen
0003509b                __remull
000350e9                __remlli
00035118                __mpylli
000351d0                __divull
000352c4                __divlli
000352f9                __addd
00035553                _AIC_write2
0003556c                _AIC_read2
00035589                _AIC_off
00035590                _AIC3204_rset
000355aa                _AIC_init
0003574c                __neqd
00035780                __lssd
000357c8                __leqd
00035815                __gtrd
00035860                __geqd
000358aa                __eqld
000358de                __cmpd
00035936                _fputs
00035a6b                _puts
00035a99                _USBSTK5515_GPIO_init
00035a9d                _USBSTK5515_GPIO_setDirection
00035b1a                _USBSTK5515_GPIO_setOutput
00035b97                _USBSTK5515_GPIO_getInput
00035bef                __mpyd
00035d3b                _I2S_ISR
00035e84                _USBSTK5515_I2C_init
00035ea3                _USBSTK5515_I2C_close
00035eac                _USBSTK5515_I2C_reset
00035eba                _USBSTK5515_I2C_write
00035f49                _USBSTK5515_I2C_read
00035fc2                _setvbuf
000360a8                __wrt_ok
00036128                __rd_ok
00036185                __doflush
000361ee                _fflush
00036247                _writemsg
000362fc                C$$IO$$
00036301                _fputc
00036301                _putc
00036398                _putchar
000363a7                __divul
00036448                _ltoa
000364c5                _fclose
00036540                __frcmpyd
000365b6                __frcmpyd_div
00036629                __remul
0003669b                __fixdli
0003670a                _readmsg
00036777                _fseek
000367e2                __fltlid
00036849                _atoi
000368a5                _USBSTK5515_wait
000368d9                _USBSTK5515_waitusec
000368eb                _USBSTK5515_init
000368f9                _printf
00036949                _auto_init
00036996                __args_main
000369e1                __remli
00036a2c                __divli
00036a74                _memcpy
00036ab3                _exit
00036af1                _c_int00
00036b25                __fixdi
00036b4f                I$$UDIV
00036b4f                __divu
00036b64                I$$UMOD
00036b64                __remu
00036b79                _memccpy
00036b9c                ___isinf
00036bb6                __subd
00036bca                I$$LMPY
00036bca                __mpyli
00036bdd                __register_unlock
00036be5                __register_lock
00036bed                __nop
00036bef                __negd
00036bff                _remove
00036c09                _abort
00036c0a                C$$EXIT
            00020000    __CIOBUF_
            00020120    ___cinit__
            00020120    cinit
0004fe00                _Reset
ffffffff                .bss
ffffffff                .data
ffffffff                .text
ffffffff                ___binit__
ffffffff                ___bss__
ffffffff                ___c_args__
ffffffff                ___data__
ffffffff                ___edata__
ffffffff                ___end__
ffffffff                ___etext__
ffffffff                ___pinit__
ffffffff                ___text__
ffffffff                binit
ffffffff                edata
ffffffff                end
ffffffff                etext
ffffffff                pinit

[183 symbols]
