******************************************************************************
              TMS320C55x Linker PC v4.4.1                      
******************************************************************************
>> Linked Tue Dec 06 16:47:29 2016

OUTPUT FILE NAME:   <VE1939_delay.out>
ENTRY POINT SYMBOL: "_c_int00"  address: 00034d51


MEMORY CONFIGURATION

         name            origin    length      used     unused   attr    fill
                        (bytes)   (bytes)    (bytes)   (bytes)
----------------------  --------  ---------  --------  --------  ----  --------
PAGE 0:
  MMR                   00000000   000000c0  00000000  000000c0  RWIX
  DARAM0                000000c0   0000ff40  0000575c  0000a7e4  RWIX
  SARAM0                00010000   00010000  00000000  00010000  RWIX
  SARAM1                00020000   00020000  00014e73  0000b18d  RWIX
  SARAM2                00040000   0000fe00  00000358  0000faa8  RWIX
  VECS                  0004fe00   00000200  00000100  00000100  RWIX
  PDROM                 00ff8000   00008000  00000000  00008000  R IX

PAGE 2:
  IOPORT                00000000   00020000  00000000  00020000  RWI 


SECTION ALLOCATION MAP
(Addresses surrounded by []'s are displayed for convenience only!)

output                                                          attributes/
section   page  orgn(bytes) orgn(words) len(bytes) len(words)   input sections
--------  ----  ----------- ----------- ---------- ----------   --------------
.pinit       0   [ 00040000 ]  00020000          *   00000000   UNINITIALIZED

.stack       0   [ 000000c0 ]  00000060          *   00001000   UNINITIALIZED
                 [ 000000c0 ]  00000060          *   00001000   --HOLE--

.data        0   [ 000000c0 ]  00000060          *   00000000   UNINITIALIZED

.sysstack 
*            0   [ 000020c0 ]  00001060          *   00000800   UNINITIALIZED
                 [ 000020c0 ]  00001060          *   00000800   --HOLE--

.bss.1       0   [ 000030c0 ]  00001860          *   0000026a   UNINITIALIZED
                 [ 000030c0 ]  00001860          *   00000119   rts55x.lib : defs.obj (.bss)
                 [ 000032f2 ]  00001979          *   000000d0              : trgdrv.obj (.bss)
                 [ 00003492 ]  00001a49          *   00000001              : fopen.obj (.bss)
                 [ 00003494 ]  00001a4a          *   00000071              : lowlev.obj (.bss)
                 [ 00003576 ]  00001abb          *   00000001   usbstk5515bsl.lib : usbstk5515_i2c.obj (.bss)
                 [ 00003578 ]  00001abc          *   00000006   rts55x.lib : memory.obj (.bss)
                 [ 00003584 ]  00001ac2          *   00000004              : _lock.obj (.bss)
                 [ 0000358c ]  00001ac6          *   00000004              : exit.obj (.bss)

.sysmem      0   [ 00003594 ]  00001aca          *   00001000   UNINITIALIZED
                 [ 00003594 ]  00001aca          *   00001000   --HOLE--

.const.1     0   [ 00005594 ]  00002aca          *   00000101   
                 [ 00005594 ]  00002aca          *   00000101   rts55x.lib : ctype.obj (.const:__ctypes_)

.const.2     0   [ 00005798 ]  00002bcc          *   0000003f   
                 [ 00005798 ]  00002bcc          *   00000024   rts55x.lib : _printfi.obj (.const:.string)
                 [ 000057e0 ]  00002bf0          *   0000000c              : _printfi.obj (.const)
                 [ 000057f8 ]  00002bfc          *   00000008              : divd.obj (.const:_initial_approx$1)
                 [ 00005808 ]  00002c04          *   00000007   hailMary_delay_alt_inMain.obj (.const:.string)

.const.3     0   [ 00005818 ]  00002c0c          *   00000004   
                 [ 00005818 ]  00002c0c          *   00000002   rts55x.lib : fputs.obj (.const:.string)
                 [ 0000581c ]  00002c0e          *   00000002              : fltlid.obj (.const)

.bss.2       0   [ 00020000 ]  00010000          *   0000822e   UNINITIALIZED
                 [ 00020000 ]  00010000          *   0000822e   hailMary_delay_alt_inMain.obj (.bss)

.text        0     0003045c  [ 0001822e ] 00004a17          *   
                   0003045c  [ 0001822e ] 000015a4          *   rts55x.lib : _printfi.obj (.text)
                   00031a00  [ 00018d00 ] 00000543          *              : lowlev.obj (.text)
                   00031f43  [ 00018fa1+] 00000528          *              : trgdrv.obj (.text)
                   0003246b  [ 00019235+] 000004b5          *              : memory.obj (.text)
                   00032920  [ 00019490 ] 000003cc          *              : divd.obj (.text)
                   00032cec  [ 00019676 ] 00000390          *   hailMary_delay_alt_inMain.obj (.text)
                   0003307c  [ 0001983e ] 0000027f          *   rts55x.lib : fopen.obj (.text)
                   000332fb  [ 0001997d+] 0000025e          *              : llmpy.obj (.text)
                   00033559  [ 00019aac+] 0000025a          *              : addd.obj (.text)
                   000337b3  [ 00019bd9+] 000001f9          *   AIC_func.obj (.text)
                   000339ac  [ 00019cd6 ] 000001ea          *   rts55x.lib : cmpd.obj (.text)
                   00033b96  [ 00019dcb ] 00000163          *              : fputs.obj (.text)
                   00033cf9  [ 00019e7c+] 00000156          *   usbstk5515bsl.lib : usbstk5515_gpio.obj (.text)
                   00033e4f  [ 00019f27+] 0000014c          *   rts55x.lib : mpyd.obj (.text)
                   00033f9b  [ 00019fcd+] 00000149          *   hailMary_delay_alt_inMain.obj (.text:retain)
                   000340e4  [ 0001a072 ] 0000013e          *   usbstk5515bsl.lib : usbstk5515_i2c.obj (.text)
                   00034222  [ 0001a111 ] 000000e6          *   rts55x.lib : setvbuf.obj (.text)
                   00034308  [ 0001a184 ] 000000dd          *              : _io_perm.obj (.text)
                   000343e5  [ 0001a1f2+] 000000c2          *              : fflush.obj (.text)
                   000344a7  [ 0001a253+] 000000ba          *              : trgmsg.obj (.text:CIO_breakpoint)
                   00034561  [ 0001a2b0+] 000000a6          *              : fputc.obj (.text)
                   00034607  [ 0001a303+] 000000a1          *              : divul.obj (.text)
                   000346a8  [ 0001a354 ] 0000007d          *              : ltoa.obj (.text)
                   00034725  [ 0001a392+] 0000007b          *              : fclose.obj (.text)
                   000347a0  [ 0001a3d0 ] 00000076          *              : frcmpyd.obj (.text)
                   00034816  [ 0001a40b ] 00000073          *              : frcmpyd_div.obj (.text)
                   00034889  [ 0001a444+] 00000072          *              : remul.obj (.text)
                   000348fb  [ 0001a47d+] 0000006f          *              : fixdli.obj (.text)
                   0003496a  [ 0001a4b5 ] 0000006d          *              : trgmsg.obj (.text)
                   000349d7  [ 0001a4eb+] 0000006b          *              : fseek.obj (.text)
                   00034a42  [ 0001a521 ] 00000067          *              : fltlid.obj (.text)
                   00034aa9  [ 0001a554+] 0000005c          *              : atoi.obj (.text)
                   00034b05  [ 0001a582+] 00000054          *   usbstk5515bsl.lib : usbstk5515.obj (.text)
                   00034b59  [ 0001a5ac+] 00000050          *   rts55x.lib : printf.obj (.text)
                   00034ba9  [ 0001a5d4+] 0000004d          *              : autoinit.obj (.text)
                   00034bf6  [ 0001a5fb ] 0000004b          *              : args_main.obj (.text)
                   00034c41  [ 0001a620+] 0000004b          *              : remli.obj (.text)
                   00034c8c  [ 0001a646 ] 00000048          *              : divli.obj (.text)
                   00034cd4  [ 0001a66a ] 0000003f          *              : memcpy.obj (.text)
                   00034d13  [ 0001a689+] 0000003e          *              : exit.obj (.text)
                   00034d51  [ 0001a6a8+] 00000034          *              : boot.obj (.text)
                   00034d85  [ 0001a6c2+] 0000002a          *              : fixdi.obj (.text)
                   00034daf  [ 0001a6d7+] 0000002a          *              : udiv.obj (.text)
                   00034dd9  [ 0001a6ec+] 00000023          *              : memccpy.obj (.text)
                   00034dfc  [ 0001a6fe ] 0000001a          *              : isinf.obj (.text)
                   00034e16  [ 0001a70b ] 00000014          *              : subd.obj (.text)
                   00034e2a  [ 0001a715 ] 00000013          *              : lmpy.obj (.text)
                   00034e3d  [ 0001a71e+] 00000012          *              : _lock.obj (.text)
                   00034e4f  [ 0001a727+] 00000010          *              : negd.obj (.text)
                   00034e5f  [ 0001a72f+] 0000000a          *              : remove.obj (.text)
                   00034e69  [ 0001a734+] 00000007          *              : exit.obj (.text:CIO_breakpoint)
                   00034e70  [ 0001a738 ] 00000002          *              : vectors.obj (.text)
                   00034e72  [ 0001a739 ] 00000001          *   --HOLE-- [fill = 20]

.cio         0   [ 00040000 ]  00020000          *   00000120   UNINITIALIZED
                 [ 00040000 ]  00020000          *   00000120   rts55x.lib : trgmsg.obj (.cio)

.cinit       0   [ 00040240 ]  00020120          *   0000008c   
                 [ 00040240 ]  00020120          *   0000002d   rts55x.lib : lowlev.obj (.cinit)
                 [ 0004029a ]  0002014d          *   0000002a              : defs.obj (.cinit)
                 [ 000402ee ]  00020177          *   00000014   hailMary_delay_alt_inMain.obj (.cinit)
                 [ 00040316 ]  0002018b          *   0000000a   rts55x.lib : _lock.obj (.cinit)
                 [ 0004032a ]  00020195          *   0000000a              : exit.obj (.cinit)
                 [ 0004033e ]  0002019f          *   00000004              : fopen.obj (.cinit)
                 [ 00040346 ]  000201a3          *   00000004              : memory.obj (.cinit)
                 [ 0004034e ]  000201a7          *   00000004   usbstk5515bsl.lib : usbstk5515_i2c.obj (.cinit)
                 [ 00040356 ]  000201ab          *   00000001   --HOLE-- [fill = 0]

vectors      0     0004fe00  [ 00027f00 ] 00000100          *   
                   0004fe00  [ 00027f00 ] 00000100          *   rts55x.lib : vectors.obj (vectors)


GLOBAL SYMBOLS: SORTED ALPHABETICALLY BY Name 

abs. value/
byte addr   word addr   name
---------   ---------   ----
00000002                $TI_capability$C5500$CallingConvention
00000002                $TI_capability$C5500$MemoryModel
00000001                $TI_capability_requires_rev3
ffffffff                .bss
ffffffff                .data
ffffffff                .text
00034e6a                C$$EXIT
0003455c                C$$IO$$
00034e2a                I$$LMPY
00034daf                I$$UDIV
00034dc4                I$$UMOD
00032e3c                _ADC_Fifo_Get
00032dde                _ADC_Fifo_Init
00032ff0                _ADC_Fifo_Put
00032e2c                _ADC_Fifo_Size
            00018008    _ADC_GetI
            00018006    _ADC_PutI
000337f0                _AIC3204_rset
0003380a                _AIC_init
000337e9                _AIC_off
000337cc                _AIC_read2
000337b3                _AIC_write2
00033032                _DAC_Fifo_Get
00032dce                _DAC_Fifo_Init
00032e76                _DAC_Fifo_Put
0003306c                _DAC_Fifo_Size
            0001808c    _DAC_GetI
            0001808a    _DAC_PutI
0003240d                _HOSTclock
000323a2                _HOSTclose
000322ed                _HOSTlseek
0003224e                _HOSTopen
000321c1                _HOSTread
00032113                _HOSTrename
000320b5                _HOSTtime
0003204b                _HOSTunlink
00031fbe                _HOSTwrite
00033f9b                _I2S_ISR
00032dee                _I2S_interrupt_setup
0004fe00                _Reset
00033df7                _USBSTK5515_GPIO_getInput
00033cf9                _USBSTK5515_GPIO_init
00033cfd                _USBSTK5515_GPIO_setDirection
00033d7a                _USBSTK5515_GPIO_setOutput
00034103                _USBSTK5515_I2C_close
000340e4                _USBSTK5515_I2C_init
000341a9                _USBSTK5515_I2C_read
0003410c                _USBSTK5515_I2C_reset
0003411a                _USBSTK5515_I2C_write
00034b4b                _USBSTK5515_init
00034b05                _USBSTK5515_wait
00034b39                _USBSTK5515_waitusec
            00020000    __CIOBUF_
            00001060    __STACK_END
00002000                __STACK_SIZE
00002000                __SYSMEM_SIZE
00001000                __SYSSTACK_SIZE
00000001                __TI_args_main
ffffffff                ___binit__
ffffffff                ___bss__
ffffffff                ___c_args__
            00020120    ___cinit__
ffffffff                ___data__
ffffffff                ___edata__
ffffffff                ___end__
ffffffff                ___etext__
00034dfc                ___isinf
ffffffff                ___pinit__
ffffffff                ___text__
00033559                __addd
00034bf6                __args_main
0003319d                __cleanup
            00001ac6    __cleanup_ptr
00033b3e                __cmpd
            00002aca    __ctypes_
00032920                __divd
00034c8c                __divli
00033524                __divlli
00034daf                __divu
00034607                __divul
00033430                __divull
000343e5                __doflush
            00001ac8    __dtors_ptr
00033b0a                __eqld
00034d85                __fixdi
000348fb                __fixdli
00034a42                __fltlid
000347a0                __frcmpyd
00034816                __frcmpyd_div
            00001978    __ft_end
            00001860    __ftable
00033ac0                __geqd
00033a75                __gtrd
00033a28                __leqd
            00001ac2    __lock
000339e0                __lssd
00033e4f                __mpyd
00034e2a                __mpyli
00033378                __mpylli
00034e4f                __negd
000339ac                __neqd
00034e4d                __nop
000317be                __printfi
00034388                __rd_ok
00034e45                __register_lock
00034e3d                __register_unlock
00034c41                __remli
00033349                __remlli
00034dc4                __remu
00034889                __remul
000332fb                __remull
            00000060    __stack
00034e16                __subd
            00001aca    __sys_memory
            00001060    __sysstack
            000018d8    __tmpnams
            00001ac4    __unlock
00034308                __wrt_ok
00034e69                _abort
00031e53                _add_device
00034aa9                _atoi
00034ba9                _auto_init
00034d51                _c_int00
00032cec                _calculateRead
000328fa                _calloc
000328f2                _chkheap
00032fca                _circIncReadWrite
00031de0                _close
            00010004    _delayBuffer
            00010002    _delayCounter
            00010003    _delayLengthSamp
00034d13                _exit
            0001820e    _extra
00034725                _fclose
0003444e                _fflush
00031dd7                _find_registered_device
            0001822d    _flag
000332c0                _fopen
00034561                _fputc
00033b96                _fputs
0003246b                _free
0003289c                _free_memory
000331f7                _freopen
000349d7                _fseek
00031f43                _getenv
            00018004    _hexDelaySize
            00001abb    _i2c_timeout
            0001810e    _input
            00018005    _keepSample
00031d71                _lseek
000346a8                _ltoa
00032eb8                _main
0003259c                _malloc
00032842                _max_free
00034dd9                _memccpy
00034cd4                _memcpy
00032537                _minit
00031cb2                _open
            0001818e    _output
00034b59                _printf
00032d28                _processDelay
00034561                _putc
000345f8                _putchar
00033ccb                _puts
00031c04                _read
            00010001    _readIndex
0003496a                _readmsg
00032691                _realloc
00034e5f                _remove
00031bce                _remove_device
00031b75                _rename
00034222                _setvbuf
00031b42                _unlink
00031a00                _write
            00010000    _writeIndex
000344a7                _writemsg
ffffffff                binit
            00020120    cinit
ffffffff                edata
ffffffff                end
ffffffff                etext
ffffffff                pinit


GLOBAL SYMBOLS: SORTED BY Symbol Address 

abs. value/
byte addr   word addr   name
---------   ---------   ----
00000001                $TI_capability_requires_rev3
00000001                __TI_args_main
00000002                $TI_capability$C5500$CallingConvention
00000002                $TI_capability$C5500$MemoryModel
            00000060    __stack
00001000                __SYSSTACK_SIZE
00002000                __STACK_SIZE
00002000                __SYSMEM_SIZE
            00001060    __STACK_END
            00001060    __sysstack
            00001860    __ftable
            000018d8    __tmpnams
            00001978    __ft_end
            00001abb    _i2c_timeout
            00001ac2    __lock
            00001ac4    __unlock
            00001ac6    __cleanup_ptr
            00001ac8    __dtors_ptr
            00001aca    __sys_memory
            00002aca    __ctypes_
            00010000    _writeIndex
            00010001    _readIndex
            00010002    _delayCounter
            00010003    _delayLengthSamp
            00010004    _delayBuffer
            00018004    _hexDelaySize
            00018005    _keepSample
            00018006    _ADC_PutI
            00018008    _ADC_GetI
            0001808a    _DAC_PutI
            0001808c    _DAC_GetI
            0001810e    _input
            0001818e    _output
            0001820e    _extra
            0001822d    _flag
000317be                __printfi
00031a00                _write
00031b42                _unlink
00031b75                _rename
00031bce                _remove_device
00031c04                _read
00031cb2                _open
00031d71                _lseek
00031dd7                _find_registered_device
00031de0                _close
00031e53                _add_device
00031f43                _getenv
00031fbe                _HOSTwrite
0003204b                _HOSTunlink
000320b5                _HOSTtime
00032113                _HOSTrename
000321c1                _HOSTread
0003224e                _HOSTopen
000322ed                _HOSTlseek
000323a2                _HOSTclose
0003240d                _HOSTclock
0003246b                _free
00032537                _minit
0003259c                _malloc
00032691                _realloc
00032842                _max_free
0003289c                _free_memory
000328f2                _chkheap
000328fa                _calloc
00032920                __divd
00032cec                _calculateRead
00032d28                _processDelay
00032dce                _DAC_Fifo_Init
00032dde                _ADC_Fifo_Init
00032dee                _I2S_interrupt_setup
00032e2c                _ADC_Fifo_Size
00032e3c                _ADC_Fifo_Get
00032e76                _DAC_Fifo_Put
00032eb8                _main
00032fca                _circIncReadWrite
00032ff0                _ADC_Fifo_Put
00033032                _DAC_Fifo_Get
0003306c                _DAC_Fifo_Size
0003319d                __cleanup
000331f7                _freopen
000332c0                _fopen
000332fb                __remull
00033349                __remlli
00033378                __mpylli
00033430                __divull
00033524                __divlli
00033559                __addd
000337b3                _AIC_write2
000337cc                _AIC_read2
000337e9                _AIC_off
000337f0                _AIC3204_rset
0003380a                _AIC_init
000339ac                __neqd
000339e0                __lssd
00033a28                __leqd
00033a75                __gtrd
00033ac0                __geqd
00033b0a                __eqld
00033b3e                __cmpd
00033b96                _fputs
00033ccb                _puts
00033cf9                _USBSTK5515_GPIO_init
00033cfd                _USBSTK5515_GPIO_setDirection
00033d7a                _USBSTK5515_GPIO_setOutput
00033df7                _USBSTK5515_GPIO_getInput
00033e4f                __mpyd
00033f9b                _I2S_ISR
000340e4                _USBSTK5515_I2C_init
00034103                _USBSTK5515_I2C_close
0003410c                _USBSTK5515_I2C_reset
0003411a                _USBSTK5515_I2C_write
000341a9                _USBSTK5515_I2C_read
00034222                _setvbuf
00034308                __wrt_ok
00034388                __rd_ok
000343e5                __doflush
0003444e                _fflush
000344a7                _writemsg
0003455c                C$$IO$$
00034561                _fputc
00034561                _putc
000345f8                _putchar
00034607                __divul
000346a8                _ltoa
00034725                _fclose
000347a0                __frcmpyd
00034816                __frcmpyd_div
00034889                __remul
000348fb                __fixdli
0003496a                _readmsg
000349d7                _fseek
00034a42                __fltlid
00034aa9                _atoi
00034b05                _USBSTK5515_wait
00034b39                _USBSTK5515_waitusec
00034b4b                _USBSTK5515_init
00034b59                _printf
00034ba9                _auto_init
00034bf6                __args_main
00034c41                __remli
00034c8c                __divli
00034cd4                _memcpy
00034d13                _exit
00034d51                _c_int00
00034d85                __fixdi
00034daf                I$$UDIV
00034daf                __divu
00034dc4                I$$UMOD
00034dc4                __remu
00034dd9                _memccpy
00034dfc                ___isinf
00034e16                __subd
00034e2a                I$$LMPY
00034e2a                __mpyli
00034e3d                __register_unlock
00034e45                __register_lock
00034e4d                __nop
00034e4f                __negd
00034e5f                _remove
00034e69                _abort
00034e6a                C$$EXIT
            00020000    __CIOBUF_
            00020120    ___cinit__
            00020120    cinit
0004fe00                _Reset
ffffffff                .bss
ffffffff                .data
ffffffff                .text
ffffffff                ___binit__
ffffffff                ___bss__
ffffffff                ___c_args__
ffffffff                ___data__
ffffffff                ___edata__
ffffffff                ___end__
ffffffff                ___etext__
ffffffff                ___pinit__
ffffffff                ___text__
ffffffff                binit
ffffffff                edata
ffffffff                end
ffffffff                etext
ffffffff                pinit

[182 symbols]
