******************************************************************************
              TMS320C55x Linker PC v4.4.1                      
******************************************************************************
>> Linked Tue Nov 29 11:24:26 2016

OUTPUT FILE NAME:   <lab5.out>
ENTRY POINT SYMBOL: "_c_int00"  address: 00024f13


MEMORY CONFIGURATION

         name            origin    length      used     unused   attr    fill
                        (bytes)   (bytes)    (bytes)   (bytes)
----------------------  --------  ---------  --------  --------  ----  --------
PAGE 0:
  MMR                   00000000   000000c0  00000000  000000c0  RWIX
  DARAM0                000000c0   0000ff40  0000a478  00005ac8  RWIX
  SARAM0                00010000   00010000  00000000  00010000  RWIX
  SARAM1                00020000   00020000  00005035  0001afcb  RWIX
  SARAM2                00040000   0000fe00  00001fc2  0000de3e  RWIX
  VECS                  0004fe00   00000200  00000100  00000100  RWIX
  PDROM                 00ff8000   00008000  00000000  00008000  R IX

PAGE 2:
  IOPORT                00000000   00020000  00000000  00020000  RWI 


SECTION ALLOCATION MAP
(Addresses surrounded by []'s are displayed for convenience only!)

output                                                          attributes/
section   page  orgn(bytes) orgn(words) len(bytes) len(words)   input sections
--------  ----  ----------- ----------- ---------- ----------   --------------
.pinit       0   [ 00040000 ]  00020000          *   00000000   UNINITIALIZED

.stack       0   [ 000000c0 ]  00000060          *   00001000   UNINITIALIZED
                 [ 000000c0 ]  00000060          *   00001000   --HOLE--

.sysstack 
*            0   [ 000020c0 ]  00001060          *   00000800   UNINITIALIZED
                 [ 000020c0 ]  00001060          *   00000800   --HOLE--

.bss         0   [ 000030c0 ]  00001860          *   000024f8   UNINITIALIZED
                 [ 000030c0 ]  00001860          *   00002282   freq_fir_filter.obj (.bss)
                 [ 000075c4 ]  00003ae2          *   00000119   rts55x.lib : defs.obj (.bss)
                 [ 000077f6 ]  00003bfb          *   000000d0              : trgdrv.obj (.bss)
                 [ 00007996 ]  00003ccb          *   00000001              : fopen.obj (.bss)
                 [ 00007998 ]  00003ccc          *   00000071              : lowlev.obj (.bss)
                 [ 00007a7a ]  00003d3d          *   00000001   usbstk5515bsl.lib : usbstk5515_i2c.obj (.bss)
                 [ 00007a7c ]  00003d3e          *   00000006   rts55x.lib : memory.obj (.bss)
                 [ 00007a88 ]  00003d44          *   00000004   55xdspx_LARGE.lib : cfft_noscale.obj (.bss)
                 [ 00007a90 ]  00003d48          *   00000004                     : cfft_scale.obj (.bss)
                 [ 00007a98 ]  00003d4c          *   00000004                     : cifft_noscale.obj (.bss)
                 [ 00007aa0 ]  00003d50          *   00000004   rts55x.lib : _lock.obj (.bss)
                 [ 00007aa8 ]  00003d54          *   00000004              : exit.obj (.bss)

.sysmem      0   [ 00007ab0 ]  00003d58          *   00001000   UNINITIALIZED
                 [ 00007ab0 ]  00003d58          *   00001000   --HOLE--

.data        0   [ 00009ab0 ]  00004d58          *   00000400   
                 [ 00009ab0 ]  00004d58          *   00000400   55xdspx_LARGE.lib : twiddle.obj (.data:twiddle)

.const.1     0   [ 0000a2b0 ]  00005158          *   00000101   
                 [ 0000a2b0 ]  00005158          *   00000101   rts55x.lib : ctype.obj (.const:__ctypes_)

.const.2     0   [ 0000a4b4 ]  0000525a          *   0000003f   
                 [ 0000a4b4 ]  0000525a          *   00000024   rts55x.lib : _printfi.obj (.const:.string)
                 [ 0000a4fc ]  0000527e          *   0000000c              : _printfi.obj (.const)
                 [ 0000a514 ]  0000528a          *   00000008              : divd.obj (.const:_initial_approx$1)
                 [ 0000a524 ]  00005292          *   00000007   freq_fir_filter.obj (.const:.string)

.const.3     0   [ 0000a534 ]  0000529a          *   00000004   
                 [ 0000a534 ]  0000529a          *   00000002   rts55x.lib : fputs.obj (.const:.string)
                 [ 0000a538 ]  0000529c          *   00000002              : fltlid.obj (.const)

.text        0     00020000  [ 00010000 ] 00005035          *   
                   00020000  [ 00010000 ] 000015a4          *   rts55x.lib : _printfi.obj (.text)
                   000215a4  [ 00010ad2 ] 00000543          *              : lowlev.obj (.text)
                   00021ae7  [ 00010d73+] 00000528          *              : trgdrv.obj (.text)
                   0002200f  [ 00011007+] 000004b5          *              : memory.obj (.text)
                   000224c4  [ 00011262 ] 00000402          *   freq_fir_filter.obj (.text)
                   000228c6  [ 00011463 ] 000003cc          *   rts55x.lib : divd.obj (.text)
                   00022c92  [ 00011649 ] 0000027f          *              : fopen.obj (.text)
                   00022f11  [ 00011788+] 0000025e          *              : llmpy.obj (.text)
                   0002316f  [ 000118b7+] 0000025a          *              : addd.obj (.text)
                   000233c9  [ 000119e4+] 00000223          *   452_Labs_Essentials.lib : AIC_func.obj (.text)
                   000235ec  [ 00011af6 ] 000001ee          *   55xdspx_LARGE.lib : cfft_scale.obj (.text)
                   000237da  [ 00011bed ] 000001ea          *   rts55x.lib : cmpd.obj (.text)
                   000239c4  [ 00011ce2 ] 00000167          *   55xdspx_LARGE.lib : cfft_noscale.obj (.text)
                   00023b2b  [ 00011d95+] 00000163          *                     : cifft_noscale.obj (.text)
                   00023c8e  [ 00011e47 ] 00000163          *   rts55x.lib : fputs.obj (.text)
                   00023df1  [ 00011ef8+] 00000156          *   usbstk5515bsl.lib : usbstk5515_gpio.obj (.text)
                   00023f47  [ 00011fa3+] 0000014c          *   rts55x.lib : mpyd.obj (.text)
                   00024093  [ 00012049+] 0000013e          *   usbstk5515bsl.lib : usbstk5515_i2c.obj (.text)
                   000241d1  [ 000120e8+] 00000135          *   freq_fir_filter.obj (.text:retain)
                   00024306  [ 00012183 ] 000000e6          *   rts55x.lib : setvbuf.obj (.text)
                   000243ec  [ 000121f6 ] 000000de          *   55xdspx_LARGE.lib : cbrev.obj (.text:cbrev)
                   000244ca  [ 00012265 ] 000000dd          *   rts55x.lib : _io_perm.obj (.text)
                   000245a7  [ 000122d3+] 000000c2          *              : fflush.obj (.text)
                   00024669  [ 00012334+] 000000ba          *              : trgmsg.obj (.text:CIO_breakpoint)
                   00024723  [ 00012391+] 000000a6          *              : fputc.obj (.text)
                   000247c9  [ 000123e4+] 000000a1          *              : divul.obj (.text)
                   0002486a  [ 00012435 ] 0000007d          *              : ltoa.obj (.text)
                   000248e7  [ 00012473+] 0000007b          *              : fclose.obj (.text)
                   00024962  [ 000124b1 ] 00000076          *              : frcmpyd.obj (.text)
                   000249d8  [ 000124ec ] 00000073          *              : frcmpyd_div.obj (.text)
                   00024a4b  [ 00012525+] 00000072          *              : remul.obj (.text)
                   00024abd  [ 0001255e+] 0000006f          *              : fixdli.obj (.text)
                   00024b2c  [ 00012596 ] 0000006d          *              : trgmsg.obj (.text)
                   00024b99  [ 000125cc+] 0000006b          *              : fseek.obj (.text)
                   00024c04  [ 00012602 ] 00000067          *              : fltlid.obj (.text)
                   00024c6b  [ 00012635+] 0000005c          *              : atoi.obj (.text)
                   00024cc7  [ 00012663+] 00000054          *   usbstk5515bsl.lib : usbstk5515.obj (.text)
                   00024d1b  [ 0001268d+] 00000050          *   rts55x.lib : printf.obj (.text)
                   00024d6b  [ 000126b5+] 0000004d          *              : autoinit.obj (.text)
                   00024db8  [ 000126dc ] 0000004b          *              : args_main.obj (.text)
                   00024e03  [ 00012701+] 0000004b          *              : remli.obj (.text)
                   00024e4e  [ 00012727 ] 00000048          *              : divli.obj (.text)
                   00024e96  [ 0001274b ] 0000003f          *              : memcpy.obj (.text)
                   00024ed5  [ 0001276a+] 0000003e          *              : exit.obj (.text)
                   00024f13  [ 00012789+] 00000034          *              : boot.obj (.text)
                   00024f47  [ 000127a3+] 0000002a          *              : fixdi.obj (.text)
                   00024f71  [ 000127b8+] 0000002a          *              : udiv.obj (.text)
                   00024f9b  [ 000127cd+] 00000023          *              : memccpy.obj (.text)
                   00024fbe  [ 000127df ] 0000001a          *              : isinf.obj (.text)
                   00024fd8  [ 000127ec ] 00000014          *              : subd.obj (.text)
                   00024fec  [ 000127f6 ] 00000013          *              : lmpy.obj (.text)
                   00024fff  [ 000127ff+] 00000012          *              : _lock.obj (.text)
                   00025011  [ 00012808+] 00000010          *              : negd.obj (.text)
                   00025021  [ 00012810+] 0000000a          *              : remove.obj (.text)
                   0002502b  [ 00012815+] 00000007          *              : exit.obj (.text:CIO_breakpoint)
                   00025032  [ 00012819 ] 00000002          *              : vectors.obj (.text)
                   00025034  [ 0001281a ] 00000001          *   --HOLE-- [fill = 20]

.cinit       0   [ 00040000 ]  00020000          *   00000ec1   
                 [ 00040000 ]  00020000          *   00000e49   freq_fir_filter.obj (.cinit)
                 [ 00041c92 ]  00020e49          *   0000002d   rts55x.lib : lowlev.obj (.cinit)
                 [ 00041cec ]  00020e76          *   0000002a              : defs.obj (.cinit)
                 [ 00041d40 ]  00020ea0          *   0000000a              : _lock.obj (.cinit)
                 [ 00041d54 ]  00020eaa          *   0000000a              : exit.obj (.cinit)
                 [ 00041d68 ]  00020eb4          *   00000004              : fopen.obj (.cinit)
                 [ 00041d70 ]  00020eb8          *   00000004              : memory.obj (.cinit)
                 [ 00041d78 ]  00020ebc          *   00000004   usbstk5515bsl.lib : usbstk5515_i2c.obj (.cinit)
                 [ 00041d80 ]  00020ec0          *   00000001   --HOLE-- [fill = 0]

.cio         0   [ 00041d88 ]  00020ec4          *   00000120   UNINITIALIZED
                 [ 00041d88 ]  00020ec4          *   00000120   rts55x.lib : trgmsg.obj (.cio)

vectors      0     0004fe00  [ 00027f00 ] 00000100          *   
                   0004fe00  [ 00027f00 ] 00000100          *   rts55x.lib : vectors.obj (vectors)


GLOBAL SYMBOLS: SORTED ALPHABETICALLY BY Name 

abs. value/
byte addr   word addr   name
---------   ---------   ----
00000002                $TI_capability$C5500$CallingConvention
00000002                $TI_capability$C5500$MemoryModel
00000001                $TI_capability_requires_rev3
ffffffff                .bss
ffffffff                .data
ffffffff                .text
0002502c                C$$EXIT
0002471e                C$$IO$$
00024fec                I$$LMPY
00024f71                I$$UDIV
00024f86                I$$UMOD
0002251c                _ADC_Fifo_Get
000224c4                _ADC_Fifo_Init
000224d4                _ADC_Fifo_Put
00022560                _ADC_Fifo_Size
            000026a0    _ADC_GetI
            0000269e    _ADC_PutI
000233c9                _AIC3204_rset
000233eb                _AIC_init
000235e5                _AIC_off
0002358d                _AIC_read2
000235c0                _AIC_write2
000225c8                _DAC_Fifo_Get
00022570                _DAC_Fifo_Init
00022580                _DAC_Fifo_Put
0002260c                _DAC_Fifo_Size
            00002aa4    _DAC_GetI
            00002aa2    _DAC_PutI
00021fb1                _HOSTclock
00021f46                _HOSTclose
00021e91                _HOSTlseek
00021df2                _HOSTopen
00021d65                _HOSTread
00021cb7                _HOSTrename
00021c59                _HOSTtime
00021bef                _HOSTunlink
00021b62                _HOSTwrite
000241d1                _I2S_ISR
0002261c                _I2S_interrupt_setup
            00001860    _LP
0004fe00                _Reset
00023eef                _USBSTK5515_GPIO_getInput
00023df1                _USBSTK5515_GPIO_init
00023df5                _USBSTK5515_GPIO_setDirection
00023e72                _USBSTK5515_GPIO_setOutput
000240b2                _USBSTK5515_I2C_close
00024093                _USBSTK5515_I2C_init
00024158                _USBSTK5515_I2C_read
000240bb                _USBSTK5515_I2C_reset
000240c9                _USBSTK5515_I2C_write
00024d0d                _USBSTK5515_init
00024cc7                _USBSTK5515_wait
00024cfb                _USBSTK5515_waitusec
            00020ec4    __CIOBUF_
            00001060    __STACK_END
00002000                __STACK_SIZE
00002000                __SYSMEM_SIZE
00001000                __SYSSTACK_SIZE
00000001                __TI_args_main
ffffffff                ___binit__
ffffffff                ___bss__
ffffffff                ___c_args__
            00020000    ___cinit__
ffffffff                ___data__
ffffffff                ___edata__
ffffffff                ___end__
ffffffff                ___etext__
00024fbe                ___isinf
ffffffff                ___pinit__
ffffffff                ___text__
0002316f                __addd
00024db8                __args_main
00022db3                __cleanup
            00003d54    __cleanup_ptr
0002396c                __cmpd
            00005158    __ctypes_
000228c6                __divd
00024e4e                __divli
0002313a                __divlli
00024f71                __divu
000247c9                __divul
00023046                __divull
000245a7                __doflush
            00003d56    __dtors_ptr
00023938                __eqld
00024f47                __fixdi
00024abd                __fixdli
00024c04                __fltlid
00024962                __frcmpyd
000249d8                __frcmpyd_div
            00003bfa    __ft_end
            00003ae2    __ftable
000238ee                __geqd
000238a3                __gtrd
00023856                __leqd
            00003d50    __lock
0002380e                __lssd
00023f47                __mpyd
00024fec                __mpyli
00022f8e                __mpylli
00025011                __negd
000237da                __neqd
0002500f                __nop
00021362                __printfi
0002454a                __rd_ok
00025007                __register_lock
00024fff                __register_unlock
00024e03                __remli
00022f5f                __remlli
00024f86                __remu
00024a4b                __remul
00022f11                __remull
            00000060    __stack
00024fd8                __subd
            00003d58    __sys_memory
            00001060    __sysstack
            00003b5a    __tmpnams
            00003d52    __unlock
000244ca                __wrt_ok
0002502b                _abort
000219f7                _add_device
00024c6b                _atoi
00024d6b                _auto_init
00024f13                _c_int00
0002249e                _calloc
000243ec                _cbrev
000239c4                _cfft_NOSCALE
000235ec                _cfft_SCALE
            00001c9d    _cheby_large
            0000189d    _cheby_medium
            0000249d    _cheby_small
00022496                _chkheap
00023b2b                _cifft_NOSCALE
00021984                _close
00024ed5                _exit
            00003aa6    _extra
000248e7                _fclose
00024610                _fflush
            000032a6    _filter
0002197b                _find_registered_device
            0000269d    _flag
00022ed6                _fopen
00024723                _fputc
00023c8e                _fputs
0002200f                _free
00022440                _free_memory
00022e0d                _freopen
00024b99                _fseek
00021ae7                _getenv
            00003d3d    _i2c_timeout
            00002ea6    _input
00021915                _lseek
0002486a                _ltoa
0002266d                _main
00022140                _malloc
000223e6                _max_free
00024f9b                _memccpy
00024e96                _memcpy
000220db                _minit
00021856                _open
            000036a6    _output
00024d1b                _printf
00024723                _putc
000247ba                _putchar
00023dc3                _puts
000217a8                _read
00024b2c                _readmsg
00022235                _realloc
00025021                _remove
00021772                _remove_device
00021719                _rename
00024306                _setvbuf
000216e6                _unlink
000215a4                _write
00024669                _writemsg
ffffffff                binit
            00020000    cinit
ffffffff                edata
ffffffff                end
ffffffff                etext
ffffffff                pinit
            00004d58    twiddle


GLOBAL SYMBOLS: SORTED BY Symbol Address 

abs. value/
byte addr   word addr   name
---------   ---------   ----
00000001                $TI_capability_requires_rev3
00000001                __TI_args_main
00000002                $TI_capability$C5500$CallingConvention
00000002                $TI_capability$C5500$MemoryModel
            00000060    __stack
00001000                __SYSSTACK_SIZE
00002000                __STACK_SIZE
00002000                __SYSMEM_SIZE
            00001060    __STACK_END
            00001060    __sysstack
            00001860    _LP
            0000189d    _cheby_medium
            00001c9d    _cheby_large
            0000249d    _cheby_small
            0000269d    _flag
            0000269e    _ADC_PutI
            000026a0    _ADC_GetI
            00002aa2    _DAC_PutI
            00002aa4    _DAC_GetI
            00002ea6    _input
            000032a6    _filter
            000036a6    _output
            00003aa6    _extra
            00003ae2    __ftable
            00003b5a    __tmpnams
            00003bfa    __ft_end
            00003d3d    _i2c_timeout
            00003d50    __lock
            00003d52    __unlock
            00003d54    __cleanup_ptr
            00003d56    __dtors_ptr
            00003d58    __sys_memory
            00004d58    twiddle
            00005158    __ctypes_
00021362                __printfi
000215a4                _write
000216e6                _unlink
00021719                _rename
00021772                _remove_device
000217a8                _read
00021856                _open
00021915                _lseek
0002197b                _find_registered_device
00021984                _close
000219f7                _add_device
00021ae7                _getenv
00021b62                _HOSTwrite
00021bef                _HOSTunlink
00021c59                _HOSTtime
00021cb7                _HOSTrename
00021d65                _HOSTread
00021df2                _HOSTopen
00021e91                _HOSTlseek
00021f46                _HOSTclose
00021fb1                _HOSTclock
0002200f                _free
000220db                _minit
00022140                _malloc
00022235                _realloc
000223e6                _max_free
00022440                _free_memory
00022496                _chkheap
0002249e                _calloc
000224c4                _ADC_Fifo_Init
000224d4                _ADC_Fifo_Put
0002251c                _ADC_Fifo_Get
00022560                _ADC_Fifo_Size
00022570                _DAC_Fifo_Init
00022580                _DAC_Fifo_Put
000225c8                _DAC_Fifo_Get
0002260c                _DAC_Fifo_Size
0002261c                _I2S_interrupt_setup
0002266d                _main
000228c6                __divd
00022db3                __cleanup
00022e0d                _freopen
00022ed6                _fopen
00022f11                __remull
00022f5f                __remlli
00022f8e                __mpylli
00023046                __divull
0002313a                __divlli
0002316f                __addd
000233c9                _AIC3204_rset
000233eb                _AIC_init
0002358d                _AIC_read2
000235c0                _AIC_write2
000235e5                _AIC_off
000235ec                _cfft_SCALE
000237da                __neqd
0002380e                __lssd
00023856                __leqd
000238a3                __gtrd
000238ee                __geqd
00023938                __eqld
0002396c                __cmpd
000239c4                _cfft_NOSCALE
00023b2b                _cifft_NOSCALE
00023c8e                _fputs
00023dc3                _puts
00023df1                _USBSTK5515_GPIO_init
00023df5                _USBSTK5515_GPIO_setDirection
00023e72                _USBSTK5515_GPIO_setOutput
00023eef                _USBSTK5515_GPIO_getInput
00023f47                __mpyd
00024093                _USBSTK5515_I2C_init
000240b2                _USBSTK5515_I2C_close
000240bb                _USBSTK5515_I2C_reset
000240c9                _USBSTK5515_I2C_write
00024158                _USBSTK5515_I2C_read
000241d1                _I2S_ISR
00024306                _setvbuf
000243ec                _cbrev
000244ca                __wrt_ok
0002454a                __rd_ok
000245a7                __doflush
00024610                _fflush
00024669                _writemsg
0002471e                C$$IO$$
00024723                _fputc
00024723                _putc
000247ba                _putchar
000247c9                __divul
0002486a                _ltoa
000248e7                _fclose
00024962                __frcmpyd
000249d8                __frcmpyd_div
00024a4b                __remul
00024abd                __fixdli
00024b2c                _readmsg
00024b99                _fseek
00024c04                __fltlid
00024c6b                _atoi
00024cc7                _USBSTK5515_wait
00024cfb                _USBSTK5515_waitusec
00024d0d                _USBSTK5515_init
00024d1b                _printf
00024d6b                _auto_init
00024db8                __args_main
00024e03                __remli
00024e4e                __divli
00024e96                _memcpy
00024ed5                _exit
00024f13                _c_int00
00024f47                __fixdi
00024f71                I$$UDIV
00024f71                __divu
00024f86                I$$UMOD
00024f86                __remu
00024f9b                _memccpy
00024fbe                ___isinf
00024fd8                __subd
00024fec                I$$LMPY
00024fec                __mpyli
00024fff                __register_unlock
00025007                __register_lock
0002500f                __nop
00025011                __negd
00025021                _remove
0002502b                _abort
0002502c                C$$EXIT
            00020000    ___cinit__
            00020000    cinit
            00020ec4    __CIOBUF_
0004fe00                _Reset
ffffffff                .bss
ffffffff                .data
ffffffff                .text
ffffffff                ___binit__
ffffffff                ___bss__
ffffffff                ___c_args__
ffffffff                ___data__
ffffffff                ___edata__
ffffffff                ___end__
ffffffff                ___etext__
ffffffff                ___pinit__
ffffffff                ___text__
ffffffff                binit
ffffffff                edata
ffffffff                end
ffffffff                etext
ffffffff                pinit

[182 symbols]
