******************************************************************************
              TMS320C55x Linker PC v4.4.1                      
******************************************************************************
>> Linked Fri Dec 02 19:10:17 2016

OUTPUT FILE NAME:   <VE1939_regression.out>
ENTRY POINT SYMBOL: "_c_int00"  address: 000251cd


MEMORY CONFIGURATION

         name            origin    length      used     unused   attr    fill
                        (bytes)   (bytes)    (bytes)   (bytes)
----------------------  --------  ---------  --------  --------  ----  --------
PAGE 0:
  MMR                   00000000   000000c0  00000000  000000c0  RWIX
  DARAM0                000000c0   0000ff40  0000a0ca  00005e76  RWIX
  SARAM0                00010000   00010000  00000000  00010000  RWIX
  SARAM1                00020000   00020000  000052fb  0001ad05  RWIX
  SARAM2                00040000   0000fe00  00001542  0000e8be  RWIX
  VECS                  0004fe00   00000200  00000100  00000100  RWIX
  PDROM                 00ff8000   00008000  00000000  00008000  R IX

PAGE 2:
  IOPORT                00000000   00020000  00000000  00020000  RWI 


SECTION ALLOCATION MAP
(Addresses surrounded by []'s are displayed for convenience only!)

output                                                          attributes/
section   page  orgn(bytes) orgn(words) len(bytes) len(words)   input sections
--------  ----  ----------- ----------- ---------- ----------   --------------
.pinit       0   [ 00040000 ]  00020000          *   00000000   UNINITIALIZED

.stack       0   [ 000000c0 ]  00000060          *   00001000   UNINITIALIZED
                 [ 000000c0 ]  00000060          *   00001000   --HOLE--

.sysstack 
*            0   [ 000020c0 ]  00001060          *   00000800   UNINITIALIZED
                 [ 000020c0 ]  00001060          *   00000800   --HOLE--

.bss         0   [ 000030c0 ]  00001860          *   00002304   UNINITIALIZED
                 [ 000030c0 ]  00001860          *   00002092   hailMary.obj (.bss)
                 [ 000071e4 ]  000038f2          *   00000119   rts55x.lib : defs.obj (.bss)
                 [ 00007416 ]  00003a0b          *   000000d0              : trgdrv.obj (.bss)
                 [ 000075b6 ]  00003adb          *   00000001              : fopen.obj (.bss)
                 [ 000075b8 ]  00003adc          *   00000071              : lowlev.obj (.bss)
                 [ 0000769a ]  00003b4d          *   00000001   usbstk5515bsl.lib : usbstk5515_i2c.obj (.bss)
                 [ 0000769c ]  00003b4e          *   00000006   rts55x.lib : memory.obj (.bss)
                 [ 000076a8 ]  00003b54          *   00000004   55xdspx_LARGE.lib : cfft_scale.obj (.bss)
                 [ 000076b0 ]  00003b58          *   00000004                     : cifft_noscale.obj (.bss)
                 [ 000076b8 ]  00003b5c          *   00000004   rts55x.lib : _lock.obj (.bss)
                 [ 000076c0 ]  00003b60          *   00000004              : exit.obj (.bss)

.sysmem      0   [ 000076c8 ]  00003b64          *   00001000   UNINITIALIZED
                 [ 000076c8 ]  00003b64          *   00001000   --HOLE--

.data        0   [ 000096c8 ]  00004b64          *   0000041b   
                 [ 000096c8 ]  00004b64          *   00000400   55xdspx_LARGE.lib : twiddle.obj (.data:twiddle)
                 [ 00009ec8 ]  00004f64          *   00000010                     : sqrtv.obj (.data)
                 [ 00009ee8 ]  00004f74          *   00000006                     : sine.obj (.data)
                 [ 00009ef4 ]  00004f7a          *   00000005                     : arct2.obj (.data)

.const.1     0   [ 00009f00 ]  00004f80          *   00000101   
                 [ 00009f00 ]  00004f80          *   00000101   rts55x.lib : ctype.obj (.const:__ctypes_)

.const.2     0   [ 0000a104 ]  00005082          *   0000003f   
                 [ 0000a104 ]  00005082          *   00000024   rts55x.lib : _printfi.obj (.const:.string)
                 [ 0000a14c ]  000050a6          *   0000000c              : _printfi.obj (.const)
                 [ 0000a164 ]  000050b2          *   00000008              : divd.obj (.const:_initial_approx$1)
                 [ 0000a174 ]  000050ba          *   00000007   hailMary.obj (.const:.string)

.const.3     0   [ 0000a184 ]  000050c2          *   00000006   
                 [ 0000a184 ]  000050c2          *   00000002   rts55x.lib : fputs.obj (.const:.string)
                 [ 0000a188 ]  000050c4          *   00000002   hailMary.obj (.const)
                 [ 0000a18c ]  000050c6          *   00000002   rts55x.lib : fltlid.obj (.const)

.text        0     00020000  [ 00010000 ] 000052fb          *   
                   00020000  [ 00010000 ] 000015a4          *   rts55x.lib : _printfi.obj (.text)
                   000215a4  [ 00010ad2 ] 000006b4          *   hailMary.obj (.text)
                   00021c58  [ 00010e2c ] 00000543          *   rts55x.lib : lowlev.obj (.text)
                   0002219b  [ 000110cd+] 00000528          *              : trgdrv.obj (.text)
                   000226c3  [ 00011361+] 000004b5          *              : memory.obj (.text)
                   00022b78  [ 000115bc ] 000003cc          *              : divd.obj (.text)
                   00022f44  [ 000117a2 ] 0000027f          *              : fopen.obj (.text)
                   000231c3  [ 000118e1+] 0000025e          *              : llmpy.obj (.text)
                   00023421  [ 00011a10+] 0000025a          *              : addd.obj (.text)
                   0002367b  [ 00011b3d+] 000001f9          *   AIC_func.obj (.text)
                   00023874  [ 00011c3a ] 000001ee          *   55xdspx_LARGE.lib : cfft_scale.obj (.text)
                   00023a62  [ 00011d31 ] 000001ea          *   rts55x.lib : cmpd.obj (.text)
                   00023c4c  [ 00011e26 ] 00000163          *   55xdspx_LARGE.lib : cifft_noscale.obj (.text)
                   00023daf  [ 00011ed7+] 00000163          *   rts55x.lib : fputs.obj (.text)
                   00023f12  [ 00011f89 ] 00000156          *   usbstk5515bsl.lib : usbstk5515_gpio.obj (.text)
                   00024068  [ 00012034 ] 0000014f          *   hailMary.obj (.text:retain)
                   000241b7  [ 000120db+] 0000014c          *   rts55x.lib : mpyd.obj (.text)
                   00024303  [ 00012181+] 0000013e          *   usbstk5515bsl.lib : usbstk5515_i2c.obj (.text)
                   00024441  [ 00012220+] 000000e6          *   rts55x.lib : setvbuf.obj (.text)
                   00024527  [ 00012293+] 000000de          *   55xdspx_LARGE.lib : cbrev.obj (.text:cbrev)
                   00024605  [ 00012302+] 000000dd          *   rts55x.lib : _io_perm.obj (.text)
                   000246e2  [ 00012371 ] 000000c2          *              : fflush.obj (.text)
                   000247a4  [ 000123d2 ] 000000ba          *              : trgmsg.obj (.text:CIO_breakpoint)
                   0002485e  [ 0001242f ] 000000a9          *   55xdspx_LARGE.lib : arct2.obj (.text)
                   00024907  [ 00012483+] 000000a6          *   rts55x.lib : fputc.obj (.text)
                   000249ad  [ 000124d6+] 000000a1          *              : divul.obj (.text)
                   00024a4e  [ 00012527 ] 0000007d          *              : ltoa.obj (.text)
                   00024acb  [ 00012565+] 0000007b          *              : fclose.obj (.text)
                   00024b46  [ 000125a3 ] 00000077          *   55xdspx_LARGE.lib : sine.obj (.text)
                   00024bbd  [ 000125de+] 00000076          *   rts55x.lib : frcmpyd.obj (.text)
                   00024c33  [ 00012619+] 00000073          *              : frcmpyd_div.obj (.text)
                   00024ca6  [ 00012653 ] 00000072          *              : remul.obj (.text)
                   00024d18  [ 0001268c ] 0000006f          *              : fixdli.obj (.text)
                   00024d87  [ 000126c3+] 0000006d          *              : trgmsg.obj (.text)
                   00024df4  [ 000126fa ] 0000006b          *              : fseek.obj (.text)
                   00024e5f  [ 0001272f+] 00000067          *              : fltlid.obj (.text)
                   00024ec6  [ 00012763 ] 0000005f          *   55xdspx_LARGE.lib : sqrtv.obj (.text)
                   00024f25  [ 00012792+] 0000005c          *   rts55x.lib : atoi.obj (.text)
                   00024f81  [ 000127c0+] 00000054          *   usbstk5515bsl.lib : usbstk5515.obj (.text)
                   00024fd5  [ 000127ea+] 00000050          *   rts55x.lib : printf.obj (.text)
                   00025025  [ 00012812+] 0000004d          *              : autoinit.obj (.text)
                   00025072  [ 00012839 ] 0000004b          *              : args_main.obj (.text)
                   000250bd  [ 0001285e+] 0000004b          *              : remli.obj (.text)
                   00025108  [ 00012884 ] 00000048          *              : divli.obj (.text)
                   00025150  [ 000128a8 ] 0000003f          *              : memcpy.obj (.text)
                   0002518f  [ 000128c7+] 0000003e          *              : exit.obj (.text)
                   000251cd  [ 000128e6+] 00000034          *              : boot.obj (.text)
                   00025201  [ 00012900+] 0000002a          *              : fixdi.obj (.text)
                   0002522b  [ 00012915+] 0000002a          *              : udiv.obj (.text)
                   00025255  [ 0001292a+] 00000023          *              : memccpy.obj (.text)
                   00025278  [ 0001293c ] 0000001a          *              : isinf.obj (.text)
                   00025292  [ 00012949 ] 00000014          *              : subd.obj (.text)
                   000252a6  [ 00012953 ] 00000013          *              : lmpy.obj (.text)
                   000252b9  [ 0001295c+] 00000012          *              : _lock.obj (.text)
                   000252cb  [ 00012965+] 00000010          *              : negd.obj (.text)
                   000252db  [ 0001296d+] 0000000c          *              : fltid.obj (.text)
                   000252e7  [ 00012973+] 0000000a          *              : remove.obj (.text)
                   000252f1  [ 00012978+] 00000007          *              : exit.obj (.text:CIO_breakpoint)
                   000252f8  [ 0001297c ] 00000002          *              : vectors.obj (.text)
                   000252fa  [ 0001297d ] 00000001          *   --HOLE-- [fill = 20]

.cinit       0   [ 00040000 ]  00020000          *   00000981   
                 [ 00040000 ]  00020000          *   00000909   hailMary.obj (.cinit)
                 [ 00041212 ]  00020909          *   0000002d   rts55x.lib : lowlev.obj (.cinit)
                 [ 0004126c ]  00020936          *   0000002a              : defs.obj (.cinit)
                 [ 000412c0 ]  00020960          *   0000000a              : _lock.obj (.cinit)
                 [ 000412d4 ]  0002096a          *   0000000a              : exit.obj (.cinit)
                 [ 000412e8 ]  00020974          *   00000004              : fopen.obj (.cinit)
                 [ 000412f0 ]  00020978          *   00000004              : memory.obj (.cinit)
                 [ 000412f8 ]  0002097c          *   00000004   usbstk5515bsl.lib : usbstk5515_i2c.obj (.cinit)
                 [ 00041300 ]  00020980          *   00000001   --HOLE-- [fill = 0]

.cio         0   [ 00041308 ]  00020984          *   00000120   UNINITIALIZED
                 [ 00041308 ]  00020984          *   00000120   rts55x.lib : trgmsg.obj (.cio)

vectors      0     0004fe00  [ 00027f00 ] 00000100          *   
                   0004fe00  [ 00027f00 ] 00000100          *   rts55x.lib : vectors.obj (vectors)


GLOBAL SYMBOLS: SORTED ALPHABETICALLY BY Name 

abs. value/
byte addr   word addr   name
---------   ---------   ----
00000002                $TI_capability$C5500$CallingConvention
00000002                $TI_capability$C5500$MemoryModel
00000001                $TI_capability_requires_rev3
ffffffff                .bss
ffffffff                .data
ffffffff                .text
000252f2                C$$EXIT
00024859                C$$IO$$
000252a6                I$$LMPY
0002522b                I$$UDIV
00025240                I$$UMOD
            00004f64    SqrtTable
000236b8                _AIC3204_rset
000236d2                _AIC_init
000236b1                _AIC_off
00023694                _AIC_read2
0002367b                _AIC_write2
00021c0d                _DAC_Fifo_Get
00021654                _DAC_Fifo_Init
0002178d                _DAC_Fifo_Put
00021c48                _DAC_Fifo_Size
            0000256c    _DAC_GetI
            0000256a    _DAC_PutI
00022665                _HOSTclock
000225fa                _HOSTclose
00022545                _HOSTlseek
000224a6                _HOSTopen
00022419                _HOSTread
0002236b                _HOSTrename
0002230d                _HOSTtime
000222a3                _HOSTunlink
00022216                _HOSTwrite
00024068                _I2S_ISR
00021684                _I2S_interrupt_setup
0004fe00                _Reset
000216e2                _Speech_Fifo_Get
00021664                _Speech_Fifo_Init
00021bca                _Speech_Fifo_Put
000216c2                _Speech_Fifo_Size
            00002368    _Speech_GetI
            00002366    _Speech_PutI
0002171d                _Synth_Fifo_Get
00021674                _Synth_Fifo_Init
00021b87                _Synth_Fifo_Put
000216d2                _Synth_Fifo_Size
            00002164    _Synth_GetI
            00002162    _Synth_PutI
00024010                _USBSTK5515_GPIO_getInput
00023f12                _USBSTK5515_GPIO_init
00023f16                _USBSTK5515_GPIO_setDirection
00023f93                _USBSTK5515_GPIO_setOutput
00024322                _USBSTK5515_I2C_close
00024303                _USBSTK5515_I2C_init
000243c8                _USBSTK5515_I2C_read
0002432b                _USBSTK5515_I2C_reset
00024339                _USBSTK5515_I2C_write
00024fc7                _USBSTK5515_init
00024f81                _USBSTK5515_wait
00024fb5                _USBSTK5515_waitusec
            00020984    __CIOBUF_
            00001060    __STACK_END
00002000                __STACK_SIZE
00002000                __SYSMEM_SIZE
00001000                __SYSSTACK_SIZE
00000001                __TI_args_main
ffffffff                ___binit__
ffffffff                ___bss__
ffffffff                ___c_args__
            00020000    ___cinit__
ffffffff                ___data__
ffffffff                ___edata__
ffffffff                ___end__
ffffffff                ___etext__
00025278                ___isinf
ffffffff                ___pinit__
ffffffff                ___text__
00023421                __addd
00025072                __args_main
00023065                __cleanup
            00003b60    __cleanup_ptr
00023bf4                __cmpd
            00004f80    __ctypes_
00022b78                __divd
00025108                __divli
000233ec                __divlli
0002522b                __divu
000249ad                __divul
000232f8                __divull
000246e2                __doflush
            00003b62    __dtors_ptr
00023bc0                __eqld
00025201                __fixdi
00024d18                __fixdli
000252db                __fltid
00024e5f                __fltlid
00024bbd                __frcmpyd
00024c33                __frcmpyd_div
            00003a0a    __ft_end
            000038f2    __ftable
00023b76                __geqd
00023b2b                __gtrd
00023ade                __leqd
            00003b5c    __lock
00023a96                __lssd
000241b7                __mpyd
000252a6                __mpyli
00023240                __mpylli
000252cb                __negd
00023a62                __neqd
000252c9                __nop
00021362                __printfi
00024685                __rd_ok
000252c1                __register_lock
000252b9                __register_unlock
000250bd                __remli
00023211                __remlli
00025240                __remu
00024ca6                __remul
000231c3                __remull
            00000060    __stack
00025292                __subd
            00003b64    __sys_memory
            00001060    __sysstack
            0000396a    __tmpnams
            00003b5e    __unlock
00024605                __wrt_ok
000252f1                _abort
000220ab                _add_device
00021758                _addition
00021769                _applyGain
0002485e                _atan2_16
00024f25                _atoi
00025025                _auto_init
000251cd                _c_int00
00022b52                _calloc
00024527                _cbrev
00023874                _cfft_SCALE
00022b4a                _chkheap
00023c4c                _cifft_NOSCALE
00022038                _close
0002177a                _combineRealImag
0002518f                _exit
            00002d6e    _extra
00024acb                _fclose
0002474b                _fflush
0002202f                _find_registered_device
            00002161    _flag
00023188                _fopen
00024907                _fputc
00023daf                _fputs
000226c3                _free
00022af4                _free_memory
000230bf                _freopen
00024df4                _fseek
0002219b                _getenv
            00003b4d    _i2c_timeout
            00001d60    _imagNoise
            0000276e    _inputSpeech
            0000296e    _inputSynth
            00002160    _keepSample
00021fc9                _lseek
00024a4e                _ltoa
000217d0                _main
000227f4                _malloc
00022a9a                _max_free
00025255                _memccpy
00025150                _memcpy
0002278f                _minit
000215a4                _multiply
00021638                _multiplyReal
00021f0a                _open
            00002b6e    _output
            000035ed    _phase
            000037ed    _phaseCosine
            000036ed    _phaseSine
00024fd5                _printf
00024907                _putc
0002499e                _putchar
00023ee4                _puts
00021e5c                _read
00024d87                _readmsg
            00001960    _realNoise
000228e9                _realloc
000252e7                _remove
00021e26                _remove_device
00021dcd                _rename
000215dc                _selectiveAddition
00024441                _setvbuf
00024b46                _sine
            00002fed    _speechAdd
            00002eed    _speechImag
            000030ed    _speechMagnitude
            00002ded    _speechReal
000215c9                _splitRealImag
00024ec6                _sqrt_16
000215ba                _square
            000033ed    _synthAdd
            000038f0    _synthImag
            000032ed    _synthImagb
            000034ed    _synthMagnitude
            000038ee    _synthReal
            000031ed    _synthRealb
            00001860    _triWindow
00021d9a                _unlink
00021c58                _write
000247a4                _writemsg
ffffffff                binit
            00020000    cinit
ffffffff                edata
ffffffff                end
ffffffff                etext
ffffffff                pinit
            00004b64    twiddle


GLOBAL SYMBOLS: SORTED BY Symbol Address 

abs. value/
byte addr   word addr   name
---------   ---------   ----
00000001                $TI_capability_requires_rev3
00000001                __TI_args_main
00000002                $TI_capability$C5500$CallingConvention
00000002                $TI_capability$C5500$MemoryModel
            00000060    __stack
00001000                __SYSSTACK_SIZE
00002000                __STACK_SIZE
00002000                __SYSMEM_SIZE
            00001060    __STACK_END
            00001060    __sysstack
            00001860    _triWindow
            00001960    _realNoise
            00001d60    _imagNoise
            00002160    _keepSample
            00002161    _flag
            00002162    _Synth_PutI
            00002164    _Synth_GetI
            00002366    _Speech_PutI
            00002368    _Speech_GetI
            0000256a    _DAC_PutI
            0000256c    _DAC_GetI
            0000276e    _inputSpeech
            0000296e    _inputSynth
            00002b6e    _output
            00002d6e    _extra
            00002ded    _speechReal
            00002eed    _speechImag
            00002fed    _speechAdd
            000030ed    _speechMagnitude
            000031ed    _synthRealb
            000032ed    _synthImagb
            000033ed    _synthAdd
            000034ed    _synthMagnitude
            000035ed    _phase
            000036ed    _phaseSine
            000037ed    _phaseCosine
            000038ee    _synthReal
            000038f0    _synthImag
            000038f2    __ftable
            0000396a    __tmpnams
            00003a0a    __ft_end
            00003b4d    _i2c_timeout
            00003b5c    __lock
            00003b5e    __unlock
            00003b60    __cleanup_ptr
            00003b62    __dtors_ptr
            00003b64    __sys_memory
            00004b64    twiddle
            00004f64    SqrtTable
            00004f80    __ctypes_
00021362                __printfi
000215a4                _multiply
000215ba                _square
000215c9                _splitRealImag
000215dc                _selectiveAddition
00021638                _multiplyReal
00021654                _DAC_Fifo_Init
00021664                _Speech_Fifo_Init
00021674                _Synth_Fifo_Init
00021684                _I2S_interrupt_setup
000216c2                _Speech_Fifo_Size
000216d2                _Synth_Fifo_Size
000216e2                _Speech_Fifo_Get
0002171d                _Synth_Fifo_Get
00021758                _addition
00021769                _applyGain
0002177a                _combineRealImag
0002178d                _DAC_Fifo_Put
000217d0                _main
00021b87                _Synth_Fifo_Put
00021bca                _Speech_Fifo_Put
00021c0d                _DAC_Fifo_Get
00021c48                _DAC_Fifo_Size
00021c58                _write
00021d9a                _unlink
00021dcd                _rename
00021e26                _remove_device
00021e5c                _read
00021f0a                _open
00021fc9                _lseek
0002202f                _find_registered_device
00022038                _close
000220ab                _add_device
0002219b                _getenv
00022216                _HOSTwrite
000222a3                _HOSTunlink
0002230d                _HOSTtime
0002236b                _HOSTrename
00022419                _HOSTread
000224a6                _HOSTopen
00022545                _HOSTlseek
000225fa                _HOSTclose
00022665                _HOSTclock
000226c3                _free
0002278f                _minit
000227f4                _malloc
000228e9                _realloc
00022a9a                _max_free
00022af4                _free_memory
00022b4a                _chkheap
00022b52                _calloc
00022b78                __divd
00023065                __cleanup
000230bf                _freopen
00023188                _fopen
000231c3                __remull
00023211                __remlli
00023240                __mpylli
000232f8                __divull
000233ec                __divlli
00023421                __addd
0002367b                _AIC_write2
00023694                _AIC_read2
000236b1                _AIC_off
000236b8                _AIC3204_rset
000236d2                _AIC_init
00023874                _cfft_SCALE
00023a62                __neqd
00023a96                __lssd
00023ade                __leqd
00023b2b                __gtrd
00023b76                __geqd
00023bc0                __eqld
00023bf4                __cmpd
00023c4c                _cifft_NOSCALE
00023daf                _fputs
00023ee4                _puts
00023f12                _USBSTK5515_GPIO_init
00023f16                _USBSTK5515_GPIO_setDirection
00023f93                _USBSTK5515_GPIO_setOutput
00024010                _USBSTK5515_GPIO_getInput
00024068                _I2S_ISR
000241b7                __mpyd
00024303                _USBSTK5515_I2C_init
00024322                _USBSTK5515_I2C_close
0002432b                _USBSTK5515_I2C_reset
00024339                _USBSTK5515_I2C_write
000243c8                _USBSTK5515_I2C_read
00024441                _setvbuf
00024527                _cbrev
00024605                __wrt_ok
00024685                __rd_ok
000246e2                __doflush
0002474b                _fflush
000247a4                _writemsg
00024859                C$$IO$$
0002485e                _atan2_16
00024907                _fputc
00024907                _putc
0002499e                _putchar
000249ad                __divul
00024a4e                _ltoa
00024acb                _fclose
00024b46                _sine
00024bbd                __frcmpyd
00024c33                __frcmpyd_div
00024ca6                __remul
00024d18                __fixdli
00024d87                _readmsg
00024df4                _fseek
00024e5f                __fltlid
00024ec6                _sqrt_16
00024f25                _atoi
00024f81                _USBSTK5515_wait
00024fb5                _USBSTK5515_waitusec
00024fc7                _USBSTK5515_init
00024fd5                _printf
00025025                _auto_init
00025072                __args_main
000250bd                __remli
00025108                __divli
00025150                _memcpy
0002518f                _exit
000251cd                _c_int00
00025201                __fixdi
0002522b                I$$UDIV
0002522b                __divu
00025240                I$$UMOD
00025240                __remu
00025255                _memccpy
00025278                ___isinf
00025292                __subd
000252a6                I$$LMPY
000252a6                __mpyli
000252b9                __register_unlock
000252c1                __register_lock
000252c9                __nop
000252cb                __negd
000252db                __fltid
000252e7                _remove
000252f1                _abort
000252f2                C$$EXIT
            00020000    ___cinit__
            00020000    cinit
            00020984    __CIOBUF_
0004fe00                _Reset
ffffffff                .bss
ffffffff                .data
ffffffff                .text
ffffffff                ___binit__
ffffffff                ___bss__
ffffffff                ___c_args__
ffffffff                ___data__
ffffffff                ___edata__
ffffffff                ___end__
ffffffff                ___etext__
ffffffff                ___pinit__
ffffffff                ___text__
ffffffff                binit
ffffffff                edata
ffffffff                end
ffffffff                etext
ffffffff                pinit

[213 symbols]
