<?xml version="1.0"?>
<link_info>
   <banner>TMS320C55x Linker PC v4.4.1</banner>
   <copyright>Copyright (c) 1996-2012 Texas Instruments Incorporated</copyright>
   <link_time>0x583f02c7</link_time>
   <output_file>VE1939_fifoMagic.out</output_file>
   <entry_point>
      <name>_c_int00</name>
      <address>0x25297</address>
   </entry_point>
   <input_file_list>
      <input_file id="fl-2">
         <path>.\</path>
         <kind>object</kind>
         <file>Copy of hailMary.obj</file>
         <name>Copy of hailMary.obj</name>
      </input_file>
      <input_file id="fl-3">
         <path>.\</path>
         <kind>object</kind>
         <file>hailMary.obj</file>
         <name>hailMary.obj</name>
      </input_file>
      <input_file id="fl-a">
         <path>N:\windat.V2\workspace_v6_1\C5515_Support_Files\452_Support\</path>
         <kind>archive</kind>
         <file>usbstk5515bsl.lib</file>
         <name>usbstk5515.obj</name>
      </input_file>
      <input_file id="fl-b">
         <path>N:\windat.V2\workspace_v6_1\C5515_Support_Files\452_Support\</path>
         <kind>archive</kind>
         <file>452_Labs_Essentials.lib</file>
         <name>AIC_func.obj</name>
      </input_file>
      <input_file id="fl-c">
         <path>N:\windat.V2\workspace_v6_1\C5515_Support_Files\452_Support\</path>
         <kind>archive</kind>
         <file>55xdspx_LARGE.lib</file>
         <name>arct2.obj</name>
      </input_file>
      <input_file id="fl-d">
         <path>N:\windat.V2\workspace_v6_1\C5515_Support_Files\452_Support\</path>
         <kind>archive</kind>
         <file>55xdspx_LARGE.lib</file>
         <name>cbrev.obj</name>
      </input_file>
      <input_file id="fl-e">
         <path>N:\windat.V2\workspace_v6_1\C5515_Support_Files\452_Support\</path>
         <kind>archive</kind>
         <file>55xdspx_LARGE.lib</file>
         <name>cfft_scale.obj</name>
      </input_file>
      <input_file id="fl-f">
         <path>N:\windat.V2\workspace_v6_1\C5515_Support_Files\452_Support\</path>
         <kind>archive</kind>
         <file>55xdspx_LARGE.lib</file>
         <name>cifft_noscale.obj</name>
      </input_file>
      <input_file id="fl-10">
         <path>N:\windat.V2\workspace_v6_1\C5515_Support_Files\452_Support\</path>
         <kind>archive</kind>
         <file>55xdspx_LARGE.lib</file>
         <name>sine.obj</name>
      </input_file>
      <input_file id="fl-11">
         <path>N:\windat.V2\workspace_v6_1\C5515_Support_Files\452_Support\</path>
         <kind>archive</kind>
         <file>55xdspx_LARGE.lib</file>
         <name>sqrtv.obj</name>
      </input_file>
      <input_file id="fl-12">
         <path>N:\windat.V2\workspace_v6_1\C5515_Support_Files\452_Support\</path>
         <kind>archive</kind>
         <file>55xdspx_LARGE.lib</file>
         <name>twiddle.obj</name>
      </input_file>
      <input_file id="fl-13">
         <path>C:\VApps\ticcs\6p1p0\ccsv6\tools\compiler\c5500_4.4.1\lib\</path>
         <kind>archive</kind>
         <file>rts55x.lib</file>
         <name>addd.obj</name>
      </input_file>
      <input_file id="fl-14">
         <path>C:\VApps\ticcs\6p1p0\ccsv6\tools\compiler\c5500_4.4.1\lib\</path>
         <kind>archive</kind>
         <file>rts55x.lib</file>
         <name>boot.obj</name>
      </input_file>
      <input_file id="fl-15">
         <path>C:\VApps\ticcs\6p1p0\ccsv6\tools\compiler\c5500_4.4.1\lib\</path>
         <kind>archive</kind>
         <file>rts55x.lib</file>
         <name>cmpd.obj</name>
      </input_file>
      <input_file id="fl-16">
         <path>C:\VApps\ticcs\6p1p0\ccsv6\tools\compiler\c5500_4.4.1\lib\</path>
         <kind>archive</kind>
         <file>rts55x.lib</file>
         <name>exit.obj</name>
      </input_file>
      <input_file id="fl-17">
         <path>C:\VApps\ticcs\6p1p0\ccsv6\tools\compiler\c5500_4.4.1\lib\</path>
         <kind>archive</kind>
         <file>rts55x.lib</file>
         <name>fixdi.obj</name>
      </input_file>
      <input_file id="fl-18">
         <path>C:\VApps\ticcs\6p1p0\ccsv6\tools\compiler\c5500_4.4.1\lib\</path>
         <kind>archive</kind>
         <file>rts55x.lib</file>
         <name>fixdli.obj</name>
      </input_file>
      <input_file id="fl-19">
         <path>C:\VApps\ticcs\6p1p0\ccsv6\tools\compiler\c5500_4.4.1\lib\</path>
         <kind>archive</kind>
         <file>rts55x.lib</file>
         <name>fltid.obj</name>
      </input_file>
      <input_file id="fl-1a">
         <path>C:\VApps\ticcs\6p1p0\ccsv6\tools\compiler\c5500_4.4.1\lib\</path>
         <kind>archive</kind>
         <file>rts55x.lib</file>
         <name>fltlid.obj</name>
      </input_file>
      <input_file id="fl-1b">
         <path>C:\VApps\ticcs\6p1p0\ccsv6\tools\compiler\c5500_4.4.1\lib\</path>
         <kind>archive</kind>
         <file>rts55x.lib</file>
         <name>printf.obj</name>
      </input_file>
      <input_file id="fl-1c">
         <path>C:\VApps\ticcs\6p1p0\ccsv6\tools\compiler\c5500_4.4.1\lib\</path>
         <kind>archive</kind>
         <file>rts55x.lib</file>
         <name>subd.obj</name>
      </input_file>
      <input_file id="fl-1d">
         <path>C:\VApps\ticcs\6p1p0\ccsv6\tools\compiler\c5500_4.4.1\lib\</path>
         <kind>archive</kind>
         <file>rts55x.lib</file>
         <name>vectors.obj</name>
      </input_file>
      <input_file id="fl-1e">
         <path>C:\VApps\ticcs\6p1p0\ccsv6\tools\compiler\c5500_4.4.1\lib\</path>
         <kind>archive</kind>
         <file>rts55x.lib</file>
         <name>_lock.obj</name>
      </input_file>
      <input_file id="fl-1f">
         <path>C:\VApps\ticcs\6p1p0\ccsv6\tools\compiler\c5500_4.4.1\lib\</path>
         <kind>archive</kind>
         <file>rts55x.lib</file>
         <name>_printfi.obj</name>
      </input_file>
      <input_file id="fl-20">
         <path>C:\VApps\ticcs\6p1p0\ccsv6\tools\compiler\c5500_4.4.1\lib\</path>
         <kind>archive</kind>
         <file>rts55x.lib</file>
         <name>args_main.obj</name>
      </input_file>
      <input_file id="fl-21">
         <path>C:\VApps\ticcs\6p1p0\ccsv6\tools\compiler\c5500_4.4.1\lib\</path>
         <kind>archive</kind>
         <file>rts55x.lib</file>
         <name>atoi.obj</name>
      </input_file>
      <input_file id="fl-22">
         <path>C:\VApps\ticcs\6p1p0\ccsv6\tools\compiler\c5500_4.4.1\lib\</path>
         <kind>archive</kind>
         <file>rts55x.lib</file>
         <name>autoinit.obj</name>
      </input_file>
      <input_file id="fl-23">
         <path>C:\VApps\ticcs\6p1p0\ccsv6\tools\compiler\c5500_4.4.1\lib\</path>
         <kind>archive</kind>
         <file>rts55x.lib</file>
         <name>ctype.obj</name>
      </input_file>
      <input_file id="fl-24">
         <path>C:\VApps\ticcs\6p1p0\ccsv6\tools\compiler\c5500_4.4.1\lib\</path>
         <kind>archive</kind>
         <file>rts55x.lib</file>
         <name>defs.obj</name>
      </input_file>
      <input_file id="fl-25">
         <path>C:\VApps\ticcs\6p1p0\ccsv6\tools\compiler\c5500_4.4.1\lib\</path>
         <kind>archive</kind>
         <file>rts55x.lib</file>
         <name>divd.obj</name>
      </input_file>
      <input_file id="fl-26">
         <path>C:\VApps\ticcs\6p1p0\ccsv6\tools\compiler\c5500_4.4.1\lib\</path>
         <kind>archive</kind>
         <file>rts55x.lib</file>
         <name>divul.obj</name>
      </input_file>
      <input_file id="fl-27">
         <path>C:\VApps\ticcs\6p1p0\ccsv6\tools\compiler\c5500_4.4.1\lib\</path>
         <kind>archive</kind>
         <file>rts55x.lib</file>
         <name>fputc.obj</name>
      </input_file>
      <input_file id="fl-28">
         <path>C:\VApps\ticcs\6p1p0\ccsv6\tools\compiler\c5500_4.4.1\lib\</path>
         <kind>archive</kind>
         <file>rts55x.lib</file>
         <name>fputs.obj</name>
      </input_file>
      <input_file id="fl-29">
         <path>C:\VApps\ticcs\6p1p0\ccsv6\tools\compiler\c5500_4.4.1\lib\</path>
         <kind>archive</kind>
         <file>rts55x.lib</file>
         <name>frcmpyd_div.obj</name>
      </input_file>
      <input_file id="fl-2a">
         <path>C:\VApps\ticcs\6p1p0\ccsv6\tools\compiler\c5500_4.4.1\lib\</path>
         <kind>archive</kind>
         <file>rts55x.lib</file>
         <name>isinf.obj</name>
      </input_file>
      <input_file id="fl-2b">
         <path>C:\VApps\ticcs\6p1p0\ccsv6\tools\compiler\c5500_4.4.1\lib\</path>
         <kind>archive</kind>
         <file>rts55x.lib</file>
         <name>llmpy.obj</name>
      </input_file>
      <input_file id="fl-2c">
         <path>C:\VApps\ticcs\6p1p0\ccsv6\tools\compiler\c5500_4.4.1\lib\</path>
         <kind>archive</kind>
         <file>rts55x.lib</file>
         <name>lmpy.obj</name>
      </input_file>
      <input_file id="fl-2d">
         <path>C:\VApps\ticcs\6p1p0\ccsv6\tools\compiler\c5500_4.4.1\lib\</path>
         <kind>archive</kind>
         <file>rts55x.lib</file>
         <name>lowlev.obj</name>
      </input_file>
      <input_file id="fl-2e">
         <path>C:\VApps\ticcs\6p1p0\ccsv6\tools\compiler\c5500_4.4.1\lib\</path>
         <kind>archive</kind>
         <file>rts55x.lib</file>
         <name>ltoa.obj</name>
      </input_file>
      <input_file id="fl-2f">
         <path>C:\VApps\ticcs\6p1p0\ccsv6\tools\compiler\c5500_4.4.1\lib\</path>
         <kind>archive</kind>
         <file>rts55x.lib</file>
         <name>memccpy.obj</name>
      </input_file>
      <input_file id="fl-30">
         <path>C:\VApps\ticcs\6p1p0\ccsv6\tools\compiler\c5500_4.4.1\lib\</path>
         <kind>archive</kind>
         <file>rts55x.lib</file>
         <name>memcpy.obj</name>
      </input_file>
      <input_file id="fl-31">
         <path>C:\VApps\ticcs\6p1p0\ccsv6\tools\compiler\c5500_4.4.1\lib\</path>
         <kind>archive</kind>
         <file>rts55x.lib</file>
         <name>mpyd.obj</name>
      </input_file>
      <input_file id="fl-32">
         <path>C:\VApps\ticcs\6p1p0\ccsv6\tools\compiler\c5500_4.4.1\lib\</path>
         <kind>archive</kind>
         <file>rts55x.lib</file>
         <name>negd.obj</name>
      </input_file>
      <input_file id="fl-33">
         <path>C:\VApps\ticcs\6p1p0\ccsv6\tools\compiler\c5500_4.4.1\lib\</path>
         <kind>archive</kind>
         <file>rts55x.lib</file>
         <name>remli.obj</name>
      </input_file>
      <input_file id="fl-34">
         <path>C:\VApps\ticcs\6p1p0\ccsv6\tools\compiler\c5500_4.4.1\lib\</path>
         <kind>archive</kind>
         <file>rts55x.lib</file>
         <name>remul.obj</name>
      </input_file>
      <input_file id="fl-35">
         <path>C:\VApps\ticcs\6p1p0\ccsv6\tools\compiler\c5500_4.4.1\lib\</path>
         <kind>archive</kind>
         <file>rts55x.lib</file>
         <name>trgdrv.obj</name>
      </input_file>
      <input_file id="fl-36">
         <path>C:\VApps\ticcs\6p1p0\ccsv6\tools\compiler\c5500_4.4.1\lib\</path>
         <kind>archive</kind>
         <file>rts55x.lib</file>
         <name>trgmsg.obj</name>
      </input_file>
      <input_file id="fl-37">
         <path>C:\VApps\ticcs\6p1p0\ccsv6\tools\compiler\c5500_4.4.1\lib\</path>
         <kind>archive</kind>
         <file>rts55x.lib</file>
         <name>udiv.obj</name>
      </input_file>
      <input_file id="fl-38">
         <path>C:\VApps\ticcs\6p1p0\ccsv6\tools\compiler\c5500_4.4.1\lib\</path>
         <kind>archive</kind>
         <file>rts55x.lib</file>
         <name>_io_perm.obj</name>
      </input_file>
      <input_file id="fl-39">
         <path>C:\VApps\ticcs\6p1p0\ccsv6\tools\compiler\c5500_4.4.1\lib\</path>
         <kind>archive</kind>
         <file>rts55x.lib</file>
         <name>divli.obj</name>
      </input_file>
      <input_file id="fl-3a">
         <path>C:\VApps\ticcs\6p1p0\ccsv6\tools\compiler\c5500_4.4.1\lib\</path>
         <kind>archive</kind>
         <file>rts55x.lib</file>
         <name>fflush.obj</name>
      </input_file>
      <input_file id="fl-3b">
         <path>C:\VApps\ticcs\6p1p0\ccsv6\tools\compiler\c5500_4.4.1\lib\</path>
         <kind>archive</kind>
         <file>rts55x.lib</file>
         <name>frcmpyd.obj</name>
      </input_file>
      <input_file id="fl-3c">
         <path>C:\VApps\ticcs\6p1p0\ccsv6\tools\compiler\c5500_4.4.1\lib\</path>
         <kind>archive</kind>
         <file>rts55x.lib</file>
         <name>fseek.obj</name>
      </input_file>
      <input_file id="fl-3d">
         <path>C:\VApps\ticcs\6p1p0\ccsv6\tools\compiler\c5500_4.4.1\lib\</path>
         <kind>archive</kind>
         <file>rts55x.lib</file>
         <name>setvbuf.obj</name>
      </input_file>
      <input_file id="fl-3e">
         <path>C:\VApps\ticcs\6p1p0\ccsv6\tools\compiler\c5500_4.4.1\lib\</path>
         <kind>archive</kind>
         <file>rts55x.lib</file>
         <name>fopen.obj</name>
      </input_file>
      <input_file id="fl-3f">
         <path>C:\VApps\ticcs\6p1p0\ccsv6\tools\compiler\c5500_4.4.1\lib\</path>
         <kind>archive</kind>
         <file>rts55x.lib</file>
         <name>memory.obj</name>
      </input_file>
      <input_file id="fl-40">
         <path>C:\VApps\ticcs\6p1p0\ccsv6\tools\compiler\c5500_4.4.1\lib\</path>
         <kind>archive</kind>
         <file>rts55x.lib</file>
         <name>fclose.obj</name>
      </input_file>
      <input_file id="fl-41">
         <path>C:\VApps\ticcs\6p1p0\ccsv6\tools\compiler\c5500_4.4.1\lib\</path>
         <kind>archive</kind>
         <file>rts55x.lib</file>
         <name>remove.obj</name>
      </input_file>
      <input_file id="fl-42">
         <path>N:\windat.V2\workspace_v6_1\C5515_Support_Files\452_Support\</path>
         <kind>archive</kind>
         <file>usbstk5515bsl.lib</file>
         <name>usbstk5515_i2c.obj</name>
      </input_file>
      <input_file id="fl-43">
         <path>N:\windat.V2\workspace_v6_1\C5515_Support_Files\452_Support\</path>
         <kind>archive</kind>
         <file>usbstk5515bsl.lib</file>
         <name>usbstk5515_gpio.obj</name>
      </input_file>
   </input_file_list>
   <object_component_list>
      <object_component id="oc-7b">
         <name>.text</name>
         <load_address>0x20000</load_address>
         <run_address>0x20000</run_address>
         <size>0x15a4</size>
         <input_file_ref idref="fl-1f"/>
      </object_component>
      <object_component id="oc-14">
         <name>.text</name>
         <load_address>0x215a4</load_address>
         <run_address>0x215a4</run_address>
         <size>0x752</size>
         <input_file_ref idref="fl-3"/>
      </object_component>
      <object_component id="oc-b4">
         <name>.text</name>
         <load_address>0x21cf6</load_address>
         <run_address>0x21cf6</run_address>
         <size>0x543</size>
         <input_file_ref idref="fl-2d"/>
      </object_component>
      <object_component id="oc-d6">
         <name>.text</name>
         <load_address>0x22239</load_address>
         <run_address>0x22239</run_address>
         <size>0x528</size>
         <input_file_ref idref="fl-35"/>
      </object_component>
      <object_component id="oc-103">
         <name>.text</name>
         <load_address>0x22761</load_address>
         <run_address>0x22761</run_address>
         <size>0x4b5</size>
         <input_file_ref idref="fl-3f"/>
      </object_component>
      <object_component id="oc-93">
         <name>.text</name>
         <load_address>0x22c16</load_address>
         <run_address>0x22c16</run_address>
         <size>0x3cc</size>
         <input_file_ref idref="fl-25"/>
      </object_component>
      <object_component id="oc-fd">
         <name>.text</name>
         <load_address>0x22fe2</load_address>
         <run_address>0x22fe2</run_address>
         <size>0x27f</size>
         <input_file_ref idref="fl-3e"/>
      </object_component>
      <object_component id="oc-ac">
         <name>.text</name>
         <load_address>0x23261</load_address>
         <run_address>0x23261</run_address>
         <size>0x25e</size>
         <input_file_ref idref="fl-2b"/>
      </object_component>
      <object_component id="oc-45">
         <name>.text</name>
         <load_address>0x234bf</load_address>
         <run_address>0x234bf</run_address>
         <size>0x25a</size>
         <input_file_ref idref="fl-13"/>
      </object_component>
      <object_component id="oc-22">
         <name>.text</name>
         <load_address>0x23719</load_address>
         <run_address>0x23719</run_address>
         <size>0x223</size>
         <input_file_ref idref="fl-b"/>
      </object_component>
      <object_component id="oc-30">
         <name>.text</name>
         <load_address>0x2393c</load_address>
         <run_address>0x2393c</run_address>
         <size>0x1ee</size>
         <input_file_ref idref="fl-e"/>
      </object_component>
      <object_component id="oc-4d">
         <name>.text</name>
         <load_address>0x23b2a</load_address>
         <run_address>0x23b2a</run_address>
         <size>0x1ea</size>
         <input_file_ref idref="fl-15"/>
      </object_component>
      <object_component id="oc-35">
         <name>.text</name>
         <load_address>0x23d14</load_address>
         <run_address>0x23d14</run_address>
         <size>0x163</size>
         <input_file_ref idref="fl-f"/>
      </object_component>
      <object_component id="oc-9f">
         <name>.text</name>
         <load_address>0x23e77</load_address>
         <run_address>0x23e77</run_address>
         <size>0x163</size>
         <input_file_ref idref="fl-28"/>
      </object_component>
      <object_component id="oc-119">
         <name>.text</name>
         <load_address>0x23fda</load_address>
         <run_address>0x23fda</run_address>
         <size>0x156</size>
         <input_file_ref idref="fl-43"/>
      </object_component>
      <object_component id="oc-17">
         <name>.text:retain</name>
         <load_address>0x24130</load_address>
         <run_address>0x24130</run_address>
         <size>0x151</size>
         <input_file_ref idref="fl-3"/>
      </object_component>
      <object_component id="oc-c6">
         <name>.text</name>
         <load_address>0x24281</load_address>
         <run_address>0x24281</run_address>
         <size>0x14c</size>
         <input_file_ref idref="fl-31"/>
      </object_component>
      <object_component id="oc-112">
         <name>.text</name>
         <load_address>0x243cd</load_address>
         <run_address>0x243cd</run_address>
         <size>0x13e</size>
         <input_file_ref idref="fl-42"/>
      </object_component>
      <object_component id="oc-f9">
         <name>.text</name>
         <load_address>0x2450b</load_address>
         <run_address>0x2450b</run_address>
         <size>0xe6</size>
         <input_file_ref idref="fl-3d"/>
      </object_component>
      <object_component id="oc-2c">
         <name>.text:cbrev</name>
         <load_address>0x245f1</load_address>
         <run_address>0x245f1</run_address>
         <size>0xde</size>
         <input_file_ref idref="fl-d"/>
      </object_component>
      <object_component id="oc-e5">
         <name>.text</name>
         <load_address>0x246cf</load_address>
         <run_address>0x246cf</run_address>
         <size>0xdd</size>
         <input_file_ref idref="fl-38"/>
      </object_component>
      <object_component id="oc-ed">
         <name>.text</name>
         <load_address>0x247ac</load_address>
         <run_address>0x247ac</run_address>
         <size>0xc2</size>
         <input_file_ref idref="fl-3a"/>
      </object_component>
      <object_component id="oc-de">
         <name>.text:CIO_breakpoint</name>
         <load_address>0x2486e</load_address>
         <run_address>0x2486e</run_address>
         <size>0xba</size>
         <input_file_ref idref="fl-36"/>
      </object_component>
      <object_component id="oc-27">
         <name>.text</name>
         <load_address>0x24928</load_address>
         <run_address>0x24928</run_address>
         <size>0xa9</size>
         <input_file_ref idref="fl-c"/>
      </object_component>
      <object_component id="oc-9b">
         <name>.text</name>
         <load_address>0x249d1</load_address>
         <run_address>0x249d1</run_address>
         <size>0xa6</size>
         <input_file_ref idref="fl-27"/>
      </object_component>
      <object_component id="oc-97">
         <name>.text</name>
         <load_address>0x24a77</load_address>
         <run_address>0x24a77</run_address>
         <size>0xa1</size>
         <input_file_ref idref="fl-26"/>
      </object_component>
      <object_component id="oc-ba">
         <name>.text</name>
         <load_address>0x24b18</load_address>
         <run_address>0x24b18</run_address>
         <size>0x7d</size>
         <input_file_ref idref="fl-2e"/>
      </object_component>
      <object_component id="oc-10a">
         <name>.text</name>
         <load_address>0x24b95</load_address>
         <run_address>0x24b95</run_address>
         <size>0x7b</size>
         <input_file_ref idref="fl-40"/>
      </object_component>
      <object_component id="oc-3a">
         <name>.text</name>
         <load_address>0x24c10</load_address>
         <run_address>0x24c10</run_address>
         <size>0x77</size>
         <input_file_ref idref="fl-10"/>
      </object_component>
      <object_component id="oc-f1">
         <name>.text</name>
         <load_address>0x24c87</load_address>
         <run_address>0x24c87</run_address>
         <size>0x76</size>
         <input_file_ref idref="fl-3b"/>
      </object_component>
      <object_component id="oc-a4">
         <name>.text</name>
         <load_address>0x24cfd</load_address>
         <run_address>0x24cfd</run_address>
         <size>0x73</size>
         <input_file_ref idref="fl-29"/>
      </object_component>
      <object_component id="oc-d2">
         <name>.text</name>
         <load_address>0x24d70</load_address>
         <run_address>0x24d70</run_address>
         <size>0x72</size>
         <input_file_ref idref="fl-34"/>
      </object_component>
      <object_component id="oc-5c">
         <name>.text</name>
         <load_address>0x24de2</load_address>
         <run_address>0x24de2</run_address>
         <size>0x6f</size>
         <input_file_ref idref="fl-18"/>
      </object_component>
      <object_component id="oc-db">
         <name>.text</name>
         <load_address>0x24e51</load_address>
         <run_address>0x24e51</run_address>
         <size>0x6d</size>
         <input_file_ref idref="fl-36"/>
      </object_component>
      <object_component id="oc-f5">
         <name>.text</name>
         <load_address>0x24ebe</load_address>
         <run_address>0x24ebe</run_address>
         <size>0x6b</size>
         <input_file_ref idref="fl-3c"/>
      </object_component>
      <object_component id="oc-64">
         <name>.text</name>
         <load_address>0x24f29</load_address>
         <run_address>0x24f29</run_address>
         <size>0x67</size>
         <input_file_ref idref="fl-1a"/>
      </object_component>
      <object_component id="oc-3f">
         <name>.text</name>
         <load_address>0x24f90</load_address>
         <run_address>0x24f90</run_address>
         <size>0x5f</size>
         <input_file_ref idref="fl-11"/>
      </object_component>
      <object_component id="oc-85">
         <name>.text</name>
         <load_address>0x24fef</load_address>
         <run_address>0x24fef</run_address>
         <size>0x5c</size>
         <input_file_ref idref="fl-21"/>
      </object_component>
      <object_component id="oc-1d">
         <name>.text</name>
         <load_address>0x2504b</load_address>
         <run_address>0x2504b</run_address>
         <size>0x54</size>
         <input_file_ref idref="fl-a"/>
      </object_component>
      <object_component id="oc-69">
         <name>.text</name>
         <load_address>0x2509f</load_address>
         <run_address>0x2509f</run_address>
         <size>0x50</size>
         <input_file_ref idref="fl-1b"/>
      </object_component>
      <object_component id="oc-89">
         <name>.text</name>
         <load_address>0x250ef</load_address>
         <run_address>0x250ef</run_address>
         <size>0x4d</size>
         <input_file_ref idref="fl-22"/>
      </object_component>
      <object_component id="oc-81">
         <name>.text</name>
         <load_address>0x2513c</load_address>
         <run_address>0x2513c</run_address>
         <size>0x4b</size>
         <input_file_ref idref="fl-20"/>
      </object_component>
      <object_component id="oc-ce">
         <name>.text</name>
         <load_address>0x25187</load_address>
         <run_address>0x25187</run_address>
         <size>0x4b</size>
         <input_file_ref idref="fl-33"/>
      </object_component>
      <object_component id="oc-e9">
         <name>.text</name>
         <load_address>0x251d2</load_address>
         <run_address>0x251d2</run_address>
         <size>0x48</size>
         <input_file_ref idref="fl-39"/>
      </object_component>
      <object_component id="oc-c2">
         <name>.text</name>
         <load_address>0x2521a</load_address>
         <run_address>0x2521a</run_address>
         <size>0x3f</size>
         <input_file_ref idref="fl-30"/>
      </object_component>
      <object_component id="oc-51">
         <name>.text</name>
         <load_address>0x25259</load_address>
         <run_address>0x25259</run_address>
         <size>0x3e</size>
         <input_file_ref idref="fl-16"/>
      </object_component>
      <object_component id="oc-10">
         <name>.text</name>
         <load_address>0x25297</load_address>
         <run_address>0x25297</run_address>
         <size>0x34</size>
         <input_file_ref idref="fl-14"/>
      </object_component>
      <object_component id="oc-58">
         <name>.text</name>
         <load_address>0x252cb</load_address>
         <run_address>0x252cb</run_address>
         <size>0x2a</size>
         <input_file_ref idref="fl-17"/>
      </object_component>
      <object_component id="oc-e1">
         <name>.text</name>
         <load_address>0x252f5</load_address>
         <run_address>0x252f5</run_address>
         <size>0x2a</size>
         <input_file_ref idref="fl-37"/>
      </object_component>
      <object_component id="oc-be">
         <name>.text</name>
         <load_address>0x2531f</load_address>
         <run_address>0x2531f</run_address>
         <size>0x23</size>
         <input_file_ref idref="fl-2f"/>
      </object_component>
      <object_component id="oc-a8">
         <name>.text</name>
         <load_address>0x25342</load_address>
         <run_address>0x25342</run_address>
         <size>0x1a</size>
         <input_file_ref idref="fl-2a"/>
      </object_component>
      <object_component id="oc-6d">
         <name>.text</name>
         <load_address>0x2535c</load_address>
         <run_address>0x2535c</run_address>
         <size>0x14</size>
         <input_file_ref idref="fl-1c"/>
      </object_component>
      <object_component id="oc-b0">
         <name>.text</name>
         <load_address>0x25370</load_address>
         <run_address>0x25370</run_address>
         <size>0x13</size>
         <input_file_ref idref="fl-2c"/>
      </object_component>
      <object_component id="oc-75">
         <name>.text</name>
         <load_address>0x25383</load_address>
         <run_address>0x25383</run_address>
         <size>0x12</size>
         <input_file_ref idref="fl-1e"/>
      </object_component>
      <object_component id="oc-ca">
         <name>.text</name>
         <load_address>0x25395</load_address>
         <run_address>0x25395</run_address>
         <size>0x10</size>
         <input_file_ref idref="fl-32"/>
      </object_component>
      <object_component id="oc-60">
         <name>.text</name>
         <load_address>0x253a5</load_address>
         <run_address>0x253a5</run_address>
         <size>0xc</size>
         <input_file_ref idref="fl-19"/>
      </object_component>
      <object_component id="oc-10e">
         <name>.text</name>
         <load_address>0x253b1</load_address>
         <run_address>0x253b1</run_address>
         <size>0xa</size>
         <input_file_ref idref="fl-41"/>
      </object_component>
      <object_component id="oc-55">
         <name>.text:CIO_breakpoint</name>
         <load_address>0x253bb</load_address>
         <run_address>0x253bb</run_address>
         <size>0x7</size>
         <input_file_ref idref="fl-16"/>
      </object_component>
      <object_component id="oc-71">
         <name>.text</name>
         <load_address>0x253c2</load_address>
         <run_address>0x253c2</run_address>
         <size>0x2</size>
         <input_file_ref idref="fl-1d"/>
      </object_component>
      <object_component id="oc-49">
         <name>.stack</name>
         <uninitialized>true</uninitialized>
         <run_address>0xc0</run_address>
         <size>0x0</size>
         <input_file_ref idref="fl-14"/>
      </object_component>
      <object_component id="oc-138">
         <name>.stack</name>
         <uninitialized>true</uninitialized>
         <run_address>0xc0</run_address>
         <size>0x0</size>
      </object_component>
      <object_component id="oc-11e">
         <name>.sysstack</name>
         <uninitialized>true</uninitialized>
         <run_address>0x20c0</run_address>
         <size>0x0</size>
         <input_file_ref idref="fl-14"/>
      </object_component>
      <object_component id="oc-13a">
         <name>.sysstack</name>
         <uninitialized>true</uninitialized>
         <run_address>0x20c0</run_address>
         <size>0x0</size>
      </object_component>
      <object_component id="oc-44">
         <name>.data:twiddle</name>
         <load_address>0xb1c4</load_address>
         <run_address>0xb1c4</run_address>
         <size>0x800</size>
         <input_file_ref idref="fl-12"/>
      </object_component>
      <object_component id="oc-40">
         <name>.data</name>
         <load_address>0xb9c4</load_address>
         <run_address>0xb9c4</run_address>
         <size>0x20</size>
         <input_file_ref idref="fl-11"/>
      </object_component>
      <object_component id="oc-3b">
         <name>.data</name>
         <load_address>0xb9e4</load_address>
         <run_address>0xb9e4</run_address>
         <size>0xc</size>
         <input_file_ref idref="fl-10"/>
      </object_component>
      <object_component id="oc-28">
         <name>.data</name>
         <load_address>0xb9f0</load_address>
         <run_address>0xb9f0</run_address>
         <size>0xa</size>
         <input_file_ref idref="fl-c"/>
      </object_component>
      <object_component id="oc-15">
         <name>.bss</name>
         <uninitialized>true</uninitialized>
         <run_address>0x30c0</run_address>
         <size>0x5c1e</size>
         <input_file_ref idref="fl-3"/>
      </object_component>
      <object_component id="oc-fe">
         <name>.bss</name>
         <uninitialized>true</uninitialized>
         <run_address>0x8cde</run_address>
         <size>0x2</size>
         <input_file_ref idref="fl-3e"/>
      </object_component>
      <object_component id="oc-8f">
         <name>.bss</name>
         <uninitialized>true</uninitialized>
         <run_address>0x8ce0</run_address>
         <size>0x232</size>
         <input_file_ref idref="fl-24"/>
      </object_component>
      <object_component id="oc-d7">
         <name>.bss</name>
         <uninitialized>true</uninitialized>
         <run_address>0x8f12</run_address>
         <size>0x1a0</size>
         <input_file_ref idref="fl-35"/>
      </object_component>
      <object_component id="oc-113">
         <name>.bss</name>
         <uninitialized>true</uninitialized>
         <run_address>0x90b2</run_address>
         <size>0x2</size>
         <input_file_ref idref="fl-42"/>
      </object_component>
      <object_component id="oc-b5">
         <name>.bss</name>
         <uninitialized>true</uninitialized>
         <run_address>0x90b4</run_address>
         <size>0xe2</size>
         <input_file_ref idref="fl-2d"/>
      </object_component>
      <object_component id="oc-104">
         <name>.bss</name>
         <uninitialized>true</uninitialized>
         <run_address>0x9198</run_address>
         <size>0xc</size>
         <input_file_ref idref="fl-3f"/>
      </object_component>
      <object_component id="oc-31">
         <name>.bss</name>
         <uninitialized>true</uninitialized>
         <run_address>0x91a4</run_address>
         <size>0x8</size>
         <input_file_ref idref="fl-e"/>
      </object_component>
      <object_component id="oc-36">
         <name>.bss</name>
         <uninitialized>true</uninitialized>
         <run_address>0x91ac</run_address>
         <size>0x8</size>
         <input_file_ref idref="fl-f"/>
      </object_component>
      <object_component id="oc-76">
         <name>.bss</name>
         <uninitialized>true</uninitialized>
         <run_address>0x91b4</run_address>
         <size>0x8</size>
         <input_file_ref idref="fl-1e"/>
      </object_component>
      <object_component id="oc-52">
         <name>.bss</name>
         <uninitialized>true</uninitialized>
         <run_address>0x91bc</run_address>
         <size>0x8</size>
         <input_file_ref idref="fl-16"/>
      </object_component>
      <object_component id="oc-11f">
         <name>.const:__ctypes_</name>
         <load_address>0xb9fc</load_address>
         <run_address>0xb9fc</run_address>
         <size>0x202</size>
         <input_file_ref idref="fl-23"/>
      </object_component>
      <object_component id="oc-7e">
         <name>.const:.string</name>
         <load_address>0xbc00</load_address>
         <run_address>0xbc00</run_address>
         <size>0x48</size>
         <input_file_ref idref="fl-1f"/>
      </object_component>
      <object_component id="oc-7d">
         <name>.const</name>
         <load_address>0xbc48</load_address>
         <run_address>0xbc48</run_address>
         <size>0x18</size>
         <input_file_ref idref="fl-1f"/>
      </object_component>
      <object_component id="oc-120">
         <name>.const:_initial_approx$1</name>
         <load_address>0xbc60</load_address>
         <run_address>0xbc60</run_address>
         <size>0x10</size>
         <input_file_ref idref="fl-25"/>
      </object_component>
      <object_component id="oc-19">
         <name>.const:.string</name>
         <load_address>0xbc70</load_address>
         <run_address>0xbc70</run_address>
         <size>0xe</size>
         <input_file_ref idref="fl-3"/>
      </object_component>
      <object_component id="oc-18">
         <name>.const</name>
         <load_address>0xbc80</load_address>
         <run_address>0xbc80</run_address>
         <size>0x8</size>
         <input_file_ref idref="fl-3"/>
      </object_component>
      <object_component id="oc-a1">
         <name>.const:.string</name>
         <load_address>0xbc88</load_address>
         <run_address>0xbc88</run_address>
         <size>0x4</size>
         <input_file_ref idref="fl-28"/>
      </object_component>
      <object_component id="oc-66">
         <name>.const</name>
         <load_address>0xbc8c</load_address>
         <run_address>0xbc8c</run_address>
         <size>0x4</size>
         <input_file_ref idref="fl-1a"/>
      </object_component>
      <object_component id="oc-107">
         <name>.sysmem</name>
         <uninitialized>true</uninitialized>
         <run_address>0x91c4</run_address>
         <size>0x0</size>
         <input_file_ref idref="fl-3f"/>
      </object_component>
      <object_component id="oc-139">
         <name>.sysmem</name>
         <uninitialized>true</uninitialized>
         <run_address>0x91c4</run_address>
         <size>0x0</size>
      </object_component>
      <object_component id="oc-b7">
         <name>.cinit</name>
         <load_address>0x40240</load_address>
         <run_address>0x40240</run_address>
         <size>0x5a</size>
         <input_file_ref idref="fl-2d"/>
      </object_component>
      <object_component id="oc-91">
         <name>.cinit</name>
         <load_address>0x4029a</load_address>
         <run_address>0x4029a</run_address>
         <size>0x54</size>
         <input_file_ref idref="fl-24"/>
      </object_component>
      <object_component id="oc-78">
         <name>.cinit</name>
         <load_address>0x402ee</load_address>
         <run_address>0x402ee</run_address>
         <size>0x14</size>
         <input_file_ref idref="fl-1e"/>
      </object_component>
      <object_component id="oc-54">
         <name>.cinit</name>
         <load_address>0x40302</load_address>
         <run_address>0x40302</run_address>
         <size>0x14</size>
         <input_file_ref idref="fl-16"/>
      </object_component>
      <object_component id="oc-100">
         <name>.cinit</name>
         <load_address>0x40316</load_address>
         <run_address>0x40316</run_address>
         <size>0x8</size>
         <input_file_ref idref="fl-3e"/>
      </object_component>
      <object_component id="oc-106">
         <name>.cinit</name>
         <load_address>0x4031e</load_address>
         <run_address>0x4031e</run_address>
         <size>0x8</size>
         <input_file_ref idref="fl-3f"/>
      </object_component>
      <object_component id="oc-115">
         <name>.cinit</name>
         <load_address>0x40326</load_address>
         <run_address>0x40326</run_address>
         <size>0x8</size>
         <input_file_ref idref="fl-42"/>
      </object_component>
      <object_component id="oc-dd">
         <name>.cio</name>
         <uninitialized>true</uninitialized>
         <run_address>0x40000</run_address>
         <size>0x240</size>
         <input_file_ref idref="fl-36"/>
      </object_component>
      <object_component id="oc-11">
         <name>vectors</name>
         <load_address>0x4fe00</load_address>
         <run_address>0x4fe00</run_address>
         <size>0x100</size>
         <input_file_ref idref="fl-1d"/>
      </object_component>
      <object_component id="oc-12">
         <name>.debug_info</name>
         <load_address>0x0</load_address>
         <run_address>0x0</run_address>
         <size>0x489</size>
         <input_file_ref idref="fl-2"/>
      </object_component>
      <object_component id="oc-16">
         <name>.debug_info</name>
         <load_address>0x489</load_address>
         <run_address>0x489</run_address>
         <size>0x1cee</size>
         <input_file_ref idref="fl-3"/>
      </object_component>
      <object_component id="oc-1e">
         <name>.debug_info</name>
         <load_address>0x2177</load_address>
         <run_address>0x2177</run_address>
         <size>0x6a7</size>
         <input_file_ref idref="fl-a"/>
      </object_component>
      <object_component id="oc-23">
         <name>.debug_info</name>
         <load_address>0x281e</load_address>
         <run_address>0x281e</run_address>
         <size>0xc66</size>
         <input_file_ref idref="fl-b"/>
      </object_component>
      <object_component id="oc-29">
         <name>.debug_info</name>
         <load_address>0x3484</load_address>
         <run_address>0x3484</run_address>
         <size>0xfe</size>
         <input_file_ref idref="fl-c"/>
      </object_component>
      <object_component id="oc-2d">
         <name>.debug_info</name>
         <load_address>0x3582</load_address>
         <run_address>0x3582</run_address>
         <size>0xe0</size>
         <input_file_ref idref="fl-d"/>
      </object_component>
      <object_component id="oc-32">
         <name>.debug_info</name>
         <load_address>0x3662</load_address>
         <run_address>0x3662</run_address>
         <size>0xea</size>
         <input_file_ref idref="fl-e"/>
      </object_component>
      <object_component id="oc-37">
         <name>.debug_info</name>
         <load_address>0x374c</load_address>
         <run_address>0x374c</run_address>
         <size>0xf0</size>
         <input_file_ref idref="fl-f"/>
      </object_component>
      <object_component id="oc-3c">
         <name>.debug_info</name>
         <load_address>0x383c</load_address>
         <run_address>0x383c</run_address>
         <size>0xde</size>
         <input_file_ref idref="fl-10"/>
      </object_component>
      <object_component id="oc-41">
         <name>.debug_info</name>
         <load_address>0x391a</load_address>
         <run_address>0x391a</run_address>
         <size>0xe0</size>
         <input_file_ref idref="fl-11"/>
      </object_component>
      <object_component id="oc-46">
         <name>.debug_info</name>
         <load_address>0x39fa</load_address>
         <run_address>0x39fa</run_address>
         <size>0x5ab</size>
         <input_file_ref idref="fl-13"/>
      </object_component>
      <object_component id="oc-4a">
         <name>.debug_info</name>
         <load_address>0x3fa5</load_address>
         <run_address>0x3fa5</run_address>
         <size>0xe8</size>
         <input_file_ref idref="fl-14"/>
      </object_component>
      <object_component id="oc-4e">
         <name>.debug_info</name>
         <load_address>0x408d</load_address>
         <run_address>0x408d</run_address>
         <size>0x81f</size>
         <input_file_ref idref="fl-15"/>
      </object_component>
      <object_component id="oc-53">
         <name>.debug_info</name>
         <load_address>0x48ac</load_address>
         <run_address>0x48ac</run_address>
         <size>0x5fb</size>
         <input_file_ref idref="fl-16"/>
      </object_component>
      <object_component id="oc-59">
         <name>.debug_info</name>
         <load_address>0x4ea7</load_address>
         <run_address>0x4ea7</run_address>
         <size>0x4cf</size>
         <input_file_ref idref="fl-17"/>
      </object_component>
      <object_component id="oc-5d">
         <name>.debug_info</name>
         <load_address>0x5376</load_address>
         <run_address>0x5376</run_address>
         <size>0x534</size>
         <input_file_ref idref="fl-18"/>
      </object_component>
      <object_component id="oc-61">
         <name>.debug_info</name>
         <load_address>0x58aa</load_address>
         <run_address>0x58aa</run_address>
         <size>0x4cf</size>
         <input_file_ref idref="fl-19"/>
      </object_component>
      <object_component id="oc-65">
         <name>.debug_info</name>
         <load_address>0x5d79</load_address>
         <run_address>0x5d79</run_address>
         <size>0x549</size>
         <input_file_ref idref="fl-1a"/>
      </object_component>
      <object_component id="oc-6a">
         <name>.debug_info</name>
         <load_address>0x62c2</load_address>
         <run_address>0x62c2</run_address>
         <size>0x76c</size>
         <input_file_ref idref="fl-1b"/>
      </object_component>
      <object_component id="oc-6e">
         <name>.debug_info</name>
         <load_address>0x6a2e</load_address>
         <run_address>0x6a2e</run_address>
         <size>0x4de</size>
         <input_file_ref idref="fl-1c"/>
      </object_component>
      <object_component id="oc-72">
         <name>.debug_info</name>
         <load_address>0x6f0c</load_address>
         <run_address>0x6f0c</run_address>
         <size>0xbc</size>
         <input_file_ref idref="fl-1d"/>
      </object_component>
      <object_component id="oc-77">
         <name>.debug_info</name>
         <load_address>0x6fc8</load_address>
         <run_address>0x6fc8</run_address>
         <size>0x5bc</size>
         <input_file_ref idref="fl-1e"/>
      </object_component>
      <object_component id="oc-7c">
         <name>.debug_info</name>
         <load_address>0x7584</load_address>
         <run_address>0x7584</run_address>
         <size>0x27bd</size>
         <input_file_ref idref="fl-1f"/>
      </object_component>
      <object_component id="oc-82">
         <name>.debug_info</name>
         <load_address>0x9d41</load_address>
         <run_address>0x9d41</run_address>
         <size>0x586</size>
         <input_file_ref idref="fl-20"/>
      </object_component>
      <object_component id="oc-86">
         <name>.debug_info</name>
         <load_address>0xa2c7</load_address>
         <run_address>0xa2c7</run_address>
         <size>0x5a4</size>
         <input_file_ref idref="fl-21"/>
      </object_component>
      <object_component id="oc-8a">
         <name>.debug_info</name>
         <load_address>0xa86b</load_address>
         <run_address>0xa86b</run_address>
         <size>0xcd</size>
         <input_file_ref idref="fl-22"/>
      </object_component>
      <object_component id="oc-8d">
         <name>.debug_info</name>
         <load_address>0xa938</load_address>
         <run_address>0xa938</run_address>
         <size>0x498</size>
         <input_file_ref idref="fl-23"/>
      </object_component>
      <object_component id="oc-90">
         <name>.debug_info</name>
         <load_address>0xadd0</load_address>
         <run_address>0xadd0</run_address>
         <size>0x57e</size>
         <input_file_ref idref="fl-24"/>
      </object_component>
      <object_component id="oc-94">
         <name>.debug_info</name>
         <load_address>0xb34e</load_address>
         <run_address>0xb34e</run_address>
         <size>0x7e8</size>
         <input_file_ref idref="fl-25"/>
      </object_component>
      <object_component id="oc-98">
         <name>.debug_info</name>
         <load_address>0xbb36</load_address>
         <run_address>0xbb36</run_address>
         <size>0x534</size>
         <input_file_ref idref="fl-26"/>
      </object_component>
      <object_component id="oc-9c">
         <name>.debug_info</name>
         <load_address>0xc06a</load_address>
         <run_address>0xc06a</run_address>
         <size>0x6aa</size>
         <input_file_ref idref="fl-27"/>
      </object_component>
      <object_component id="oc-a0">
         <name>.debug_info</name>
         <load_address>0xc714</load_address>
         <run_address>0xc714</run_address>
         <size>0x942</size>
         <input_file_ref idref="fl-28"/>
      </object_component>
      <object_component id="oc-a5">
         <name>.debug_info</name>
         <load_address>0xd056</load_address>
         <run_address>0xd056</run_address>
         <size>0x53e</size>
         <input_file_ref idref="fl-29"/>
      </object_component>
      <object_component id="oc-a9">
         <name>.debug_info</name>
         <load_address>0xd594</load_address>
         <run_address>0xd594</run_address>
         <size>0x680</size>
         <input_file_ref idref="fl-2a"/>
      </object_component>
      <object_component id="oc-ad">
         <name>.debug_info</name>
         <load_address>0xdc14</load_address>
         <run_address>0xdc14</run_address>
         <size>0x7d4</size>
         <input_file_ref idref="fl-2b"/>
      </object_component>
      <object_component id="oc-b1">
         <name>.debug_info</name>
         <load_address>0xe3e8</load_address>
         <run_address>0xe3e8</run_address>
         <size>0xbd</size>
         <input_file_ref idref="fl-2c"/>
      </object_component>
      <object_component id="oc-b6">
         <name>.debug_info</name>
         <load_address>0xe4a5</load_address>
         <run_address>0xe4a5</run_address>
         <size>0x144b</size>
         <input_file_ref idref="fl-2d"/>
      </object_component>
      <object_component id="oc-bb">
         <name>.debug_info</name>
         <load_address>0xf8f0</load_address>
         <run_address>0xf8f0</run_address>
         <size>0x5ad</size>
         <input_file_ref idref="fl-2e"/>
      </object_component>
      <object_component id="oc-bf">
         <name>.debug_info</name>
         <load_address>0xfe9d</load_address>
         <run_address>0xfe9d</run_address>
         <size>0x574</size>
         <input_file_ref idref="fl-2f"/>
      </object_component>
      <object_component id="oc-c3">
         <name>.debug_info</name>
         <load_address>0x10411</load_address>
         <run_address>0x10411</run_address>
         <size>0xd1</size>
         <input_file_ref idref="fl-30"/>
      </object_component>
      <object_component id="oc-c7">
         <name>.debug_info</name>
         <load_address>0x104e2</load_address>
         <run_address>0x104e2</run_address>
         <size>0x55b</size>
         <input_file_ref idref="fl-31"/>
      </object_component>
      <object_component id="oc-cb">
         <name>.debug_info</name>
         <load_address>0x10a3d</load_address>
         <run_address>0x10a3d</run_address>
         <size>0x4b7</size>
         <input_file_ref idref="fl-32"/>
      </object_component>
      <object_component id="oc-cf">
         <name>.debug_info</name>
         <load_address>0x10ef4</load_address>
         <run_address>0x10ef4</run_address>
         <size>0x4f2</size>
         <input_file_ref idref="fl-33"/>
      </object_component>
      <object_component id="oc-d3">
         <name>.debug_info</name>
         <load_address>0x113e6</load_address>
         <run_address>0x113e6</run_address>
         <size>0x534</size>
         <input_file_ref idref="fl-34"/>
      </object_component>
      <object_component id="oc-d8">
         <name>.debug_info</name>
         <load_address>0x1191a</load_address>
         <run_address>0x1191a</run_address>
         <size>0xed4</size>
         <input_file_ref idref="fl-35"/>
      </object_component>
      <object_component id="oc-dc">
         <name>.debug_info</name>
         <load_address>0x127ee</load_address>
         <run_address>0x127ee</run_address>
         <size>0x744</size>
         <input_file_ref idref="fl-36"/>
      </object_component>
      <object_component id="oc-e2">
         <name>.debug_info</name>
         <load_address>0x12f32</load_address>
         <run_address>0x12f32</run_address>
         <size>0xef</size>
         <input_file_ref idref="fl-37"/>
      </object_component>
      <object_component id="oc-e6">
         <name>.debug_info</name>
         <load_address>0x13021</load_address>
         <run_address>0x13021</run_address>
         <size>0x662</size>
         <input_file_ref idref="fl-38"/>
      </object_component>
      <object_component id="oc-ea">
         <name>.debug_info</name>
         <load_address>0x13683</load_address>
         <run_address>0x13683</run_address>
         <size>0x4f2</size>
         <input_file_ref idref="fl-39"/>
      </object_component>
      <object_component id="oc-ee">
         <name>.debug_info</name>
         <load_address>0x13b75</load_address>
         <run_address>0x13b75</run_address>
         <size>0x706</size>
         <input_file_ref idref="fl-3a"/>
      </object_component>
      <object_component id="oc-f2">
         <name>.debug_info</name>
         <load_address>0x1427b</load_address>
         <run_address>0x1427b</run_address>
         <size>0x4d2</size>
         <input_file_ref idref="fl-3b"/>
      </object_component>
      <object_component id="oc-f6">
         <name>.debug_info</name>
         <load_address>0x1474d</load_address>
         <run_address>0x1474d</run_address>
         <size>0x5f7</size>
         <input_file_ref idref="fl-3c"/>
      </object_component>
      <object_component id="oc-fa">
         <name>.debug_info</name>
         <load_address>0x14d44</load_address>
         <run_address>0x14d44</run_address>
         <size>0x64a</size>
         <input_file_ref idref="fl-3d"/>
      </object_component>
      <object_component id="oc-ff">
         <name>.debug_info</name>
         <load_address>0x1538e</load_address>
         <run_address>0x1538e</run_address>
         <size>0xa1c</size>
         <input_file_ref idref="fl-3e"/>
      </object_component>
      <object_component id="oc-105">
         <name>.debug_info</name>
         <load_address>0x15daa</load_address>
         <run_address>0x15daa</run_address>
         <size>0xb97</size>
         <input_file_ref idref="fl-3f"/>
      </object_component>
      <object_component id="oc-10b">
         <name>.debug_info</name>
         <load_address>0x16941</load_address>
         <run_address>0x16941</run_address>
         <size>0x64f</size>
         <input_file_ref idref="fl-40"/>
      </object_component>
      <object_component id="oc-10f">
         <name>.debug_info</name>
         <load_address>0x16f90</load_address>
         <run_address>0x16f90</run_address>
         <size>0x510</size>
         <input_file_ref idref="fl-41"/>
      </object_component>
      <object_component id="oc-114">
         <name>.debug_info</name>
         <load_address>0x174a0</load_address>
         <run_address>0x174a0</run_address>
         <size>0xbe6</size>
         <input_file_ref idref="fl-42"/>
      </object_component>
      <object_component id="oc-11a">
         <name>.debug_info</name>
         <load_address>0x18086</load_address>
         <run_address>0x18086</run_address>
         <size>0x840</size>
         <input_file_ref idref="fl-43"/>
      </object_component>
      <object_component id="oc-143">
         <name>.debug_info</name>
         <load_address>0x188c6</load_address>
         <run_address>0x188c6</run_address>
         <size>0x6e</size>
      </object_component>
      <object_component id="oc-13">
         <name>.debug_abbrev</name>
         <load_address>0x0</load_address>
         <run_address>0x0</run_address>
         <size>0x34</size>
         <input_file_ref idref="fl-2"/>
      </object_component>
      <object_component id="oc-1c">
         <name>.debug_abbrev</name>
         <load_address>0x34</load_address>
         <run_address>0x34</run_address>
         <size>0x1af</size>
         <input_file_ref idref="fl-3"/>
      </object_component>
      <object_component id="oc-21">
         <name>.debug_abbrev</name>
         <load_address>0x1e3</load_address>
         <run_address>0x1e3</run_address>
         <size>0xf3</size>
         <input_file_ref idref="fl-a"/>
      </object_component>
      <object_component id="oc-26">
         <name>.debug_abbrev</name>
         <load_address>0x2d6</load_address>
         <run_address>0x2d6</run_address>
         <size>0x12f</size>
         <input_file_ref idref="fl-b"/>
      </object_component>
      <object_component id="oc-2b">
         <name>.debug_abbrev</name>
         <load_address>0x405</load_address>
         <run_address>0x405</run_address>
         <size>0x3a</size>
         <input_file_ref idref="fl-c"/>
      </object_component>
      <object_component id="oc-2f">
         <name>.debug_abbrev</name>
         <load_address>0x43f</load_address>
         <run_address>0x43f</run_address>
         <size>0x2c</size>
         <input_file_ref idref="fl-d"/>
      </object_component>
      <object_component id="oc-34">
         <name>.debug_abbrev</name>
         <load_address>0x46b</load_address>
         <run_address>0x46b</run_address>
         <size>0x2c</size>
         <input_file_ref idref="fl-e"/>
      </object_component>
      <object_component id="oc-39">
         <name>.debug_abbrev</name>
         <load_address>0x497</load_address>
         <run_address>0x497</run_address>
         <size>0x2c</size>
         <input_file_ref idref="fl-f"/>
      </object_component>
      <object_component id="oc-3e">
         <name>.debug_abbrev</name>
         <load_address>0x4c3</load_address>
         <run_address>0x4c3</run_address>
         <size>0x2c</size>
         <input_file_ref idref="fl-10"/>
      </object_component>
      <object_component id="oc-43">
         <name>.debug_abbrev</name>
         <load_address>0x4ef</load_address>
         <run_address>0x4ef</run_address>
         <size>0x2c</size>
         <input_file_ref idref="fl-11"/>
      </object_component>
      <object_component id="oc-48">
         <name>.debug_abbrev</name>
         <load_address>0x51b</load_address>
         <run_address>0x51b</run_address>
         <size>0xd4</size>
         <input_file_ref idref="fl-13"/>
      </object_component>
      <object_component id="oc-4c">
         <name>.debug_abbrev</name>
         <load_address>0x5ef</load_address>
         <run_address>0x5ef</run_address>
         <size>0x3a</size>
         <input_file_ref idref="fl-14"/>
      </object_component>
      <object_component id="oc-50">
         <name>.debug_abbrev</name>
         <load_address>0x629</load_address>
         <run_address>0x629</run_address>
         <size>0xb7</size>
         <input_file_ref idref="fl-15"/>
      </object_component>
      <object_component id="oc-57">
         <name>.debug_abbrev</name>
         <load_address>0x6e0</load_address>
         <run_address>0x6e0</run_address>
         <size>0xf7</size>
         <input_file_ref idref="fl-16"/>
      </object_component>
      <object_component id="oc-5b">
         <name>.debug_abbrev</name>
         <load_address>0x7d7</load_address>
         <run_address>0x7d7</run_address>
         <size>0x8f</size>
         <input_file_ref idref="fl-17"/>
      </object_component>
      <object_component id="oc-5f">
         <name>.debug_abbrev</name>
         <load_address>0x866</load_address>
         <run_address>0x866</run_address>
         <size>0xb7</size>
         <input_file_ref idref="fl-18"/>
      </object_component>
      <object_component id="oc-63">
         <name>.debug_abbrev</name>
         <load_address>0x91d</load_address>
         <run_address>0x91d</run_address>
         <size>0x8f</size>
         <input_file_ref idref="fl-19"/>
      </object_component>
      <object_component id="oc-68">
         <name>.debug_abbrev</name>
         <load_address>0x9ac</load_address>
         <run_address>0x9ac</run_address>
         <size>0xc2</size>
         <input_file_ref idref="fl-1a"/>
      </object_component>
      <object_component id="oc-6c">
         <name>.debug_abbrev</name>
         <load_address>0xa6e</load_address>
         <run_address>0xa6e</run_address>
         <size>0x145</size>
         <input_file_ref idref="fl-1b"/>
      </object_component>
      <object_component id="oc-70">
         <name>.debug_abbrev</name>
         <load_address>0xbb3</load_address>
         <run_address>0xbb3</run_address>
         <size>0x8f</size>
         <input_file_ref idref="fl-1c"/>
      </object_component>
      <object_component id="oc-74">
         <name>.debug_abbrev</name>
         <load_address>0xc42</load_address>
         <run_address>0xc42</run_address>
         <size>0x26</size>
         <input_file_ref idref="fl-1d"/>
      </object_component>
      <object_component id="oc-7a">
         <name>.debug_abbrev</name>
         <load_address>0xc68</load_address>
         <run_address>0xc68</run_address>
         <size>0x9f</size>
         <input_file_ref idref="fl-1e"/>
      </object_component>
      <object_component id="oc-80">
         <name>.debug_abbrev</name>
         <load_address>0xd07</load_address>
         <run_address>0xd07</run_address>
         <size>0x1f8</size>
         <input_file_ref idref="fl-1f"/>
      </object_component>
      <object_component id="oc-84">
         <name>.debug_abbrev</name>
         <load_address>0xeff</load_address>
         <run_address>0xeff</run_address>
         <size>0xec</size>
         <input_file_ref idref="fl-20"/>
      </object_component>
      <object_component id="oc-88">
         <name>.debug_abbrev</name>
         <load_address>0xfeb</load_address>
         <run_address>0xfeb</run_address>
         <size>0xd5</size>
         <input_file_ref idref="fl-21"/>
      </object_component>
      <object_component id="oc-8c">
         <name>.debug_abbrev</name>
         <load_address>0x10c0</load_address>
         <run_address>0x10c0</run_address>
         <size>0x44</size>
         <input_file_ref idref="fl-22"/>
      </object_component>
      <object_component id="oc-8e">
         <name>.debug_abbrev</name>
         <load_address>0x1104</load_address>
         <run_address>0x1104</run_address>
         <size>0x68</size>
         <input_file_ref idref="fl-23"/>
      </object_component>
      <object_component id="oc-92">
         <name>.debug_abbrev</name>
         <load_address>0x116c</load_address>
         <run_address>0x116c</run_address>
         <size>0x83</size>
         <input_file_ref idref="fl-24"/>
      </object_component>
      <object_component id="oc-96">
         <name>.debug_abbrev</name>
         <load_address>0x11ef</load_address>
         <run_address>0x11ef</run_address>
         <size>0x112</size>
         <input_file_ref idref="fl-25"/>
      </object_component>
      <object_component id="oc-9a">
         <name>.debug_abbrev</name>
         <load_address>0x1301</load_address>
         <run_address>0x1301</run_address>
         <size>0xb5</size>
         <input_file_ref idref="fl-26"/>
      </object_component>
      <object_component id="oc-9e">
         <name>.debug_abbrev</name>
         <load_address>0x13b6</load_address>
         <run_address>0x13b6</run_address>
         <size>0x103</size>
         <input_file_ref idref="fl-27"/>
      </object_component>
      <object_component id="oc-a3">
         <name>.debug_abbrev</name>
         <load_address>0x14b9</load_address>
         <run_address>0x14b9</run_address>
         <size>0x140</size>
         <input_file_ref idref="fl-28"/>
      </object_component>
      <object_component id="oc-a7">
         <name>.debug_abbrev</name>
         <load_address>0x15f9</load_address>
         <run_address>0x15f9</run_address>
         <size>0x9a</size>
         <input_file_ref idref="fl-29"/>
      </object_component>
      <object_component id="oc-ab">
         <name>.debug_abbrev</name>
         <load_address>0x1693</load_address>
         <run_address>0x1693</run_address>
         <size>0xd0</size>
         <input_file_ref idref="fl-2a"/>
      </object_component>
      <object_component id="oc-af">
         <name>.debug_abbrev</name>
         <load_address>0x1763</load_address>
         <run_address>0x1763</run_address>
         <size>0xb7</size>
         <input_file_ref idref="fl-2b"/>
      </object_component>
      <object_component id="oc-b3">
         <name>.debug_abbrev</name>
         <load_address>0x181a</load_address>
         <run_address>0x181a</run_address>
         <size>0x38</size>
         <input_file_ref idref="fl-2c"/>
      </object_component>
      <object_component id="oc-b9">
         <name>.debug_abbrev</name>
         <load_address>0x1852</load_address>
         <run_address>0x1852</run_address>
         <size>0x225</size>
         <input_file_ref idref="fl-2d"/>
      </object_component>
      <object_component id="oc-bd">
         <name>.debug_abbrev</name>
         <load_address>0x1a77</load_address>
         <run_address>0x1a77</run_address>
         <size>0xec</size>
         <input_file_ref idref="fl-2e"/>
      </object_component>
      <object_component id="oc-c1">
         <name>.debug_abbrev</name>
         <load_address>0x1b63</load_address>
         <run_address>0x1b63</run_address>
         <size>0xb7</size>
         <input_file_ref idref="fl-2f"/>
      </object_component>
      <object_component id="oc-c5">
         <name>.debug_abbrev</name>
         <load_address>0x1c1a</load_address>
         <run_address>0x1c1a</run_address>
         <size>0x38</size>
         <input_file_ref idref="fl-30"/>
      </object_component>
      <object_component id="oc-c9">
         <name>.debug_abbrev</name>
         <load_address>0x1c52</load_address>
         <run_address>0x1c52</run_address>
         <size>0xdc</size>
         <input_file_ref idref="fl-31"/>
      </object_component>
      <object_component id="oc-cd">
         <name>.debug_abbrev</name>
         <load_address>0x1d2e</load_address>
         <run_address>0x1d2e</run_address>
         <size>0x81</size>
         <input_file_ref idref="fl-32"/>
      </object_component>
      <object_component id="oc-d1">
         <name>.debug_abbrev</name>
         <load_address>0x1daf</load_address>
         <run_address>0x1daf</run_address>
         <size>0xa6</size>
         <input_file_ref idref="fl-33"/>
      </object_component>
      <object_component id="oc-d5">
         <name>.debug_abbrev</name>
         <load_address>0x1e55</load_address>
         <run_address>0x1e55</run_address>
         <size>0xb5</size>
         <input_file_ref idref="fl-34"/>
      </object_component>
      <object_component id="oc-da">
         <name>.debug_abbrev</name>
         <load_address>0x1f0a</load_address>
         <run_address>0x1f0a</run_address>
         <size>0x15a</size>
         <input_file_ref idref="fl-35"/>
      </object_component>
      <object_component id="oc-e0">
         <name>.debug_abbrev</name>
         <load_address>0x2064</load_address>
         <run_address>0x2064</run_address>
         <size>0xde</size>
         <input_file_ref idref="fl-36"/>
      </object_component>
      <object_component id="oc-e4">
         <name>.debug_abbrev</name>
         <load_address>0x2142</load_address>
         <run_address>0x2142</run_address>
         <size>0x38</size>
         <input_file_ref idref="fl-37"/>
      </object_component>
      <object_component id="oc-e8">
         <name>.debug_abbrev</name>
         <load_address>0x217a</load_address>
         <run_address>0x217a</run_address>
         <size>0xd1</size>
         <input_file_ref idref="fl-38"/>
      </object_component>
      <object_component id="oc-ec">
         <name>.debug_abbrev</name>
         <load_address>0x224b</load_address>
         <run_address>0x224b</run_address>
         <size>0xa6</size>
         <input_file_ref idref="fl-39"/>
      </object_component>
      <object_component id="oc-f0">
         <name>.debug_abbrev</name>
         <load_address>0x22f1</load_address>
         <run_address>0x22f1</run_address>
         <size>0x136</size>
         <input_file_ref idref="fl-3a"/>
      </object_component>
      <object_component id="oc-f4">
         <name>.debug_abbrev</name>
         <load_address>0x2427</load_address>
         <run_address>0x2427</run_address>
         <size>0x81</size>
         <input_file_ref idref="fl-3b"/>
      </object_component>
      <object_component id="oc-f8">
         <name>.debug_abbrev</name>
         <load_address>0x24a8</load_address>
         <run_address>0x24a8</run_address>
         <size>0xd1</size>
         <input_file_ref idref="fl-3c"/>
      </object_component>
      <object_component id="oc-fc">
         <name>.debug_abbrev</name>
         <load_address>0x2579</load_address>
         <run_address>0x2579</run_address>
         <size>0x10b</size>
         <input_file_ref idref="fl-3d"/>
      </object_component>
      <object_component id="oc-102">
         <name>.debug_abbrev</name>
         <load_address>0x2684</load_address>
         <run_address>0x2684</run_address>
         <size>0x1a2</size>
         <input_file_ref idref="fl-3e"/>
      </object_component>
      <object_component id="oc-109">
         <name>.debug_abbrev</name>
         <load_address>0x2826</load_address>
         <run_address>0x2826</run_address>
         <size>0x1de</size>
         <input_file_ref idref="fl-3f"/>
      </object_component>
      <object_component id="oc-10d">
         <name>.debug_abbrev</name>
         <load_address>0x2a04</load_address>
         <run_address>0x2a04</run_address>
         <size>0x118</size>
         <input_file_ref idref="fl-40"/>
      </object_component>
      <object_component id="oc-111">
         <name>.debug_abbrev</name>
         <load_address>0x2b1c</load_address>
         <run_address>0x2b1c</run_address>
         <size>0xbf</size>
         <input_file_ref idref="fl-41"/>
      </object_component>
      <object_component id="oc-118">
         <name>.debug_abbrev</name>
         <load_address>0x2bdb</load_address>
         <run_address>0x2bdb</run_address>
         <size>0x108</size>
         <input_file_ref idref="fl-42"/>
      </object_component>
      <object_component id="oc-11d">
         <name>.debug_abbrev</name>
         <load_address>0x2ce3</load_address>
         <run_address>0x2ce3</run_address>
         <size>0x8d</size>
         <input_file_ref idref="fl-43"/>
      </object_component>
      <object_component id="oc-144">
         <name>.debug_abbrev</name>
         <load_address>0x2d70</load_address>
         <run_address>0x2d70</run_address>
         <size>0xd</size>
      </object_component>
      <object_component id="oc-1a">
         <name>.debug_frame</name>
         <load_address>0x0</load_address>
         <run_address>0x0</run_address>
         <size>0x46b</size>
         <input_file_ref idref="fl-3"/>
      </object_component>
      <object_component id="oc-1f">
         <name>.debug_frame</name>
         <load_address>0x46b</load_address>
         <run_address>0x46b</run_address>
         <size>0x116</size>
         <input_file_ref idref="fl-a"/>
      </object_component>
      <object_component id="oc-24">
         <name>.debug_frame</name>
         <load_address>0x581</load_address>
         <run_address>0x581</run_address>
         <size>0x150</size>
         <input_file_ref idref="fl-b"/>
      </object_component>
      <object_component id="oc-116">
         <name>.debug_frame</name>
         <load_address>0x6d1</load_address>
         <run_address>0x6d1</run_address>
         <size>0x14a</size>
         <input_file_ref idref="fl-42"/>
      </object_component>
      <object_component id="oc-11b">
         <name>.debug_frame</name>
         <load_address>0x81b</load_address>
         <run_address>0x81b</run_address>
         <size>0x135</size>
         <input_file_ref idref="fl-43"/>
      </object_component>
      <object_component id="oc-1b">
         <name>.debug_line</name>
         <load_address>0x0</load_address>
         <run_address>0x0</run_address>
         <size>0x382</size>
         <input_file_ref idref="fl-3"/>
      </object_component>
      <object_component id="oc-20">
         <name>.debug_line</name>
         <load_address>0x382</load_address>
         <run_address>0x382</run_address>
         <size>0x84</size>
         <input_file_ref idref="fl-a"/>
      </object_component>
      <object_component id="oc-25">
         <name>.debug_line</name>
         <load_address>0x406</load_address>
         <run_address>0x406</run_address>
         <size>0x16e</size>
         <input_file_ref idref="fl-b"/>
      </object_component>
      <object_component id="oc-2a">
         <name>.debug_line</name>
         <load_address>0x574</load_address>
         <run_address>0x574</run_address>
         <size>0x70</size>
         <input_file_ref idref="fl-c"/>
      </object_component>
      <object_component id="oc-2e">
         <name>.debug_line</name>
         <load_address>0x5e4</load_address>
         <run_address>0x5e4</run_address>
         <size>0x8b</size>
         <input_file_ref idref="fl-d"/>
      </object_component>
      <object_component id="oc-33">
         <name>.debug_line</name>
         <load_address>0x66f</load_address>
         <run_address>0x66f</run_address>
         <size>0x109</size>
         <input_file_ref idref="fl-e"/>
      </object_component>
      <object_component id="oc-38">
         <name>.debug_line</name>
         <load_address>0x778</load_address>
         <run_address>0x778</run_address>
         <size>0xce</size>
         <input_file_ref idref="fl-f"/>
      </object_component>
      <object_component id="oc-3d">
         <name>.debug_line</name>
         <load_address>0x846</load_address>
         <run_address>0x846</run_address>
         <size>0x5e</size>
         <input_file_ref idref="fl-10"/>
      </object_component>
      <object_component id="oc-42">
         <name>.debug_line</name>
         <load_address>0x8a4</load_address>
         <run_address>0x8a4</run_address>
         <size>0x57</size>
         <input_file_ref idref="fl-11"/>
      </object_component>
      <object_component id="oc-47">
         <name>.debug_line</name>
         <load_address>0x8fb</load_address>
         <run_address>0x8fb</run_address>
         <size>0x5c</size>
         <input_file_ref idref="fl-13"/>
      </object_component>
      <object_component id="oc-4b">
         <name>.debug_line</name>
         <load_address>0x957</load_address>
         <run_address>0x957</run_address>
         <size>0x54</size>
         <input_file_ref idref="fl-14"/>
      </object_component>
      <object_component id="oc-4f">
         <name>.debug_line</name>
         <load_address>0x9ab</load_address>
         <run_address>0x9ab</run_address>
         <size>0xad</size>
         <input_file_ref idref="fl-15"/>
      </object_component>
      <object_component id="oc-56">
         <name>.debug_line</name>
         <load_address>0xa58</load_address>
         <run_address>0xa58</run_address>
         <size>0x51</size>
         <input_file_ref idref="fl-16"/>
      </object_component>
      <object_component id="oc-5a">
         <name>.debug_line</name>
         <load_address>0xaa9</load_address>
         <run_address>0xaa9</run_address>
         <size>0x3d</size>
         <input_file_ref idref="fl-17"/>
      </object_component>
      <object_component id="oc-5e">
         <name>.debug_line</name>
         <load_address>0xae6</load_address>
         <run_address>0xae6</run_address>
         <size>0x3d</size>
         <input_file_ref idref="fl-18"/>
      </object_component>
      <object_component id="oc-62">
         <name>.debug_line</name>
         <load_address>0xb23</load_address>
         <run_address>0xb23</run_address>
         <size>0x3d</size>
         <input_file_ref idref="fl-19"/>
      </object_component>
      <object_component id="oc-67">
         <name>.debug_line</name>
         <load_address>0xb60</load_address>
         <run_address>0xb60</run_address>
         <size>0x44</size>
         <input_file_ref idref="fl-1a"/>
      </object_component>
      <object_component id="oc-6b">
         <name>.debug_line</name>
         <load_address>0xba4</load_address>
         <run_address>0xba4</run_address>
         <size>0x69</size>
         <input_file_ref idref="fl-1b"/>
      </object_component>
      <object_component id="oc-6f">
         <name>.debug_line</name>
         <load_address>0xc0d</load_address>
         <run_address>0xc0d</run_address>
         <size>0x37</size>
         <input_file_ref idref="fl-1c"/>
      </object_component>
      <object_component id="oc-73">
         <name>.debug_line</name>
         <load_address>0xc44</load_address>
         <run_address>0xc44</run_address>
         <size>0x37</size>
         <input_file_ref idref="fl-1d"/>
      </object_component>
      <object_component id="oc-79">
         <name>.debug_line</name>
         <load_address>0xc7b</load_address>
         <run_address>0xc7b</run_address>
         <size>0x57</size>
         <input_file_ref idref="fl-1e"/>
      </object_component>
      <object_component id="oc-7f">
         <name>.debug_line</name>
         <load_address>0xcd2</load_address>
         <run_address>0xcd2</run_address>
         <size>0x328</size>
         <input_file_ref idref="fl-1f"/>
      </object_component>
      <object_component id="oc-83">
         <name>.debug_line</name>
         <load_address>0xffa</load_address>
         <run_address>0xffa</run_address>
         <size>0x41</size>
         <input_file_ref idref="fl-20"/>
      </object_component>
      <object_component id="oc-87">
         <name>.debug_line</name>
         <load_address>0x103b</load_address>
         <run_address>0x103b</run_address>
         <size>0x46</size>
         <input_file_ref idref="fl-21"/>
      </object_component>
      <object_component id="oc-8b">
         <name>.debug_line</name>
         <load_address>0x1081</load_address>
         <run_address>0x1081</run_address>
         <size>0x55</size>
         <input_file_ref idref="fl-22"/>
      </object_component>
      <object_component id="oc-95">
         <name>.debug_line</name>
         <load_address>0x10d6</load_address>
         <run_address>0x10d6</run_address>
         <size>0x5b</size>
         <input_file_ref idref="fl-25"/>
      </object_component>
      <object_component id="oc-99">
         <name>.debug_line</name>
         <load_address>0x1131</load_address>
         <run_address>0x1131</run_address>
         <size>0x44</size>
         <input_file_ref idref="fl-26"/>
      </object_component>
      <object_component id="oc-9d">
         <name>.debug_line</name>
         <load_address>0x1175</load_address>
         <run_address>0x1175</run_address>
         <size>0x56</size>
         <input_file_ref idref="fl-27"/>
      </object_component>
      <object_component id="oc-a2">
         <name>.debug_line</name>
         <load_address>0x11cb</load_address>
         <run_address>0x11cb</run_address>
         <size>0xa8</size>
         <input_file_ref idref="fl-28"/>
      </object_component>
      <object_component id="oc-a6">
         <name>.debug_line</name>
         <load_address>0x1273</load_address>
         <run_address>0x1273</run_address>
         <size>0x40</size>
         <input_file_ref idref="fl-29"/>
      </object_component>
      <object_component id="oc-aa">
         <name>.debug_line</name>
         <load_address>0x12b3</load_address>
         <run_address>0x12b3</run_address>
         <size>0x38</size>
         <input_file_ref idref="fl-2a"/>
      </object_component>
      <object_component id="oc-ae">
         <name>.debug_line</name>
         <load_address>0x12eb</load_address>
         <run_address>0x12eb</run_address>
         <size>0xa8</size>
         <input_file_ref idref="fl-2b"/>
      </object_component>
      <object_component id="oc-b2">
         <name>.debug_line</name>
         <load_address>0x1393</load_address>
         <run_address>0x1393</run_address>
         <size>0x3c</size>
[...]
         <value>0x2393c</value>
         <object_component_ref idref="oc-30"/>
      </symbol>
      <symbol id="sm-16c">
         <name>_cifft_NOSCALE</name>
         <value>0x23d14</value>
         <object_component_ref idref="oc-35"/>
      </symbol>
      <symbol id="sm-17d">
         <name>_sine</name>
         <value>0x24c10</value>
         <object_component_ref idref="oc-3a"/>
      </symbol>
      <symbol id="sm-18e">
         <name>_sqrt_16</name>
         <value>0x24f90</value>
         <object_component_ref idref="oc-3f"/>
      </symbol>
      <symbol id="sm-18f">
         <name>SqrtTable</name>
         <value>0xb9c4</value>
         <object_component_ref idref="oc-40"/>
      </symbol>
      <symbol id="sm-193">
         <name>twiddle</name>
         <value>0xb1c4</value>
         <object_component_ref idref="oc-44"/>
      </symbol>
      <symbol id="sm-19d">
         <name>__addd</name>
         <value>0x234bf</value>
         <object_component_ref idref="oc-45"/>
      </symbol>
      <symbol id="sm-1a9">
         <name>__sysstack</name>
         <value>0x20c0</value>
         <object_component_ref idref="oc-11e"/>
      </symbol>
      <symbol id="sm-1aa">
         <name>_c_int00</name>
         <value>0x25297</value>
         <object_component_ref idref="oc-10"/>
      </symbol>
      <symbol id="sm-1ab">
         <name>__stack</name>
         <value>0xc0</value>
         <object_component_ref idref="oc-49"/>
      </symbol>
      <symbol id="sm-1b5">
         <name>__eqld</name>
         <value>0x23c88</value>
         <object_component_ref idref="oc-4d"/>
      </symbol>
      <symbol id="sm-1b6">
         <name>__cmpd</name>
         <value>0x23cbc</value>
         <object_component_ref idref="oc-4d"/>
      </symbol>
      <symbol id="sm-1b7">
         <name>__neqd</name>
         <value>0x23b2a</value>
         <object_component_ref idref="oc-4d"/>
      </symbol>
      <symbol id="sm-1b8">
         <name>__gtrd</name>
         <value>0x23bf3</value>
         <object_component_ref idref="oc-4d"/>
      </symbol>
      <symbol id="sm-1b9">
         <name>__geqd</name>
         <value>0x23c3e</value>
         <object_component_ref idref="oc-4d"/>
      </symbol>
      <symbol id="sm-1ba">
         <name>__leqd</name>
         <value>0x23ba6</value>
         <object_component_ref idref="oc-4d"/>
      </symbol>
      <symbol id="sm-1bb">
         <name>__lssd</name>
         <value>0x23b5e</value>
         <object_component_ref idref="oc-4d"/>
      </symbol>
      <symbol id="sm-1cb">
         <name>C$$EXIT</name>
         <value>0x253bc</value>
         <object_component_ref idref="oc-55"/>
      </symbol>
      <symbol id="sm-1cc">
         <name>_exit</name>
         <value>0x25259</value>
         <object_component_ref idref="oc-51"/>
      </symbol>
      <symbol id="sm-1cd">
         <name>_abort</name>
         <value>0x253bb</value>
         <object_component_ref idref="oc-55"/>
      </symbol>
      <symbol id="sm-1ce">
         <name>__cleanup_ptr</name>
         <value>0x91bc</value>
         <object_component_ref idref="oc-52"/>
      </symbol>
      <symbol id="sm-1cf">
         <name>__dtors_ptr</name>
         <value>0x91c0</value>
         <object_component_ref idref="oc-52"/>
      </symbol>
      <symbol id="sm-1d9">
         <name>__fixdi</name>
         <value>0x252cb</value>
         <object_component_ref idref="oc-58"/>
      </symbol>
      <symbol id="sm-1e3">
         <name>__fixdli</name>
         <value>0x24de2</value>
         <object_component_ref idref="oc-5c"/>
      </symbol>
      <symbol id="sm-1ed">
         <name>__fltid</name>
         <value>0x253a5</value>
         <object_component_ref idref="oc-60"/>
      </symbol>
      <symbol id="sm-1f9">
         <name>__fltlid</name>
         <value>0x24f29</value>
         <object_component_ref idref="oc-64"/>
      </symbol>
      <symbol id="sm-203">
         <name>_printf</name>
         <value>0x2509f</value>
         <object_component_ref idref="oc-69"/>
      </symbol>
      <symbol id="sm-20d">
         <name>__subd</name>
         <value>0x2535c</value>
         <object_component_ref idref="oc-6d"/>
      </symbol>
      <symbol id="sm-217">
         <name>_Reset</name>
         <value>0x4fe00</value>
         <object_component_ref idref="oc-11"/>
      </symbol>
      <symbol id="sm-225">
         <name>__unlock</name>
         <value>0x91b8</value>
         <object_component_ref idref="oc-76"/>
      </symbol>
      <symbol id="sm-226">
         <name>__lock</name>
         <value>0x91b4</value>
         <object_component_ref idref="oc-76"/>
      </symbol>
      <symbol id="sm-227">
         <name>__register_lock</name>
         <value>0x2538b</value>
         <object_component_ref idref="oc-75"/>
      </symbol>
      <symbol id="sm-228">
         <name>__nop</name>
         <value>0x25393</value>
         <object_component_ref idref="oc-75"/>
      </symbol>
      <symbol id="sm-229">
         <name>__register_unlock</name>
         <value>0x25383</value>
         <object_component_ref idref="oc-75"/>
      </symbol>
      <symbol id="sm-23b">
         <name>__printfi</name>
         <value>0x21362</value>
         <object_component_ref idref="oc-7b"/>
      </symbol>
      <symbol id="sm-245">
         <name>__args_main</name>
         <value>0x2513c</value>
         <object_component_ref idref="oc-81"/>
      </symbol>
      <symbol id="sm-246">
         <name>__TI_args_main</name>
         <value>0x1</value>
      </symbol>
      <symbol id="sm-250">
         <name>_atoi</name>
         <value>0x24fef</value>
         <object_component_ref idref="oc-85"/>
      </symbol>
      <symbol id="sm-258">
         <name>_auto_init</name>
         <value>0x250ef</value>
         <object_component_ref idref="oc-89"/>
      </symbol>
      <symbol id="sm-260">
         <name>__ctypes_</name>
         <value>0xb9fc</value>
         <object_component_ref idref="oc-11f"/>
      </symbol>
      <symbol id="sm-26a">
         <name>__tmpnams</name>
         <value>0x8dd0</value>
         <object_component_ref idref="oc-8f"/>
      </symbol>
      <symbol id="sm-26b">
         <name>__ft_end</name>
         <value>0x8f10</value>
         <object_component_ref idref="oc-8f"/>
      </symbol>
      <symbol id="sm-26c">
         <name>__ftable</name>
         <value>0x8ce0</value>
         <object_component_ref idref="oc-8f"/>
      </symbol>
      <symbol id="sm-278">
         <name>__divd</name>
         <value>0x22c16</value>
         <object_component_ref idref="oc-93"/>
      </symbol>
      <symbol id="sm-283">
         <name>__divul</name>
         <value>0x24a77</value>
         <object_component_ref idref="oc-97"/>
      </symbol>
      <symbol id="sm-28d">
         <name>_putchar</name>
         <value>0x24a68</value>
         <object_component_ref idref="oc-9b"/>
      </symbol>
      <symbol id="sm-28e">
         <name>_putc</name>
         <value>0x249d1</value>
         <object_component_ref idref="oc-9b"/>
      </symbol>
      <symbol id="sm-28f">
         <name>_fputc</name>
         <value>0x249d1</value>
         <object_component_ref idref="oc-9b"/>
      </symbol>
      <symbol id="sm-29d">
         <name>_puts</name>
         <value>0x23fac</value>
         <object_component_ref idref="oc-9f"/>
      </symbol>
      <symbol id="sm-29e">
         <name>_fputs</name>
         <value>0x23e77</value>
         <object_component_ref idref="oc-9f"/>
      </symbol>
      <symbol id="sm-2a8">
         <name>__frcmpyd_div</name>
         <value>0x24cfd</value>
         <object_component_ref idref="oc-a4"/>
      </symbol>
      <symbol id="sm-2b2">
         <name>___isinf</name>
         <value>0x25342</value>
         <object_component_ref idref="oc-a8"/>
      </symbol>
      <symbol id="sm-2bc">
         <name>__divull</name>
         <value>0x23396</value>
         <object_component_ref idref="oc-ac"/>
      </symbol>
      <symbol id="sm-2bd">
         <name>__mpylli</name>
         <value>0x232de</value>
         <object_component_ref idref="oc-ac"/>
      </symbol>
      <symbol id="sm-2be">
         <name>__remlli</name>
         <value>0x232af</value>
         <object_component_ref idref="oc-ac"/>
      </symbol>
      <symbol id="sm-2bf">
         <name>__divlli</name>
         <value>0x2348a</value>
         <object_component_ref idref="oc-ac"/>
      </symbol>
      <symbol id="sm-2c0">
         <name>__remull</name>
         <value>0x23261</value>
         <object_component_ref idref="oc-ac"/>
      </symbol>
      <symbol id="sm-2c8">
         <name>__mpyli</name>
         <value>0x25370</value>
         <object_component_ref idref="oc-b0"/>
      </symbol>
      <symbol id="sm-2c9">
         <name>I$$LMPY</name>
         <value>0x25370</value>
         <object_component_ref idref="oc-b0"/>
      </symbol>
      <symbol id="sm-2db">
         <name>_add_device</name>
         <value>0x22149</value>
         <object_component_ref idref="oc-b4"/>
      </symbol>
      <symbol id="sm-2dc">
         <name>_rename</name>
         <value>0x21e6b</value>
         <object_component_ref idref="oc-b4"/>
      </symbol>
      <symbol id="sm-2dd">
         <name>_read</name>
         <value>0x21efa</value>
         <object_component_ref idref="oc-b4"/>
      </symbol>
      <symbol id="sm-2de">
         <name>_unlink</name>
         <value>0x21e38</value>
         <object_component_ref idref="oc-b4"/>
      </symbol>
      <symbol id="sm-2df">
         <name>_remove_device</name>
         <value>0x21ec4</value>
         <object_component_ref idref="oc-b4"/>
      </symbol>
      <symbol id="sm-2e0">
         <name>_open</name>
         <value>0x21fa8</value>
         <object_component_ref idref="oc-b4"/>
      </symbol>
      <symbol id="sm-2e1">
         <name>_find_registered_device</name>
         <value>0x220cd</value>
         <object_component_ref idref="oc-b4"/>
      </symbol>
      <symbol id="sm-2e2">
         <name>_lseek</name>
         <value>0x22067</value>
         <object_component_ref idref="oc-b4"/>
      </symbol>
      <symbol id="sm-2e3">
         <name>_close</name>
         <value>0x220d6</value>
         <object_component_ref idref="oc-b4"/>
      </symbol>
      <symbol id="sm-2e4">
         <name>_write</name>
         <value>0x21cf6</value>
         <object_component_ref idref="oc-b4"/>
      </symbol>
      <symbol id="sm-2ee">
         <name>_ltoa</name>
         <value>0x24b18</value>
         <object_component_ref idref="oc-ba"/>
      </symbol>
      <symbol id="sm-2f9">
         <name>_memccpy</name>
         <value>0x2531f</value>
         <object_component_ref idref="oc-be"/>
      </symbol>
      <symbol id="sm-301">
         <name>_memcpy</name>
         <value>0x2521a</value>
         <object_component_ref idref="oc-c2"/>
      </symbol>
      <symbol id="sm-30b">
         <name>__mpyd</name>
         <value>0x24281</value>
         <object_component_ref idref="oc-c6"/>
      </symbol>
      <symbol id="sm-315">
         <name>__negd</name>
         <value>0x25395</value>
         <object_component_ref idref="oc-ca"/>
      </symbol>
      <symbol id="sm-31f">
         <name>__remli</name>
         <value>0x25187</value>
         <object_component_ref idref="oc-ce"/>
      </symbol>
      <symbol id="sm-32a">
         <name>__remul</name>
         <value>0x24d70</value>
         <object_component_ref idref="oc-d2"/>
      </symbol>
      <symbol id="sm-336">
         <name>_HOSTopen</name>
         <value>0x22544</value>
         <object_component_ref idref="oc-d6"/>
      </symbol>
      <symbol id="sm-337">
         <name>_HOSTread</name>
         <value>0x224b7</value>
         <object_component_ref idref="oc-d6"/>
      </symbol>
      <symbol id="sm-338">
         <name>_HOSTtime</name>
         <value>0x223ab</value>
         <object_component_ref idref="oc-d6"/>
      </symbol>
      <symbol id="sm-339">
         <name>_getenv</name>
         <value>0x22239</value>
         <object_component_ref idref="oc-d6"/>
      </symbol>
      <symbol id="sm-33a">
         <name>_HOSTrename</name>
         <value>0x22409</value>
         <object_component_ref idref="oc-d6"/>
      </symbol>
      <symbol id="sm-33b">
         <name>_HOSTclock</name>
         <value>0x22703</value>
         <object_component_ref idref="oc-d6"/>
      </symbol>
      <symbol id="sm-33c">
         <name>_HOSTwrite</name>
         <value>0x222b4</value>
         <object_component_ref idref="oc-d6"/>
      </symbol>
      <symbol id="sm-33d">
         <name>_HOSTlseek</name>
         <value>0x225e3</value>
         <object_component_ref idref="oc-d6"/>
      </symbol>
      <symbol id="sm-33e">
         <name>_HOSTunlink</name>
         <value>0x22341</value>
         <object_component_ref idref="oc-d6"/>
      </symbol>
      <symbol id="sm-33f">
         <name>_HOSTclose</name>
         <value>0x22698</value>
         <object_component_ref idref="oc-d6"/>
      </symbol>
      <symbol id="sm-351">
         <name>C$$IO$$</name>
         <value>0x24923</value>
         <object_component_ref idref="oc-de"/>
      </symbol>
      <symbol id="sm-352">
         <name>__CIOBUF_</name>
         <value>0x40000</value>
         <object_component_ref idref="oc-dd"/>
      </symbol>
      <symbol id="sm-353">
         <name>_readmsg</name>
         <value>0x24e51</value>
         <object_component_ref idref="oc-db"/>
      </symbol>
      <symbol id="sm-354">
         <name>_writemsg</name>
         <value>0x2486e</value>
         <object_component_ref idref="oc-de"/>
      </symbol>
      <symbol id="sm-35c">
         <name>__remu</name>
         <value>0x2530a</value>
         <object_component_ref idref="oc-e1"/>
      </symbol>
      <symbol id="sm-35d">
         <name>__divu</name>
         <value>0x252f5</value>
         <object_component_ref idref="oc-e1"/>
      </symbol>
      <symbol id="sm-35e">
         <name>I$$UMOD</name>
         <value>0x2530a</value>
         <object_component_ref idref="oc-e1"/>
      </symbol>
      <symbol id="sm-35f">
         <name>I$$UDIV</name>
         <value>0x252f5</value>
         <object_component_ref idref="oc-e1"/>
      </symbol>
      <symbol id="sm-369">
         <name>__rd_ok</name>
         <value>0x2474f</value>
         <object_component_ref idref="oc-e5"/>
      </symbol>
      <symbol id="sm-36a">
         <name>__wrt_ok</name>
         <value>0x246cf</value>
         <object_component_ref idref="oc-e5"/>
      </symbol>
      <symbol id="sm-374">
         <name>__divli</name>
         <value>0x251d2</value>
         <object_component_ref idref="oc-e9"/>
      </symbol>
      <symbol id="sm-37e">
         <name>__doflush</name>
         <value>0x247ac</value>
         <object_component_ref idref="oc-ed"/>
      </symbol>
      <symbol id="sm-37f">
         <name>_fflush</name>
         <value>0x24815</value>
         <object_component_ref idref="oc-ed"/>
      </symbol>
      <symbol id="sm-389">
         <name>__frcmpyd</name>
         <value>0x24c87</value>
         <object_component_ref idref="oc-f1"/>
      </symbol>
      <symbol id="sm-393">
         <name>_fseek</name>
         <value>0x24ebe</value>
         <object_component_ref idref="oc-f5"/>
      </symbol>
      <symbol id="sm-39d">
         <name>_setvbuf</name>
         <value>0x2450b</value>
         <object_component_ref idref="oc-f9"/>
      </symbol>
      <symbol id="sm-3ac">
         <name>__cleanup</name>
         <value>0x23103</value>
         <object_component_ref idref="oc-fd"/>
      </symbol>
      <symbol id="sm-3ad">
         <name>_fopen</name>
         <value>0x23226</value>
         <object_component_ref idref="oc-fd"/>
      </symbol>
      <symbol id="sm-3ae">
         <name>_freopen</name>
         <value>0x2315d</value>
         <object_component_ref idref="oc-fd"/>
      </symbol>
      <symbol id="sm-3be">
         <name>__sys_memory</name>
         <value>0x91c4</value>
         <object_component_ref idref="oc-107"/>
      </symbol>
      <symbol id="sm-3bf">
         <name>_chkheap</name>
         <value>0x22be8</value>
         <object_component_ref idref="oc-103"/>
      </symbol>
      <symbol id="sm-3c0">
         <name>_realloc</name>
         <value>0x22987</value>
         <object_component_ref idref="oc-103"/>
      </symbol>
      <symbol id="sm-3c1">
         <name>_free_memory</name>
         <value>0x22b92</value>
         <object_component_ref idref="oc-103"/>
      </symbol>
      <symbol id="sm-3c2">
         <name>_max_free</name>
         <value>0x22b38</value>
         <object_component_ref idref="oc-103"/>
      </symbol>
      <symbol id="sm-3c3">
         <name>_free</name>
         <value>0x22761</value>
         <object_component_ref idref="oc-103"/>
      </symbol>
      <symbol id="sm-3c4">
         <name>_calloc</name>
         <value>0x22bf0</value>
         <object_component_ref idref="oc-103"/>
      </symbol>
      <symbol id="sm-3c5">
         <name>_malloc</name>
         <value>0x22892</value>
         <object_component_ref idref="oc-103"/>
      </symbol>
      <symbol id="sm-3c6">
         <name>_minit</name>
         <value>0x2282d</value>
         <object_component_ref idref="oc-103"/>
      </symbol>
      <symbol id="sm-3d0">
         <name>_fclose</name>
         <value>0x24b95</value>
         <object_component_ref idref="oc-10a"/>
      </symbol>
      <symbol id="sm-3da">
         <name>_remove</name>
         <value>0x253b1</value>
         <object_component_ref idref="oc-10e"/>
      </symbol>
      <symbol id="sm-402">
         <name>_USBSTK5515_I2C_reset</name>
         <value>0x243f5</value>
         <object_component_ref idref="oc-112"/>
      </symbol>
      <symbol id="sm-403">
         <name>_USBSTK5515_I2C_read</name>
         <value>0x24492</value>
         <object_component_ref idref="oc-112"/>
      </symbol>
      <symbol id="sm-404">
         <name>_USBSTK5515_I2C_write</name>
         <value>0x24403</value>
         <object_component_ref idref="oc-112"/>
      </symbol>
      <symbol id="sm-405">
         <name>_USBSTK5515_I2C_close</name>
         <value>0x243ec</value>
         <object_component_ref idref="oc-112"/>
      </symbol>
      <symbol id="sm-406">
         <name>_i2c_timeout</name>
         <value>0x90b2</value>
         <object_component_ref idref="oc-113"/>
      </symbol>
      <symbol id="sm-407">
         <name>_USBSTK5515_I2C_init</name>
         <value>0x243cd</value>
         <object_component_ref idref="oc-112"/>
      </symbol>
      <symbol id="sm-41b">
         <name>_USBSTK5515_GPIO_setDirection</name>
         <value>0x23fde</value>
         <object_component_ref idref="oc-119"/>
      </symbol>
      <symbol id="sm-41c">
         <name>_USBSTK5515_GPIO_getInput</name>
         <value>0x240d8</value>
         <object_component_ref idref="oc-119"/>
      </symbol>
      <symbol id="sm-41d">
         <name>_USBSTK5515_GPIO_init</name>
         <value>0x23fda</value>
         <object_component_ref idref="oc-119"/>
      </symbol>
      <symbol id="sm-41e">
         <name>_USBSTK5515_GPIO_setOutput</name>
         <value>0x2405b</value>
         <object_component_ref idref="oc-119"/>
      </symbol>
   </symbol_table>
</link_info>
