******************************************************************************
              TMS320C55x Linker PC v4.4.1                      
******************************************************************************
>> Linked Wed Nov 30 15:23:19 2016

OUTPUT FILE NAME:   <VE1939_fifoMagic.out>
ENTRY POINT SYMBOL: "_c_int00"  address: 0002535f


MEMORY CONFIGURATION

         name            origin    length      used     unused   attr    fill
                        (bytes)   (bytes)    (bytes)   (bytes)
----------------------  --------  ---------  --------  --------  ----  --------
PAGE 0:
  MMR                   00000000   000000c0  00000000  000000c0  RWIX
  DARAM0                000000c0   0000ff40  0000c1bc  00003d84  RWIX
  SARAM0                00010000   00010000  00000000  00010000  RWIX
  SARAM1                00020000   00020000  00005481  0001ab7f  RWIX
  SARAM2                00040000   0000fe00  00000736  0000f6ca  RWIX
  VECS                  0004fe00   00000200  00000100  00000100  RWIX
  PDROM                 00ff8000   00008000  00000000  00008000  R IX

PAGE 2:
  IOPORT                00000000   00020000  00000000  00020000  RWI 


SECTION ALLOCATION MAP
(Addresses surrounded by []'s are displayed for convenience only!)

output                                                          attributes/
section   page  orgn(bytes) orgn(words) len(bytes) len(words)   input sections
--------  ----  ----------- ----------- ---------- ----------   --------------
.pinit       0   [ 00040000 ]  00020000          *   00000000   UNINITIALIZED

.stack       0   [ 000000c0 ]  00000060          *   00001000   UNINITIALIZED
                 [ 000000c0 ]  00000060          *   00001000   --HOLE--

.sysstack 
*            0   [ 000020c0 ]  00001060          *   00000800   UNINITIALIZED
                 [ 000020c0 ]  00001060          *   00000800   --HOLE--

.bss.1       0   [ 000030c0 ]  00001860          *   00003369   UNINITIALIZED
                 [ 000030c0 ]  00001860          *   0000310d   hailMary.obj (.bss)
                 [ 000092da ]  0000496d          *   00000001   rts55x.lib : fopen.obj (.bss)
                 [ 000092dc ]  0000496e          *   00000119              : defs.obj (.bss)
                 [ 0000950e ]  00004a87          *   000000d0              : trgdrv.obj (.bss)
                 [ 000096ae ]  00004b57          *   00000001   usbstk5515bsl.lib : usbstk5515_i2c.obj (.bss)
                 [ 000096b0 ]  00004b58          *   00000071   rts55x.lib : lowlev.obj (.bss)

.bss.2       0   [ 00009794 ]  00004bca          *   00000016   UNINITIALIZED
                 [ 00009794 ]  00004bca          *   00000006   rts55x.lib : memory.obj (.bss)
                 [ 000097a0 ]  00004bd0          *   00000004   55xdspx_LARGE.lib : cfft_scale.obj (.bss)
                 [ 000097a8 ]  00004bd4          *   00000004                     : cifft_noscale.obj (.bss)
                 [ 000097b0 ]  00004bd8          *   00000004   rts55x.lib : _lock.obj (.bss)
                 [ 000097b8 ]  00004bdc          *   00000004              : exit.obj (.bss)

.sysmem      0   [ 000097c0 ]  00004be0          *   00001000   UNINITIALIZED
                 [ 000097c0 ]  00004be0          *   00001000   --HOLE--

.data        0   [ 0000b7c0 ]  00005be0          *   0000041b   
                 [ 0000b7c0 ]  00005be0          *   00000400   55xdspx_LARGE.lib : twiddle.obj (.data:twiddle)
                 [ 0000bfc0 ]  00005fe0          *   00000010                     : sqrtv.obj (.data)
                 [ 0000bfe0 ]  00005ff0          *   00000006                     : sine.obj (.data)
                 [ 0000bfec ]  00005ff6          *   00000005                     : arct2.obj (.data)

.const.1     0   [ 0000bff8 ]  00005ffc          *   00000101   
                 [ 0000bff8 ]  00005ffc          *   00000101   rts55x.lib : ctype.obj (.const:__ctypes_)

.const.2     0   [ 0000c1fc ]  000060fe          *   0000003f   
                 [ 0000c1fc ]  000060fe          *   00000024   rts55x.lib : _printfi.obj (.const:.string)
                 [ 0000c244 ]  00006122          *   0000000c              : _printfi.obj (.const)
                 [ 0000c25c ]  0000612e          *   00000008              : divd.obj (.const:_initial_approx$1)
                 [ 0000c26c ]  00006136          *   00000007   hailMary.obj (.const:.string)

.const.3     0   [ 0000c27c ]  0000613e          *   00000004   
                 [ 0000c27c ]  0000613e          *   00000002   rts55x.lib : fputs.obj (.const:.string)
                 [ 0000c280 ]  00006140          *   00000002              : fltlid.obj (.const)

.text        0     00020000  [ 00010000 ] 00005481          *   
                   00020000  [ 00010000 ] 000015a4          *   rts55x.lib : _printfi.obj (.text)
                   000215a4  [ 00010ad2 ] 0000081a          *   hailMary.obj (.text)
                   00021dbe  [ 00010edf ] 00000543          *   rts55x.lib : lowlev.obj (.text)
                   00022301  [ 00011180+] 00000528          *              : trgdrv.obj (.text)
                   00022829  [ 00011414+] 000004b5          *              : memory.obj (.text)
                   00022cde  [ 0001166f ] 000003cc          *              : divd.obj (.text)
                   000230aa  [ 00011855 ] 0000027f          *              : fopen.obj (.text)
                   00023329  [ 00011994+] 0000025e          *              : llmpy.obj (.text)
                   00023587  [ 00011ac3+] 0000025a          *              : addd.obj (.text)
                   000237e1  [ 00011bf0+] 00000223          *   452_Labs_Essentials.lib : AIC_func.obj (.text)
                   00023a04  [ 00011d02 ] 000001ee          *   55xdspx_LARGE.lib : cfft_scale.obj (.text)
                   00023bf2  [ 00011df9 ] 000001ea          *   rts55x.lib : cmpd.obj (.text)
                   00023ddc  [ 00011eee ] 00000163          *   55xdspx_LARGE.lib : cifft_noscale.obj (.text)
                   00023f3f  [ 00011f9f+] 00000163          *   rts55x.lib : fputs.obj (.text)
                   000240a2  [ 00012051 ] 00000156          *   usbstk5515bsl.lib : usbstk5515_gpio.obj (.text)
                   000241f8  [ 000120fc ] 00000151          *   hailMary.obj (.text:retain)
                   00024349  [ 000121a4+] 0000014c          *   rts55x.lib : mpyd.obj (.text)
                   00024495  [ 0001224a+] 0000013e          *   usbstk5515bsl.lib : usbstk5515_i2c.obj (.text)
                   000245d3  [ 000122e9+] 000000e6          *   rts55x.lib : setvbuf.obj (.text)
                   000246b9  [ 0001235c+] 000000de          *   55xdspx_LARGE.lib : cbrev.obj (.text:cbrev)
                   00024797  [ 000123cb+] 000000dd          *   rts55x.lib : _io_perm.obj (.text)
                   00024874  [ 0001243a ] 000000c2          *              : fflush.obj (.text)
                   00024936  [ 0001249b ] 000000ba          *              : trgmsg.obj (.text:CIO_breakpoint)
                   000249f0  [ 000124f8 ] 000000a9          *   55xdspx_LARGE.lib : arct2.obj (.text)
                   00024a99  [ 0001254c+] 000000a6          *   rts55x.lib : fputc.obj (.text)
                   00024b3f  [ 0001259f+] 000000a1          *              : divul.obj (.text)
                   00024be0  [ 000125f0 ] 0000007d          *              : ltoa.obj (.text)
                   00024c5d  [ 0001262e+] 0000007b          *              : fclose.obj (.text)
                   00024cd8  [ 0001266c ] 00000077          *   55xdspx_LARGE.lib : sine.obj (.text)
                   00024d4f  [ 000126a7+] 00000076          *   rts55x.lib : frcmpyd.obj (.text)
                   00024dc5  [ 000126e2+] 00000073          *              : frcmpyd_div.obj (.text)
                   00024e38  [ 0001271c ] 00000072          *              : remul.obj (.text)
                   00024eaa  [ 00012755 ] 0000006f          *              : fixdli.obj (.text)
                   00024f19  [ 0001278c+] 0000006d          *              : trgmsg.obj (.text)
                   00024f86  [ 000127c3 ] 0000006b          *              : fseek.obj (.text)
                   00024ff1  [ 000127f8+] 00000067          *              : fltlid.obj (.text)
                   00025058  [ 0001282c ] 0000005f          *   55xdspx_LARGE.lib : sqrtv.obj (.text)
                   000250b7  [ 0001285b+] 0000005c          *   rts55x.lib : atoi.obj (.text)
                   00025113  [ 00012889+] 00000054          *   usbstk5515bsl.lib : usbstk5515.obj (.text)
                   00025167  [ 000128b3+] 00000050          *   rts55x.lib : printf.obj (.text)
                   000251b7  [ 000128db+] 0000004d          *              : autoinit.obj (.text)
                   00025204  [ 00012902 ] 0000004b          *              : args_main.obj (.text)
                   0002524f  [ 00012927+] 0000004b          *              : remli.obj (.text)
                   0002529a  [ 0001294d ] 00000048          *              : divli.obj (.text)
                   000252e2  [ 00012971 ] 0000003f          *              : memcpy.obj (.text)
                   00025321  [ 00012990+] 0000003e          *              : exit.obj (.text)
                   0002535f  [ 000129af+] 00000034          *              : boot.obj (.text)
                   00025393  [ 000129c9+] 0000002a          *              : fixdi.obj (.text)
                   000253bd  [ 000129de+] 0000002a          *              : udiv.obj (.text)
                   000253e7  [ 000129f3+] 00000023          *              : memccpy.obj (.text)
                   0002540a  [ 00012a05 ] 0000001a          *              : isinf.obj (.text)
                   00025424  [ 00012a12 ] 00000014          *              : subd.obj (.text)
                   00025438  [ 00012a1c ] 00000013          *              : lmpy.obj (.text)
                   0002544b  [ 00012a25+] 00000012          *              : _lock.obj (.text)
                   0002545d  [ 00012a2e+] 00000010          *              : negd.obj (.text)
                   0002546d  [ 00012a36+] 0000000a          *              : remove.obj (.text)
                   00025477  [ 00012a3b+] 00000007          *              : exit.obj (.text:CIO_breakpoint)
                   0002547e  [ 00012a3f ] 00000002          *              : vectors.obj (.text)
                   00025480  [ 00012a40 ] 00000001          *   --HOLE-- [fill = 20]

.cinit       0   [ 00040000 ]  00020000          *   0000027b   
                 [ 00040000 ]  00020000          *   00000203   hailMary.obj (.cinit)
                 [ 00040406 ]  00020203          *   0000002d   rts55x.lib : lowlev.obj (.cinit)
                 [ 00040460 ]  00020230          *   0000002a              : defs.obj (.cinit)
                 [ 000404b4 ]  0002025a          *   0000000a              : _lock.obj (.cinit)
                 [ 000404c8 ]  00020264          *   0000000a              : exit.obj (.cinit)
                 [ 000404dc ]  0002026e          *   00000004              : fopen.obj (.cinit)
                 [ 000404e4 ]  00020272          *   00000004              : memory.obj (.cinit)
                 [ 000404ec ]  00020276          *   00000004   usbstk5515bsl.lib : usbstk5515_i2c.obj (.cinit)
                 [ 000404f4 ]  0002027a          *   00000001   --HOLE-- [fill = 0]

.cio         0   [ 000404f8 ]  0002027c          *   00000120   UNINITIALIZED
                 [ 000404f8 ]  0002027c          *   00000120   rts55x.lib : trgmsg.obj (.cio)

vectors      0     0004fe00  [ 00027f00 ] 00000100          *   
                   0004fe00  [ 00027f00 ] 00000100          *   rts55x.lib : vectors.obj (vectors)


GLOBAL SYMBOLS: SORTED ALPHABETICALLY BY Name 

abs. value/
byte addr   word addr   name
---------   ---------   ----
00000002                $TI_capability$C5500$CallingConvention
00000002                $TI_capability$C5500$MemoryModel
00000001                $TI_capability_requires_rev3
ffffffff                .bss
ffffffff                .data
ffffffff                .text
00025478                C$$EXIT
000249eb                C$$IO$$
00025438                I$$LMPY
000253bd                I$$UDIV
000253d2                I$$UMOD
            00005fe0    SqrtTable
000237e1                _AIC3204_rset
00023803                _AIC_init
000239fd                _AIC_off
000239a5                _AIC_read2
000239d8                _AIC_write2
00021754                _DAC_Fifo_Get
000216fc                _DAC_Fifo_Init
0002170c                _DAC_Fifo_Put
00021798                _DAC_Fifo_Size
            0000226c    _DAC_GetI
            0000226a    _DAC_PutI
000227cb                _HOSTclock
00022760                _HOSTclose
000226ab                _HOSTlseek
0002260c                _HOSTopen
0002257f                _HOSTread
000224d1                _HOSTrename
00022473                _HOSTtime
00022409                _HOSTunlink
0002237c                _HOSTwrite
000241f8                _I2S_ISR
000217a8                _I2S_interrupt_setup
0004fe00                _Reset
000216a8                _Speech_Fifo_Get
00021650                _Speech_Fifo_Init
00021660                _Speech_Fifo_Put
000216ec                _Speech_Fifo_Size
            00001e68    _Speech_GetI
            00001e66    _Speech_PutI
000215fc                _Synth_Fifo_Get
000215a4                _Synth_Fifo_Init
000215b4                _Synth_Fifo_Put
00021640                _Synth_Fifo_Size
            00001a64    _Synth_GetI
            00001a62    _Synth_PutI
000241a0                _USBSTK5515_GPIO_getInput
000240a2                _USBSTK5515_GPIO_init
000240a6                _USBSTK5515_GPIO_setDirection
00024123                _USBSTK5515_GPIO_setOutput
000244b4                _USBSTK5515_I2C_close
00024495                _USBSTK5515_I2C_init
0002455a                _USBSTK5515_I2C_read
000244bd                _USBSTK5515_I2C_reset
000244cb                _USBSTK5515_I2C_write
00025159                _USBSTK5515_init
00025113                _USBSTK5515_wait
00025147                _USBSTK5515_waitusec
            0002027c    __CIOBUF_
            00001060    __STACK_END
00002000                __STACK_SIZE
00002000                __SYSMEM_SIZE
00001000                __SYSSTACK_SIZE
00000001                __TI_args_main
ffffffff                ___binit__
ffffffff                ___bss__
ffffffff                ___c_args__
            00020000    ___cinit__
ffffffff                ___data__
ffffffff                ___edata__
ffffffff                ___end__
ffffffff                ___etext__
0002540a                ___isinf
ffffffff                ___pinit__
ffffffff                ___text__
00023587                __addd
00025204                __args_main
000231cb                __cleanup
            00004bdc    __cleanup_ptr
00023d84                __cmpd
            00005ffc    __ctypes_
00022cde                __divd
0002529a                __divli
00023552                __divlli
000253bd                __divu
00024b3f                __divul
0002345e                __divull
00024874                __doflush
            00004bde    __dtors_ptr
00023d50                __eqld
00025393                __fixdi
00024eaa                __fixdli
00024ff1                __fltlid
00024d4f                __frcmpyd
00024dc5                __frcmpyd_div
            00004a86    __ft_end
            0000496e    __ftable
00023d06                __geqd
00023cbb                __gtrd
00023c6e                __leqd
            00004bd8    __lock
00023c26                __lssd
00024349                __mpyd
00025438                __mpyli
000233a6                __mpylli
0002545d                __negd
00023bf2                __neqd
0002545b                __nop
00021362                __printfi
00024817                __rd_ok
00025453                __register_lock
0002544b                __register_unlock
0002524f                __remli
00023377                __remlli
000253d2                __remu
00024e38                __remul
00023329                __remull
            00000060    __stack
00025424                __subd
            00004be0    __sys_memory
            00001060    __sysstack
            000049e6    __tmpnams
            00004bda    __unlock
00024797                __wrt_ok
00025477                _abort
00022211                _add_device
0002193b                _addition
00021995                _applyGain
000249f0                _atan2_16
000250b7                _atoi
000251b7                _auto_init
0002535f                _c_int00
00022cb8                _calloc
000246b9                _cbrev
00023a04                _cfft_SCALE
00022cb0                _chkheap
00023ddc                _cifft_NOSCALE
0002219e                _close
0002184e                _combineRealImag
00025321                _exit
            0000326e    _extra
00024c5d                _fclose
000248dd                _fflush
00022195                _find_registered_device
            00001a61    _flag
000232ee                _fopen
00024a99                _fputc
00023f3f                _fputs
00022829                _free
00022c5a                _free_memory
00023225                _freopen
00024f86                _fseek
00022301                _getenv
            00004b57    _i2c_timeout
            0000266e    _inputSpeech
            00002a6e    _inputSynth
            00001a60    _keepSample
0002212f                _lseek
00024be0                _ltoa
000219cc                _main
0002295a                _malloc
00022c00                _max_free
000253e7                _memccpy
000252e2                _memcpy
000228f5                _minit
000218a3                _multiply
000218eb                _multiplyReal
00022070                _open
            00002e6e    _output
            0000436d    _phase
            0000476d    _phaseCosine
            0000456d    _phaseSine
00025167                _printf
00024a99                _putc
00024b30                _putchar
00024074                _puts
00021fc2                _read
00024f19                _readmsg
00022a4f                _realloc
0002546d                _remove
00021f8c                _remove_device
00021f33                _rename
000245d3                _setvbuf
00024cd8                _sine
            0000376d    _speechAdd
            0000356d    _speechImag
            0000396d    _speechMagnitude
            0000336d    _speechReal
000217f9                _splitRealImag
00025058                _sqrt_16
0002197f                _square
            00003f6d    _synthAdd
            00003d6d    _synthImag
            0000416d    _synthMagnitude
            00003b6d    _synthReal
            00001860    _triWindow
00021f00                _unlink
00021dbe                _write
00024936                _writemsg
ffffffff                binit
            00020000    cinit
ffffffff                edata
ffffffff                end
ffffffff                etext
ffffffff                pinit
            00005be0    twiddle


GLOBAL SYMBOLS: SORTED BY Symbol Address 

abs. value/
byte addr   word addr   name
---------   ---------   ----
00000001                $TI_capability_requires_rev3
00000001                __TI_args_main
00000002                $TI_capability$C5500$CallingConvention
00000002                $TI_capability$C5500$MemoryModel
            00000060    __stack
00001000                __SYSSTACK_SIZE
00002000                __STACK_SIZE
00002000                __SYSMEM_SIZE
            00001060    __STACK_END
            00001060    __sysstack
            00001860    _triWindow
            00001a60    _keepSample
            00001a61    _flag
            00001a62    _Synth_PutI
            00001a64    _Synth_GetI
            00001e66    _Speech_PutI
            00001e68    _Speech_GetI
            0000226a    _DAC_PutI
            0000226c    _DAC_GetI
            0000266e    _inputSpeech
            00002a6e    _inputSynth
            00002e6e    _output
            0000326e    _extra
            0000336d    _speechReal
            0000356d    _speechImag
            0000376d    _speechAdd
            0000396d    _speechMagnitude
            00003b6d    _synthReal
            00003d6d    _synthImag
            00003f6d    _synthAdd
            0000416d    _synthMagnitude
            0000436d    _phase
            0000456d    _phaseSine
            0000476d    _phaseCosine
            0000496e    __ftable
            000049e6    __tmpnams
            00004a86    __ft_end
            00004b57    _i2c_timeout
            00004bd8    __lock
            00004bda    __unlock
            00004bdc    __cleanup_ptr
            00004bde    __dtors_ptr
            00004be0    __sys_memory
            00005be0    twiddle
            00005fe0    SqrtTable
            00005ffc    __ctypes_
00021362                __printfi
000215a4                _Synth_Fifo_Init
000215b4                _Synth_Fifo_Put
000215fc                _Synth_Fifo_Get
00021640                _Synth_Fifo_Size
00021650                _Speech_Fifo_Init
00021660                _Speech_Fifo_Put
000216a8                _Speech_Fifo_Get
000216ec                _Speech_Fifo_Size
000216fc                _DAC_Fifo_Init
0002170c                _DAC_Fifo_Put
00021754                _DAC_Fifo_Get
00021798                _DAC_Fifo_Size
000217a8                _I2S_interrupt_setup
000217f9                _splitRealImag
0002184e                _combineRealImag
000218a3                _multiply
000218eb                _multiplyReal
0002193b                _addition
0002197f                _square
00021995                _applyGain
000219cc                _main
00021dbe                _write
00021f00                _unlink
00021f33                _rename
00021f8c                _remove_device
00021fc2                _read
00022070                _open
0002212f                _lseek
00022195                _find_registered_device
0002219e                _close
00022211                _add_device
00022301                _getenv
0002237c                _HOSTwrite
00022409                _HOSTunlink
00022473                _HOSTtime
000224d1                _HOSTrename
0002257f                _HOSTread
0002260c                _HOSTopen
000226ab                _HOSTlseek
00022760                _HOSTclose
000227cb                _HOSTclock
00022829                _free
000228f5                _minit
0002295a                _malloc
00022a4f                _realloc
00022c00                _max_free
00022c5a                _free_memory
00022cb0                _chkheap
00022cb8                _calloc
00022cde                __divd
000231cb                __cleanup
00023225                _freopen
000232ee                _fopen
00023329                __remull
00023377                __remlli
000233a6                __mpylli
0002345e                __divull
00023552                __divlli
00023587                __addd
000237e1                _AIC3204_rset
00023803                _AIC_init
000239a5                _AIC_read2
000239d8                _AIC_write2
000239fd                _AIC_off
00023a04                _cfft_SCALE
00023bf2                __neqd
00023c26                __lssd
00023c6e                __leqd
00023cbb                __gtrd
00023d06                __geqd
00023d50                __eqld
00023d84                __cmpd
00023ddc                _cifft_NOSCALE
00023f3f                _fputs
00024074                _puts
000240a2                _USBSTK5515_GPIO_init
000240a6                _USBSTK5515_GPIO_setDirection
00024123                _USBSTK5515_GPIO_setOutput
000241a0                _USBSTK5515_GPIO_getInput
000241f8                _I2S_ISR
00024349                __mpyd
00024495                _USBSTK5515_I2C_init
000244b4                _USBSTK5515_I2C_close
000244bd                _USBSTK5515_I2C_reset
000244cb                _USBSTK5515_I2C_write
0002455a                _USBSTK5515_I2C_read
000245d3                _setvbuf
000246b9                _cbrev
00024797                __wrt_ok
00024817                __rd_ok
00024874                __doflush
000248dd                _fflush
00024936                _writemsg
000249eb                C$$IO$$
000249f0                _atan2_16
00024a99                _fputc
00024a99                _putc
00024b30                _putchar
00024b3f                __divul
00024be0                _ltoa
00024c5d                _fclose
00024cd8                _sine
00024d4f                __frcmpyd
00024dc5                __frcmpyd_div
00024e38                __remul
00024eaa                __fixdli
00024f19                _readmsg
00024f86                _fseek
00024ff1                __fltlid
00025058                _sqrt_16
000250b7                _atoi
00025113                _USBSTK5515_wait
00025147                _USBSTK5515_waitusec
00025159                _USBSTK5515_init
00025167                _printf
000251b7                _auto_init
00025204                __args_main
0002524f                __remli
0002529a                __divli
000252e2                _memcpy
00025321                _exit
0002535f                _c_int00
00025393                __fixdi
000253bd                I$$UDIV
000253bd                __divu
000253d2                I$$UMOD
000253d2                __remu
000253e7                _memccpy
0002540a                ___isinf
00025424                __subd
00025438                I$$LMPY
00025438                __mpyli
0002544b                __register_unlock
00025453                __register_lock
0002545b                __nop
0002545d                __negd
0002546d                _remove
00025477                _abort
00025478                C$$EXIT
            00020000    ___cinit__
            00020000    cinit
            0002027c    __CIOBUF_
0004fe00                _Reset
ffffffff                .bss
ffffffff                .data
ffffffff                .text
ffffffff                ___binit__
ffffffff                ___bss__
ffffffff                ___c_args__
ffffffff                ___data__
ffffffff                ___edata__
ffffffff                ___end__
ffffffff                ___etext__
ffffffff                ___pinit__
ffffffff                ___text__
ffffffff                binit
ffffffff                edata
ffffffff                end
ffffffff                etext
ffffffff                pinit

[207 symbols]
