******************************************************************************
              TMS320C55x Linker PC v4.4.1                      
******************************************************************************
>> Linked Wed Nov 30 11:48:07 2016

OUTPUT FILE NAME:   <VE1939_fifoMagic.out>
ENTRY POINT SYMBOL: "_c_int00"  address: 00025297


MEMORY CONFIGURATION

         name            origin    length      used     unused   attr    fill
                        (bytes)   (bytes)    (bytes)   (bytes)
----------------------  --------  ---------  --------  --------  ----  --------
PAGE 0:
  MMR                   00000000   000000c0  00000000  000000c0  RWIX
  DARAM0                000000c0   0000ff40  0000bbc8  00004378  RWIX
  SARAM0                00010000   00010000  00000000  00010000  RWIX
  SARAM1                00020000   00020000  000053c5  0001ac3b  RWIX
  SARAM2                00040000   0000fe00  00000330  0000fad0  RWIX
  VECS                  0004fe00   00000200  00000100  00000100  RWIX
  PDROM                 00ff8000   00008000  00000000  00008000  R IX

PAGE 2:
  IOPORT                00000000   00020000  00000000  00020000  RWI 


SECTION ALLOCATION MAP
(Addresses surrounded by []'s are displayed for convenience only!)

output                                                          attributes/
section   page  orgn(bytes) orgn(words) len(bytes) len(words)   input sections
--------  ----  ----------- ----------- ---------- ----------   --------------
.pinit       0   [ 00040000 ]  00020000          *   00000000   UNINITIALIZED

.stack       0   [ 000000c0 ]  00000060          *   00001000   UNINITIALIZED
                 [ 000000c0 ]  00000060          *   00001000   --HOLE--

.sysstack 
*            0   [ 000020c0 ]  00001060          *   00000800   UNINITIALIZED
                 [ 000020c0 ]  00001060          *   00000800   --HOLE--

.bss.1       0   [ 000030c0 ]  00001860          *   0000306b   UNINITIALIZED
                 [ 000030c0 ]  00001860          *   00002e0f   hailMary.obj (.bss)
                 [ 00008cde ]  0000466f          *   00000001   rts55x.lib : fopen.obj (.bss)
                 [ 00008ce0 ]  00004670          *   00000119              : defs.obj (.bss)
                 [ 00008f12 ]  00004789          *   000000d0              : trgdrv.obj (.bss)
                 [ 000090b2 ]  00004859          *   00000001   usbstk5515bsl.lib : usbstk5515_i2c.obj (.bss)
                 [ 000090b4 ]  0000485a          *   00000071   rts55x.lib : lowlev.obj (.bss)

.bss.2       0   [ 00009198 ]  000048cc          *   00000016   UNINITIALIZED
                 [ 00009198 ]  000048cc          *   00000006   rts55x.lib : memory.obj (.bss)
                 [ 000091a4 ]  000048d2          *   00000004   55xdspx_LARGE.lib : cfft_scale.obj (.bss)
                 [ 000091ac ]  000048d6          *   00000004                     : cifft_noscale.obj (.bss)
                 [ 000091b4 ]  000048da          *   00000004   rts55x.lib : _lock.obj (.bss)
                 [ 000091bc ]  000048de          *   00000004              : exit.obj (.bss)

.sysmem      0   [ 000091c4 ]  000048e2          *   00001000   UNINITIALIZED
                 [ 000091c4 ]  000048e2          *   00001000   --HOLE--

.data        0   [ 0000b1c4 ]  000058e2          *   0000041b   
                 [ 0000b1c4 ]  000058e2          *   00000400   55xdspx_LARGE.lib : twiddle.obj (.data:twiddle)
                 [ 0000b9c4 ]  00005ce2          *   00000010                     : sqrtv.obj (.data)
                 [ 0000b9e4 ]  00005cf2          *   00000006                     : sine.obj (.data)
                 [ 0000b9f0 ]  00005cf8          *   00000005                     : arct2.obj (.data)

.const.1     0   [ 0000b9fc ]  00005cfe          *   00000101   
                 [ 0000b9fc ]  00005cfe          *   00000101   rts55x.lib : ctype.obj (.const:__ctypes_)

.const.2     0   [ 0000bc00 ]  00005e00          *   0000003f   
                 [ 0000bc00 ]  00005e00          *   00000024   rts55x.lib : _printfi.obj (.const:.string)
                 [ 0000bc48 ]  00005e24          *   0000000c              : _printfi.obj (.const)
                 [ 0000bc60 ]  00005e30          *   00000008              : divd.obj (.const:_initial_approx$1)
                 [ 0000bc70 ]  00005e38          *   00000007   hailMary.obj (.const:.string)

.const.3     0   [ 0000bc80 ]  00005e40          *   00000008   
                 [ 0000bc80 ]  00005e40          *   00000004   hailMary.obj (.const)
                 [ 0000bc88 ]  00005e44          *   00000002   rts55x.lib : fputs.obj (.const:.string)
                 [ 0000bc8c ]  00005e46          *   00000002              : fltlid.obj (.const)

.text        0     00020000  [ 00010000 ] 000053c5          *   
                   00020000  [ 00010000 ] 000015a4          *   rts55x.lib : _printfi.obj (.text)
                   000215a4  [ 00010ad2 ] 00000752          *   hailMary.obj (.text)
                   00021cf6  [ 00010e7b ] 00000543          *   rts55x.lib : lowlev.obj (.text)
                   00022239  [ 0001111c+] 00000528          *              : trgdrv.obj (.text)
                   00022761  [ 000113b0+] 000004b5          *              : memory.obj (.text)
                   00022c16  [ 0001160b ] 000003cc          *              : divd.obj (.text)
                   00022fe2  [ 000117f1 ] 0000027f          *              : fopen.obj (.text)
                   00023261  [ 00011930+] 0000025e          *              : llmpy.obj (.text)
                   000234bf  [ 00011a5f+] 0000025a          *              : addd.obj (.text)
                   00023719  [ 00011b8c+] 00000223          *   452_Labs_Essentials.lib : AIC_func.obj (.text)
                   0002393c  [ 00011c9e ] 000001ee          *   55xdspx_LARGE.lib : cfft_scale.obj (.text)
                   00023b2a  [ 00011d95 ] 000001ea          *   rts55x.lib : cmpd.obj (.text)
                   00023d14  [ 00011e8a ] 00000163          *   55xdspx_LARGE.lib : cifft_noscale.obj (.text)
                   00023e77  [ 00011f3b+] 00000163          *   rts55x.lib : fputs.obj (.text)
                   00023fda  [ 00011fed ] 00000156          *   usbstk5515bsl.lib : usbstk5515_gpio.obj (.text)
                   00024130  [ 00012098 ] 00000151          *   hailMary.obj (.text:retain)
                   00024281  [ 00012140+] 0000014c          *   rts55x.lib : mpyd.obj (.text)
                   000243cd  [ 000121e6+] 0000013e          *   usbstk5515bsl.lib : usbstk5515_i2c.obj (.text)
                   0002450b  [ 00012285+] 000000e6          *   rts55x.lib : setvbuf.obj (.text)
                   000245f1  [ 000122f8+] 000000de          *   55xdspx_LARGE.lib : cbrev.obj (.text:cbrev)
                   000246cf  [ 00012367+] 000000dd          *   rts55x.lib : _io_perm.obj (.text)
                   000247ac  [ 000123d6 ] 000000c2          *              : fflush.obj (.text)
                   0002486e  [ 00012437 ] 000000ba          *              : trgmsg.obj (.text:CIO_breakpoint)
                   00024928  [ 00012494 ] 000000a9          *   55xdspx_LARGE.lib : arct2.obj (.text)
                   000249d1  [ 000124e8+] 000000a6          *   rts55x.lib : fputc.obj (.text)
                   00024a77  [ 0001253b+] 000000a1          *              : divul.obj (.text)
                   00024b18  [ 0001258c ] 0000007d          *              : ltoa.obj (.text)
                   00024b95  [ 000125ca+] 0000007b          *              : fclose.obj (.text)
                   00024c10  [ 00012608 ] 00000077          *   55xdspx_LARGE.lib : sine.obj (.text)
                   00024c87  [ 00012643+] 00000076          *   rts55x.lib : frcmpyd.obj (.text)
                   00024cfd  [ 0001267e+] 00000073          *              : frcmpyd_div.obj (.text)
                   00024d70  [ 000126b8 ] 00000072          *              : remul.obj (.text)
                   00024de2  [ 000126f1 ] 0000006f          *              : fixdli.obj (.text)
                   00024e51  [ 00012728+] 0000006d          *              : trgmsg.obj (.text)
                   00024ebe  [ 0001275f ] 0000006b          *              : fseek.obj (.text)
                   00024f29  [ 00012794+] 00000067          *              : fltlid.obj (.text)
                   00024f90  [ 000127c8 ] 0000005f          *   55xdspx_LARGE.lib : sqrtv.obj (.text)
                   00024fef  [ 000127f7+] 0000005c          *   rts55x.lib : atoi.obj (.text)
                   0002504b  [ 00012825+] 00000054          *   usbstk5515bsl.lib : usbstk5515.obj (.text)
                   0002509f  [ 0001284f+] 00000050          *   rts55x.lib : printf.obj (.text)
                   000250ef  [ 00012877+] 0000004d          *              : autoinit.obj (.text)
                   0002513c  [ 0001289e ] 0000004b          *              : args_main.obj (.text)
                   00025187  [ 000128c3+] 0000004b          *              : remli.obj (.text)
                   000251d2  [ 000128e9 ] 00000048          *              : divli.obj (.text)
                   0002521a  [ 0001290d ] 0000003f          *              : memcpy.obj (.text)
                   00025259  [ 0001292c+] 0000003e          *              : exit.obj (.text)
                   00025297  [ 0001294b+] 00000034          *              : boot.obj (.text)
                   000252cb  [ 00012965+] 0000002a          *              : fixdi.obj (.text)
                   000252f5  [ 0001297a+] 0000002a          *              : udiv.obj (.text)
                   0002531f  [ 0001298f+] 00000023          *              : memccpy.obj (.text)
                   00025342  [ 000129a1 ] 0000001a          *              : isinf.obj (.text)
                   0002535c  [ 000129ae ] 00000014          *              : subd.obj (.text)
                   00025370  [ 000129b8 ] 00000013          *              : lmpy.obj (.text)
                   00025383  [ 000129c1+] 00000012          *              : _lock.obj (.text)
                   00025395  [ 000129ca+] 00000010          *              : negd.obj (.text)
                   000253a5  [ 000129d2+] 0000000c          *              : fltid.obj (.text)
                   000253b1  [ 000129d8+] 0000000a          *              : remove.obj (.text)
                   000253bb  [ 000129dd+] 00000007          *              : exit.obj (.text:CIO_breakpoint)
                   000253c2  [ 000129e1 ] 00000002          *              : vectors.obj (.text)
                   000253c4  [ 000129e2 ] 00000001          *   --HOLE-- [fill = 20]

.cio         0   [ 00040000 ]  00020000          *   00000120   UNINITIALIZED
                 [ 00040000 ]  00020000          *   00000120   rts55x.lib : trgmsg.obj (.cio)

.cinit       0   [ 00040240 ]  00020120          *   00000078   
                 [ 00040240 ]  00020120          *   0000002d   rts55x.lib : lowlev.obj (.cinit)
                 [ 0004029a ]  0002014d          *   0000002a              : defs.obj (.cinit)
                 [ 000402ee ]  00020177          *   0000000a              : _lock.obj (.cinit)
                 [ 00040302 ]  00020181          *   0000000a              : exit.obj (.cinit)
                 [ 00040316 ]  0002018b          *   00000004              : fopen.obj (.cinit)
                 [ 0004031e ]  0002018f          *   00000004              : memory.obj (.cinit)
                 [ 00040326 ]  00020193          *   00000004   usbstk5515bsl.lib : usbstk5515_i2c.obj (.cinit)
                 [ 0004032e ]  00020197          *   00000001   --HOLE-- [fill = 0]

vectors      0     0004fe00  [ 00027f00 ] 00000100          *   
                   0004fe00  [ 00027f00 ] 00000100          *   rts55x.lib : vectors.obj (vectors)


GLOBAL SYMBOLS: SORTED ALPHABETICALLY BY Name 

abs. value/
byte addr   word addr   name
---------   ---------   ----
00000002                $TI_capability$C5500$CallingConvention
00000002                $TI_capability$C5500$MemoryModel
00000001                $TI_capability_requires_rev3
ffffffff                .bss
ffffffff                .data
ffffffff                .text
000253bc                C$$EXIT
00024923                C$$IO$$
00025370                I$$LMPY
000252f5                I$$UDIV
0002530a                I$$UMOD
            00005ce2    SqrtTable
00023719                _AIC3204_rset
0002373b                _AIC_init
00023935                _AIC_off
000238dd                _AIC_read2
00023910                _AIC_write2
00021754                _DAC_Fifo_Get
000216fc                _DAC_Fifo_Init
0002170c                _DAC_Fifo_Put
00021798                _DAC_Fifo_Size
            0000206c    _DAC_GetI
            0000206a    _DAC_PutI
00022703                _HOSTclock
00022698                _HOSTclose
000225e3                _HOSTlseek
00022544                _HOSTopen
000224b7                _HOSTread
00022409                _HOSTrename
000223ab                _HOSTtime
00022341                _HOSTunlink
000222b4                _HOSTwrite
00024130                _I2S_ISR
000217a8                _I2S_interrupt_setup
0004fe00                _Reset
000216a8                _Speech_Fifo_Get
00021650                _Speech_Fifo_Init
00021660                _Speech_Fifo_Put
000216ec                _Speech_Fifo_Size
            00001c68    _Speech_GetI
            00001c66    _Speech_PutI
000215fc                _Synth_Fifo_Get
000215a4                _Synth_Fifo_Init
000215b4                _Synth_Fifo_Put
00021640                _Synth_Fifo_Size
            00001864    _Synth_GetI
            00001862    _Synth_PutI
000240d8                _USBSTK5515_GPIO_getInput
00023fda                _USBSTK5515_GPIO_init
00023fde                _USBSTK5515_GPIO_setDirection
0002405b                _USBSTK5515_GPIO_setOutput
000243ec                _USBSTK5515_I2C_close
000243cd                _USBSTK5515_I2C_init
00024492                _USBSTK5515_I2C_read
000243f5                _USBSTK5515_I2C_reset
00024403                _USBSTK5515_I2C_write
00025091                _USBSTK5515_init
0002504b                _USBSTK5515_wait
0002507f                _USBSTK5515_waitusec
            00020000    __CIOBUF_
            00001060    __STACK_END
00002000                __STACK_SIZE
00002000                __SYSMEM_SIZE
00001000                __SYSSTACK_SIZE
00000001                __TI_args_main
ffffffff                ___binit__
ffffffff                ___bss__
ffffffff                ___c_args__
            00020120    ___cinit__
ffffffff                ___data__
ffffffff                ___edata__
ffffffff                ___end__
ffffffff                ___etext__
00025342                ___isinf
ffffffff                ___pinit__
ffffffff                ___text__
000234bf                __addd
0002513c                __args_main
00023103                __cleanup
            000048de    __cleanup_ptr
00023cbc                __cmpd
            00005cfe    __ctypes_
00022c16                __divd
000251d2                __divli
0002348a                __divlli
000252f5                __divu
00024a77                __divul
00023396                __divull
000247ac                __doflush
            000048e0    __dtors_ptr
00023c88                __eqld
000252cb                __fixdi
00024de2                __fixdli
000253a5                __fltid
00024f29                __fltlid
00024c87                __frcmpyd
00024cfd                __frcmpyd_div
            00004788    __ft_end
            00004670    __ftable
00023c3e                __geqd
00023bf3                __gtrd
00023ba6                __leqd
            000048da    __lock
00023b5e                __lssd
00024281                __mpyd
00025370                __mpyli
000232de                __mpylli
00025395                __negd
00023b2a                __neqd
00025393                __nop
00021362                __printfi
0002474f                __rd_ok
0002538b                __register_lock
00025383                __register_unlock
00025187                __remli
000232af                __remlli
0002530a                __remu
00024d70                __remul
00023261                __remull
            00000060    __stack
0002535c                __subd
            000048e2    __sys_memory
            00001060    __sysstack
            000046e8    __tmpnams
            000048dc    __unlock
000246cf                __wrt_ok
000253bb                _abort
00022149                _add_device
000218eb                _addition
00024928                _atan2_16
00024fef                _atoi
000250ef                _auto_init
00025297                _c_int00
00022bf0                _calloc
000245f1                _cbrev
0002393c                _cfft_SCALE
00022be8                _chkheap
00023d14                _cifft_NOSCALE
000220d6                _close
0002184e                _combineRealImag
00025259                _exit
            00001861    _extra
00024b95                _fclose
00024815                _fflush
000220cd                _find_registered_device
            0000306e    _flag
00023226                _fopen
000249d1                _fputc
00023e77                _fputs
00022761                _free
00022b92                _free_memory
0002315d                _freopen
00024ebe                _fseek
00022239                _getenv
            00004859    _i2c_timeout
            0000246e    _inputSpeech
            0000286e    _inputSynth
            00001860    _keepSample
00022067                _lseek
00024b18                _ltoa
00021945                _main
00022892                _malloc
00022b38                _max_free
0002531f                _memccpy
0002521a                _memcpy
0002282d                _minit
000218a3                _multiply
00021fa8                _open
            00002c6e    _output
            0000406f    _phase
            0000446f    _phaseCosine
            0000426f    _phaseSine
0002509f                _printf
000249d1                _putc
00024a68                _putchar
00023fac                _puts
00021efa                _read
00024e51                _readmsg
00022987                _realloc
000253b1                _remove
00021ec4                _remove_device
00021e6b                _rename
0002450b                _setvbuf
00024c10                _sine
            0000346f    _speechAdd
            0000326f    _speechImag
            0000366f    _speechMagnitude
            0000306f    _speechReal
000217f9                _splitRealImag
00024f90                _sqrt_16
0002192f                _square
            00003c6f    _synthAdd
            00003a6f    _synthImag
            00003e6f    _synthMagnitude
            0000386f    _synthReal
00021e38                _unlink
00021cf6                _write
0002486e                _writemsg
ffffffff                binit
            00020120    cinit
ffffffff                edata
ffffffff                end
ffffffff                etext
ffffffff                pinit
            000058e2    twiddle


GLOBAL SYMBOLS: SORTED BY Symbol Address 

abs. value/
byte addr   word addr   name
---------   ---------   ----
00000001                $TI_capability_requires_rev3
00000001                __TI_args_main
00000002                $TI_capability$C5500$CallingConvention
00000002                $TI_capability$C5500$MemoryModel
            00000060    __stack
00001000                __SYSSTACK_SIZE
00002000                __STACK_SIZE
00002000                __SYSMEM_SIZE
            00001060    __STACK_END
            00001060    __sysstack
            00001860    _keepSample
            00001861    _extra
            00001862    _Synth_PutI
            00001864    _Synth_GetI
            00001c66    _Speech_PutI
            00001c68    _Speech_GetI
            0000206a    _DAC_PutI
            0000206c    _DAC_GetI
            0000246e    _inputSpeech
            0000286e    _inputSynth
            00002c6e    _output
            0000306e    _flag
            0000306f    _speechReal
            0000326f    _speechImag
            0000346f    _speechAdd
            0000366f    _speechMagnitude
            0000386f    _synthReal
            00003a6f    _synthImag
            00003c6f    _synthAdd
            00003e6f    _synthMagnitude
            0000406f    _phase
            0000426f    _phaseSine
            0000446f    _phaseCosine
            00004670    __ftable
            000046e8    __tmpnams
            00004788    __ft_end
            00004859    _i2c_timeout
            000048da    __lock
            000048dc    __unlock
            000048de    __cleanup_ptr
            000048e0    __dtors_ptr
            000048e2    __sys_memory
            000058e2    twiddle
            00005ce2    SqrtTable
            00005cfe    __ctypes_
00021362                __printfi
000215a4                _Synth_Fifo_Init
000215b4                _Synth_Fifo_Put
000215fc                _Synth_Fifo_Get
00021640                _Synth_Fifo_Size
00021650                _Speech_Fifo_Init
00021660                _Speech_Fifo_Put
000216a8                _Speech_Fifo_Get
000216ec                _Speech_Fifo_Size
000216fc                _DAC_Fifo_Init
0002170c                _DAC_Fifo_Put
00021754                _DAC_Fifo_Get
00021798                _DAC_Fifo_Size
000217a8                _I2S_interrupt_setup
000217f9                _splitRealImag
0002184e                _combineRealImag
000218a3                _multiply
000218eb                _addition
0002192f                _square
00021945                _main
00021cf6                _write
00021e38                _unlink
00021e6b                _rename
00021ec4                _remove_device
00021efa                _read
00021fa8                _open
00022067                _lseek
000220cd                _find_registered_device
000220d6                _close
00022149                _add_device
00022239                _getenv
000222b4                _HOSTwrite
00022341                _HOSTunlink
000223ab                _HOSTtime
00022409                _HOSTrename
000224b7                _HOSTread
00022544                _HOSTopen
000225e3                _HOSTlseek
00022698                _HOSTclose
00022703                _HOSTclock
00022761                _free
0002282d                _minit
00022892                _malloc
00022987                _realloc
00022b38                _max_free
00022b92                _free_memory
00022be8                _chkheap
00022bf0                _calloc
00022c16                __divd
00023103                __cleanup
0002315d                _freopen
00023226                _fopen
00023261                __remull
000232af                __remlli
000232de                __mpylli
00023396                __divull
0002348a                __divlli
000234bf                __addd
00023719                _AIC3204_rset
0002373b                _AIC_init
000238dd                _AIC_read2
00023910                _AIC_write2
00023935                _AIC_off
0002393c                _cfft_SCALE
00023b2a                __neqd
00023b5e                __lssd
00023ba6                __leqd
00023bf3                __gtrd
00023c3e                __geqd
00023c88                __eqld
00023cbc                __cmpd
00023d14                _cifft_NOSCALE
00023e77                _fputs
00023fac                _puts
00023fda                _USBSTK5515_GPIO_init
00023fde                _USBSTK5515_GPIO_setDirection
0002405b                _USBSTK5515_GPIO_setOutput
000240d8                _USBSTK5515_GPIO_getInput
00024130                _I2S_ISR
00024281                __mpyd
000243cd                _USBSTK5515_I2C_init
000243ec                _USBSTK5515_I2C_close
000243f5                _USBSTK5515_I2C_reset
00024403                _USBSTK5515_I2C_write
00024492                _USBSTK5515_I2C_read
0002450b                _setvbuf
000245f1                _cbrev
000246cf                __wrt_ok
0002474f                __rd_ok
000247ac                __doflush
00024815                _fflush
0002486e                _writemsg
00024923                C$$IO$$
00024928                _atan2_16
000249d1                _fputc
000249d1                _putc
00024a68                _putchar
00024a77                __divul
00024b18                _ltoa
00024b95                _fclose
00024c10                _sine
00024c87                __frcmpyd
00024cfd                __frcmpyd_div
00024d70                __remul
00024de2                __fixdli
00024e51                _readmsg
00024ebe                _fseek
00024f29                __fltlid
00024f90                _sqrt_16
00024fef                _atoi
0002504b                _USBSTK5515_wait
0002507f                _USBSTK5515_waitusec
00025091                _USBSTK5515_init
0002509f                _printf
000250ef                _auto_init
0002513c                __args_main
00025187                __remli
000251d2                __divli
0002521a                _memcpy
00025259                _exit
00025297                _c_int00
000252cb                __fixdi
000252f5                I$$UDIV
000252f5                __divu
0002530a                I$$UMOD
0002530a                __remu
0002531f                _memccpy
00025342                ___isinf
0002535c                __subd
00025370                I$$LMPY
00025370                __mpyli
00025383                __register_unlock
0002538b                __register_lock
00025393                __nop
00025395                __negd
000253a5                __fltid
000253b1                _remove
000253bb                _abort
000253bc                C$$EXIT
            00020000    __CIOBUF_
            00020120    ___cinit__
            00020120    cinit
0004fe00                _Reset
ffffffff                .bss
ffffffff                .data
ffffffff                .text
ffffffff                ___binit__
ffffffff                ___bss__
ffffffff                ___c_args__
ffffffff                ___data__
ffffffff                ___edata__
ffffffff                ___end__
ffffffff                ___etext__
ffffffff                ___pinit__
ffffffff                ___text__
ffffffff                binit
ffffffff                edata
ffffffff                end
ffffffff                etext
ffffffff                pinit

[205 symbols]
