******************************************************************************
              TMS320C55x Linker PC v4.4.1                      
******************************************************************************
>> Linked Wed May 15 19:25:23 2013

OUTPUT FILE NAME:   <IIRFilt.out>
ENTRY POINT SYMBOL: "_c_int00"  address: 000207f4


MEMORY CONFIGURATION

         name            origin    length      used     unused   attr    fill
                        (bytes)   (bytes)    (bytes)   (bytes)
----------------------  --------  ---------  --------  --------  ----  --------
PAGE 0:
  MMR                   00000000   000000c0  00000000  000000c0  RWIX
  DARAM0                000000c0   0000ff40  000030ea  0000ce56  RWIX
  SARAM0                00010000   00010000  00000000  00010000  RWIX
  SARAM1                00020000   00020000  00000857  0001f7a9  RWIX
  SARAM2                00040000   0000fe00  00000098  0000fd68  RWIX
  VECS                  0004fe00   00000200  00000100  00000100  RWIX
  PDROM                 00ff8000   00008000  00000000  00008000  R IX

PAGE 2:
  IOPORT                00000000   00020000  00000000  00020000  RWI 


SECTION ALLOCATION MAP
(Addresses surrounded by []'s are displayed for convenience only!)

output                                                          attributes/
section   page  orgn(bytes) orgn(words) len(bytes) len(words)   input sections
--------  ----  ----------- ----------- ---------- ----------   --------------
.pinit       0   [ 00040000 ]  00020000          *   00000000   UNINITIALIZED

.stack       0   [ 000000c0 ]  00000060          *   00001000   UNINITIALIZED
                 [ 000000c0 ]  00000060          *   00001000   --HOLE--

.data        0   [ 000000c0 ]  00000060          *   00000000   UNINITIALIZED

.sysstack 
*            0   [ 000020c0 ]  00001060          *   00000800   UNINITIALIZED
                 [ 000020c0 ]  00001060          *   00000800   --HOLE--

.bss         0   [ 000030c0 ]  00001860          *   00000075   UNINITIALIZED
                 [ 000030c0 ]  00001860          *   0000006c   IIRmain.obj (.bss)
                 [ 00003198 ]  000018cc          *   00000004   rts55x.lib : _lock.obj (.bss)
                 [ 000031a0 ]  000018d0          *   00000004              : exit.obj (.bss)
                 [ 000031a8 ]  000018d4          *   00000001   usbstk5515bsl.lib : usbstk5515_i2c.obj (.bss)

.text        0     00020000  [ 00010000 ] 00000857          *   
                   00020000  [ 00010000 ] 00000223          *   452_Labs_Essentials.lib : AIC_func.obj (.text)
                   00020223  [ 00010111+] 00000213          *   IIRmain.obj (.text)
                   00020436  [ 0001021b ] 00000156          *   usbstk5515bsl.lib : usbstk5515_gpio.obj (.text)
                   0002058c  [ 000102c6 ] 0000013e          *                     : usbstk5515_i2c.obj (.text)
                   000206ca  [ 00010365 ] 00000054          *                     : usbstk5515.obj (.text)
                   0002071e  [ 0001038f ] 0000004d          *   rts55x.lib : autoinit.obj (.text)
                   0002076b  [ 000103b5+] 0000004b          *              : args_main.obj (.text)
                   000207b6  [ 000103db ] 0000003e          *              : exit.obj (.text)
                   000207f4  [ 000103fa ] 00000034          *              : boot.obj (.text)
                   00020828  [ 00010414 ] 00000013          *              : lmpy.obj (.text)
                   0002083b  [ 0001041d+] 00000012          *              : _lock.obj (.text)
                   0002084d  [ 00010426+] 00000007          *              : exit.obj (.text:CIO_breakpoint)
                   00020854  [ 0001042a ] 00000002          *              : vectors.obj (.text)
                   00020856  [ 0001042b ] 00000001          *   --HOLE-- [fill = 20]

.cinit       0   [ 00040000 ]  00020000          *   0000004c   
                 [ 00040000 ]  00020000          *   00000033   IIRmain.obj (.cinit)
                 [ 00040066 ]  00020033          *   0000000a   rts55x.lib : _lock.obj (.cinit)
                 [ 0004007a ]  0002003d          *   0000000a              : exit.obj (.cinit)
                 [ 0004008e ]  00020047          *   00000004   usbstk5515bsl.lib : usbstk5515_i2c.obj (.cinit)
                 [ 00040096 ]  0002004b          *   00000001   --HOLE-- [fill = 0]

vectors      0     0004fe00  [ 00027f00 ] 00000100          *   
                   0004fe00  [ 00027f00 ] 00000100          *   rts55x.lib : vectors.obj (vectors)


GLOBAL SYMBOLS: SORTED ALPHABETICALLY BY Name 

abs. value/
byte addr   word addr   name
---------   ---------   ----
00000002                $TI_capability$C5500$CallingConvention
00000002                $TI_capability$C5500$MemoryModel
00000001                $TI_capability_requires_rev3
ffffffff                .bss
ffffffff                .data
ffffffff                .text
0002084e                C$$EXIT
00020828                I$$LMPY
00020000                _AIC3204_rset
00020022                _AIC_init
0002021c                _AIC_off
000201c4                _AIC_read2
000201f7                _AIC_write2
0002039d                _IIR_DF1
00020223                _IIR_TDF2
0004fe00                _Reset
00020534                _USBSTK5515_GPIO_getInput
00020436                _USBSTK5515_GPIO_init
0002043a                _USBSTK5515_GPIO_setDirection
000204b7                _USBSTK5515_GPIO_setOutput
000205ab                _USBSTK5515_I2C_close
0002058c                _USBSTK5515_I2C_init
00020651                _USBSTK5515_I2C_read
000205b4                _USBSTK5515_I2C_reset
000205c2                _USBSTK5515_I2C_write
00020710                _USBSTK5515_init
000206ca                _USBSTK5515_wait
000206fe                _USBSTK5515_waitusec
            00001060    __STACK_END
00002000                __STACK_SIZE
00001000                __SYSSTACK_SIZE
00000001                __TI_args_main
ffffffff                ___binit__
ffffffff                ___bss__
ffffffff                ___c_args__
            00020000    ___cinit__
ffffffff                ___data__
ffffffff                ___edata__
ffffffff                ___end__
ffffffff                ___etext__
ffffffff                ___pinit__
ffffffff                ___text__
0002076b                __args_main
            000018d0    __cleanup_ptr
            000018d2    __dtors_ptr
            000018cc    __lock
00020828                __mpyli
0002084b                __nop
00020843                __register_lock
0002083b                __register_unlock
            00000060    __stack
            00001060    __sysstack
            000018ce    __unlock
0002084d                _abort
0002071e                _auto_init
            00001863    _biq
            0000189c    _biq_32
000207f4                _c_int00
            0000187b    _delay_DF1_buff
            0000188c    _delay_TDF2_buff
            00001862    _delta_time
            00001861    _end_time
000207b6                _exit
            000018d4    _i2c_timeout
000202b3                _main
            00001860    _start_time
ffffffff                binit
            00020000    cinit
ffffffff                edata
ffffffff                end
ffffffff                etext
ffffffff                pinit


GLOBAL SYMBOLS: SORTED BY Symbol Address 

abs. value/
byte addr   word addr   name
---------   ---------   ----
00000001                $TI_capability_requires_rev3
00000001                __TI_args_main
00000002                $TI_capability$C5500$CallingConvention
00000002                $TI_capability$C5500$MemoryModel
            00000060    __stack
00001000                __SYSSTACK_SIZE
00002000                __STACK_SIZE
            00001060    __STACK_END
            00001060    __sysstack
            00001860    _start_time
            00001861    _end_time
            00001862    _delta_time
            00001863    _biq
            0000187b    _delay_DF1_buff
            0000188c    _delay_TDF2_buff
            0000189c    _biq_32
            000018cc    __lock
            000018ce    __unlock
            000018d0    __cleanup_ptr
            000018d2    __dtors_ptr
            000018d4    _i2c_timeout
00020000                _AIC3204_rset
00020022                _AIC_init
000201c4                _AIC_read2
000201f7                _AIC_write2
0002021c                _AIC_off
00020223                _IIR_TDF2
000202b3                _main
0002039d                _IIR_DF1
00020436                _USBSTK5515_GPIO_init
0002043a                _USBSTK5515_GPIO_setDirection
000204b7                _USBSTK5515_GPIO_setOutput
00020534                _USBSTK5515_GPIO_getInput
0002058c                _USBSTK5515_I2C_init
000205ab                _USBSTK5515_I2C_close
000205b4                _USBSTK5515_I2C_reset
000205c2                _USBSTK5515_I2C_write
00020651                _USBSTK5515_I2C_read
000206ca                _USBSTK5515_wait
000206fe                _USBSTK5515_waitusec
00020710                _USBSTK5515_init
0002071e                _auto_init
0002076b                __args_main
000207b6                _exit
000207f4                _c_int00
00020828                I$$LMPY
00020828                __mpyli
0002083b                __register_unlock
00020843                __register_lock
0002084b                __nop
0002084d                _abort
0002084e                C$$EXIT
            00020000    ___cinit__
            00020000    cinit
0004fe00                _Reset
ffffffff                .bss
ffffffff                .data
ffffffff                .text
ffffffff                ___binit__
ffffffff                ___bss__
ffffffff                ___c_args__
ffffffff                ___data__
ffffffff                ___edata__
ffffffff                ___end__
ffffffff                ___etext__
ffffffff                ___pinit__
ffffffff                ___text__
ffffffff                binit
ffffffff                edata
ffffffff                end
ffffffff                etext
ffffffff                pinit

[72 symbols]
