******************************************************************************
              TMS320C55x Linker PC v4.4.1                      
******************************************************************************
>> Linked Tue Dec 06 23:56:36 2016

OUTPUT FILE NAME:   <TI_IIRFilt.out>
ENTRY POINT SYMBOL: "_c_int00"  address: 00021466


MEMORY CONFIGURATION

         name            origin    length      used     unused   attr    fill
                        (bytes)   (bytes)    (bytes)   (bytes)
----------------------  --------  ---------  --------  --------  ----  --------
PAGE 0:
  MMR                   00000000   000000c0  00000000  000000c0  RWIX
  DARAM0                000000c0   0000ff40  00003116  0000ce2a  RWIX
  SARAM0                00010000   00010000  00000000  00010000  RWIX
  SARAM1                00020000   00020000  000014ff  0001eb01  RWIX
  SARAM2                00040000   0000fe00  00000060  0000fda0  RWIX
  VECS                  0004fe00   00000200  00000100  00000100  RWIX
  PDROM                 00ff8000   00008000  00000000  00008000  R IX

PAGE 2:
  IOPORT                00000000   00020000  00000000  00020000  RWI 


SECTION ALLOCATION MAP
(Addresses surrounded by []'s are displayed for convenience only!)

output                                                          attributes/
section   page  orgn(bytes) orgn(words) len(bytes) len(words)   input sections
--------  ----  ----------- ----------- ---------- ----------   --------------
.pinit       0   [ 00040000 ]  00020000          *   00000000   UNINITIALIZED

.stack       0   [ 000000c0 ]  00000060          *   00001000   UNINITIALIZED
                 [ 000000c0 ]  00000060          *   00001000   --HOLE--

.sysstack 
*            0   [ 000020c0 ]  00001060          *   00000800   UNINITIALIZED
                 [ 000020c0 ]  00001060          *   00000800   --HOLE--

.bss         0   [ 000030c0 ]  00001860          *   00000077   UNINITIALIZED
                 [ 000030c0 ]  00001860          *   0000006e   IIRmain.obj (.bss)
                 [ 0000319c ]  000018ce          *   00000004   rts55x.lib : _lock.obj (.bss)
                 [ 000031a4 ]  000018d2          *   00000004              : exit.obj (.bss)
                 [ 000031ac ]  000018d6          *   00000001   usbstk5515bsl.lib : usbstk5515_i2c.obj (.bss)

.const       0   [ 000031b0 ]  000018d8          *   0000000e   
                 [ 000031b0 ]  000018d8          *   00000008   rts55x.lib : divd.obj (.const:_initial_approx$1)
                 [ 000031c0 ]  000018e0          *   00000004   IIRmain.obj (.const)
                 [ 000031c8 ]  000018e4          *   00000002   rts55x.lib : fltlid.obj (.const)

.data        0   [ 000031cc ]  000018e6          *   00000006   
                 [ 000031cc ]  000018e6          *   00000006   55xdspx_LARGE.lib : sine.obj (.data)

.text        0     00020000  [ 00010000 ] 000014ff          *   
                   00020000  [ 00010000 ] 000003cc          *   rts55x.lib : divd.obj (.text)
                   000203cc  [ 000101e6 ] 00000361          *   IIRmain.obj (.text)
                   0002072d  [ 00010396+] 0000025e          *   rts55x.lib : llmpy.obj (.text)
                   0002098b  [ 000104c5+] 00000223          *   452_Labs_Essentials.lib : AIC_func.obj (.text)
                   00020bae  [ 000105d7 ] 00000156          *   usbstk5515bsl.lib : usbstk5515_gpio.obj (.text)
                   00020d04  [ 00010682 ] 0000014c          *   rts55x.lib : mpyd.obj (.text)
                   00020e50  [ 00010728 ] 0000013e          *   usbstk5515bsl.lib : usbstk5515_i2c.obj (.text)
                   00020f8e  [ 000107c7 ] 000000a1          *   rts55x.lib : divul.obj (.text)
                   0002102f  [ 00010817+] 0000008f          *   iircasNew.obj (.text)
                   000210be  [ 0001085f ] 00000077          *   55xdspx_LARGE.lib : sine.obj (.text)
                   00021135  [ 0001089a+] 00000076          *   rts55x.lib : frcmpyd.obj (.text)
                   000211ab  [ 000108d5+] 00000073          *              : frcmpyd_div.obj (.text)
                   0002121e  [ 0001090f ] 0000006f          *              : fixdli.obj (.text)
                   0002128d  [ 00010946+] 00000067          *              : fltlid.obj (.text)
                   000212f4  [ 0001097a ] 00000054          *   usbstk5515bsl.lib : usbstk5515.obj (.text)
                   00021348  [ 000109a4 ] 0000004d          *   rts55x.lib : autoinit.obj (.text)
                   00021395  [ 000109ca+] 0000004b          *              : args_main.obj (.text)
                   000213e0  [ 000109f0 ] 00000048          *              : divli.obj (.text)
                   00021428  [ 00010a14 ] 0000003e          *              : exit.obj (.text)
                   00021466  [ 00010a33 ] 00000034          *              : boot.obj (.text)
                   0002149a  [ 00010a4d ] 0000002a          *              : fixdi.obj (.text)
                   000214c4  [ 00010a62 ] 00000013          *              : lmpy.obj (.text)
                   000214d7  [ 00010a6b+] 00000012          *              : _lock.obj (.text)
                   000214e9  [ 00010a74+] 0000000c          *              : fltid.obj (.text)
                   000214f5  [ 00010a7a+] 00000007          *              : exit.obj (.text:CIO_breakpoint)
                   000214fc  [ 00010a7e ] 00000002          *              : vectors.obj (.text)
                   000214fe  [ 00010a7f ] 00000001          *   --HOLE-- [fill = 20]

.cinit       0   [ 00040000 ]  00020000          *   00000030   
                 [ 00040000 ]  00020000          *   00000017   IIRmain.obj (.cinit)
                 [ 0004002e ]  00020017          *   0000000a   rts55x.lib : _lock.obj (.cinit)
                 [ 00040042 ]  00020021          *   0000000a              : exit.obj (.cinit)
                 [ 00040056 ]  0002002b          *   00000004   usbstk5515bsl.lib : usbstk5515_i2c.obj (.cinit)
                 [ 0004005e ]  0002002f          *   00000001   --HOLE-- [fill = 0]

vectors      0     0004fe00  [ 00027f00 ] 00000100          *   
                   0004fe00  [ 00027f00 ] 00000100          *   rts55x.lib : vectors.obj (vectors)


GLOBAL SYMBOLS: SORTED ALPHABETICALLY BY Name 

abs. value/
byte addr   word addr   name
---------   ---------   ----
00000002                $TI_capability$C5500$CallingConvention
00000002                $TI_capability$C5500$MemoryModel
00000001                $TI_capability_requires_rev3
ffffffff                .bss
ffffffff                .data
ffffffff                .text
000214f6                C$$EXIT
000214c4                I$$LMPY
0002098b                _AIC3204_rset
000209ad                _AIC_init
00020ba7                _AIC_off
00020b4f                _AIC_read2
00020b82                _AIC_write2
0004fe00                _Reset
00020cac                _USBSTK5515_GPIO_getInput
00020bae                _USBSTK5515_GPIO_init
00020bb2                _USBSTK5515_GPIO_setDirection
00020c2f                _USBSTK5515_GPIO_setOutput
00020e6f                _USBSTK5515_I2C_close
00020e50                _USBSTK5515_I2C_init
00020f15                _USBSTK5515_I2C_read
00020e78                _USBSTK5515_I2C_reset
00020e86                _USBSTK5515_I2C_write
0002133a                _USBSTK5515_init
000212f4                _USBSTK5515_wait
00021328                _USBSTK5515_waitusec
            00001060    __STACK_END
00002000                __STACK_SIZE
00001000                __SYSSTACK_SIZE
00000001                __TI_args_main
ffffffff                ___binit__
ffffffff                ___bss__
ffffffff                ___c_args__
            00020000    ___cinit__
ffffffff                ___data__
ffffffff                ___edata__
ffffffff                ___end__
ffffffff                ___etext__
ffffffff                ___pinit__
ffffffff                ___text__
00021395                __args_main
            000018d2    __cleanup_ptr
00020000                __divd
000213e0                __divli
00020956                __divlli
00020f8e                __divul
00020862                __divull
            000018d4    __dtors_ptr
0002149a                __fixdi
0002121e                __fixdli
000214e9                __fltid
0002128d                __fltlid
00021135                __frcmpyd
000211ab                __frcmpyd_div
            000018ce    __lock
00020d04                __mpyd
000214c4                __mpyli
000207aa                __mpylli
000214e7                __nop
000214df                __register_lock
000214d7                __register_unlock
0002077b                __remlli
0002072d                __remull
            00000060    __stack
            00001060    __sysstack
            000018d0    __unlock
            00001892    _a0
            00001898    _a1
            0000189e    _a2
000214f5                _abort
            000018a4    _alpha
            000018aa    _alphaBP
00021348                _auto_init
            00001880    _b0
            00001886    _b1
            0000188c    _b2
            00001863    _biq
            000018b0    _biq_32
00021466                _c_int00
00020415                _calculateCoeffs
            0000187c    _cosOut
            0000186d    _delay_buff
            00001862    _delta_time
            00001861    _end_time
00021428                _exit
            00001873    _f0
000203cc                _getFreq
            000018d6    _i2c_timeout
0002102f                _iircas5
00020672                _main
00020632                _processEQ
            00001879    _sinOut
000210be                _sine
            00001860    _start_time
            00001876    _w0
ffffffff                binit
            00020000    cinit
ffffffff                edata
ffffffff                end
ffffffff                etext
ffffffff                pinit


GLOBAL SYMBOLS: SORTED BY Symbol Address 

abs. value/
byte addr   word addr   name
---------   ---------   ----
00000001                $TI_capability_requires_rev3
00000001                __TI_args_main
00000002                $TI_capability$C5500$CallingConvention
00000002                $TI_capability$C5500$MemoryModel
            00000060    __stack
00001000                __SYSSTACK_SIZE
00002000                __STACK_SIZE
            00001060    __STACK_END
            00001060    __sysstack
            00001860    _start_time
            00001861    _end_time
            00001862    _delta_time
            00001863    _biq
            0000186d    _delay_buff
            00001873    _f0
            00001876    _w0
            00001879    _sinOut
            0000187c    _cosOut
            00001880    _b0
            00001886    _b1
            0000188c    _b2
            00001892    _a0
            00001898    _a1
            0000189e    _a2
            000018a4    _alpha
            000018aa    _alphaBP
            000018b0    _biq_32
            000018ce    __lock
            000018d0    __unlock
            000018d2    __cleanup_ptr
            000018d4    __dtors_ptr
            000018d6    _i2c_timeout
00020000                __divd
000203cc                _getFreq
00020415                _calculateCoeffs
00020632                _processEQ
00020672                _main
0002072d                __remull
0002077b                __remlli
000207aa                __mpylli
00020862                __divull
00020956                __divlli
0002098b                _AIC3204_rset
000209ad                _AIC_init
00020b4f                _AIC_read2
00020b82                _AIC_write2
00020ba7                _AIC_off
00020bae                _USBSTK5515_GPIO_init
00020bb2                _USBSTK5515_GPIO_setDirection
00020c2f                _USBSTK5515_GPIO_setOutput
00020cac                _USBSTK5515_GPIO_getInput
00020d04                __mpyd
00020e50                _USBSTK5515_I2C_init
00020e6f                _USBSTK5515_I2C_close
00020e78                _USBSTK5515_I2C_reset
00020e86                _USBSTK5515_I2C_write
00020f15                _USBSTK5515_I2C_read
00020f8e                __divul
0002102f                _iircas5
000210be                _sine
00021135                __frcmpyd
000211ab                __frcmpyd_div
0002121e                __fixdli
0002128d                __fltlid
000212f4                _USBSTK5515_wait
00021328                _USBSTK5515_waitusec
0002133a                _USBSTK5515_init
00021348                _auto_init
00021395                __args_main
000213e0                __divli
00021428                _exit
00021466                _c_int00
0002149a                __fixdi
000214c4                I$$LMPY
000214c4                __mpyli
000214d7                __register_unlock
000214df                __register_lock
000214e7                __nop
000214e9                __fltid
000214f5                _abort
000214f6                C$$EXIT
            00020000    ___cinit__
            00020000    cinit
0004fe00                _Reset
ffffffff                .bss
ffffffff                .data
ffffffff                .text
ffffffff                ___binit__
ffffffff                ___bss__
ffffffff                ___c_args__
ffffffff                ___data__
ffffffff                ___edata__
ffffffff                ___end__
ffffffff                ___etext__
ffffffff                ___pinit__
ffffffff                ___text__
ffffffff                binit
ffffffff                edata
ffffffff                end
ffffffff                etext
ffffffff                pinit

[101 symbols]
