******************************************************************************
              TMS320C55x Linker PC v4.4.1                      
******************************************************************************
>> Linked Wed Dec 07 11:14:16 2016

OUTPUT FILE NAME:   <VE1939_TIFilt.out>
ENTRY POINT SYMBOL: "_c_int00"  address: 00024dcd


MEMORY CONFIGURATION

         name            origin    length      used     unused   attr    fill
                        (bytes)   (bytes)    (bytes)   (bytes)
----------------------  --------  ---------  --------  --------  ----  --------
PAGE 0:
  MMR                   00000000   000000c0  00000000  000000c0  RWIX
  DARAM0                000000c0   0000ff40  00008c20  00007320  RWIX
  SARAM0                00010000   00010000  00000000  00010000  RWIX
  SARAM1                00020000   00020000  00004efb  0001b105  RWIX
  SARAM2                00040000   0000fe00  00000330  0000fad0  RWIX
  VECS                  0004fe00   00000200  00000100  00000100  RWIX
  PDROM                 00ff8000   00008000  00000000  00008000  R IX

PAGE 2:
  IOPORT                00000000   00020000  00000000  00020000  RWI 


SECTION ALLOCATION MAP
(Addresses surrounded by []'s are displayed for convenience only!)

output                                                          attributes/
section   page  orgn(bytes) orgn(words) len(bytes) len(words)   input sections
--------  ----  ----------- ----------- ---------- ----------   --------------
.pinit       0   [ 00040000 ]  00020000          *   00000000   UNINITIALIZED

.stack       0   [ 000000c0 ]  00000060          *   00001000   UNINITIALIZED
                 [ 000000c0 ]  00000060          *   00001000   --HOLE--

.sysstack 
*            0   [ 000020c0 ]  00001060          *   00000800   UNINITIALIZED
                 [ 000020c0 ]  00001060          *   00000800   --HOLE--

.bss         0   [ 000030c0 ]  00001860          *   00001cc2   UNINITIALIZED
                 [ 000030c0 ]  00001860          *   00001a58   eqtest.obj (.bss)
                 [ 00006570 ]  000032b8          *   00000119   rts55x.lib : defs.obj (.bss)
                 [ 000067a2 ]  000033d1          *   000000d0              : trgdrv.obj (.bss)
                 [ 00006942 ]  000034a1          *   00000001              : fopen.obj (.bss)
                 [ 00006944 ]  000034a2          *   00000071              : lowlev.obj (.bss)
                 [ 00006a26 ]  00003513          *   00000001   usbstk5515bsl.lib : usbstk5515_i2c.obj (.bss)
                 [ 00006a28 ]  00003514          *   00000006   rts55x.lib : memory.obj (.bss)
                 [ 00006a34 ]  0000351a          *   00000004              : _lock.obj (.bss)
                 [ 00006a3c ]  0000351e          *   00000004              : exit.obj (.bss)

.sysmem      0   [ 00006a44 ]  00003522          *   00001000   UNINITIALIZED
                 [ 00006a44 ]  00003522          *   00001000   --HOLE--

.const.1     0   [ 00008a44 ]  00004522          *   00000101   
                 [ 00008a44 ]  00004522          *   00000101   rts55x.lib : ctype.obj (.const:__ctypes_)

.const.2     0   [ 00008c48 ]  00004624          *   0000003f   
                 [ 00008c48 ]  00004624          *   00000024   rts55x.lib : _printfi.obj (.const:.string)
                 [ 00008c90 ]  00004648          *   0000000c              : _printfi.obj (.const)
                 [ 00008ca8 ]  00004654          *   00000008              : divd.obj (.const:_initial_approx$1)
                 [ 00008cb8 ]  0000465c          *   00000007   eqtest.obj (.const:.string)

.const.3     0   [ 00008cc8 ]  00004664          *   00000008   
                 [ 00008cc8 ]  00004664          *   00000004   eqtest.obj (.const)
                 [ 00008cd0 ]  00004668          *   00000002   rts55x.lib : fputs.obj (.const:.string)
                 [ 00008cd4 ]  0000466a          *   00000002              : fltlid.obj (.const)

.data        0   [ 00008cd8 ]  0000466c          *   00000006   
                 [ 00008cd8 ]  0000466c          *   00000006   55xdspx_LARGE.lib : sine.obj (.data)

.text        0     00020000  [ 00010000 ] 00004efb          *   
                   00020000  [ 00010000 ] 000015a4          *   rts55x.lib : _printfi.obj (.text)
                   000215a4  [ 00010ad2 ] 00000738          *   eqtest.obj (.text)
                   00021cdc  [ 00010e6e ] 00000543          *   rts55x.lib : lowlev.obj (.text)
                   0002221f  [ 0001110f+] 00000528          *              : trgdrv.obj (.text)
                   00022747  [ 000113a3+] 000004b5          *              : memory.obj (.text)
                   00022bfc  [ 000115fe ] 000003cc          *              : divd.obj (.text)
                   00022fc8  [ 000117e4 ] 0000027f          *              : fopen.obj (.text)
                   00023247  [ 00011923+] 0000025e          *              : llmpy.obj (.text)
                   000234a5  [ 00011a52+] 0000025a          *              : addd.obj (.text)
                   000236ff  [ 00011b7f+] 00000223          *   452_Labs_Essentials.lib : AIC_func.obj (.text)
                   00023922  [ 00011c91 ] 000001ea          *   rts55x.lib : cmpd.obj (.text)
                   00023b0c  [ 00011d86 ] 00000163          *              : fputs.obj (.text)
                   00023c6f  [ 00011e37+] 00000156          *   usbstk5515bsl.lib : usbstk5515_gpio.obj (.text)
                   00023dc5  [ 00011ee2+] 0000014c          *   rts55x.lib : mpyd.obj (.text)
                   00023f11  [ 00011f88+] 00000149          *   eqtest.obj (.text:retain)
                   0002405a  [ 0001202d ] 0000013e          *   usbstk5515bsl.lib : usbstk5515_i2c.obj (.text)
                   00024198  [ 000120cc ] 000000e6          *   rts55x.lib : setvbuf.obj (.text)
                   0002427e  [ 0001213f ] 000000dd          *              : _io_perm.obj (.text)
                   0002435b  [ 000121ad+] 000000c2          *              : fflush.obj (.text)
                   0002441d  [ 0001220e+] 000000ba          *              : trgmsg.obj (.text:CIO_breakpoint)
                   000244d7  [ 0001226b+] 000000a6          *              : fputc.obj (.text)
                   0002457d  [ 000122be+] 000000a1          *              : divul.obj (.text)
                   0002461e  [ 0001230f ] 0000008f          *   iircasNew.obj (.text)
                   000246ad  [ 00012356+] 0000007d          *   rts55x.lib : ltoa.obj (.text)
                   0002472a  [ 00012395 ] 0000007b          *              : fclose.obj (.text)
                   000247a5  [ 000123d2+] 00000077          *   55xdspx_LARGE.lib : sine.obj (.text)
                   0002481c  [ 0001240e ] 00000076          *   rts55x.lib : frcmpyd.obj (.text)
                   00024892  [ 00012449 ] 00000073          *              : frcmpyd_div.obj (.text)
                   00024905  [ 00012482+] 00000072          *              : remul.obj (.text)
                   00024977  [ 000124bb+] 0000006f          *              : fixdli.obj (.text)
                   000249e6  [ 000124f3 ] 0000006d          *              : trgmsg.obj (.text)
                   00024a53  [ 00012529+] 0000006b          *              : fseek.obj (.text)
                   00024abe  [ 0001255f ] 00000067          *              : fltlid.obj (.text)
                   00024b25  [ 00012592+] 0000005c          *              : atoi.obj (.text)
                   00024b81  [ 000125c0+] 00000054          *   usbstk5515bsl.lib : usbstk5515.obj (.text)
                   00024bd5  [ 000125ea+] 00000050          *   rts55x.lib : printf.obj (.text)
                   00024c25  [ 00012612+] 0000004d          *              : autoinit.obj (.text)
                   00024c72  [ 00012639 ] 0000004b          *              : args_main.obj (.text)
                   00024cbd  [ 0001265e+] 0000004b          *              : remli.obj (.text)
                   00024d08  [ 00012684 ] 00000048          *              : divli.obj (.text)
                   00024d50  [ 000126a8 ] 0000003f          *              : memcpy.obj (.text)
                   00024d8f  [ 000126c7+] 0000003e          *              : exit.obj (.text)
                   00024dcd  [ 000126e6+] 00000034          *              : boot.obj (.text)
                   00024e01  [ 00012700+] 0000002a          *              : fixdi.obj (.text)
                   00024e2b  [ 00012715+] 0000002a          *              : udiv.obj (.text)
                   00024e55  [ 0001272a+] 00000023          *              : memccpy.obj (.text)
                   00024e78  [ 0001273c ] 0000001a          *              : isinf.obj (.text)
                   00024e92  [ 00012749 ] 00000014          *              : subd.obj (.text)
                   00024ea6  [ 00012753 ] 00000013          *              : lmpy.obj (.text)
                   00024eb9  [ 0001275c+] 00000012          *              : _lock.obj (.text)
                   00024ecb  [ 00012765+] 00000010          *              : negd.obj (.text)
                   00024edb  [ 0001276d+] 0000000c          *              : fltid.obj (.text)
                   00024ee7  [ 00012773+] 0000000a          *              : remove.obj (.text)
                   00024ef1  [ 00012778+] 00000007          *              : exit.obj (.text:CIO_breakpoint)
                   00024ef8  [ 0001277c ] 00000002          *              : vectors.obj (.text)
                   00024efa  [ 0001277d ] 00000001          *   --HOLE-- [fill = 20]

.cio         0   [ 00040000 ]  00020000          *   00000120   UNINITIALIZED
                 [ 00040000 ]  00020000          *   00000120   rts55x.lib : trgmsg.obj (.cio)

.cinit       0   [ 00040240 ]  00020120          *   00000078   
                 [ 00040240 ]  00020120          *   0000002d   rts55x.lib : lowlev.obj (.cinit)
                 [ 0004029a ]  0002014d          *   0000002a              : defs.obj (.cinit)
                 [ 000402ee ]  00020177          *   0000000a              : _lock.obj (.cinit)
                 [ 00040302 ]  00020181          *   0000000a              : exit.obj (.cinit)
                 [ 00040316 ]  0002018b          *   00000004              : fopen.obj (.cinit)
                 [ 0004031e ]  0002018f          *   00000004              : memory.obj (.cinit)
                 [ 00040326 ]  00020193          *   00000004   usbstk5515bsl.lib : usbstk5515_i2c.obj (.cinit)
                 [ 0004032e ]  00020197          *   00000001   --HOLE-- [fill = 0]

vectors      0     0004fe00  [ 00027f00 ] 00000100          *   
                   0004fe00  [ 00027f00 ] 00000100          *   rts55x.lib : vectors.obj (vectors)


GLOBAL SYMBOLS: SORTED ALPHABETICALLY BY Name 

abs. value/
byte addr   word addr   name
---------   ---------   ----
00000002                $TI_capability$C5500$CallingConvention
00000002                $TI_capability$C5500$MemoryModel
00000001                $TI_capability_requires_rev3
ffffffff                .bss
ffffffff                .data
ffffffff                .text
00024ef2                C$$EXIT
000244d2                C$$IO$$
00024ea6                I$$LMPY
00024e2b                I$$UDIV
00024e40                I$$UMOD
00021a9d                _ADC_Fifo_Get
00021a27                _ADC_Fifo_Init
00021c4e                _ADC_Fifo_Put
00021a8d                _ADC_Fifo_Size
            000018b2    _ADC_GetI
            000018b0    _ADC_PutI
000236ff                _AIC3204_rset
00023721                _AIC_init
0002391b                _AIC_off
000238c3                _AIC_read2
000238f6                _AIC_write2
00021c91                _DAC_Fifo_Get
00021a17                _DAC_Fifo_Init
00021ad8                _DAC_Fifo_Put
00021ccc                _DAC_Fifo_Size
            000020b6    _DAC_GetI
            000020b4    _DAC_PutI
000226e9                _HOSTclock
0002267e                _HOSTclose
000225c9                _HOSTlseek
0002252a                _HOSTopen
0002249d                _HOSTread
000223ef                _HOSTrename
00022391                _HOSTtime
00022327                _HOSTunlink
0002229a                _HOSTwrite
00023f11                _I2S_ISR
00021a37                _I2S_interrupt_setup
0004fe00                _Reset
00023d6d                _USBSTK5515_GPIO_getInput
00023c6f                _USBSTK5515_GPIO_init
00023c73                _USBSTK5515_GPIO_setDirection
00023cf0                _USBSTK5515_GPIO_setOutput
00024079                _USBSTK5515_I2C_close
0002405a                _USBSTK5515_I2C_init
0002411f                _USBSTK5515_I2C_read
00024082                _USBSTK5515_I2C_reset
00024090                _USBSTK5515_I2C_write
00024bc7                _USBSTK5515_init
00024b81                _USBSTK5515_wait
00024bb5                _USBSTK5515_waitusec
            00020000    __CIOBUF_
            00001060    __STACK_END
00002000                __STACK_SIZE
00002000                __SYSMEM_SIZE
00001000                __SYSSTACK_SIZE
00000001                __TI_args_main
ffffffff                ___binit__
ffffffff                ___bss__
ffffffff                ___c_args__
            00020120    ___cinit__
ffffffff                ___data__
ffffffff                ___edata__
ffffffff                ___end__
ffffffff                ___etext__
00024e78                ___isinf
ffffffff                ___pinit__
ffffffff                ___text__
000234a5                __addd
00024c72                __args_main
000230e9                __cleanup
            0000351e    __cleanup_ptr
00023ab4                __cmpd
            00004522    __ctypes_
00022bfc                __divd
00024d08                __divli
00023470                __divlli
00024e2b                __divu
0002457d                __divul
0002337c                __divull
0002435b                __doflush
            00003520    __dtors_ptr
00023a80                __eqld
00024e01                __fixdi
00024977                __fixdli
00024edb                __fltid
00024abe                __fltlid
0002481c                __frcmpyd
00024892                __frcmpyd_div
            000033d0    __ft_end
            000032b8    __ftable
00023a36                __geqd
000239eb                __gtrd
0002399e                __leqd
            0000351a    __lock
00023956                __lssd
00023dc5                __mpyd
00024ea6                __mpyli
000232c4                __mpylli
00024ecb                __negd
00023922                __neqd
00024ec9                __nop
00021362                __printfi
000242fe                __rd_ok
00024ec1                __register_lock
00024eb9                __register_unlock
00024cbd                __remli
00023295                __remlli
00024e40                __remu
00024905                __remul
00023247                __remull
            00000060    __stack
00024e92                __subd
            00003522    __sys_memory
            00001060    __sysstack
            00003330    __tmpnams
            0000351c    __unlock
0002427e                __wrt_ok
            000018a8    _a0_bp
            00001892    _a0_main
            000018aa    _a1_bp
            00001896    _a1_main
            000018ac    _a2_bp
            0000189a    _a2_main
00024ef1                _abort
0002212f                _add_device
            000018ae    _alpha_bp
            0000189e    _alpha_main
000218ed                _assignCoeffs
00024b25                _atoi
00024c25                _auto_init
            000018a2    _b0_bp
            00001886    _b0_main
            000018a4    _b1_bp
            0000188a    _b1_main
            000018a6    _b2_bp
            0000188e    _b2_main
            0000186a    _biq_bp
            00001860    _biq_main
00024dcd                _c_int00
000215e1                _calculateCoeffs
00022bd6                _calloc
00022bce                _chkheap
000220bc                _close
000215a4                _convertFreq
            00001884    _cosOut_bp
            00001881    _cosOut_main
            00001875    _delay_buff_bp
            0000186f    _delay_buff_main
00021c39                _eqGain
00024d8f                _exit
            000030b8    _extra
            0000187d    _f0_bp
            00001879    _f0_main
0002472a                _fclose
000243c4                _fflush
000220b3                _find_registered_device
            000032b7    _flag
0002320c                _fopen
000244d7                _fputc
00023b0c                _fputs
00022747                _free
00022b78                _free_memory
00023143                _freopen
00024a53                _fseek
0002221f                _getenv
            00003513    _i2c_timeout
0002461e                _iircas5
00021a75                _initEQ
            000028b8    _input
            00001885    _keepSample
0002204d                _lseek
000246ad                _ltoa
00021b1b                _main
00022878                _malloc
00022b1e                _max_free
00024e55                _memccpy
00024d50                _memcpy
00022813                _minit
00021f8e                _open
            00002cb8    _output
00024bd5                _printf
0002197f                _processEQ
000244d7                _putc
0002456e                _putchar
00023c41                _puts
00021ee0                _read
000249e6                _readmsg
0002296d                _realloc
00024ee7                _remove
00021eaa                _remove_device
00021e51                _rename
00024198                _setvbuf
            00001883    _sinOut_bp
            0000187f    _sinOut_main
000247a5                _sine
00021e1e                _unlink
            0000187e    _w0_bp
            0000187b    _w0_main
00021cdc                _write
0002441d                _writemsg
ffffffff                binit
            00020120    cinit
ffffffff                edata
ffffffff                end
ffffffff                etext
ffffffff                pinit


GLOBAL SYMBOLS: SORTED BY Symbol Address 

abs. value/
byte addr   word addr   name
---------   ---------   ----
00000001                $TI_capability_requires_rev3
00000001                __TI_args_main
00000002                $TI_capability$C5500$CallingConvention
00000002                $TI_capability$C5500$MemoryModel
            00000060    __stack
00001000                __SYSSTACK_SIZE
00002000                __STACK_SIZE
00002000                __SYSMEM_SIZE
            00001060    __STACK_END
            00001060    __sysstack
            00001860    _biq_main
            0000186a    _biq_bp
            0000186f    _delay_buff_main
            00001875    _delay_buff_bp
            00001879    _f0_main
            0000187b    _w0_main
            0000187d    _f0_bp
            0000187e    _w0_bp
            0000187f    _sinOut_main
            00001881    _cosOut_main
            00001883    _sinOut_bp
            00001884    _cosOut_bp
            00001885    _keepSample
            00001886    _b0_main
            0000188a    _b1_main
            0000188e    _b2_main
            00001892    _a0_main
            00001896    _a1_main
            0000189a    _a2_main
            0000189e    _alpha_main
            000018a2    _b0_bp
            000018a4    _b1_bp
            000018a6    _b2_bp
            000018a8    _a0_bp
            000018aa    _a1_bp
            000018ac    _a2_bp
            000018ae    _alpha_bp
            000018b0    _ADC_PutI
            000018b2    _ADC_GetI
            000020b4    _DAC_PutI
            000020b6    _DAC_GetI
            000028b8    _input
            00002cb8    _output
            000030b8    _extra
            000032b7    _flag
            000032b8    __ftable
            00003330    __tmpnams
            000033d0    __ft_end
            00003513    _i2c_timeout
            0000351a    __lock
            0000351c    __unlock
            0000351e    __cleanup_ptr
            00003520    __dtors_ptr
            00003522    __sys_memory
            00004522    __ctypes_
00021362                __printfi
000215a4                _convertFreq
000215e1                _calculateCoeffs
000218ed                _assignCoeffs
0002197f                _processEQ
00021a17                _DAC_Fifo_Init
00021a27                _ADC_Fifo_Init
00021a37                _I2S_interrupt_setup
00021a75                _initEQ
00021a8d                _ADC_Fifo_Size
00021a9d                _ADC_Fifo_Get
00021ad8                _DAC_Fifo_Put
00021b1b                _main
00021c39                _eqGain
00021c4e                _ADC_Fifo_Put
00021c91                _DAC_Fifo_Get
00021ccc                _DAC_Fifo_Size
00021cdc                _write
00021e1e                _unlink
00021e51                _rename
00021eaa                _remove_device
00021ee0                _read
00021f8e                _open
0002204d                _lseek
000220b3                _find_registered_device
000220bc                _close
0002212f                _add_device
0002221f                _getenv
0002229a                _HOSTwrite
00022327                _HOSTunlink
00022391                _HOSTtime
000223ef                _HOSTrename
0002249d                _HOSTread
0002252a                _HOSTopen
000225c9                _HOSTlseek
0002267e                _HOSTclose
000226e9                _HOSTclock
00022747                _free
00022813                _minit
00022878                _malloc
0002296d                _realloc
00022b1e                _max_free
00022b78                _free_memory
00022bce                _chkheap
00022bd6                _calloc
00022bfc                __divd
000230e9                __cleanup
00023143                _freopen
0002320c                _fopen
00023247                __remull
00023295                __remlli
000232c4                __mpylli
0002337c                __divull
00023470                __divlli
000234a5                __addd
000236ff                _AIC3204_rset
00023721                _AIC_init
000238c3                _AIC_read2
000238f6                _AIC_write2
0002391b                _AIC_off
00023922                __neqd
00023956                __lssd
0002399e                __leqd
000239eb                __gtrd
00023a36                __geqd
00023a80                __eqld
00023ab4                __cmpd
00023b0c                _fputs
00023c41                _puts
00023c6f                _USBSTK5515_GPIO_init
00023c73                _USBSTK5515_GPIO_setDirection
00023cf0                _USBSTK5515_GPIO_setOutput
00023d6d                _USBSTK5515_GPIO_getInput
00023dc5                __mpyd
00023f11                _I2S_ISR
0002405a                _USBSTK5515_I2C_init
00024079                _USBSTK5515_I2C_close
00024082                _USBSTK5515_I2C_reset
00024090                _USBSTK5515_I2C_write
0002411f                _USBSTK5515_I2C_read
00024198                _setvbuf
0002427e                __wrt_ok
000242fe                __rd_ok
0002435b                __doflush
000243c4                _fflush
0002441d                _writemsg
000244d2                C$$IO$$
000244d7                _fputc
000244d7                _putc
0002456e                _putchar
0002457d                __divul
0002461e                _iircas5
000246ad                _ltoa
0002472a                _fclose
000247a5                _sine
0002481c                __frcmpyd
00024892                __frcmpyd_div
00024905                __remul
00024977                __fixdli
000249e6                _readmsg
00024a53                _fseek
00024abe                __fltlid
00024b25                _atoi
00024b81                _USBSTK5515_wait
00024bb5                _USBSTK5515_waitusec
00024bc7                _USBSTK5515_init
00024bd5                _printf
00024c25                _auto_init
00024c72                __args_main
00024cbd                __remli
00024d08                __divli
00024d50                _memcpy
00024d8f                _exit
00024dcd                _c_int00
00024e01                __fixdi
00024e2b                I$$UDIV
00024e2b                __divu
00024e40                I$$UMOD
00024e40                __remu
00024e55                _memccpy
00024e78                ___isinf
00024e92                __subd
00024ea6                I$$LMPY
00024ea6                __mpyli
00024eb9                __register_unlock
00024ec1                __register_lock
00024ec9                __nop
00024ecb                __negd
00024edb                __fltid
00024ee7                _remove
00024ef1                _abort
00024ef2                C$$EXIT
            00020000    __CIOBUF_
            00020120    ___cinit__
            00020120    cinit
0004fe00                _Reset
ffffffff                .bss
ffffffff                .data
ffffffff                .text
ffffffff                ___binit__
ffffffff                ___bss__
ffffffff                ___c_args__
ffffffff                ___data__
ffffffff                ___edata__
ffffffff                ___end__
ffffffff                ___etext__
ffffffff                ___pinit__
ffffffff                ___text__
ffffffff                binit
ffffffff                edata
ffffffff                end
ffffffff                etext
ffffffff                pinit

[208 symbols]
