******************************************************************************
              TMS320C55x Linker PC v4.4.1                      
******************************************************************************
>> Linked Thu Dec 08 05:21:07 2016

OUTPUT FILE NAME:   <fxzfxfxfxfxfxfx.out>
ENTRY POINT SYMBOL: "_c_int00"  address: 0004c014


MEMORY CONFIGURATION

         name            origin    length      used     unused   attr    fill
                        (bytes)   (bytes)    (bytes)   (bytes)
----------------------  --------  ---------  --------  --------  ----  --------
PAGE 0:
  MMR                   00000000   000000c0  00000000  000000c0  RWIX
  DARAM0                000000c0   0000ff40  00005778  0000a7c8  RWIX
  SARAM0                00010000   00010000  00000000  00010000  RWIX
  SARAM1                00020000   00020000  0001fffa  00000006  RWIX
  SARAM2                00040000   0000fe00  0000c12e  00003cd2  RWIX
  VECS                  0004fe00   00000200  00000100  00000100  RWIX
  PDROM                 00ff8000   00008000  00000000  00008000  R IX

PAGE 2:
  IOPORT                00000000   00020000  00000000  00020000  RWI 


SECTION ALLOCATION MAP
(Addresses surrounded by []'s are displayed for convenience only!)

output                                                          attributes/
section   page  orgn(bytes) orgn(words) len(bytes) len(words)   input sections
--------  ----  ----------- ----------- ---------- ----------   --------------
.pinit       0   [ 00040000 ]  00020000          *   00000000   UNINITIALIZED

.stack       0   [ 000000c0 ]  00000060          *   00001000   UNINITIALIZED
                 [ 000000c0 ]  00000060          *   00001000   --HOLE--

.data        0   [ 000000c0 ]  00000060          *   00000000   UNINITIALIZED

.sysstack 
*            0   [ 000020c0 ]  00001060          *   00000800   UNINITIALIZED
                 [ 000020c0 ]  00001060          *   00000800   --HOLE--

.bss.1       0   [ 000030c0 ]  00001860          *   00000278   UNINITIALIZED
                 [ 000030c0 ]  00001860          *   00000119   rts55x.lib : defs.obj (.bss)
                 [ 000032f2 ]  00001979          *   000000d0              : trgdrv.obj (.bss)
                 [ 00003492 ]  00001a49          *   00000001              : fopen.obj (.bss)
                 [ 00003494 ]  00001a4a          *   00000071              : lowlev.obj (.bss)
                 [ 00003576 ]  00001abb          *   0000000e   VE1939_UART.obj (.bss)
                 [ 00003592 ]  00001ac9          *   00000001   usbstk5515bsl.lib : usbstk5515_i2c.obj (.bss)
                 [ 00003594 ]  00001aca          *   00000006   rts55x.lib : memory.obj (.bss)
                 [ 000035a0 ]  00001ad0          *   00000004              : _lock.obj (.bss)
                 [ 000035a8 ]  00001ad4          *   00000004              : exit.obj (.bss)

.sysmem      0   [ 000035b0 ]  00001ad8          *   00001000   UNINITIALIZED
                 [ 000035b0 ]  00001ad8          *   00001000   --HOLE--

.const.1     0   [ 000055b0 ]  00002ad8          *   00000101   
                 [ 000055b0 ]  00002ad8          *   00000101   rts55x.lib : ctype.obj (.const:__ctypes_)

.const.2     0   [ 000057b4 ]  00002bda          *   0000003f   
                 [ 000057b4 ]  00002bda          *   00000024   rts55x.lib : _printfi.obj (.const:.string)
                 [ 000057fc ]  00002bfe          *   0000000c              : _printfi.obj (.const)
                 [ 00005814 ]  00002c0a          *   00000008              : divd.obj (.const:_initial_approx$1)
                 [ 00005824 ]  00002c12          *   00000007   fxfamilytime.obj (.const:.string)

.const.3     0   [ 00005834 ]  00002c1a          *   00000004   
                 [ 00005834 ]  00002c1a          *   00000002   rts55x.lib : fputs.obj (.const:.string)
                 [ 00005838 ]  00002c1c          *   00000002              : fltlid.obj (.const)

.bss.2       0   [ 00020000 ]  00010000          *   0000f62b   UNINITIALIZED
                 [ 00020000 ]  00010000          *   0000f62b   fxfamilytime.obj (.bss)

.text.1      0     0003ec56  [ 0001f62b ] 000013a4          *   
                   0003ec56  [ 0001f62b ] 000006eb          *   fxfamilytime.obj (.text)
                   0003f341  [ 0001f9a0+] 00000543          *   rts55x.lib : lowlev.obj (.text)
                   0003f884  [ 0001fc42 ] 00000528          *              : trgdrv.obj (.text)
                   0003fdac  [ 0001fed6 ] 000001f9          *   AIC_func.obj (.text)
                   0003ffa5  [ 0001ffd2+] 00000054          *   usbstk5515bsl.lib : usbstk5515.obj (.text)
                   0003fff9  [ 0001fffc ] 00000001          *   --HOLE-- [fill = 20]

.cinit       0   [ 00040000 ]  00020000          *   000040fd   
                 [ 00040000 ]  00020000          *   00004051   fxfamilytime.obj (.cinit)
                 [ 000480a2 ]  00024051          *   00000034   VE1939_UART.obj (.cinit)
                 [ 0004810a ]  00024085          *   0000002d   rts55x.lib : lowlev.obj (.cinit)
                 [ 00048164 ]  000240b2          *   0000002a              : defs.obj (.cinit)
                 [ 000481b8 ]  000240dc          *   0000000a              : _lock.obj (.cinit)
                 [ 000481cc ]  000240e6          *   0000000a              : exit.obj (.cinit)
                 [ 000481e0 ]  000240f0          *   00000004              : fopen.obj (.cinit)
                 [ 000481e8 ]  000240f4          *   00000004              : memory.obj (.cinit)
                 [ 000481f0 ]  000240f8          *   00000004   usbstk5515bsl.lib : usbstk5515_i2c.obj (.cinit)
                 [ 000481f8 ]  000240fc          *   00000001   --HOLE-- [fill = 0]

.cio         0   [ 00048200 ]  00024100          *   00000120   UNINITIALIZED
                 [ 00048200 ]  00024100          *   00000120   rts55x.lib : trgmsg.obj (.cio)

.switch      0   [ 00048440 ]  00024220          *   00000018   
                 [ 00048440 ]  00024220          *   00000018   VE1939_UART.obj (.switch:_uart_interrupt_handler)

.text.2      0     00048470  [ 00024238 ] 00003cc4          *   
                   00048470  [ 00024238 ] 000015a4          *   rts55x.lib : _printfi.obj (.text)
                   00049a14  [ 00024d0a ] 000004b5          *              : memory.obj (.text)
                   00049ec9  [ 00024f64+] 000003cc          *              : divd.obj (.text)
                   0004a295  [ 0002514a+] 0000027f          *              : fopen.obj (.text)
                   0004a514  [ 0002528a ] 0000025e          *              : llmpy.obj (.text)
                   0004a772  [ 000253b9 ] 0000025a          *              : addd.obj (.text)
                   0004a9cc  [ 000254e6 ] 000001ea          *              : cmpd.obj (.text)
                   0004abb6  [ 000255db ] 00000163          *              : fputs.obj (.text)
                   0004ad19  [ 0002568c+] 00000156          *   usbstk5515bsl.lib : usbstk5515_gpio.obj (.text)
                   0004ae6f  [ 00025737+] 0000014f          *   fxfamilytime.obj (.text:retain)
                   0004afbe  [ 000257df ] 0000014c          *   rts55x.lib : mpyd.obj (.text)
                   0004b10a  [ 00025885 ] 00000149          *   VE1939_UART.obj (.text:retain)
                   0004b253  [ 00025929+] 0000013e          *   usbstk5515bsl.lib : usbstk5515_i2c.obj (.text)
                   0004b391  [ 000259c8+] 000000e6          *   rts55x.lib : setvbuf.obj (.text)
                   0004b477  [ 00025a3b+] 000000dd          *              : _io_perm.obj (.text)
                   0004b554  [ 00025aaa ] 000000c2          *              : fflush.obj (.text)
                   0004b616  [ 00025b0b ] 000000ba          *              : trgmsg.obj (.text:CIO_breakpoint)
                   0004b6d0  [ 00025b68 ] 000000b1          *   InitializeC55xxCPU.obj (.text)
                   0004b781  [ 00025bc0+] 000000a6          *   rts55x.lib : fputc.obj (.text)
                   0004b827  [ 00025c13+] 000000a1          *              : divul.obj (.text)
                   0004b8c8  [ 00025c64 ] 00000087          *   vectors.obj (.text)
                   0004b94f  [ 00025ca7+] 0000007d          *   rts55x.lib : ltoa.obj (.text)
                   0004b9cc  [ 00025ce6 ] 0000007b          *              : fclose.obj (.text)
                   0004ba47  [ 00025d23+] 00000076          *              : frcmpyd.obj (.text)
                   0004babd  [ 00025d5e+] 00000073          *              : frcmpyd_div.obj (.text)
                   0004bb30  [ 00025d98 ] 00000072          *              : remul.obj (.text)
                   0004bba2  [ 00025dd1 ] 00000070          *   VE1939_UART.obj (.text)
                   0004bc12  [ 00025e09 ] 0000006f          *   rts55x.lib : fixdli.obj (.text)
                   0004bc81  [ 00025e40+] 0000006d          *              : trgmsg.obj (.text)
                   0004bcee  [ 00025e77 ] 0000006b          *              : fseek.obj (.text)
                   0004bd59  [ 00025eac+] 00000067          *              : fltlid.obj (.text)
                   0004bdc0  [ 00025ee0 ] 0000005c          *              : atoi.obj (.text)
                   0004be1c  [ 00025f0e ] 00000050          *              : printf.obj (.text)
                   0004be6c  [ 00025f36 ] 0000004d          *              : autoinit.obj (.text)
                   0004beb9  [ 00025f5c+] 0000004b          *              : args_main.obj (.text)
                   0004bf04  [ 00025f82 ] 0000004b          *              : remli.obj (.text)
                   0004bf4f  [ 00025fa7+] 00000048          *              : divli.obj (.text)
                   0004bf97  [ 00025fcb+] 0000003f          *              : memcpy.obj (.text)
                   0004bfd6  [ 00025feb ] 0000003e          *              : exit.obj (.text)
                   0004c014  [ 0002600a ] 00000034          *              : boot.obj (.text)
                   0004c048  [ 00026024 ] 0000002a          *              : fixdi.obj (.text)
                   0004c072  [ 00026039 ] 0000002a          *              : udiv.obj (.text)
                   0004c09c  [ 0002604e ] 00000023          *              : memccpy.obj (.text)
                   0004c0bf  [ 0002605f+] 0000001a          *              : isinf.obj (.text)
                   0004c0d9  [ 0002606c+] 00000014          *              : subd.obj (.text)
                   0004c0ed  [ 00026076+] 00000013          *              : lmpy.obj (.text)
                   0004c100  [ 00026080 ] 00000012          *              : _lock.obj (.text)
                   0004c112  [ 00026089 ] 00000010          *              : negd.obj (.text)
                   0004c122  [ 00026091 ] 0000000a          *              : remove.obj (.text)
                   0004c12c  [ 00026096 ] 00000007          *              : exit.obj (.text:CIO_breakpoint)
                   0004c133  [ 00026099 ] 00000001          *   --HOLE-- [fill = 20]

vectors      0     0004fe00  [ 00027f00 ] 00000100          *   
                   0004fe00  [ 00027f00 ] 00000100          *   vectors.obj (vectors)


GLOBAL SYMBOLS: SORTED ALPHABETICALLY BY Name 

abs. value/
byte addr   word addr   name
---------   ---------   ----
00000002                $TI_capability$C5500$CallingConvention
00000002                $TI_capability$C5500$MemoryModel
00000001                $TI_capability_requires_rev3
ffffffff                .bss
ffffffff                .data
ffffffff                .text
0004c12d                C$$EXIT
0004b6cb                C$$IO$$
0004c0ed                I$$LMPY
0004c072                I$$UDIV
0004c087                I$$UMOD
0003f026                _ADC_Dry_Fifo_Get
0003ef6d                _ADC_Dry_Fifo_Init
0003f2b3                _ADC_Dry_Fifo_Put
0003efdb                _ADC_Dry_Fifo_Size
            0001c422    _ADC_Dry_GetI
            0001c420    _ADC_Dry_PutI
0003efeb                _ADC_Wet_Fifo_Get
0003ef7d                _ADC_Wet_Fifo_Init
0003f270                _ADC_Wet_Fifo_Put
0003efcb                _ADC_Wet_Fifo_Size
            0001cc26    _ADC_Wet_GetI
            0001cc24    _ADC_Wet_PutI
0003fde9                _AIC3204_rset
0003fe03                _AIC_init
0003fde2                _AIC_off
0003fdc5                _AIC_read2
0003fdac                _AIC_write2
0004b779                _ConfigPort
0003f2f6                _DAC_Fifo_Get
0003ef5d                _DAC_Fifo_Init
0003f061                _DAC_Fifo_Put
0003f331                _DAC_Fifo_Size
            0001d42a    _DAC_GetI
            0001d428    _DAC_PutI
0003fd4e                _HOSTclock
0003fce3                _HOSTclose
0003fc2e                _HOSTlseek
0003fb8f                _HOSTopen
0003fb02                _HOSTread
0003fa54                _HOSTrename
0003f9f6                _HOSTtime
0003f98c                _HOSTunlink
0003f8ff                _HOSTwrite
0004ae6f                _I2S_ISR
0003ef8d                _I2S_interrupt_setup
0004bba2                _InitUART
0004b6d0                _InitializeCPU
0004fe00                _Reset
            00001abb    _UART_input
            00001abc    _UART_input_flag
            00001abd    _UARTstate
0004ae17                _USBSTK5515_GPIO_getInput
0004ad19                _USBSTK5515_GPIO_init
0004ad1d                _USBSTK5515_GPIO_setDirection
0004ad9a                _USBSTK5515_GPIO_setOutput
0004b272                _USBSTK5515_I2C_close
0004b253                _USBSTK5515_I2C_init
0004b318                _USBSTK5515_I2C_read
0004b27b                _USBSTK5515_I2C_reset
0004b289                _USBSTK5515_I2C_write
0003ffeb                _USBSTK5515_init
0003ffa5                _USBSTK5515_wait
0003ffd9                _USBSTK5515_waitusec
            00024100    __CIOBUF_
            00001060    __STACK_END
00002000                __STACK_SIZE
00002000                __SYSMEM_SIZE
00001000                __SYSSTACK_SIZE
00000001                __TI_args_main
ffffffff                ___binit__
ffffffff                ___bss__
ffffffff                ___c_args__
            00020000    ___cinit__
ffffffff                ___data__
ffffffff                ___edata__
ffffffff                ___end__
ffffffff                ___etext__
0004c0bf                ___isinf
ffffffff                ___pinit__
ffffffff                ___text__
0004a772                __addd
0004beb9                __args_main
0004a3b6                __cleanup
            00001ad4    __cleanup_ptr
0004ab5e                __cmpd
            00002ad8    __ctypes_
00049ec9                __divd
0004bf4f                __divli
0004a73d                __divlli
0004c072                __divu
0004b827                __divul
0004a649                __divull
0004b554                __doflush
            00001ad6    __dtors_ptr
0004ab2a                __eqld
0004c048                __fixdi
0004bc12                __fixdli
0004bd59                __fltlid
0004ba47                __frcmpyd
0004babd                __frcmpyd_div
            00001978    __ft_end
            00001860    __ftable
0004aae0                __geqd
0004aa95                __gtrd
0004aa48                __leqd
            00001ad0    __lock
0004aa00                __lssd
0004afbe                __mpyd
0004c0ed                __mpyli
0004a591                __mpylli
0004c112                __negd
0004a9cc                __neqd
0004c110                __nop
000497d2                __printfi
0004b4f7                __rd_ok
0004c108                __register_lock
0004c100                __register_unlock
0004bf04                __remli
0004a562                __remlli
0004c087                __remu
0004bb30                __remul
0004a514                __remull
            00000060    __stack
0004c0d9                __subd
            00001ad8    __sys_memory
            00001060    __sysstack
            000018d8    __tmpnams
            00001ad2    __unlock
0004b477                __wrt_ok
0004c12c                _abort
0003f794                _add_device
0003ef14                _addition
0003eeff                _applyGain
0004bdc0                _atoi
0004be6c                _auto_init
            00010000    _bitDepths
0004c014                _c_int00
0003ed90                _calculateRead
0003ec56                _calculateReadIndex
00049ea3                _calloc
00049e9b                _chkheap
0003f24a                _circIncReadWrite
0003f721                _close
            00010015    _delayBuffer
            0001c41c    _delayCount
            00010012    _delayCounter
            0001c016    _delayIn
            00010013    _delayLengthSamp
            0001c41d    _delayLengthSampCh
0004bfd6                _exit
            0001f42c    _extra
            00001ac8    _f1
0004b9cc                _fclose
0004b5bd                _fflush
0003f718                _find_registered_device
            0001c41f    _flag
0004a4d9                _fopen
0004b781                _fputc
0004abb6                _fputs
00049a14                _free
00049e45                _free_memory
0004a410                _freopen
0004bcee                _fseek
0003f884                _getenv
            0001c41a    _hexDelayIn
            00018015    _hexDelaySize
            0001c41b    _hexVaryTable
            00001ac9    _i2c_timeout
            0001dc2c    _input
            0001e42c    _inputDry
            00001abe    _k1
            00001abf    _k2
            00001ac0    _k3
            00001ac1    _k4
            00001ac2    _k5
            00001ac3    _k6
            00001ac4    _k7
            00001ac5    _k8
            00001ac6    _k9
            0001c41e    _keepSample
0003f6b2                _lseek
0004b94f                _ltoa
0003f0a4                _main
00049b45                _malloc
00049deb                _max_free
0004c09c                _memccpy
0004bf97                _memcpy
00049ae0                _minit
0003ef25                _mixDryWet
0003eee9                _normalizeBitDepth
0003eee0                _normalizeChorusFeedback
0003eed7                _normalizeDelayFeedback
0003eece                _normalizeDelayTime
0003eeb9                _normalizeDryWet
0003ee9a                _normalizeMasterGain
0003f5f3                _open
            0001ec2c    _output
0004be1c                _printf
0003ee7f                _processBitCrush
0003edcc                _processDelay
0003ec89                _processNewChorus
0004b781                _putc
0004b818                _putchar
0004aceb                _puts
0003f545                _read
            00010011    _readIndex
            0001c417    _readIndexCh
0004bc81                _readmsg
00049c3a                _realloc
0004c122                _remove
0003f50f                _remove_device
0003f4b6                _rename
            00001ac7    _s1
0004b391                _setvbuf
            00010014    _test2
0004b10a                _uart_interrupt_handler
0003f483                _unlink
            0001c418    _varyIndexCh
            00018016    _varyTable
0003f341                _write
            00010010    _writeIndex
            0001c416    _writeIndexCh
0004b616                _writemsg
            0001c419    _x
ffffffff                binit
            00020000    cinit
ffffffff                edata
ffffffff                end
ffffffff                etext
ffffffff                pinit
0004b8c8                reset_isr


GLOBAL SYMBOLS: SORTED BY Symbol Address 

abs. value/
byte addr   word addr   name
---------   ---------   ----
00000001                $TI_capability_requires_rev3
00000001                __TI_args_main
00000002                $TI_capability$C5500$CallingConvention
00000002                $TI_capability$C5500$MemoryModel
            00000060    __stack
00001000                __SYSSTACK_SIZE
00002000                __STACK_SIZE
00002000                __SYSMEM_SIZE
            00001060    __STACK_END
            00001060    __sysstack
            00001860    __ftable
            000018d8    __tmpnams
            00001978    __ft_end
            00001abb    _UART_input
            00001abc    _UART_input_flag
            00001abd    _UARTstate
            00001abe    _k1
            00001abf    _k2
            00001ac0    _k3
            00001ac1    _k4
            00001ac2    _k5
            00001ac3    _k6
            00001ac4    _k7
            00001ac5    _k8
            00001ac6    _k9
            00001ac7    _s1
            00001ac8    _f1
            00001ac9    _i2c_timeout
            00001ad0    __lock
            00001ad2    __unlock
            00001ad4    __cleanup_ptr
            00001ad6    __dtors_ptr
            00001ad8    __sys_memory
            00002ad8    __ctypes_
            00010000    _bitDepths
            00010010    _writeIndex
            00010011    _readIndex
            00010012    _delayCounter
            00010013    _delayLengthSamp
            00010014    _test2
            00010015    _delayBuffer
            00018015    _hexDelaySize
            00018016    _varyTable
            0001c016    _delayIn
            0001c416    _writeIndexCh
            0001c417    _readIndexCh
            0001c418    _varyIndexCh
            0001c419    _x
            0001c41a    _hexDelayIn
            0001c41b    _hexVaryTable
            0001c41c    _delayCount
            0001c41d    _delayLengthSampCh
            0001c41e    _keepSample
            0001c41f    _flag
            0001c420    _ADC_Dry_PutI
            0001c422    _ADC_Dry_GetI
            0001cc24    _ADC_Wet_PutI
            0001cc26    _ADC_Wet_GetI
            0001d428    _DAC_PutI
            0001d42a    _DAC_GetI
            0001dc2c    _input
            0001e42c    _inputDry
            0001ec2c    _output
            0001f42c    _extra
0003ec56                _calculateReadIndex
0003ec89                _processNewChorus
0003ed90                _calculateRead
0003edcc                _processDelay
0003ee7f                _processBitCrush
0003ee9a                _normalizeMasterGain
0003eeb9                _normalizeDryWet
0003eece                _normalizeDelayTime
0003eed7                _normalizeDelayFeedback
0003eee0                _normalizeChorusFeedback
0003eee9                _normalizeBitDepth
0003eeff                _applyGain
0003ef14                _addition
0003ef25                _mixDryWet
0003ef5d                _DAC_Fifo_Init
0003ef6d                _ADC_Dry_Fifo_Init
0003ef7d                _ADC_Wet_Fifo_Init
0003ef8d                _I2S_interrupt_setup
0003efcb                _ADC_Wet_Fifo_Size
0003efdb                _ADC_Dry_Fifo_Size
0003efeb                _ADC_Wet_Fifo_Get
0003f026                _ADC_Dry_Fifo_Get
0003f061                _DAC_Fifo_Put
0003f0a4                _main
0003f24a                _circIncReadWrite
0003f270                _ADC_Wet_Fifo_Put
0003f2b3                _ADC_Dry_Fifo_Put
0003f2f6                _DAC_Fifo_Get
0003f331                _DAC_Fifo_Size
0003f341                _write
0003f483                _unlink
0003f4b6                _rename
0003f50f                _remove_device
0003f545                _read
0003f5f3                _open
0003f6b2                _lseek
0003f718                _find_registered_device
0003f721                _close
0003f794                _add_device
0003f884                _getenv
0003f8ff                _HOSTwrite
0003f98c                _HOSTunlink
0003f9f6                _HOSTtime
0003fa54                _HOSTrename
0003fb02                _HOSTread
0003fb8f                _HOSTopen
0003fc2e                _HOSTlseek
0003fce3                _HOSTclose
0003fd4e                _HOSTclock
0003fdac                _AIC_write2
0003fdc5                _AIC_read2
0003fde2                _AIC_off
0003fde9                _AIC3204_rset
0003fe03                _AIC_init
0003ffa5                _USBSTK5515_wait
0003ffd9                _USBSTK5515_waitusec
0003ffeb                _USBSTK5515_init
            00020000    ___cinit__
            00020000    cinit
            00024100    __CIOBUF_
000497d2                __printfi
00049a14                _free
00049ae0                _minit
00049b45                _malloc
00049c3a                _realloc
00049deb                _max_free
00049e45                _free_memory
00049e9b                _chkheap
00049ea3                _calloc
00049ec9                __divd
0004a3b6                __cleanup
0004a410                _freopen
0004a4d9                _fopen
0004a514                __remull
0004a562                __remlli
0004a591                __mpylli
0004a649                __divull
0004a73d                __divlli
0004a772                __addd
0004a9cc                __neqd
0004aa00                __lssd
0004aa48                __leqd
0004aa95                __gtrd
0004aae0                __geqd
0004ab2a                __eqld
0004ab5e                __cmpd
0004abb6                _fputs
0004aceb                _puts
0004ad19                _USBSTK5515_GPIO_init
0004ad1d                _USBSTK5515_GPIO_setDirection
0004ad9a                _USBSTK5515_GPIO_setOutput
0004ae17                _USBSTK5515_GPIO_getInput
0004ae6f                _I2S_ISR
0004afbe                __mpyd
0004b10a                _uart_interrupt_handler
0004b253                _USBSTK5515_I2C_init
0004b272                _USBSTK5515_I2C_close
0004b27b                _USBSTK5515_I2C_reset
0004b289                _USBSTK5515_I2C_write
0004b318                _USBSTK5515_I2C_read
0004b391                _setvbuf
0004b477                __wrt_ok
0004b4f7                __rd_ok
0004b554                __doflush
0004b5bd                _fflush
0004b616                _writemsg
0004b6cb                C$$IO$$
0004b6d0                _InitializeCPU
0004b779                _ConfigPort
0004b781                _fputc
0004b781                _putc
0004b818                _putchar
0004b827                __divul
0004b8c8                reset_isr
0004b94f                _ltoa
0004b9cc                _fclose
0004ba47                __frcmpyd
0004babd                __frcmpyd_div
0004bb30                __remul
0004bba2                _InitUART
0004bc12                __fixdli
0004bc81                _readmsg
0004bcee                _fseek
0004bd59                __fltlid
0004bdc0                _atoi
0004be1c                _printf
0004be6c                _auto_init
0004beb9                __args_main
0004bf04                __remli
0004bf4f                __divli
0004bf97                _memcpy
0004bfd6                _exit
0004c014                _c_int00
0004c048                __fixdi
0004c072                I$$UDIV
0004c072                __divu
0004c087                I$$UMOD
0004c087                __remu
0004c09c                _memccpy
0004c0bf                ___isinf
0004c0d9                __subd
0004c0ed                I$$LMPY
0004c0ed                __mpyli
0004c100                __register_unlock
0004c108                __register_lock
0004c110                __nop
0004c112                __negd
0004c122                _remove
0004c12c                _abort
0004c12d                C$$EXIT
0004fe00                _Reset
ffffffff                .bss
ffffffff                .data
ffffffff                .text
ffffffff                ___binit__
ffffffff                ___bss__
ffffffff                ___c_args__
ffffffff                ___data__
ffffffff                ___edata__
ffffffff                ___end__
ffffffff                ___etext__
ffffffff                ___pinit__
ffffffff                ___text__
ffffffff                binit
ffffffff                edata
ffffffff                end
ffffffff                etext
ffffffff                pinit

[232 symbols]
