******************************************************************************
              TMS320C55x Linker PC v4.4.1                      
******************************************************************************
>> Linked Mon Dec 05 12:24:59 2016

OUTPUT FILE NAME:   <VE1939_bitCrush.out>
ENTRY POINT SYMBOL: "_c_int00"  address: 0002480b


MEMORY CONFIGURATION

         name            origin    length      used     unused   attr    fill
                        (bytes)   (bytes)    (bytes)   (bytes)
----------------------  --------  ---------  --------  --------  ----  --------
PAGE 0:
  MMR                   00000000   000000c0  00000000  000000c0  RWIX
  DARAM0                000000c0   0000ff40  00009b8c  000063b4  RWIX
  SARAM0                00010000   00010000  00000000  00010000  RWIX
  SARAM1                00020000   00020000  0000492d  0001b6d3  RWIX
  SARAM2                00040000   0000fe00  00000354  0000faac  RWIX
  VECS                  0004fe00   00000200  00000100  00000100  RWIX
  PDROM                 00ff8000   00008000  00000000  00008000  R IX

PAGE 2:
  IOPORT                00000000   00020000  00000000  00020000  RWI 


SECTION ALLOCATION MAP
(Addresses surrounded by []'s are displayed for convenience only!)

output                                                          attributes/
section   page  orgn(bytes) orgn(words) len(bytes) len(words)   input sections
--------  ----  ----------- ----------- ---------- ----------   --------------
.pinit       0   [ 00040000 ]  00020000          *   00000000   UNINITIALIZED

.stack       0   [ 000000c0 ]  00000060          *   00001000   UNINITIALIZED
                 [ 000000c0 ]  00000060          *   00001000   --HOLE--

.data        0   [ 000000c0 ]  00000060          *   00000000   UNINITIALIZED

.sysstack 
*            0   [ 000020c0 ]  00001060          *   00000800   UNINITIALIZED
                 [ 000020c0 ]  00001060          *   00000800   --HOLE--

.bss         0   [ 000030c0 ]  00001860          *   00002482   UNINITIALIZED
                 [ 000030c0 ]  00001860          *   00002218   hailMary.obj (.bss)
                 [ 000074f0 ]  00003a78          *   00000119   rts55x.lib : defs.obj (.bss)
                 [ 00007722 ]  00003b91          *   000000d0              : trgdrv.obj (.bss)
                 [ 000078c2 ]  00003c61          *   00000001              : fopen.obj (.bss)
                 [ 000078c4 ]  00003c62          *   00000071              : lowlev.obj (.bss)
                 [ 000079a6 ]  00003cd3          *   00000001   usbstk5515bsl.lib : usbstk5515_i2c.obj (.bss)
                 [ 000079a8 ]  00003cd4          *   00000006   rts55x.lib : memory.obj (.bss)
                 [ 000079b4 ]  00003cda          *   00000004              : _lock.obj (.bss)
                 [ 000079bc ]  00003cde          *   00000004              : exit.obj (.bss)

.sysmem      0   [ 000079c4 ]  00003ce2          *   00001000   UNINITIALIZED
                 [ 000079c4 ]  00003ce2          *   00001000   --HOLE--

.const.1     0   [ 000099c4 ]  00004ce2          *   00000101   
                 [ 000099c4 ]  00004ce2          *   00000101   rts55x.lib : ctype.obj (.const:__ctypes_)

.const.2     0   [ 00009bc8 ]  00004de4          *   0000003f   
                 [ 00009bc8 ]  00004de4          *   00000024   rts55x.lib : _printfi.obj (.const:.string)
                 [ 00009c10 ]  00004e08          *   0000000c              : _printfi.obj (.const)
                 [ 00009c28 ]  00004e14          *   00000008              : divd.obj (.const:_initial_approx$1)
                 [ 00009c38 ]  00004e1c          *   00000007   hailMary.obj (.const:.string)

.const.3     0   [ 00009c48 ]  00004e24          *   00000004   
                 [ 00009c48 ]  00004e24          *   00000002   rts55x.lib : fputs.obj (.const:.string)
                 [ 00009c4c ]  00004e26          *   00000002              : fltlid.obj (.const)

.text        0     00020000  [ 00010000 ] 0000492d          *   
                   00020000  [ 00010000 ] 000015a4          *   rts55x.lib : _printfi.obj (.text)
                   000215a4  [ 00010ad2 ] 00000543          *              : lowlev.obj (.text)
                   00021ae7  [ 00010d73+] 00000528          *              : trgdrv.obj (.text)
                   0002200f  [ 00011007+] 000004b5          *              : memory.obj (.text)
                   000224c4  [ 00011262 ] 000003cc          *              : divd.obj (.text)
                   00022890  [ 00011448 ] 000002a6          *   hailMary.obj (.text)
                   00022b36  [ 0001159b ] 0000027f          *   rts55x.lib : fopen.obj (.text)
                   00022db5  [ 000116da+] 0000025e          *              : llmpy.obj (.text)
                   00023013  [ 00011809+] 0000025a          *              : addd.obj (.text)
                   0002326d  [ 00011936+] 000001f9          *   AIC_func.obj (.text)
                   00023466  [ 00011a33 ] 000001ea          *   rts55x.lib : cmpd.obj (.text)
                   00023650  [ 00011b28 ] 00000163          *              : fputs.obj (.text)
                   000237b3  [ 00011bd9+] 00000156          *   usbstk5515bsl.lib : usbstk5515_gpio.obj (.text)
                   00023909  [ 00011c84+] 0000014c          *   rts55x.lib : mpyd.obj (.text)
                   00023a55  [ 00011d2a+] 00000149          *   hailMary.obj (.text:retain)
                   00023b9e  [ 00011dcf ] 0000013e          *   usbstk5515bsl.lib : usbstk5515_i2c.obj (.text)
                   00023cdc  [ 00011e6e ] 000000e6          *   rts55x.lib : setvbuf.obj (.text)
                   00023dc2  [ 00011ee1 ] 000000dd          *              : _io_perm.obj (.text)
                   00023e9f  [ 00011f4f+] 000000c2          *              : fflush.obj (.text)
                   00023f61  [ 00011fb0+] 000000ba          *              : trgmsg.obj (.text:CIO_breakpoint)
                   0002401b  [ 0001200d+] 000000a6          *              : fputc.obj (.text)
                   000240c1  [ 00012060+] 000000a1          *              : divul.obj (.text)
                   00024162  [ 000120b1 ] 0000007d          *              : ltoa.obj (.text)
                   000241df  [ 000120ef+] 0000007b          *              : fclose.obj (.text)
                   0002425a  [ 0001212d ] 00000076          *              : frcmpyd.obj (.text)
                   000242d0  [ 00012168 ] 00000073          *              : frcmpyd_div.obj (.text)
                   00024343  [ 000121a1+] 00000072          *              : remul.obj (.text)
                   000243b5  [ 000121da+] 0000006f          *              : fixdli.obj (.text)
                   00024424  [ 00012212 ] 0000006d          *              : trgmsg.obj (.text)
                   00024491  [ 00012248+] 0000006b          *              : fseek.obj (.text)
                   000244fc  [ 0001227e ] 00000067          *              : fltlid.obj (.text)
                   00024563  [ 000122b1+] 0000005c          *              : atoi.obj (.text)
                   000245bf  [ 000122df+] 00000054          *   usbstk5515bsl.lib : usbstk5515.obj (.text)
                   00024613  [ 00012309+] 00000050          *   rts55x.lib : printf.obj (.text)
                   00024663  [ 00012331+] 0000004d          *              : autoinit.obj (.text)
                   000246b0  [ 00012358 ] 0000004b          *              : args_main.obj (.text)
                   000246fb  [ 0001237d+] 0000004b          *              : remli.obj (.text)
                   00024746  [ 000123a3 ] 00000048          *              : divli.obj (.text)
                   0002478e  [ 000123c7 ] 0000003f          *              : memcpy.obj (.text)
                   000247cd  [ 000123e6+] 0000003e          *              : exit.obj (.text)
                   0002480b  [ 00012405+] 00000034          *              : boot.obj (.text)
                   0002483f  [ 0001241f+] 0000002a          *              : fixdi.obj (.text)
                   00024869  [ 00012434+] 0000002a          *              : udiv.obj (.text)
                   00024893  [ 00012449+] 00000023          *              : memccpy.obj (.text)
                   000248b6  [ 0001245b ] 0000001a          *              : isinf.obj (.text)
                   000248d0  [ 00012468 ] 00000014          *              : subd.obj (.text)
                   000248e4  [ 00012472 ] 00000013          *              : lmpy.obj (.text)
                   000248f7  [ 0001247b+] 00000012          *              : _lock.obj (.text)
                   00024909  [ 00012484+] 00000010          *              : negd.obj (.text)
                   00024919  [ 0001248c+] 0000000a          *              : remove.obj (.text)
                   00024923  [ 00012491+] 00000007          *              : exit.obj (.text:CIO_breakpoint)
                   0002492a  [ 00012495 ] 00000002          *              : vectors.obj (.text)
                   0002492c  [ 00012496 ] 00000001          *   --HOLE-- [fill = 20]

.cio         0   [ 00040000 ]  00020000          *   00000120   UNINITIALIZED
                 [ 00040000 ]  00020000          *   00000120   rts55x.lib : trgmsg.obj (.cio)

.cinit       0   [ 00040240 ]  00020120          *   0000008a   
                 [ 00040240 ]  00020120          *   0000002d   rts55x.lib : lowlev.obj (.cinit)
                 [ 0004029a ]  0002014d          *   0000002a              : defs.obj (.cinit)
                 [ 000402ee ]  00020177          *   00000012   hailMary.obj (.cinit)
                 [ 00040312 ]  00020189          *   0000000a   rts55x.lib : _lock.obj (.cinit)
                 [ 00040326 ]  00020193          *   0000000a              : exit.obj (.cinit)
                 [ 0004033a ]  0002019d          *   00000004              : fopen.obj (.cinit)
                 [ 00040342 ]  000201a1          *   00000004              : memory.obj (.cinit)
                 [ 0004034a ]  000201a5          *   00000004   usbstk5515bsl.lib : usbstk5515_i2c.obj (.cinit)
                 [ 00040352 ]  000201a9          *   00000001   --HOLE-- [fill = 0]

vectors      0     0004fe00  [ 00027f00 ] 00000100          *   
                   0004fe00  [ 00027f00 ] 00000100          *   rts55x.lib : vectors.obj (vectors)


GLOBAL SYMBOLS: SORTED ALPHABETICALLY BY Name 

abs. value/
byte addr   word addr   name
---------   ---------   ----
00000002                $TI_capability$C5500$CallingConvention
00000002                $TI_capability$C5500$MemoryModel
00000001                $TI_capability_requires_rev3
ffffffff                .bss
ffffffff                .data
ffffffff                .text
00024924                C$$EXIT
00024016                C$$IO$$
000248e4                I$$LMPY
00024869                I$$UDIV
0002487e                I$$UMOD
00022919                _ADC_Fifo_Get
000228bb                _ADC_Fifo_Init
00022aa8                _ADC_Fifo_Put
00022909                _ADC_Fifo_Size
            00001872    _ADC_GetI
            00001870    _ADC_PutI
000232aa                _AIC3204_rset
000232c4                _AIC_init
000232a3                _AIC_off
00023286                _AIC_read2
0002326d                _AIC_write2
00022aeb                _DAC_Fifo_Get
000228ab                _DAC_Fifo_Init
00022954                _DAC_Fifo_Put
00022b26                _DAC_Fifo_Size
            00002076    _DAC_GetI
            00002074    _DAC_PutI
00021fb1                _HOSTclock
00021f46                _HOSTclose
00021e91                _HOSTlseek
00021df2                _HOSTopen
00021d65                _HOSTread
00021cb7                _HOSTrename
00021c59                _HOSTtime
00021bef                _HOSTunlink
00021b62                _HOSTwrite
00023a55                _I2S_ISR
000228cb                _I2S_interrupt_setup
0004fe00                _Reset
000238b1                _USBSTK5515_GPIO_getInput
000237b3                _USBSTK5515_GPIO_init
000237b7                _USBSTK5515_GPIO_setDirection
00023834                _USBSTK5515_GPIO_setOutput
00023bbd                _USBSTK5515_I2C_close
00023b9e                _USBSTK5515_I2C_init
00023c63                _USBSTK5515_I2C_read
00023bc6                _USBSTK5515_I2C_reset
00023bd4                _USBSTK5515_I2C_write
00024605                _USBSTK5515_init
000245bf                _USBSTK5515_wait
000245f3                _USBSTK5515_waitusec
            00020000    __CIOBUF_
            00001060    __STACK_END
00002000                __STACK_SIZE
00002000                __SYSMEM_SIZE
00001000                __SYSSTACK_SIZE
00000001                __TI_args_main
ffffffff                ___binit__
ffffffff                ___bss__
ffffffff                ___c_args__
            00020120    ___cinit__
ffffffff                ___data__
ffffffff                ___edata__
ffffffff                ___end__
ffffffff                ___etext__
000248b6                ___isinf
ffffffff                ___pinit__
ffffffff                ___text__
00023013                __addd
000246b0                __args_main
00022c57                __cleanup
            00003cde    __cleanup_ptr
000235f8                __cmpd
            00004ce2    __ctypes_
000224c4                __divd
00024746                __divli
00022fde                __divlli
00024869                __divu
000240c1                __divul
00022eea                __divull
00023e9f                __doflush
            00003ce0    __dtors_ptr
000235c4                __eqld
0002483f                __fixdi
000243b5                __fixdli
000244fc                __fltlid
0002425a                __frcmpyd
000242d0                __frcmpyd_div
            00003b90    __ft_end
            00003a78    __ftable
0002357a                __geqd
0002352f                __gtrd
000234e2                __leqd
            00003cda    __lock
0002349a                __lssd
00023909                __mpyd
000248e4                __mpyli
00022e32                __mpylli
00024909                __negd
00023466                __neqd
00024907                __nop
00021362                __printfi
00023e42                __rd_ok
000248ff                __register_lock
000248f7                __register_unlock
000246fb                __remli
00022e03                __remlli
0002487e                __remu
00024343                __remul
00022db5                __remull
            00000060    __stack
000248d0                __subd
            00003ce2    __sys_memory
            00001060    __sysstack
            00003af0    __tmpnams
            00003cdc    __unlock
00023dc2                __wrt_ok
00024923                _abort
000219f7                _add_device
00024563                _atoi
00024663                _auto_init
            00001860    _bitDepths
0002480b                _c_int00
0002249e                _calloc
00022496                _chkheap
00021984                _close
000247cd                _exit
            00003878    _extra
000241df                _fclose
00023f08                _fflush
0002197b                _find_registered_device
            00003a77    _flag
00022d7a                _fopen
0002401b                _fputc
00023650                _fputs
0002200f                _free
00022440                _free_memory
00022cb1                _freopen
00024491                _fseek
00021ae7                _getenv
            00003cd3    _i2c_timeout
            00002878    _input
            0000186f    _keepSample
00021915                _lseek
00024162                _ltoa
00022997                _main
00022140                _malloc
000223e6                _max_free
00024893                _memccpy
0002478e                _memcpy
000220db                _minit
00021856                _open
            00003078    _output
00024613                _printf
00022890                _processBitCrush
0002401b                _putc
000240b2                _putchar
00023785                _puts
000217a8                _read
00024424                _readmsg
00022235                _realloc
00024919                _remove
00021772                _remove_device
00021719                _rename
00023cdc                _setvbuf
000216e6                _unlink
000215a4                _write
00023f61                _writemsg
ffffffff                binit
            00020120    cinit
ffffffff                edata
ffffffff                end
ffffffff                etext
ffffffff                pinit


GLOBAL SYMBOLS: SORTED BY Symbol Address 

abs. value/
byte addr   word addr   name
---------   ---------   ----
00000001                $TI_capability_requires_rev3
00000001                __TI_args_main
00000002                $TI_capability$C5500$CallingConvention
00000002                $TI_capability$C5500$MemoryModel
            00000060    __stack
00001000                __SYSSTACK_SIZE
00002000                __STACK_SIZE
00002000                __SYSMEM_SIZE
            00001060    __STACK_END
            00001060    __sysstack
            00001860    _bitDepths
            0000186f    _keepSample
            00001870    _ADC_PutI
            00001872    _ADC_GetI
            00002074    _DAC_PutI
            00002076    _DAC_GetI
            00002878    _input
            00003078    _output
            00003878    _extra
            00003a77    _flag
            00003a78    __ftable
            00003af0    __tmpnams
            00003b90    __ft_end
            00003cd3    _i2c_timeout
            00003cda    __lock
            00003cdc    __unlock
            00003cde    __cleanup_ptr
            00003ce0    __dtors_ptr
            00003ce2    __sys_memory
            00004ce2    __ctypes_
00021362                __printfi
000215a4                _write
000216e6                _unlink
00021719                _rename
00021772                _remove_device
000217a8                _read
00021856                _open
00021915                _lseek
0002197b                _find_registered_device
00021984                _close
000219f7                _add_device
00021ae7                _getenv
00021b62                _HOSTwrite
00021bef                _HOSTunlink
00021c59                _HOSTtime
00021cb7                _HOSTrename
00021d65                _HOSTread
00021df2                _HOSTopen
00021e91                _HOSTlseek
00021f46                _HOSTclose
00021fb1                _HOSTclock
0002200f                _free
000220db                _minit
00022140                _malloc
00022235                _realloc
000223e6                _max_free
00022440                _free_memory
00022496                _chkheap
0002249e                _calloc
000224c4                __divd
00022890                _processBitCrush
000228ab                _DAC_Fifo_Init
000228bb                _ADC_Fifo_Init
000228cb                _I2S_interrupt_setup
00022909                _ADC_Fifo_Size
00022919                _ADC_Fifo_Get
00022954                _DAC_Fifo_Put
00022997                _main
00022aa8                _ADC_Fifo_Put
00022aeb                _DAC_Fifo_Get
00022b26                _DAC_Fifo_Size
00022c57                __cleanup
00022cb1                _freopen
00022d7a                _fopen
00022db5                __remull
00022e03                __remlli
00022e32                __mpylli
00022eea                __divull
00022fde                __divlli
00023013                __addd
0002326d                _AIC_write2
00023286                _AIC_read2
000232a3                _AIC_off
000232aa                _AIC3204_rset
000232c4                _AIC_init
00023466                __neqd
0002349a                __lssd
000234e2                __leqd
0002352f                __gtrd
0002357a                __geqd
000235c4                __eqld
000235f8                __cmpd
00023650                _fputs
00023785                _puts
000237b3                _USBSTK5515_GPIO_init
000237b7                _USBSTK5515_GPIO_setDirection
00023834                _USBSTK5515_GPIO_setOutput
000238b1                _USBSTK5515_GPIO_getInput
00023909                __mpyd
00023a55                _I2S_ISR
00023b9e                _USBSTK5515_I2C_init
00023bbd                _USBSTK5515_I2C_close
00023bc6                _USBSTK5515_I2C_reset
00023bd4                _USBSTK5515_I2C_write
00023c63                _USBSTK5515_I2C_read
00023cdc                _setvbuf
00023dc2                __wrt_ok
00023e42                __rd_ok
00023e9f                __doflush
00023f08                _fflush
00023f61                _writemsg
00024016                C$$IO$$
0002401b                _fputc
0002401b                _putc
000240b2                _putchar
000240c1                __divul
00024162                _ltoa
000241df                _fclose
0002425a                __frcmpyd
000242d0                __frcmpyd_div
00024343                __remul
000243b5                __fixdli
00024424                _readmsg
00024491                _fseek
000244fc                __fltlid
00024563                _atoi
000245bf                _USBSTK5515_wait
000245f3                _USBSTK5515_waitusec
00024605                _USBSTK5515_init
00024613                _printf
00024663                _auto_init
000246b0                __args_main
000246fb                __remli
00024746                __divli
0002478e                _memcpy
000247cd                _exit
0002480b                _c_int00
0002483f                __fixdi
00024869                I$$UDIV
00024869                __divu
0002487e                I$$UMOD
0002487e                __remu
00024893                _memccpy
000248b6                ___isinf
000248d0                __subd
000248e4                I$$LMPY
000248e4                __mpyli
000248f7                __register_unlock
000248ff                __register_lock
00024907                __nop
00024909                __negd
00024919                _remove
00024923                _abort
00024924                C$$EXIT
            00020000    __CIOBUF_
            00020120    ___cinit__
            00020120    cinit
0004fe00                _Reset
ffffffff                .bss
ffffffff                .data
ffffffff                .text
ffffffff                ___binit__
ffffffff                ___bss__
ffffffff                ___c_args__
ffffffff                ___data__
ffffffff                ___edata__
ffffffff                ___end__
ffffffff                ___etext__
ffffffff                ___pinit__
ffffffff                ___text__
ffffffff                binit
ffffffff                edata
ffffffff                end
ffffffff                etext
ffffffff                pinit

[175 symbols]
