******************************************************************************
              TMS320C55x Linker PC v4.4.1                      
******************************************************************************
>> Linked Tue Nov 29 11:19:45 2016

OUTPUT FILE NAME:   <VE1939.out>
ENTRY POINT SYMBOL: "_c_int00"  address: 00036a99


MEMORY CONFIGURATION

         name            origin    length      used     unused   attr    fill
                        (bytes)   (bytes)    (bytes)   (bytes)
----------------------  --------  ---------  --------  --------  ----  --------
PAGE 0:
  MMR                   00000000   000000c0  00000000  000000c0  RWIX
  DARAM0                000000c0   0000ff40  0000603e  00009f02  RWIX
  SARAM0                00010000   00010000  00000000  00010000  RWIX
  SARAM1                00020000   00020000  00016bc7  00009439  RWIX
  SARAM2                00040000   0000fe00  0000035c  0000faa4  RWIX
  VECS                  0004fe00   00000200  00000100  00000100  RWIX
  PDROM                 00ff8000   00008000  00000000  00008000  R IX

PAGE 2:
  IOPORT                00000000   00020000  00000000  00020000  RWI 


SECTION ALLOCATION MAP
(Addresses surrounded by []'s are displayed for convenience only!)

output                                                          attributes/
section   page  orgn(bytes) orgn(words) len(bytes) len(words)   input sections
--------  ----  ----------- ----------- ---------- ----------   --------------
.pinit       0   [ 00040000 ]  00020000          *   00000000   UNINITIALIZED

.stack       0   [ 000000c0 ]  00000060          *   00001000   UNINITIALIZED
                 [ 000000c0 ]  00000060          *   00001000   --HOLE--

.sysstack 
*            0   [ 000020c0 ]  00001060          *   00000800   UNINITIALIZED
                 [ 000020c0 ]  00001060          *   00000800   --HOLE--

.bss.1       0   [ 000030c0 ]  00001860          *   00000282   UNINITIALIZED
                 [ 000030c0 ]  00001860          *   00000119   rts55x.lib : defs.obj (.bss)
                 [ 000032f2 ]  00001979          *   000000d0              : trgdrv.obj (.bss)
                 [ 00003492 ]  00001a49          *   00000001              : fopen.obj (.bss)
                 [ 00003494 ]  00001a4a          *   00000071              : lowlev.obj (.bss)
                 [ 00003576 ]  00001abb          *   00000001   usbstk5515bsl.lib : usbstk5515_i2c.obj (.bss)
                 [ 00003578 ]  00001abc          *   00000008   rts55x.lib : cos.obj (.bss)
                 [ 00003588 ]  00001ac4          *   00000008              : sin.obj (.bss)
                 [ 00003598 ]  00001acc          *   00000006              : memory.obj (.bss)
                 [ 000035a4 ]  00001ad2          *   00000004   55xdspx_LARGE.lib : cfft_noscale.obj (.bss)
                 [ 000035ac ]  00001ad6          *   00000004                     : cifft_noscale.obj (.bss)
                 [ 000035b4 ]  00001ada          *   00000004   rts55x.lib : _lock.obj (.bss)
                 [ 000035bc ]  00001ade          *   00000004              : exit.obj (.bss)

.sysmem      0   [ 000035c4 ]  00001ae2          *   00001000   UNINITIALIZED
                 [ 000035c4 ]  00001ae2          *   00001000   --HOLE--

.data        0   [ 000055c4 ]  00002ae2          *   00000400   
                 [ 000055c4 ]  00002ae2          *   00000400   55xdspx_LARGE.lib : twiddle.obj (.data:twiddle)

.const.1     0   [ 00005dc4 ]  00002ee2          *   00000101   
                 [ 00005dc4 ]  00002ee2          *   00000101   rts55x.lib : ctype.obj (.const:__ctypes_)

.const.2     0   [ 00005fc8 ]  00002fe4          *   0000009c   
                 [ 00005fc8 ]  00002fe4          *   00000024   rts55x.lib : _printfi.obj (.const:.string)
                 [ 00006010 ]  00003008          *   00000020   vocoder.obj (.const:.string)
                 [ 00006050 ]  00003028          *   00000016   rts55x.lib : cos.obj (.const)
                 [ 0000607c ]  0000303e          *   00000014              : sin.obj (.const)
                 [ 000060a4 ]  00003052          *   0000000c              : _printfi.obj (.const)
                 [ 000060bc ]  0000305e          *   00000008              : divd.obj (.const:_initial_approx$1)
                 [ 000060cc ]  00003066          *   00000008              : round.obj (.const)
                 [ 000060dc ]  0000306e          *   00000006              : modf.obj (.const)
                 [ 000060e8 ]  00003074          *   00000004              : trunc.obj (.const)
                 [ 000060f0 ]  00003078          *   00000004   vocoder.obj (.const)
                 [ 000060f8 ]  0000307c          *   00000002   rts55x.lib : fputs.obj (.const:.string)
                 [ 000060fc ]  0000307e          *   00000002              : fltlid.obj (.const)

.bss.2       0   [ 00020000 ]  00010000          *   00008c2c   UNINITIALIZED
                 [ 00020000 ]  00010000          *   00008c2c   vocoder.obj (.bss)

.text        0     00031858  [ 00018c2c ] 0000536f          *   
                   00031858  [ 00018c2c ] 000015a4          *   rts55x.lib : _printfi.obj (.text)
                   00032dfc  [ 000196fe ] 00000543          *              : lowlev.obj (.text)
                   0003333f  [ 0001999f+] 00000528          *              : trgdrv.obj (.text)
                   00033867  [ 00019c33+] 000004b5          *              : memory.obj (.text)
                   00033d1c  [ 00019e8e ] 000003cc          *              : divd.obj (.text)
                   000340e8  [ 0001a074 ] 00000328          *   vocoder.obj (.text)
                   00034410  [ 0001a208 ] 0000027f          *   rts55x.lib : fopen.obj (.text)
                   0003468f  [ 0001a347+] 0000025e          *              : llmpy.obj (.text)
                   000348ed  [ 0001a476+] 0000025a          *              : addd.obj (.text)
                   00034b47  [ 0001a5a3+] 00000223          *   452_Labs_Essentials.lib : AIC_func.obj (.text)
                   00034d6a  [ 0001a6b5 ] 00000218          *   rts55x.lib : cos.obj (.text)
                   00034f82  [ 0001a7c1 ] 000001f2          *              : sin.obj (.text)
                   00035174  [ 0001a8ba ] 000001ea          *              : cmpd.obj (.text)
                   0003535e  [ 0001a9af ] 00000167          *   55xdspx_LARGE.lib : cfft_noscale.obj (.text)
                   000354c5  [ 0001aa62+] 00000165          *   vocoder.obj (.text:retain)
                   0003562a  [ 0001ab15 ] 00000163          *   55xdspx_LARGE.lib : cifft_noscale.obj (.text)
                   0003578d  [ 0001abc6+] 00000163          *   rts55x.lib : fputs.obj (.text)
                   000358f0  [ 0001ac78 ] 00000156          *   usbstk5515bsl.lib : usbstk5515_gpio.obj (.text)
                   00035a46  [ 0001ad23 ] 0000014c          *   rts55x.lib : mpyd.obj (.text)
                   00035b92  [ 0001adc9 ] 0000013e          *   usbstk5515bsl.lib : usbstk5515_i2c.obj (.text)
                   00035cd0  [ 0001ae68 ] 000000e6          *   rts55x.lib : setvbuf.obj (.text)
                   00035db6  [ 0001aedb ] 000000de          *   55xdspx_LARGE.lib : cbrev.obj (.text:cbrev)
                   00035e94  [ 0001af4a ] 000000dd          *   rts55x.lib : _io_perm.obj (.text)
                   00035f71  [ 0001afb8+] 000000c2          *              : fflush.obj (.text)
                   00036033  [ 0001b019+] 000000bf          *              : modf.obj (.text)
                   000360f2  [ 0001b079 ] 000000ba          *              : trgmsg.obj (.text:CIO_breakpoint)
                   000361ac  [ 0001b0d6 ] 000000a6          *              : fputc.obj (.text)
                   00036252  [ 0001b129 ] 000000a1          *              : divul.obj (.text)
                   000362f3  [ 0001b179+] 0000007d          *              : ltoa.obj (.text)
                   00036370  [ 0001b1b8 ] 0000007b          *              : fclose.obj (.text)
                   000363eb  [ 0001b1f5+] 00000076          *              : frcmpyd.obj (.text)
                   00036461  [ 0001b230+] 00000073          *              : frcmpyd_div.obj (.text)
                   000364d4  [ 0001b26a ] 00000072          *              : remul.obj (.text)
                   00036546  [ 0001b2a3 ] 0000006f          *              : fixdli.obj (.text)
                   000365b5  [ 0001b2da+] 0000006d          *              : trgmsg.obj (.text)
                   00036622  [ 0001b311 ] 0000006b          *              : fseek.obj (.text)
                   0003668d  [ 0001b346+] 00000067          *              : fltlid.obj (.text)
                   000366f4  [ 0001b37a ] 0000005f          *              : round.obj (.text)
                   00036753  [ 0001b3a9+] 0000005d          *   55xdspx_LARGE.lib : mul32.obj (.text)
                   000367b0  [ 0001b3d8 ] 0000005c          *   rts55x.lib : atoi.obj (.text)
                   0003680c  [ 0001b406 ] 00000054          *   usbstk5515bsl.lib : usbstk5515.obj (.text)
                   00036860  [ 0001b430 ] 00000050          *   rts55x.lib : printf.obj (.text)
                   000368b0  [ 0001b458 ] 0000004d          *              : autoinit.obj (.text)
                   000368fd  [ 0001b47e+] 0000004b          *              : args_main.obj (.text)
                   00036948  [ 0001b4a4 ] 0000004b          *              : remli.obj (.text)
                   00036993  [ 0001b4c9+] 00000048          *              : divli.obj (.text)
                   000369db  [ 0001b4ed+] 00000041          *              : trunc.obj (.text)
                   00036a1c  [ 0001b50e ] 0000003f          *              : memcpy.obj (.text)
                   00036a5b  [ 0001b52d+] 0000003e          *              : exit.obj (.text)
                   00036a99  [ 0001b54c+] 00000034          *              : boot.obj (.text)
                   00036acd  [ 0001b566+] 0000002a          *              : fixdi.obj (.text)
                   00036af7  [ 0001b57b+] 0000002a          *              : udiv.obj (.text)
                   00036b21  [ 0001b590+] 00000023          *              : memccpy.obj (.text)
                   00036b44  [ 0001b5a2 ] 0000001a          *              : isinf.obj (.text)
                   00036b5e  [ 0001b5af ] 00000014          *              : subd.obj (.text)
                   00036b72  [ 0001b5b9 ] 00000013          *              : lmpy.obj (.text)
                   00036b85  [ 0001b5c2+] 00000012          *              : _lock.obj (.text)
                   00036b97  [ 0001b5cb+] 00000010          *              : negd.obj (.text)
                   00036ba7  [ 0001b5d3+] 0000000c          *              : fltid.obj (.text)
                   00036bb3  [ 0001b5d9+] 0000000a          *              : remove.obj (.text)
                   00036bbd  [ 0001b5de+] 00000007          *              : exit.obj (.text:CIO_breakpoint)
                   00036bc4  [ 0001b5e2 ] 00000002          *              : vectors.obj (.text)
                   00036bc6  [ 0001b5e3 ] 00000001          *   --HOLE-- [fill = 20]

.cio         0   [ 00040000 ]  00020000          *   00000120   UNINITIALIZED
                 [ 00040000 ]  00020000          *   00000120   rts55x.lib : trgmsg.obj (.cio)

.cinit       0   [ 00040240 ]  00020120          *   0000008e   
                 [ 00040240 ]  00020120          *   0000002d   rts55x.lib : lowlev.obj (.cinit)
                 [ 0004029a ]  0002014d          *   0000002a              : defs.obj (.cinit)
                 [ 000402ee ]  00020177          *   0000000b              : cos.obj (.cinit)
                 [ 00040304 ]  00020182          *   0000000b              : sin.obj (.cinit)
                 [ 0004031a ]  0002018d          *   0000000a              : _lock.obj (.cinit)
                 [ 0004032e ]  00020197          *   0000000a              : exit.obj (.cinit)
                 [ 00040342 ]  000201a1          *   00000004              : fopen.obj (.cinit)
                 [ 0004034a ]  000201a5          *   00000004              : memory.obj (.cinit)
                 [ 00040352 ]  000201a9          *   00000004   usbstk5515bsl.lib : usbstk5515_i2c.obj (.cinit)
                 [ 0004035a ]  000201ad          *   00000001   --HOLE-- [fill = 0]

vectors      0     0004fe00  [ 00027f00 ] 00000100          *   
                   0004fe00  [ 00027f00 ] 00000100          *   rts55x.lib : vectors.obj (vectors)


GLOBAL SYMBOLS: SORTED ALPHABETICALLY BY Name 

abs. value/
byte addr   word addr   name
---------   ---------   ----
00000002                $TI_capability$C5500$CallingConvention
00000002                $TI_capability$C5500$MemoryModel
00000001                $TI_capability_requires_rev3
ffffffff                .bss
ffffffff                .data
ffffffff                .text
00036bbe                C$$EXIT
000361a7                C$$IO$$
00036b72                I$$LMPY
00036af7                I$$UDIV
00036b0c                I$$UMOD
00034b47                _AIC3204_rset
00034b69                _AIC_init
00034d63                _AIC_off
00034d0b                _AIC_read2
00034d3e                _AIC_write2
            00010000    _Counter
00033809                _HOSTclock
0003379e                _HOSTclose
000336e9                _HOSTlseek
0003364a                _HOSTopen
000335bd                _HOSTread
0003350f                _HOSTrename
000334b1                _HOSTtime
00033447                _HOSTunlink
000333ba                _HOSTwrite
000354c5                _I2S_ISR
00034192                _I2S_interrupt_setup
0004fe00                _Reset
000359ee                _USBSTK5515_GPIO_getInput
000358f0                _USBSTK5515_GPIO_init
000358f4                _USBSTK5515_GPIO_setDirection
00035971                _USBSTK5515_GPIO_setOutput
00035bb1                _USBSTK5515_I2C_close
00035b92                _USBSTK5515_I2C_init
00035c57                _USBSTK5515_I2C_read
00035bba                _USBSTK5515_I2C_reset
00035bc8                _USBSTK5515_I2C_write
00036852                _USBSTK5515_init
0003680c                _USBSTK5515_wait
00036840                _USBSTK5515_waitusec
            00020000    __CIOBUF_
            00001060    __STACK_END
00002000                __STACK_SIZE
00002000                __SYSMEM_SIZE
00001000                __SYSSTACK_SIZE
00000001                __TI_args_main
ffffffff                ___binit__
ffffffff                ___bss__
ffffffff                ___c_args__
            00020120    ___cinit__
ffffffff                ___data__
ffffffff                ___edata__
ffffffff                ___end__
ffffffff                ___etext__
00036b44                ___isinf
ffffffff                ___pinit__
ffffffff                ___text__
000348ed                __addd
000368fd                __args_main
00034531                __cleanup
            00001ade    __cleanup_ptr
00035306                __cmpd
            00002ee2    __ctypes_
00033d1c                __divd
00036993                __divli
000348b8                __divlli
00036af7                __divu
00036252                __divul
000347c4                __divull
00035f71                __doflush
            00001ae0    __dtors_ptr
000352d2                __eqld
00036acd                __fixdi
00036546                __fixdli
00036ba7                __fltid
0003668d                __fltlid
000363eb                __frcmpyd
00036461                __frcmpyd_div
            00001978    __ft_end
            00001860    __ftable
00035288                __geqd
0003523d                __gtrd
000351f0                __leqd
            00001ada    __lock
000351a8                __lssd
00035a46                __mpyd
00036b72                __mpyli
0003470c                __mpylli
00036b97                __negd
00035174                __neqd
00036b95                __nop
000366f4                __nround
00032bba                __printfi
00035f14                __rd_ok
00036b8d                __register_lock
00036b85                __register_unlock
00036948                __remli
000346dd                __remlli
00036b0c                __remu
000364d4                __remul
0003468f                __remull
            00000060    __stack
00036b5e                __subd
            00001ae2    __sys_memory
            00001060    __sysstack
            000018d8    __tmpnams
000369db                __trunc
            00001adc    __unlock
00035e94                __wrt_ok
00036bbd                _abort
0003324f                _add_device
000367b0                _atoi
000368b0                _auto_init
            00014003    _bPhase
            00014804    _bPhaseCosineL
            00014403    _bPhaseSine
            00015004    _bPhaseSineL
            00016804    _bSImagL
            00015804    _bSRealL
            00010003    _bSpeech
            00010803    _bSpeechFill
            00011003    _bSpeechFreq
            00011803    _bSynth
            00012003    _bSynthFill
            00012803    _bSynthFreq
            00017804    _bVocoded
            00018004    _bVocodedTemp
            00017004    _bYImagL
            00016004    _bYRealL
00036a99                _c_int00
00033cf6                _calloc
00035db6                _cbrev
0003535e                _cfft_NOSCALE
00033cee                _chkheap
0003562a                _cifft_NOSCALE
000331dc                _close
00034400                _combineRealImag
00034d6a                _cos
            00018a04    _cosTable
00036a5b                _exit
00036370                _fclose
00035fda                _fflush
000331d3                _find_registered_device
00034654                _fopen
000361ac                _fputc
0003578d                _fputs
00033867                _free
00033c98                _free_memory
0003458b                _freopen
00036622                _fseek
0003333f                _getenv
            00001abb    _i2c_timeout
            00010002    _keepSample
0003316d                _lseek
000362f3                _ltoa
000341d0                _main
00033998                _malloc
00033c3e                _max_free
00036b21                _memccpy
00036a1c                _memcpy
00033933                _minit
00036033                _modf
00036753                _mul32
000330ae                _open
            00018c28    _pSImagL
            00018c24    _pSRealL
            00018c04    _pSpeech
            00018c06    _pSpeechFill
            00018c08    _pSpeechFreq
            00018c0a    _pSynth
            00018c0c    _pSynthFill
            00018c0e    _pSynthFreq
            00018c1e    _pVocTemp
            00018c1c    _pVocoded
            00018c2a    _pYImagL
            00018c26    _pYRealL
            00018c18    _phase
            00018c20    _phaseCosineLong
            00018c1a    _phaseSine
            00018c22    _phaseSineLong
00036860                _printf
            00018c12    _psImag
            00018c10    _psReal
000361ac                _putc
00036243                _putchar
000358c2                _puts
            00018c16    _pyImag
            00018c14    _pyReal
00033000                _read
000365b5                _readmsg
00033a8d                _realloc
00036bb3                _remove
00032fca                _remove_device
00032f71                _rename
00035cd0                _setvbuf
00034f82                _sin
            00018804    _sineTable
            00013403    _speechImag
            00013003    _speechReal
00034184                _splitRealImag
00034174                _square
            00013c03    _synthImag
            00013803    _synthReal
00032f3e                _unlink
0003411e                _vecCastDown4
000340e8                _vecCastUp4
00032dfc                _write
000360f2                _writemsg
ffffffff                binit
            00020120    cinit
ffffffff                edata
ffffffff                end
ffffffff                etext
ffffffff                pinit
            00002ae2    twiddle


GLOBAL SYMBOLS: SORTED BY Symbol Address 

abs. value/
byte addr   word addr   name
---------   ---------   ----
00000001                $TI_capability_requires_rev3
00000001                __TI_args_main
00000002                $TI_capability$C5500$CallingConvention
00000002                $TI_capability$C5500$MemoryModel
            00000060    __stack
00001000                __SYSSTACK_SIZE
00002000                __STACK_SIZE
00002000                __SYSMEM_SIZE
            00001060    __STACK_END
            00001060    __sysstack
            00001860    __ftable
            000018d8    __tmpnams
            00001978    __ft_end
            00001abb    _i2c_timeout
            00001ada    __lock
            00001adc    __unlock
            00001ade    __cleanup_ptr
            00001ae0    __dtors_ptr
            00001ae2    __sys_memory
            00002ae2    twiddle
            00002ee2    __ctypes_
            00010000    _Counter
            00010002    _keepSample
            00010003    _bSpeech
            00010803    _bSpeechFill
            00011003    _bSpeechFreq
            00011803    _bSynth
            00012003    _bSynthFill
            00012803    _bSynthFreq
            00013003    _speechReal
            00013403    _speechImag
            00013803    _synthReal
            00013c03    _synthImag
            00014003    _bPhase
            00014403    _bPhaseSine
            00014804    _bPhaseCosineL
            00015004    _bPhaseSineL
            00015804    _bSRealL
            00016004    _bYRealL
            00016804    _bSImagL
            00017004    _bYImagL
            00017804    _bVocoded
            00018004    _bVocodedTemp
            00018804    _sineTable
            00018a04    _cosTable
            00018c04    _pSpeech
            00018c06    _pSpeechFill
            00018c08    _pSpeechFreq
            00018c0a    _pSynth
            00018c0c    _pSynthFill
            00018c0e    _pSynthFreq
            00018c10    _psReal
            00018c12    _psImag
            00018c14    _pyReal
            00018c16    _pyImag
            00018c18    _phase
            00018c1a    _phaseSine
            00018c1c    _pVocoded
            00018c1e    _pVocTemp
            00018c20    _phaseCosineLong
            00018c22    _phaseSineLong
            00018c24    _pSRealL
            00018c26    _pYRealL
            00018c28    _pSImagL
            00018c2a    _pYImagL
00032bba                __printfi
00032dfc                _write
00032f3e                _unlink
00032f71                _rename
00032fca                _remove_device
00033000                _read
000330ae                _open
0003316d                _lseek
000331d3                _find_registered_device
000331dc                _close
0003324f                _add_device
0003333f                _getenv
000333ba                _HOSTwrite
00033447                _HOSTunlink
000334b1                _HOSTtime
0003350f                _HOSTrename
000335bd                _HOSTread
0003364a                _HOSTopen
000336e9                _HOSTlseek
0003379e                _HOSTclose
00033809                _HOSTclock
00033867                _free
00033933                _minit
00033998                _malloc
00033a8d                _realloc
00033c3e                _max_free
00033c98                _free_memory
00033cee                _chkheap
00033cf6                _calloc
00033d1c                __divd
000340e8                _vecCastUp4
0003411e                _vecCastDown4
00034174                _square
00034184                _splitRealImag
00034192                _I2S_interrupt_setup
000341d0                _main
00034400                _combineRealImag
00034531                __cleanup
0003458b                _freopen
00034654                _fopen
0003468f                __remull
000346dd                __remlli
0003470c                __mpylli
000347c4                __divull
000348b8                __divlli
000348ed                __addd
00034b47                _AIC3204_rset
00034b69                _AIC_init
00034d0b                _AIC_read2
00034d3e                _AIC_write2
00034d63                _AIC_off
00034d6a                _cos
00034f82                _sin
00035174                __neqd
000351a8                __lssd
000351f0                __leqd
0003523d                __gtrd
00035288                __geqd
000352d2                __eqld
00035306                __cmpd
0003535e                _cfft_NOSCALE
000354c5                _I2S_ISR
0003562a                _cifft_NOSCALE
0003578d                _fputs
000358c2                _puts
000358f0                _USBSTK5515_GPIO_init
000358f4                _USBSTK5515_GPIO_setDirection
00035971                _USBSTK5515_GPIO_setOutput
000359ee                _USBSTK5515_GPIO_getInput
00035a46                __mpyd
00035b92                _USBSTK5515_I2C_init
00035bb1                _USBSTK5515_I2C_close
00035bba                _USBSTK5515_I2C_reset
00035bc8                _USBSTK5515_I2C_write
00035c57                _USBSTK5515_I2C_read
00035cd0                _setvbuf
00035db6                _cbrev
00035e94                __wrt_ok
00035f14                __rd_ok
00035f71                __doflush
00035fda                _fflush
00036033                _modf
000360f2                _writemsg
000361a7                C$$IO$$
000361ac                _fputc
000361ac                _putc
00036243                _putchar
00036252                __divul
000362f3                _ltoa
00036370                _fclose
000363eb                __frcmpyd
00036461                __frcmpyd_div
000364d4                __remul
00036546                __fixdli
000365b5                _readmsg
00036622                _fseek
0003668d                __fltlid
000366f4                __nround
00036753                _mul32
000367b0                _atoi
0003680c                _USBSTK5515_wait
00036840                _USBSTK5515_waitusec
00036852                _USBSTK5515_init
00036860                _printf
000368b0                _auto_init
000368fd                __args_main
00036948                __remli
00036993                __divli
000369db                __trunc
00036a1c                _memcpy
00036a5b                _exit
00036a99                _c_int00
00036acd                __fixdi
00036af7                I$$UDIV
00036af7                __divu
00036b0c                I$$UMOD
00036b0c                __remu
00036b21                _memccpy
00036b44                ___isinf
00036b5e                __subd
00036b72                I$$LMPY
00036b72                __mpyli
00036b85                __register_unlock
00036b8d                __register_lock
00036b95                __nop
00036b97                __negd
00036ba7                __fltid
00036bb3                _remove
00036bbd                _abort
00036bbe                C$$EXIT
            00020000    __CIOBUF_
            00020120    ___cinit__
            00020120    cinit
0004fe00                _Reset
ffffffff                .bss
ffffffff                .data
ffffffff                .text
ffffffff                ___binit__
ffffffff                ___bss__
ffffffff                ___c_args__
ffffffff                ___data__
ffffffff                ___edata__
ffffffff                ___end__
ffffffff                ___etext__
ffffffff                ___pinit__
ffffffff                ___text__
ffffffff                binit
ffffffff                edata
ffffffff                end
ffffffff                etext
ffffffff                pinit

[216 symbols]
