******************************************************************************
              TMS320C55x Linker PC v4.4.1                      
******************************************************************************
>> Linked Thu Nov 10 11:57:35 2016

OUTPUT FILE NAME:   <VE1939.out>
ENTRY POINT SYMBOL: "_c_int00"  address: 00025dcf


MEMORY CONFIGURATION

         name            origin    length      used     unused   attr    fill
                        (bytes)   (bytes)    (bytes)   (bytes)
----------------------  --------  ---------  --------  --------  ----  --------
PAGE 0:
  MMR                   00000000   000000c0  00000000  000000c0  RWIX
  DARAM0                000000c0   0000ff40  0000fd98  000001a8  RWIX
  SARAM0                00010000   00010000  00000800  0000f800  RWIX
  SARAM1                00020000   00020000  00005f18  0001a0e8  RWIX
  SARAM2                00040000   0000fe00  000003f0  0000fa10  RWIX
  VECS                  0004fe00   00000200  00000100  00000100  RWIX
  PDROM                 00ff8000   00008000  00000000  00008000  R IX

PAGE 2:
  IOPORT                00000000   00020000  00000000  00020000  RWI 


SECTION ALLOCATION MAP
(Addresses surrounded by []'s are displayed for convenience only!)

output                                                          attributes/
section   page  orgn(bytes) orgn(words) len(bytes) len(words)   input sections
--------  ----  ----------- ----------- ---------- ----------   --------------
.pinit       0   [ 00040000 ]  00020000          *   00000000   UNINITIALIZED

.stack       0   [ 000000c0 ]  00000060          *   00001000   UNINITIALIZED
                 [ 000000c0 ]  00000060          *   00001000   --HOLE--

.sysstack 
*            0   [ 000020c0 ]  00001060          *   00000800   UNINITIALIZED
                 [ 000020c0 ]  00001060          *   00000800   --HOLE--

.bss         0   [ 000030c0 ]  00001860          *   000054d9   UNINITIALIZED
                 [ 000030c0 ]  00001860          *   0000521c   vocoder.obj (.bss)
                 [ 0000d4f8 ]  00006a7c          *   00000119   rts55x.lib : defs.obj (.bss)
                 [ 0000d72a ]  00006b95          *   000000d0              : trgdrv.obj (.bss)
                 [ 0000d8ca ]  00006c65          *   00000001              : errno.obj (.bss)
                 [ 0000d8cc ]  00006c66          *   00000071              : lowlev.obj (.bss)
                 [ 0000d9ae ]  00006cd7          *   00000001              : fopen.obj (.bss)
                 [ 0000d9b0 ]  00006cd8          *   0000003a              : pow.obj (.bss)
                 [ 0000da24 ]  00006d12          *   00000008              : cos.obj (.bss)
                 [ 0000da34 ]  00006d1a          *   00000008              : sin.obj (.bss)
                 [ 0000da44 ]  00006d22          *   00000006              : memory.obj (.bss)
                 [ 0000da50 ]  00006d28          *   00000004   55xdspx_LARGE.lib : cfft_scale.obj (.bss)
                 [ 0000da58 ]  00006d2c          *   00000004                     : cifft_scale.obj (.bss)
                 [ 0000da60 ]  00006d30          *   00000004   rts55x.lib : _lock.obj (.bss)
                 [ 0000da68 ]  00006d34          *   00000004              : exit.obj (.bss)
                 [ 0000da70 ]  00006d38          *   00000001   usbstk5515bsl.lib : usbstk5515_i2c.obj (.bss)

.sysmem      0   [ 0000da72 ]  00006d39          *   00001000   UNINITIALIZED
                 [ 0000da72 ]  00006d39          *   00001000   --HOLE--

.data.1      0   [ 0000fa72 ]  00007d39          *   00000015   
                 [ 0000fa72 ]  00007d39          *   00000010   55xdspx_LARGE.lib : sqrtv.obj (.data)
                 [ 0000fa92 ]  00007d49          *   00000005                     : arct2.obj (.data)

.const.1     0   [ 0000fa9c ]  00007d4e          *   00000101   
                 [ 0000fa9c ]  00007d4e          *   00000101   rts55x.lib : ctype.obj (.const:__ctypes_)

.const.2     0   [ 0000fca0 ]  00007e50          *   0000002d   
                 [ 0000fca0 ]  00007e50          *   0000002d   vocoder.obj (.const:.string)

.const.3     0   [ 0000fcfc ]  00007e7e          *   000000b0   
                 [ 0000fcfc ]  00007e7e          *   00000024   rts55x.lib : _printfi.obj (.const:.string)
                 [ 0000fd44 ]  00007ea2          *   0000001c              : pow.obj (.const)
                 [ 0000fd7c ]  00007ebe          *   00000016              : cos.obj (.const)
                 [ 0000fda8 ]  00007ed4          *   00000014              : sin.obj (.const)
                 [ 0000fdd0 ]  00007ee8          *   0000000c              : _printfi.obj (.const)
                 [ 0000fde8 ]  00007ef4          *   0000000a              : ldexp.obj (.const)
                 [ 0000fdfc ]  00007efe          *   0000000a   vocoder.obj (.const)
                 [ 0000fe10 ]  00007f08          *   00000008   rts55x.lib : divd.obj (.const:_initial_approx$1)
                 [ 0000fe20 ]  00007f10          *   00000008              : frexp.obj (.const)
                 [ 0000fe30 ]  00007f18          *   00000008              : round.obj (.const)
                 [ 0000fe40 ]  00007f20          *   00000006              : modf.obj (.const)
                 [ 0000fe4c ]  00007f26          *   00000004              : trunc.obj (.const)
                 [ 0000fe54 ]  00007f2a          *   00000002              : fputs.obj (.const:.string)
                 [ 0000fe58 ]  00007f2c          *   00000002              : fltlid.obj (.const)

.data.2      0   [ 00010000 ]  00008000          *   00000400   
                 [ 00010000 ]  00008000          *   00000400   55xdspx_LARGE.lib : twiddle.obj (.data:twiddle)

.text        0     00020000  [ 00010000 ] 00005f18          *   
                   00020000  [ 00010000 ] 000015a4          *   rts55x.lib : _printfi.obj (.text)
                   000215a4  [ 00010ad2 ] 000005a6          *              : pow.obj (.text)
                   00021b4a  [ 00010da5 ] 00000543          *              : lowlev.obj (.text)
                   0002208d  [ 00011046+] 00000528          *              : trgdrv.obj (.text)
                   000225b5  [ 000112da+] 000004d9          *   vocoder.obj (.text)
                   00022a8e  [ 00011547 ] 000004b5          *   rts55x.lib : memory.obj (.text)
                   00022f43  [ 000117a1+] 000003cc          *              : divd.obj (.text)
                   0002330f  [ 00011987+] 0000027f          *              : fopen.obj (.text)
                   0002358e  [ 00011ac7 ] 0000025e          *              : llmpy.obj (.text)
                   000237ec  [ 00011bf6 ] 0000025a          *              : addd.obj (.text)
                   00023a46  [ 00011d23 ] 00000223          *   452_Labs_Essentials.lib : AIC_func.obj (.text)
                   00023c69  [ 00011e34+] 00000218          *   rts55x.lib : cos.obj (.text)
                   00023e81  [ 00011f40+] 000001f2          *              : sin.obj (.text)
                   00024073  [ 00012039+] 000001ee          *   55xdspx_LARGE.lib : cfft_scale.obj (.text)
                   00024261  [ 00012130+] 000001ee          *                     : cifft_scale.obj (.text)
                   0002444f  [ 00012227+] 000001ea          *   rts55x.lib : cmpd.obj (.text)
                   00024639  [ 0001231c+] 00000165          *   vocoder.obj (.text:retain)
                   0002479e  [ 000123cf ] 00000163          *   rts55x.lib : fputs.obj (.text)
                   00024901  [ 00012480+] 00000156          *   usbstk5515bsl.lib : usbstk5515_gpio.obj (.text)
                   00024a57  [ 0001252b+] 0000014c          *   rts55x.lib : mpyd.obj (.text)
                   00024ba3  [ 000125d1+] 0000013e          *   usbstk5515bsl.lib : usbstk5515_i2c.obj (.text)
                   00024ce1  [ 00012670+] 000000f2          *   rts55x.lib : ldexp.obj (.text)
                   00024dd3  [ 000126e9+] 000000e6          *              : setvbuf.obj (.text)
                   00024eb9  [ 0001275c+] 000000de          *   55xdspx_LARGE.lib : cbrev.obj (.text:cbrev)
                   00024f97  [ 000127cb+] 000000dd          *   rts55x.lib : _io_perm.obj (.text)
                   00025074  [ 0001283a ] 000000cc          *              : frexp.obj (.text)
                   00025140  [ 000128a0 ] 000000c2          *              : fflush.obj (.text)
                   00025202  [ 00012901 ] 000000bf          *              : modf.obj (.text)
                   000252c1  [ 00012960+] 000000ba          *              : trgmsg.obj (.text:CIO_breakpoint)
                   0002537b  [ 000129bd+] 000000a9          *   55xdspx_LARGE.lib : arct2.obj (.text)
                   00025424  [ 00012a12 ] 000000a6          *   rts55x.lib : fputc.obj (.text)
                   000254ca  [ 00012a65 ] 000000a1          *              : divul.obj (.text)
                   0002556b  [ 00012ab5+] 0000007d          *              : ltoa.obj (.text)
                   000255e8  [ 00012af4 ] 0000007b          *              : fclose.obj (.text)
                   00025663  [ 00012b31+] 00000077          *              : fixdul.obj (.text)
                   000256da  [ 00012b6d ] 00000076          *              : frcmpyd.obj (.text)
                   00025750  [ 00012ba8 ] 00000073          *              : frcmpyd_div.obj (.text)
                   000257c3  [ 00012be1+] 00000072          *              : remul.obj (.text)
                   00025835  [ 00012c1a+] 0000006f          *              : fixdli.obj (.text)
                   000258a4  [ 00012c52 ] 0000006d          *              : trgmsg.obj (.text)
                   00025911  [ 00012c88+] 0000006b          *              : fseek.obj (.text)
                   0002597c  [ 00012cbe ] 00000067          *              : fltlid.obj (.text)
                   000259e3  [ 00012cf1+] 0000005f          *   55xdspx_LARGE.lib : sqrtv.obj (.text)
                   00025a42  [ 00012d21 ] 0000005f          *   rts55x.lib : round.obj (.text)
                   00025aa1  [ 00012d50+] 0000005c          *              : atoi.obj (.text)
                   00025afd  [ 00012d7e+] 00000054          *   usbstk5515bsl.lib : usbstk5515.obj (.text)
                   00025b51  [ 00012da8+] 00000050          *   rts55x.lib : printf.obj (.text)
                   00025ba1  [ 00012dd0+] 0000004d          *              : autoinit.obj (.text)
                   00025bee  [ 00012df7 ] 0000004b          *              : args_main.obj (.text)
                   00025c39  [ 00012e1c+] 0000004b          *              : remli.obj (.text)
                   00025c84  [ 00012e42 ] 00000048          *              : divli.obj (.text)
                   00025ccc  [ 00012e66 ] 00000045          *   55xdspx_LARGE.lib : add.obj (.text)
                   00025d11  [ 00012e88+] 00000041          *   rts55x.lib : trunc.obj (.text)
                   00025d52  [ 00012ea9 ] 0000003f          *              : memcpy.obj (.text)
                   00025d91  [ 00012ec8+] 0000003e          *              : exit.obj (.text)
                   00025dcf  [ 00012ee7+] 00000034          *              : boot.obj (.text)
                   00025e03  [ 00012f01+] 0000002a          *              : fixdi.obj (.text)
                   00025e2d  [ 00012f16+] 0000002a          *              : udiv.obj (.text)
                   00025e57  [ 00012f2b+] 00000023          *              : memccpy.obj (.text)
                   00025e7a  [ 00012f3d ] 0000001b          *              : fixdu.obj (.text)
                   00025e95  [ 00012f4a+] 0000001a          *              : isinf.obj (.text)
                   00025eaf  [ 00012f57+] 00000014          *              : subd.obj (.text)
                   00025ec3  [ 00012f61+] 00000013          *              : lmpy.obj (.text)
                   00025ed6  [ 00012f6b ] 00000012          *              : _lock.obj (.text)
                   00025ee8  [ 00012f74 ] 00000010          *              : negd.obj (.text)
                   00025ef8  [ 00012f7c ] 0000000c          *              : fltid.obj (.text)
                   00025f04  [ 00012f82 ] 0000000a          *              : remove.obj (.text)
                   00025f0e  [ 00012f87 ] 00000007          *              : exit.obj (.text:CIO_breakpoint)
                   00025f15  [ 00012f8a+] 00000002          *              : vectors.obj (.text)
                   00025f17  [ 00012f8b ] 00000001          *   --HOLE-- [fill = 20]

.cio         0   [ 00040000 ]  00020000          *   00000120   UNINITIALIZED
                 [ 00040000 ]  00020000          *   00000120   rts55x.lib : trgmsg.obj (.cio)

.cinit       0   [ 00040240 ]  00020120          *   000000d8   
                 [ 00040240 ]  00020120          *   00000046   rts55x.lib : pow.obj (.cinit)
                 [ 000402cc ]  00020166          *   0000002d              : lowlev.obj (.cinit)
                 [ 00040326 ]  00020193          *   0000002a              : defs.obj (.cinit)
                 [ 0004037a ]  000201bd          *   0000000b              : cos.obj (.cinit)
                 [ 00040390 ]  000201c8          *   0000000b              : sin.obj (.cinit)
                 [ 000403a6 ]  000201d3          *   0000000a              : _lock.obj (.cinit)
                 [ 000403ba ]  000201dd          *   0000000a              : exit.obj (.cinit)
                 [ 000403ce ]  000201e7          *   00000004              : errno.obj (.cinit)
                 [ 000403d6 ]  000201eb          *   00000004              : fopen.obj (.cinit)
                 [ 000403de ]  000201ef          *   00000004              : memory.obj (.cinit)
                 [ 000403e6 ]  000201f3          *   00000004   usbstk5515bsl.lib : usbstk5515_i2c.obj (.cinit)
                 [ 000403ee ]  000201f7          *   00000001   --HOLE-- [fill = 0]

vectors      0     0004fe00  [ 00027f00 ] 00000100          *   
                   0004fe00  [ 00027f00 ] 00000100          *   rts55x.lib : vectors.obj (vectors)


GLOBAL SYMBOLS: SORTED ALPHABETICALLY BY Name 

abs. value/
byte addr   word addr   name
---------   ---------   ----
00000002                $TI_capability$C5500$CallingConvention
00000002                $TI_capability$C5500$MemoryModel
00000001                $TI_capability_requires_rev3
ffffffff                .bss
ffffffff                .data
ffffffff                .text
00025f0f                C$$EXIT
00025376                C$$IO$$
00025ec3                I$$LMPY
00025e2d                I$$UDIV
00025e42                I$$UMOD
            00007d39    SqrtTable
00023a46                _AIC3204_rset
00023a68                _AIC_init
00023c62                _AIC_off
00023c0a                _AIC_read2
00023c3d                _AIC_write2
            00001860    _Counter
00022557                _HOSTclock
000224ec                _HOSTclose
00022437                _HOSTlseek
00022398                _HOSTopen
0002230b                _HOSTread
0002225d                _HOSTrename
000221ff                _HOSTtime
00022195                _HOSTunlink
00022108                _HOSTwrite
00024639                _I2S_ISR
000226fc                _I2S_interrupt_setup
0004fe00                _Reset
000249ff                _USBSTK5515_GPIO_getInput
00024901                _USBSTK5515_GPIO_init
00024905                _USBSTK5515_GPIO_setDirection
00024982                _USBSTK5515_GPIO_setOutput
00024bc2                _USBSTK5515_I2C_close
00024ba3                _USBSTK5515_I2C_init
00024c68                _USBSTK5515_I2C_read
00024bcb                _USBSTK5515_I2C_reset
00024bd9                _USBSTK5515_I2C_write
00025b43                _USBSTK5515_init
00025afd                _USBSTK5515_wait
00025b31                _USBSTK5515_waitusec
            00020000    __CIOBUF_
            00001060    __STACK_END
00002000                __STACK_SIZE
00002000                __SYSMEM_SIZE
00001000                __SYSSTACK_SIZE
00000001                __TI_args_main
ffffffff                ___binit__
ffffffff                ___bss__
ffffffff                ___c_args__
            00020120    ___cinit__
ffffffff                ___data__
ffffffff                ___edata__
ffffffff                ___end__
ffffffff                ___etext__
00025e95                ___isinf
ffffffff                ___pinit__
ffffffff                ___text__
000237ec                __addd
00025bee                __args_main
00023430                __cleanup
            00006d34    __cleanup_ptr
000245e1                __cmpd
            00007d4e    __ctypes_
00022f43                __divd
00025c84                __divli
000237b7                __divlli
00025e2d                __divu
000254ca                __divul
000236c3                __divull
00025140                __doflush
            00006d36    __dtors_ptr
000245ad                __eqld
00025e03                __fixdi
00025835                __fixdli
00025e7a                __fixdu
00025663                __fixdul
00025ef8                __fltid
0002597c                __fltlid
000256da                __frcmpyd
00025750                __frcmpyd_div
            00006b94    __ft_end
            00006a7c    __ftable
00024563                __geqd
00024518                __gtrd
000244cb                __leqd
            00006d30    __lock
00024483                __lssd
00024a57                __mpyd
00025ec3                __mpyli
0002360b                __mpylli
00025ee8                __negd
0002444f                __neqd
00025ee6                __nop
00025a42                __nround
00021362                __printfi
00025017                __rd_ok
00025ede                __register_lock
00025ed6                __register_unlock
00025c39                __remli
000235dc                __remlli
00025e42                __remu
000257c3                __remul
0002358e                __remull
            00000060    __stack
00025eaf                __subd
            00006d39    __sys_memory
            00001060    __sysstack
            00006af4    __tmpnams
00025d11                __trunc
            00006d32    __unlock
00024f97                __wrt_ok
00025f0e                _abort
00025ccc                _add
00021f9d                _add_device
0002537b                _atan2_16
00025aa1                _atoi
00025ba1                _auto_init
            00005862    _bPhase
            00005c62    _bPhaseCosine
            00001862    _bSpeech
            00002062    _bSpeechFill
            00002862    _bSpeechFreq
            00003062    _bSynth
            00003862    _bSynthFill
            00004062    _bSynthFreq
            00006062    _bVocoded
00025dcf                _c_int00
00022f1d                _calloc
00024eb9                _cbrev
00024073                _cfft_SCALE
00022f15                _chkheap
00024261                _cifft_SCALE
00021f2a                _close
0002273a                _combineRealImag
00023c69                _cos
00022642                _cosLookup
            00006962    _cosTable
            00006c65    _errno
00025d91                _exit
000255e8                _fclose
000251a9                _fflush
00021f21                _find_registered_device
00023553                _fopen
00025424                _fputc
0002479e                _fputs
00022a8e                _free
00022ebf                _free_memory
0002348a                _freopen
00025074                _frexp
00025911                _fseek
0002208d                _getenv
            00006d38    _i2c_timeout
00024ce1                _ldexp
00021ebb                _lseek
0002556b                _ltoa
00022748                _main
00022bbf                _malloc
00022e65                _max_free
00025e57                _memccpy
00025d52                _memcpy
00022b5a                _minit
00025202                _modf
00021dfc                _open
            00006a62    _pSpeech
            00006a64    _pSpeechFill
            00006a66    _pSpeechFreq
            00006a68    _pSynth
            00006a6a    _pSynthFill
            00006a6c    _pSynthFreq
            00006a6e    _pVocoded
            00006a78    _phase
            00006a7a    _phaseCos
000215a4                _pow
00025b51                _printf
            00006a72    _psImag
            00006a70    _psReal
00025424                _putc
000254bb                _putchar
000248d3                _puts
            00006a76    _pyImag
            00006a74    _pyReal
00021d4e                _read
000258a4                _readmsg
00022cb4                _realloc
00025f04                _remove
00021d18                _remove_device
00021cbf                _rename
00024dd3                _setvbuf
00023e81                _sin
000225b5                _sineLookup
            00006862    _sineTable
            00004c62    _speechImag
            00004862    _speechReal
000226ee                _splitRealImag
000259e3                _sqrt_16
000226bd                _square
            00005462    _synthImag
            00005062    _synthReal
00021c8c                _unlink
00022698                _vecCos
00022630                _vecMultiply
0002260b                _vecSin
00021b4a                _write
000252c1                _writemsg
ffffffff                binit
            00020120    cinit
ffffffff                edata
ffffffff                end
ffffffff                etext
ffffffff                pinit
            00008000    twiddle


GLOBAL SYMBOLS: SORTED BY Symbol Address 

abs. value/
byte addr   word addr   name
---------   ---------   ----
00000001                $TI_capability_requires_rev3
00000001                __TI_args_main
00000002                $TI_capability$C5500$CallingConvention
00000002                $TI_capability$C5500$MemoryModel
            00000060    __stack
00001000                __SYSSTACK_SIZE
00002000                __STACK_SIZE
00002000                __SYSMEM_SIZE
            00001060    __STACK_END
            00001060    __sysstack
            00001860    _Counter
            00001862    _bSpeech
            00002062    _bSpeechFill
            00002862    _bSpeechFreq
            00003062    _bSynth
            00003862    _bSynthFill
            00004062    _bSynthFreq
            00004862    _speechReal
            00004c62    _speechImag
            00005062    _synthReal
            00005462    _synthImag
            00005862    _bPhase
            00005c62    _bPhaseCosine
            00006062    _bVocoded
            00006862    _sineTable
            00006962    _cosTable
            00006a62    _pSpeech
            00006a64    _pSpeechFill
            00006a66    _pSpeechFreq
            00006a68    _pSynth
            00006a6a    _pSynthFill
            00006a6c    _pSynthFreq
            00006a6e    _pVocoded
            00006a70    _psReal
            00006a72    _psImag
            00006a74    _pyReal
            00006a76    _pyImag
            00006a78    _phase
            00006a7a    _phaseCos
            00006a7c    __ftable
            00006af4    __tmpnams
            00006b94    __ft_end
            00006c65    _errno
            00006d30    __lock
            00006d32    __unlock
            00006d34    __cleanup_ptr
            00006d36    __dtors_ptr
            00006d38    _i2c_timeout
            00006d39    __sys_memory
            00007d39    SqrtTable
            00007d4e    __ctypes_
            00008000    twiddle
00021362                __printfi
000215a4                _pow
00021b4a                _write
00021c8c                _unlink
00021cbf                _rename
00021d18                _remove_device
00021d4e                _read
00021dfc                _open
00021ebb                _lseek
00021f21                _find_registered_device
00021f2a                _close
00021f9d                _add_device
0002208d                _getenv
00022108                _HOSTwrite
00022195                _HOSTunlink
000221ff                _HOSTtime
0002225d                _HOSTrename
0002230b                _HOSTread
00022398                _HOSTopen
00022437                _HOSTlseek
000224ec                _HOSTclose
00022557                _HOSTclock
000225b5                _sineLookup
0002260b                _vecSin
00022630                _vecMultiply
00022642                _cosLookup
00022698                _vecCos
000226bd                _square
000226ee                _splitRealImag
000226fc                _I2S_interrupt_setup
0002273a                _combineRealImag
00022748                _main
00022a8e                _free
00022b5a                _minit
00022bbf                _malloc
00022cb4                _realloc
00022e65                _max_free
00022ebf                _free_memory
00022f15                _chkheap
00022f1d                _calloc
00022f43                __divd
00023430                __cleanup
0002348a                _freopen
00023553                _fopen
0002358e                __remull
000235dc                __remlli
0002360b                __mpylli
000236c3                __divull
000237b7                __divlli
000237ec                __addd
00023a46                _AIC3204_rset
00023a68                _AIC_init
00023c0a                _AIC_read2
00023c3d                _AIC_write2
00023c62                _AIC_off
00023c69                _cos
00023e81                _sin
00024073                _cfft_SCALE
00024261                _cifft_SCALE
0002444f                __neqd
00024483                __lssd
000244cb                __leqd
00024518                __gtrd
00024563                __geqd
000245ad                __eqld
000245e1                __cmpd
00024639                _I2S_ISR
0002479e                _fputs
000248d3                _puts
00024901                _USBSTK5515_GPIO_init
00024905                _USBSTK5515_GPIO_setDirection
00024982                _USBSTK5515_GPIO_setOutput
000249ff                _USBSTK5515_GPIO_getInput
00024a57                __mpyd
00024ba3                _USBSTK5515_I2C_init
00024bc2                _USBSTK5515_I2C_close
00024bcb                _USBSTK5515_I2C_reset
00024bd9                _USBSTK5515_I2C_write
00024c68                _USBSTK5515_I2C_read
00024ce1                _ldexp
00024dd3                _setvbuf
00024eb9                _cbrev
00024f97                __wrt_ok
00025017                __rd_ok
00025074                _frexp
00025140                __doflush
000251a9                _fflush
00025202                _modf
000252c1                _writemsg
00025376                C$$IO$$
0002537b                _atan2_16
00025424                _fputc
00025424                _putc
000254bb                _putchar
000254ca                __divul
0002556b                _ltoa
000255e8                _fclose
00025663                __fixdul
000256da                __frcmpyd
00025750                __frcmpyd_div
000257c3                __remul
00025835                __fixdli
000258a4                _readmsg
00025911                _fseek
0002597c                __fltlid
000259e3                _sqrt_16
00025a42                __nround
00025aa1                _atoi
00025afd                _USBSTK5515_wait
00025b31                _USBSTK5515_waitusec
00025b43                _USBSTK5515_init
00025b51                _printf
00025ba1                _auto_init
00025bee                __args_main
00025c39                __remli
00025c84                __divli
00025ccc                _add
00025d11                __trunc
00025d52                _memcpy
00025d91                _exit
00025dcf                _c_int00
00025e03                __fixdi
00025e2d                I$$UDIV
00025e2d                __divu
00025e42                I$$UMOD
00025e42                __remu
00025e57                _memccpy
00025e7a                __fixdu
00025e95                ___isinf
00025eaf                __subd
00025ec3                I$$LMPY
00025ec3                __mpyli
00025ed6                __register_unlock
00025ede                __register_lock
00025ee6                __nop
00025ee8                __negd
00025ef8                __fltid
00025f04                _remove
00025f0e                _abort
00025f0f                C$$EXIT
            00020000    __CIOBUF_
            00020120    ___cinit__
            00020120    cinit
0004fe00                _Reset
ffffffff                .bss
ffffffff                .data
ffffffff                .text
ffffffff                ___binit__
ffffffff                ___bss__
ffffffff                ___c_args__
ffffffff                ___data__
ffffffff                ___edata__
ffffffff                ___end__
ffffffff                ___etext__
ffffffff                ___pinit__
ffffffff                ___text__
ffffffff                binit
ffffffff                edata
ffffffff                end
ffffffff                etext
ffffffff                pinit

[213 symbols]
