******************************************************************************
              TMS320C55x Linker PC v4.4.1                      
******************************************************************************
>> Linked Sat Dec 03 13:12:27 2016

OUTPUT FILE NAME:   <DSPLibFilter.out>
ENTRY POINT SYMBOL: "_c_int00"  address: 00024cae


MEMORY CONFIGURATION

         name            origin    length      used     unused   attr    fill
                        (bytes)   (bytes)    (bytes)   (bytes)
----------------------  --------  ---------  --------  --------  ----  --------
PAGE 0:
  MMR                   00000000   000000c0  00000000  000000c0  RWIX
  DARAM0                000000c0   0000ff40  0000f444  00000afc  RWIX
  SARAM0                00010000   00010000  00002000  0000e000  RWIX
  SARAM1                00020000   00020000  00004df7  0001b209  RWIX
  SARAM2                00040000   0000fe00  00000330  0000fad0  RWIX
  VECS                  0004fe00   00000200  00000100  00000100  RWIX
  PDROM                 00ff8000   00008000  00000000  00008000  R IX

PAGE 2:
  IOPORT                00000000   00020000  00000000  00020000  RWI 


SECTION ALLOCATION MAP
(Addresses surrounded by []'s are displayed for convenience only!)

output                                                          attributes/
section   page  orgn(bytes) orgn(words) len(bytes) len(words)   input sections
--------  ----  ----------- ----------- ---------- ----------   --------------
.pinit       0   [ 00040000 ]  00020000          *   00000000   UNINITIALIZED

.stack       0   [ 000000c0 ]  00000060          *   00001000   UNINITIALIZED
                 [ 000000c0 ]  00000060          *   00001000   --HOLE--

.sysstack 
*            0   [ 000020c0 ]  00001060          *   00000800   UNINITIALIZED
                 [ 000020c0 ]  00001060          *   00000800   --HOLE--

.bss         0   [ 000030c0 ]  00001860          *   0000609c   UNINITIALIZED
                 [ 000030c0 ]  00001860          *   00005e32   firstFilter.obj (.bss)
                 [ 0000ed24 ]  00007692          *   00000119   rts55x.lib : defs.obj (.bss)
                 [ 0000ef56 ]  000077ab          *   000000d0              : trgdrv.obj (.bss)
                 [ 0000f0f6 ]  0000787b          *   00000001              : fopen.obj (.bss)
                 [ 0000f0f8 ]  0000787c          *   00000071              : lowlev.obj (.bss)
                 [ 0000f1da ]  000078ed          *   00000001   usbstk5515bsl.lib : usbstk5515_i2c.obj (.bss)
                 [ 0000f1dc ]  000078ee          *   00000006   rts55x.lib : memory.obj (.bss)
                 [ 0000f1e8 ]  000078f4          *   00000004              : _lock.obj (.bss)
                 [ 0000f1f0 ]  000078f8          *   00000004              : exit.obj (.bss)

.const.1     0   [ 0000f1f8 ]  000078fc          *   00000101   
                 [ 0000f1f8 ]  000078fc          *   00000101   rts55x.lib : ctype.obj (.const:__ctypes_)

.const.2     0   [ 0000f3fc ]  000079fe          *   0000002d   
                 [ 0000f3fc ]  000079fe          *   0000002d   firstFilter.obj (.const:.string)

.const.3     0   [ 0000f458 ]  00007a2c          *   00000052   
                 [ 0000f458 ]  00007a2c          *   00000024   rts55x.lib : _printfi.obj (.const:.string)
                 [ 0000f4a0 ]  00007a50          *   0000000c              : _printfi.obj (.const)
                 [ 0000f4b8 ]  00007a5c          *   00000008              : divd.obj (.const:_initial_approx$1)
                 [ 0000f4c8 ]  00007a64          *   00000008   firstFilter.obj (.const)
                 [ 0000f4d8 ]  00007a6c          *   00000008   rts55x.lib : floor.obj (.const)
                 [ 0000f4e8 ]  00007a74          *   00000006              : modf.obj (.const)
                 [ 0000f4f4 ]  00007a7a          *   00000002              : fputs.obj (.const:.string)
                 [ 0000f4f8 ]  00007a7c          *   00000002              : fltlid.obj (.const)

.data        0   [ 0000f4fc ]  00007a7e          *   00000006   
                 [ 0000f4fc ]  00007a7e          *   00000006   55xdspx_LARGE.lib : sine.obj (.data)

.sysmem      0   [ 00010000 ]  00008000          *   00001000   UNINITIALIZED
                 [ 00010000 ]  00008000          *   00001000   --HOLE--

.text        0     00020000  [ 00010000 ] 00004df7          *   
                   00020000  [ 00010000 ] 000015a4          *   rts55x.lib : _printfi.obj (.text)
                   000215a4  [ 00010ad2 ] 00000543          *              : lowlev.obj (.text)
                   00021ae7  [ 00010d73+] 00000528          *              : trgdrv.obj (.text)
                   0002200f  [ 00011007+] 000004b5          *              : memory.obj (.text)
                   000224c4  [ 00011262 ] 000003ea          *   firstFilter.obj (.text)
                   000228ae  [ 00011457 ] 000003cc          *   rts55x.lib : divd.obj (.text)
                   00022c7a  [ 0001163d ] 0000027f          *              : fopen.obj (.text)
                   00022ef9  [ 0001177c+] 0000025e          *              : llmpy.obj (.text)
                   00023157  [ 000118ab+] 0000025a          *              : addd.obj (.text)
                   000233b1  [ 000119d8+] 00000223          *   452_Labs_Essentials.lib : AIC_func.obj (.text)
                   000235d4  [ 00011aea ] 000001ea          *   rts55x.lib : cmpd.obj (.text)
                   000237be  [ 00011bdf ] 00000163          *              : fputs.obj (.text)
                   00023921  [ 00011c90+] 00000156          *   usbstk5515bsl.lib : usbstk5515_gpio.obj (.text)
                   00023a77  [ 00011d3b+] 0000014c          *   rts55x.lib : mpyd.obj (.text)
                   00023bc3  [ 00011de1+] 00000148          *   firstFilter.obj (.text:retain)
                   00023d0b  [ 00011e85+] 0000013e          *   usbstk5515bsl.lib : usbstk5515_i2c.obj (.text)
                   00023e49  [ 00011f24+] 000000e6          *   rts55x.lib : setvbuf.obj (.text)
                   00023f2f  [ 00011f97+] 000000dd          *              : _io_perm.obj (.text)
                   0002400c  [ 00012006 ] 000000c2          *              : fflush.obj (.text)
                   000240ce  [ 00012067 ] 000000bf          *              : modf.obj (.text)
                   0002418d  [ 000120c6+] 000000ba          *              : trgmsg.obj (.text:CIO_breakpoint)
                   00024247  [ 00012123+] 000000a6          *              : fputc.obj (.text)
                   000242ed  [ 00012176+] 000000a2          *              : floor.obj (.text)
                   0002438f  [ 000121c7+] 000000a1          *   55xdspx_LARGE.lib : iircas51.obj (.text)
                   00024430  [ 00012218 ] 000000a1          *   rts55x.lib : divul.obj (.text)
                   000244d1  [ 00012268+] 0000007d          *              : ltoa.obj (.text)
                   0002454e  [ 000122a7 ] 0000007b          *              : fclose.obj (.text)
                   000245c9  [ 000122e4+] 00000077          *   55xdspx_LARGE.lib : sine.obj (.text)
                   00024640  [ 00012320 ] 00000077          *   rts55x.lib : fixdul.obj (.text)
                   000246b7  [ 0001235b+] 00000076          *              : frcmpyd.obj (.text)
                   0002472d  [ 00012396+] 00000073          *              : frcmpyd_div.obj (.text)
                   000247a0  [ 000123d0 ] 00000072          *              : remul.obj (.text)
                   00024812  [ 00012409 ] 0000006f          *              : fixdli.obj (.text)
                   00024881  [ 00012440+] 0000006d          *              : trgmsg.obj (.text)
                   000248ee  [ 00012477 ] 0000006b          *              : fseek.obj (.text)
                   00024959  [ 000124ac+] 00000067          *              : fltlid.obj (.text)
                   000249c0  [ 000124e0 ] 0000005c          *              : atoi.obj (.text)
                   00024a1c  [ 0001250e ] 00000054          *   usbstk5515bsl.lib : usbstk5515.obj (.text)
                   00024a70  [ 00012538 ] 00000050          *   rts55x.lib : printf.obj (.text)
                   00024ac0  [ 00012560 ] 0000004d          *              : autoinit.obj (.text)
                   00024b0d  [ 00012586+] 0000004b          *              : args_main.obj (.text)
                   00024b58  [ 000125ac ] 0000004b          *              : remli.obj (.text)
                   00024ba3  [ 000125d1+] 00000048          *              : divli.obj (.text)
                   00024beb  [ 000125f5+] 00000046          *   multiply.obj (.text)
                   00024c31  [ 00012618+] 0000003f          *   rts55x.lib : memcpy.obj (.text)
                   00024c70  [ 00012638 ] 0000003e          *              : exit.obj (.text)
                   00024cae  [ 00012657 ] 00000034          *              : boot.obj (.text)
                   00024ce2  [ 00012671 ] 0000002a          *              : fixdi.obj (.text)
                   00024d0c  [ 00012686 ] 0000002a          *              : udiv.obj (.text)
                   00024d36  [ 0001269b ] 00000023          *              : memccpy.obj (.text)
                   00024d59  [ 000126ac+] 0000001b          *              : fixdu.obj (.text)
                   00024d74  [ 000126ba ] 0000001a          *              : isinf.obj (.text)
                   00024d8e  [ 000126c7 ] 00000014          *              : subd.obj (.text)
                   00024da2  [ 000126d1 ] 00000013          *              : lmpy.obj (.text)
                   00024db5  [ 000126da+] 00000012          *              : _lock.obj (.text)
                   00024dc7  [ 000126e3+] 00000010          *              : negd.obj (.text)
                   00024dd7  [ 000126eb+] 0000000c          *              : fltid.obj (.text)
                   00024de3  [ 000126f1+] 0000000a          *              : remove.obj (.text)
                   00024ded  [ 000126f6+] 00000007          *              : exit.obj (.text:CIO_breakpoint)
                   00024df4  [ 000126fa ] 00000002          *              : vectors.obj (.text)
                   00024df6  [ 000126fb ] 00000001          *   --HOLE-- [fill = 20]

.cio         0   [ 00040000 ]  00020000          *   00000120   UNINITIALIZED
                 [ 00040000 ]  00020000          *   00000120   rts55x.lib : trgmsg.obj (.cio)

.cinit       0   [ 00040240 ]  00020120          *   00000078   
                 [ 00040240 ]  00020120          *   0000002d   rts55x.lib : lowlev.obj (.cinit)
                 [ 0004029a ]  0002014d          *   0000002a              : defs.obj (.cinit)
                 [ 000402ee ]  00020177          *   0000000a              : _lock.obj (.cinit)
                 [ 00040302 ]  00020181          *   0000000a              : exit.obj (.cinit)
                 [ 00040316 ]  0002018b          *   00000004              : fopen.obj (.cinit)
                 [ 0004031e ]  0002018f          *   00000004              : memory.obj (.cinit)
                 [ 00040326 ]  00020193          *   00000004   usbstk5515bsl.lib : usbstk5515_i2c.obj (.cinit)
                 [ 0004032e ]  00020197          *   00000001   --HOLE-- [fill = 0]

vectors      0     0004fe00  [ 00027f00 ] 00000100          *   
                   0004fe00  [ 00027f00 ] 00000100          *   rts55x.lib : vectors.obj (vectors)


GLOBAL SYMBOLS: SORTED ALPHABETICALLY BY Name 

abs. value/
byte addr   word addr   name
---------   ---------   ----
00000002                $TI_capability$C5500$CallingConvention
00000002                $TI_capability$C5500$MemoryModel
00000001                $TI_capability_requires_rev3
ffffffff                .bss
ffffffff                .data
ffffffff                .text
00024dee                C$$EXIT
00024242                C$$IO$$
00024da2                I$$LMPY
00024d0c                I$$UDIV
00024d21                I$$UMOD
000233b1                _AIC3204_rset
000233d3                _AIC_init
000235cd                _AIC_off
00023575                _AIC_read2
000235a8                _AIC_write2
            00001860    _Counter
00021fb1                _HOSTclock
00021f46                _HOSTclose
00021e91                _HOSTlseek
00021df2                _HOSTopen
00021d65                _HOSTread
00021cb7                _HOSTrename
00021c59                _HOSTtime
00021bef                _HOSTunlink
00021b62                _HOSTwrite
00023bc3                _I2S_ISR
000224c4                _I2S_interrupt_setup
0004fe00                _Reset
00023a1f                _USBSTK5515_GPIO_getInput
00023921                _USBSTK5515_GPIO_init
00023925                _USBSTK5515_GPIO_setDirection
000239a2                _USBSTK5515_GPIO_setOutput
00023d2a                _USBSTK5515_I2C_close
00023d0b                _USBSTK5515_I2C_init
00023dd0                _USBSTK5515_I2C_read
00023d33                _USBSTK5515_I2C_reset
00023d41                _USBSTK5515_I2C_write
00024a62                _USBSTK5515_init
00024a1c                _USBSTK5515_wait
00024a50                _USBSTK5515_waitusec
            00020000    __CIOBUF_
            00001060    __STACK_END
00002000                __STACK_SIZE
00002000                __SYSMEM_SIZE
00001000                __SYSSTACK_SIZE
00000001                __TI_args_main
ffffffff                ___binit__
ffffffff                ___bss__
ffffffff                ___c_args__
            00020120    ___cinit__
ffffffff                ___data__
ffffffff                ___edata__
ffffffff                ___end__
ffffffff                ___etext__
00024d74                ___isinf
ffffffff                ___pinit__
ffffffff                ___text__
00023157                __addd
00024b0d                __args_main
00022d9b                __cleanup
            000078f8    __cleanup_ptr
00023766                __cmpd
            000078fc    __ctypes_
000228ae                __divd
00024ba3                __divli
00023122                __divlli
00024d0c                __divu
00024430                __divul
0002302e                __divull
0002400c                __doflush
            000078fa    __dtors_ptr
00023732                __eqld
00024ce2                __fixdi
00024812                __fixdli
00024d59                __fixdu
00024640                __fixdul
00024dd7                __fltid
00024959                __fltlid
000246b7                __frcmpyd
0002472d                __frcmpyd_div
            000077aa    __ft_end
            00007692    __ftable
000236e8                __geqd
0002369d                __gtrd
00023650                __leqd
            000078f4    __lock
00023608                __lssd
00023a77                __mpyd
00024da2                __mpyli
00022f76                __mpylli
00024dc7                __negd
000235d4                __neqd
00024dc5                __nop
00021362                __printfi
00023faf                __rd_ok
00024dbd                __register_lock
00024db5                __register_unlock
00024b58                __remli
00022f47                __remlli
00024d21                __remu
000247a0                __remul
00022ef9                __remull
            00000060    __stack
00024d8e                __subd
            00008000    __sys_memory
            00001060    __sysstack
            0000770a    __tmpnams
            000078f6    __unlock
00023f2f                __wrt_ok
00024ded                _abort
000219f7                _add_device
000249c0                _atoi
00024ac0                _auto_init
            00001863    _bInput
            00001c63    _bInputFill
            00002063    _bInputFreq
            0000646d    _bPhase
            0000686d    _bPhaseCos
            0000246d    _bSpeech
            00002c6d    _bSpeechFill
            0000346d    _bSpeechFreq
            00003c6d    _bSynth
            0000446d    _bSynthFill
            00004c6d    _bSynthFreq
            00006c6d    _bVocoded
            00002463    _bqCoeff
00024cae                _c_int00
000225dd                _calculateLPCoeff
0002249e                _calloc
00022496                _chkheap
00021984                _close
0002254f                _cosLookup
            0000756d    _cosTable
            00002468    _dbuffer
00024c70                _exit
            0000246b    _f0
0002454e                _fclose
00024075                _fflush
0002197b                _find_registered_device
000242ed                _floor
00022ebe                _fopen
00024247                _fputc
000237be                _fputs
0002200f                _free
00022440                _free_memory
00022df5                _freopen
000248ee                _fseek
00022589                _getFrequencies
00021ae7                _getenv
            000078ed    _i2c_timeout
0002438f                _iircas51
            00001862    _keepSample
00021915                _lseek
000244d1                _ltoa
0002278f                _main
00022140                _malloc
000223e6                _max_free
00024d36                _memccpy
00024c31                _memcpy
000220db                _minit
000240ce                _modf
00024beb                _multiply
00021856                _open
            00007688    _pInput
            0000768a    _pInputFill
            0000768c    _pInputFreq
            0000766e    _pSpeech
            00007670    _pSpeechFill
            00007672    _pSpeechFreq
            00007674    _pSynth
            00007676    _pSynthFill
            00007678    _pSynthFreq
            0000767a    _pVocoded
            0000768e    _pbqCoeff
            00007690    _pdbuffer
            00007684    _phase
            00007686    _phaseCos
00024a70                _printf
            0000767e    _psImag
            0000767c    _psReal
00024247                _putc
000242de                _putchar
000238f3                _puts
            00007682    _pyImag
            00007680    _pyReal
000217a8                _read
00024881                _readmsg
00022235                _realloc
00024de3                _remove
00021772                _remove_device
00021719                _rename
00023e49                _setvbuf
00022515                _sinLookup
000245c9                _sine
            0000746d    _sineTable
            0000586d    _speechImag
            0000546d    _speechReal
            0000606d    _synthImag
            00005c6d    _synthReal
000216e6                _unlink
            0000246c    _w0
000215a4                _write
0002418d                _writemsg
ffffffff                binit
            00020120    cinit
ffffffff                edata
ffffffff                end
ffffffff                etext
ffffffff                pinit


GLOBAL SYMBOLS: SORTED BY Symbol Address 

abs. value/
byte addr   word addr   name
---------   ---------   ----
00000001                $TI_capability_requires_rev3
00000001                __TI_args_main
00000002                $TI_capability$C5500$CallingConvention
00000002                $TI_capability$C5500$MemoryModel
            00000060    __stack
00001000                __SYSSTACK_SIZE
00002000                __STACK_SIZE
00002000                __SYSMEM_SIZE
            00001060    __STACK_END
            00001060    __sysstack
            00001860    _Counter
            00001862    _keepSample
            00001863    _bInput
            00001c63    _bInputFill
            00002063    _bInputFreq
            00002463    _bqCoeff
            00002468    _dbuffer
            0000246b    _f0
            0000246c    _w0
            0000246d    _bSpeech
            00002c6d    _bSpeechFill
            0000346d    _bSpeechFreq
            00003c6d    _bSynth
            0000446d    _bSynthFill
            00004c6d    _bSynthFreq
            0000546d    _speechReal
            0000586d    _speechImag
            00005c6d    _synthReal
            0000606d    _synthImag
            0000646d    _bPhase
            0000686d    _bPhaseCos
            00006c6d    _bVocoded
            0000746d    _sineTable
            0000756d    _cosTable
            0000766e    _pSpeech
            00007670    _pSpeechFill
            00007672    _pSpeechFreq
            00007674    _pSynth
            00007676    _pSynthFill
            00007678    _pSynthFreq
            0000767a    _pVocoded
            0000767c    _psReal
            0000767e    _psImag
            00007680    _pyReal
            00007682    _pyImag
            00007684    _phase
            00007686    _phaseCos
            00007688    _pInput
            0000768a    _pInputFill
            0000768c    _pInputFreq
            0000768e    _pbqCoeff
            00007690    _pdbuffer
            00007692    __ftable
            0000770a    __tmpnams
            000077aa    __ft_end
            000078ed    _i2c_timeout
            000078f4    __lock
            000078f6    __unlock
            000078f8    __cleanup_ptr
            000078fa    __dtors_ptr
            000078fc    __ctypes_
            00008000    __sys_memory
00021362                __printfi
000215a4                _write
000216e6                _unlink
00021719                _rename
00021772                _remove_device
000217a8                _read
00021856                _open
00021915                _lseek
0002197b                _find_registered_device
00021984                _close
000219f7                _add_device
00021ae7                _getenv
00021b62                _HOSTwrite
00021bef                _HOSTunlink
00021c59                _HOSTtime
00021cb7                _HOSTrename
00021d65                _HOSTread
00021df2                _HOSTopen
00021e91                _HOSTlseek
00021f46                _HOSTclose
00021fb1                _HOSTclock
0002200f                _free
000220db                _minit
00022140                _malloc
00022235                _realloc
000223e6                _max_free
00022440                _free_memory
00022496                _chkheap
0002249e                _calloc
000224c4                _I2S_interrupt_setup
00022515                _sinLookup
0002254f                _cosLookup
00022589                _getFrequencies
000225dd                _calculateLPCoeff
0002278f                _main
000228ae                __divd
00022d9b                __cleanup
00022df5                _freopen
00022ebe                _fopen
00022ef9                __remull
00022f47                __remlli
00022f76                __mpylli
0002302e                __divull
00023122                __divlli
00023157                __addd
000233b1                _AIC3204_rset
000233d3                _AIC_init
00023575                _AIC_read2
000235a8                _AIC_write2
000235cd                _AIC_off
000235d4                __neqd
00023608                __lssd
00023650                __leqd
0002369d                __gtrd
000236e8                __geqd
00023732                __eqld
00023766                __cmpd
000237be                _fputs
000238f3                _puts
00023921                _USBSTK5515_GPIO_init
00023925                _USBSTK5515_GPIO_setDirection
000239a2                _USBSTK5515_GPIO_setOutput
00023a1f                _USBSTK5515_GPIO_getInput
00023a77                __mpyd
00023bc3                _I2S_ISR
00023d0b                _USBSTK5515_I2C_init
00023d2a                _USBSTK5515_I2C_close
00023d33                _USBSTK5515_I2C_reset
00023d41                _USBSTK5515_I2C_write
00023dd0                _USBSTK5515_I2C_read
00023e49                _setvbuf
00023f2f                __wrt_ok
00023faf                __rd_ok
0002400c                __doflush
00024075                _fflush
000240ce                _modf
0002418d                _writemsg
00024242                C$$IO$$
00024247                _fputc
00024247                _putc
000242de                _putchar
000242ed                _floor
0002438f                _iircas51
00024430                __divul
000244d1                _ltoa
0002454e                _fclose
000245c9                _sine
00024640                __fixdul
000246b7                __frcmpyd
0002472d                __frcmpyd_div
000247a0                __remul
00024812                __fixdli
00024881                _readmsg
000248ee                _fseek
00024959                __fltlid
000249c0                _atoi
00024a1c                _USBSTK5515_wait
00024a50                _USBSTK5515_waitusec
00024a62                _USBSTK5515_init
00024a70                _printf
00024ac0                _auto_init
00024b0d                __args_main
00024b58                __remli
00024ba3                __divli
00024beb                _multiply
00024c31                _memcpy
00024c70                _exit
00024cae                _c_int00
00024ce2                __fixdi
00024d0c                I$$UDIV
00024d0c                __divu
00024d21                I$$UMOD
00024d21                __remu
00024d36                _memccpy
00024d59                __fixdu
00024d74                ___isinf
00024d8e                __subd
00024da2                I$$LMPY
00024da2                __mpyli
00024db5                __register_unlock
00024dbd                __register_lock
00024dc5                __nop
00024dc7                __negd
00024dd7                __fltid
00024de3                _remove
00024ded                _abort
00024dee                C$$EXIT
            00020000    __CIOBUF_
            00020120    ___cinit__
            00020120    cinit
0004fe00                _Reset
ffffffff                .bss
ffffffff                .data
ffffffff                .text
ffffffff                ___binit__
ffffffff                ___bss__
ffffffff                ___c_args__
ffffffff                ___data__
ffffffff                ___edata__
ffffffff                ___end__
ffffffff                ___etext__
ffffffff                ___pinit__
ffffffff                ___text__
ffffffff                binit
ffffffff                edata
ffffffff                end
ffffffff                etext
ffffffff                pinit

[210 symbols]
