******************************************************************************
              TMS320C55x Linker PC v4.4.1                      
******************************************************************************
>> Linked Sat Dec 03 01:09:44 2016

OUTPUT FILE NAME:   <DSPLibFilter.out>
ENTRY POINT SYMBOL: "_c_int00"  address: 00024d16


MEMORY CONFIGURATION

         name            origin    length      used     unused   attr    fill
                        (bytes)   (bytes)    (bytes)   (bytes)
----------------------  --------  ---------  --------  --------  ----  --------
PAGE 0:
  MMR                   00000000   000000c0  00000000  000000c0  RWIX
  DARAM0                000000c0   0000ff40  000057e0  0000a760  RWIX
  SARAM0                00010000   00010000  0000d464  00002b9c  RWIX
  SARAM1                00020000   00020000  00004e5f  0001b1a1  RWIX
  SARAM2                00040000   0000fe00  00000330  0000fad0  RWIX
  VECS                  0004fe00   00000200  00000100  00000100  RWIX
  PDROM                 00ff8000   00008000  00000000  00008000  R IX

PAGE 2:
  IOPORT                00000000   00020000  00000000  00020000  RWI 


SECTION ALLOCATION MAP
(Addresses surrounded by []'s are displayed for convenience only!)

output                                                          attributes/
section   page  orgn(bytes) orgn(words) len(bytes) len(words)   input sections
--------  ----  ----------- ----------- ---------- ----------   --------------
.pinit       0   [ 00040000 ]  00020000          *   00000000   UNINITIALIZED

.stack       0   [ 000000c0 ]  00000060          *   00001000   UNINITIALIZED
                 [ 000000c0 ]  00000060          *   00001000   --HOLE--

.sysstack 
*            0   [ 000020c0 ]  00001060          *   00000800   UNINITIALIZED
                 [ 000020c0 ]  00001060          *   00000800   --HOLE--

.bss.1       0   [ 000030c0 ]  00001860          *   0000026a   UNINITIALIZED
                 [ 000030c0 ]  00001860          *   00000119   rts55x.lib : defs.obj (.bss)
                 [ 000032f2 ]  00001979          *   000000d0              : trgdrv.obj (.bss)
                 [ 00003492 ]  00001a49          *   00000001              : fopen.obj (.bss)
                 [ 00003494 ]  00001a4a          *   00000071              : lowlev.obj (.bss)
                 [ 00003576 ]  00001abb          *   00000001   usbstk5515bsl.lib : usbstk5515_i2c.obj (.bss)
                 [ 00003578 ]  00001abc          *   00000006   rts55x.lib : memory.obj (.bss)
                 [ 00003584 ]  00001ac2          *   00000004              : _lock.obj (.bss)
                 [ 0000358c ]  00001ac6          *   00000004              : exit.obj (.bss)

.sysmem      0   [ 00003594 ]  00001aca          *   00001000   UNINITIALIZED
                 [ 00003594 ]  00001aca          *   00001000   --HOLE--

.const.1     0   [ 00005594 ]  00002aca          *   00000101   
                 [ 00005594 ]  00002aca          *   00000101   rts55x.lib : ctype.obj (.const:__ctypes_)

.const.2     0   [ 00005798 ]  00002bcc          *   0000002d   
                 [ 00005798 ]  00002bcc          *   0000002d   firstFilter.obj (.const:.string)

.const.3     0   [ 000057f4 ]  00002bfa          *   00000052   
                 [ 000057f4 ]  00002bfa          *   00000024   rts55x.lib : _printfi.obj (.const:.string)
                 [ 0000583c ]  00002c1e          *   0000000c              : _printfi.obj (.const)
                 [ 00005854 ]  00002c2a          *   00000008              : divd.obj (.const:_initial_approx$1)
                 [ 00005864 ]  00002c32          *   00000008   firstFilter.obj (.const)
                 [ 00005874 ]  00002c3a          *   00000008   rts55x.lib : floor.obj (.const)
                 [ 00005884 ]  00002c42          *   00000006              : modf.obj (.const)
                 [ 00005890 ]  00002c48          *   00000002              : fputs.obj (.const:.string)
                 [ 00005894 ]  00002c4a          *   00000002              : fltlid.obj (.const)

.data        0   [ 00005898 ]  00002c4c          *   00000006   
                 [ 00005898 ]  00002c4c          *   00000006   55xdspx_LARGE.lib : sine.obj (.data)

.bss.2       0   [ 00010000 ]  00008000          *   00006a32   UNINITIALIZED
                 [ 00010000 ]  00008000          *   00006a32   firstFilter.obj (.bss)

.text        0     00020000  [ 00010000 ] 00004e5f          *   
                   00020000  [ 00010000 ] 000015a4          *   rts55x.lib : _printfi.obj (.text)
                   000215a4  [ 00010ad2 ] 00000543          *              : lowlev.obj (.text)
                   00021ae7  [ 00010d73+] 00000528          *              : trgdrv.obj (.text)
                   0002200f  [ 00011007+] 000004b5          *              : memory.obj (.text)
                   000224c4  [ 00011262 ] 0000043f          *   firstFilter.obj (.text)
                   00022903  [ 00011481+] 000003cc          *   rts55x.lib : divd.obj (.text)
                   00022ccf  [ 00011667+] 0000027f          *              : fopen.obj (.text)
                   00022f4e  [ 000117a7 ] 0000025e          *              : llmpy.obj (.text)
                   000231ac  [ 000118d6 ] 0000025a          *              : addd.obj (.text)
                   00023406  [ 00011a03 ] 00000223          *   452_Labs_Essentials.lib : AIC_func.obj (.text)
                   00023629  [ 00011b14+] 000001ea          *   rts55x.lib : cmpd.obj (.text)
                   00023813  [ 00011c09+] 00000163          *              : fputs.obj (.text)
                   00023976  [ 00011cbb ] 0000015b          *   firstFilter.obj (.text:retain)
                   00023ad1  [ 00011d68+] 00000156          *   usbstk5515bsl.lib : usbstk5515_gpio.obj (.text)
                   00023c27  [ 00011e13+] 0000014c          *   rts55x.lib : mpyd.obj (.text)
                   00023d73  [ 00011eb9+] 0000013e          *   usbstk5515bsl.lib : usbstk5515_i2c.obj (.text)
                   00023eb1  [ 00011f58+] 000000e6          *   rts55x.lib : setvbuf.obj (.text)
                   00023f97  [ 00011fcb+] 000000dd          *              : _io_perm.obj (.text)
                   00024074  [ 0001203a ] 000000c2          *              : fflush.obj (.text)
                   00024136  [ 0001209b ] 000000bf          *              : modf.obj (.text)
                   000241f5  [ 000120fa+] 000000ba          *              : trgmsg.obj (.text:CIO_breakpoint)
                   000242af  [ 00012157+] 000000a6          *              : fputc.obj (.text)
                   00024355  [ 000121aa+] 000000a2          *              : floor.obj (.text)
                   000243f7  [ 000121fb+] 000000a1          *   55xdspx_LARGE.lib : iircas51.obj (.text)
                   00024498  [ 0001224c ] 000000a1          *   rts55x.lib : divul.obj (.text)
                   00024539  [ 0001229c+] 0000007d          *              : ltoa.obj (.text)
                   000245b6  [ 000122db ] 0000007b          *              : fclose.obj (.text)
                   00024631  [ 00012318+] 00000077          *   55xdspx_LARGE.lib : sine.obj (.text)
                   000246a8  [ 00012354 ] 00000077          *   rts55x.lib : fixdul.obj (.text)
                   0002471f  [ 0001238f+] 00000076          *              : frcmpyd.obj (.text)
                   00024795  [ 000123ca+] 00000073          *              : frcmpyd_div.obj (.text)
                   00024808  [ 00012404 ] 00000072          *              : remul.obj (.text)
                   0002487a  [ 0001243d ] 0000006f          *              : fixdli.obj (.text)
                   000248e9  [ 00012474+] 0000006d          *              : trgmsg.obj (.text)
                   00024956  [ 000124ab ] 0000006b          *              : fseek.obj (.text)
                   000249c1  [ 000124e0+] 00000067          *              : fltlid.obj (.text)
                   00024a28  [ 00012514 ] 0000005c          *              : atoi.obj (.text)
                   00024a84  [ 00012542 ] 00000054          *   usbstk5515bsl.lib : usbstk5515.obj (.text)
                   00024ad8  [ 0001256c ] 00000050          *   rts55x.lib : printf.obj (.text)
                   00024b28  [ 00012594 ] 0000004d          *              : autoinit.obj (.text)
                   00024b75  [ 000125ba+] 0000004b          *              : args_main.obj (.text)
                   00024bc0  [ 000125e0 ] 0000004b          *              : remli.obj (.text)
                   00024c0b  [ 00012605+] 00000048          *              : divli.obj (.text)
                   00024c53  [ 00012629+] 00000046          *   multiply.obj (.text)
                   00024c99  [ 0001264c+] 0000003f          *   rts55x.lib : memcpy.obj (.text)
                   00024cd8  [ 0001266c ] 0000003e          *              : exit.obj (.text)
                   00024d16  [ 0001268b ] 00000034          *              : boot.obj (.text)
                   00024d4a  [ 000126a5 ] 0000002a          *              : fixdi.obj (.text)
                   00024d74  [ 000126ba ] 0000002a          *              : udiv.obj (.text)
                   00024d9e  [ 000126cf ] 00000023          *              : memccpy.obj (.text)
                   00024dc1  [ 000126e0+] 0000001b          *              : fixdu.obj (.text)
                   00024ddc  [ 000126ee ] 0000001a          *              : isinf.obj (.text)
                   00024df6  [ 000126fb ] 00000014          *              : subd.obj (.text)
                   00024e0a  [ 00012705 ] 00000013          *              : lmpy.obj (.text)
                   00024e1d  [ 0001270e+] 00000012          *              : _lock.obj (.text)
                   00024e2f  [ 00012717+] 00000010          *              : negd.obj (.text)
                   00024e3f  [ 0001271f+] 0000000c          *              : fltid.obj (.text)
                   00024e4b  [ 00012725+] 0000000a          *              : remove.obj (.text)
                   00024e55  [ 0001272a+] 00000007          *              : exit.obj (.text:CIO_breakpoint)
                   00024e5c  [ 0001272e ] 00000002          *              : vectors.obj (.text)
                   00024e5e  [ 0001272f ] 00000001          *   --HOLE-- [fill = 20]

.cio         0   [ 00040000 ]  00020000          *   00000120   UNINITIALIZED
                 [ 00040000 ]  00020000          *   00000120   rts55x.lib : trgmsg.obj (.cio)

.cinit       0   [ 00040240 ]  00020120          *   00000078   
                 [ 00040240 ]  00020120          *   0000002d   rts55x.lib : lowlev.obj (.cinit)
                 [ 0004029a ]  0002014d          *   0000002a              : defs.obj (.cinit)
                 [ 000402ee ]  00020177          *   0000000a              : _lock.obj (.cinit)
                 [ 00040302 ]  00020181          *   0000000a              : exit.obj (.cinit)
                 [ 00040316 ]  0002018b          *   00000004              : fopen.obj (.cinit)
                 [ 0004031e ]  0002018f          *   00000004              : memory.obj (.cinit)
                 [ 00040326 ]  00020193          *   00000004   usbstk5515bsl.lib : usbstk5515_i2c.obj (.cinit)
                 [ 0004032e ]  00020197          *   00000001   --HOLE-- [fill = 0]

vectors      0     0004fe00  [ 00027f00 ] 00000100          *   
                   0004fe00  [ 00027f00 ] 00000100          *   rts55x.lib : vectors.obj (vectors)


GLOBAL SYMBOLS: SORTED ALPHABETICALLY BY Name 

abs. value/
byte addr   word addr   name
---------   ---------   ----
00000002                $TI_capability$C5500$CallingConvention
00000002                $TI_capability$C5500$MemoryModel
00000001                $TI_capability_requires_rev3
ffffffff                .bss
ffffffff                .data
ffffffff                .text
00024e56                C$$EXIT
000242aa                C$$IO$$
00024e0a                I$$LMPY
00024d74                I$$UDIV
00024d89                I$$UMOD
00023406                _AIC3204_rset
00023428                _AIC_init
00023622                _AIC_off
000235ca                _AIC_read2
000235fd                _AIC_write2
            00008000    _Counter
00021fb1                _HOSTclock
00021f46                _HOSTclose
00021e91                _HOSTlseek
00021df2                _HOSTopen
00021d65                _HOSTread
00021cb7                _HOSTrename
00021c59                _HOSTtime
00021bef                _HOSTunlink
00021b62                _HOSTwrite
00023976                _I2S_ISR
000224c4                _I2S_interrupt_setup
0004fe00                _Reset
00023bcf                _USBSTK5515_GPIO_getInput
00023ad1                _USBSTK5515_GPIO_init
00023ad5                _USBSTK5515_GPIO_setDirection
00023b52                _USBSTK5515_GPIO_setOutput
00023d92                _USBSTK5515_I2C_close
00023d73                _USBSTK5515_I2C_init
00023e38                _USBSTK5515_I2C_read
00023d9b                _USBSTK5515_I2C_reset
00023da9                _USBSTK5515_I2C_write
00024aca                _USBSTK5515_init
00024a84                _USBSTK5515_wait
00024ab8                _USBSTK5515_waitusec
            00020000    __CIOBUF_
            00001060    __STACK_END
00002000                __STACK_SIZE
00002000                __SYSMEM_SIZE
00001000                __SYSSTACK_SIZE
00000001                __TI_args_main
ffffffff                ___binit__
ffffffff                ___bss__
ffffffff                ___c_args__
            00020120    ___cinit__
ffffffff                ___data__
ffffffff                ___edata__
ffffffff                ___end__
ffffffff                ___etext__
00024ddc                ___isinf
ffffffff                ___pinit__
ffffffff                ___text__
000231ac                __addd
00024b75                __args_main
00022df0                __cleanup
            00001ac6    __cleanup_ptr
000237bb                __cmpd
            00002aca    __ctypes_
00022903                __divd
00024c0b                __divli
00023177                __divlli
00024d74                __divu
00024498                __divul
00023083                __divull
00024074                __doflush
            00001ac8    __dtors_ptr
00023787                __eqld
00024d4a                __fixdi
0002487a                __fixdli
00024dc1                __fixdu
000246a8                __fixdul
00024e3f                __fltid
000249c1                __fltlid
0002471f                __frcmpyd
00024795                __frcmpyd_div
            00001978    __ft_end
            00001860    __ftable
0002373d                __geqd
000236f2                __gtrd
000236a5                __leqd
            00001ac2    __lock
0002365d                __lssd
00023c27                __mpyd
00024e0a                __mpyli
00022fcb                __mpylli
00024e2f                __negd
00023629                __neqd
00024e2d                __nop
00021362                __printfi
00024017                __rd_ok
00024e25                __register_lock
00024e1d                __register_unlock
00024bc0                __remli
00022f9c                __remlli
00024d89                __remu
00024808                __remul
00022f4e                __remull
            00000060    __stack
00024df6                __subd
            00001aca    __sys_memory
            00001060    __sysstack
            000018d8    __tmpnams
            00001ac4    __unlock
00023f97                __wrt_ok
00024e55                _abort
000219f7                _add_device
00024a28                _atoi
00024b28                _auto_init
            00008003    _bInput
            00008803    _bInputFill
            00009003    _bInputFreq
            0000d80d    _bPhase
            0000dc0d    _bPhaseCos
            0000980d    _bSpeech
            0000a00d    _bSpeechFill
            0000a80d    _bSpeechFreq
            0000b00d    _bSynth
            0000b80d    _bSynthFill
            0000c00d    _bSynthFreq
            0000e00d    _bVocoded
            00009803    _bqCoeff
00024d16                _c_int00
000225dd                _calculateLPCoeff
0002249e                _calloc
00022496                _chkheap
00021984                _close
0002254f                _cosLookup
            0000e90d    _cosTable
            00009808    _dbuffer
00024cd8                _exit
            0000980b    _f0
000245b6                _fclose
000240dd                _fflush
0002197b                _find_registered_device
00024355                _floor
00022f13                _fopen
000242af                _fputc
00023813                _fputs
0002200f                _free
00022440                _free_memory
00022e4a                _freopen
00024956                _fseek
00022589                _getFrequencies
00021ae7                _getenv
            00001abb    _i2c_timeout
000243f7                _iircas51
            00008002    _keepSample
00021915                _lseek
00024539                _ltoa
000227e4                _main
00022140                _malloc
000223e6                _max_free
00024d9e                _memccpy
00024c99                _memcpy
000220db                _minit
00024136                _modf
00024c53                _multiply
00021856                _open
            0000ea28    _pInput
            0000ea2a    _pInputFill
            0000ea2c    _pInputFreq
            0000ea0e    _pSpeech
            0000ea10    _pSpeechFill
            0000ea12    _pSpeechFreq
            0000ea14    _pSynth
            0000ea16    _pSynthFill
            0000ea18    _pSynthFreq
            0000ea1a    _pVocoded
            0000ea2e    _pbqCoeff
            0000ea30    _pdbuffer
            0000ea24    _phase
            0000ea26    _phaseCos
00024ad8                _printf
            0000ea1e    _psImag
            0000ea1c    _psReal
000242af                _putc
00024346                _putchar
00023948                _puts
            0000ea22    _pyImag
            0000ea20    _pyReal
000217a8                _read
000248e9                _readmsg
00022235                _realloc
00024e4b                _remove
00021772                _remove_device
00021719                _rename
00023eb1                _setvbuf
00022515                _sinLookup
00024631                _sine
            0000e80d    _sineTable
            0000cc0d    _speechImag
            0000c80d    _speechReal
            0000d40d    _synthImag
            0000d00d    _synthReal
000216e6                _unlink
            0000980c    _w0
000215a4                _write
000241f5                _writemsg
ffffffff                binit
            00020120    cinit
ffffffff                edata
ffffffff                end
ffffffff                etext
ffffffff                pinit


GLOBAL SYMBOLS: SORTED BY Symbol Address 

abs. value/
byte addr   word addr   name
---------   ---------   ----
00000001                $TI_capability_requires_rev3
00000001                __TI_args_main
00000002                $TI_capability$C5500$CallingConvention
00000002                $TI_capability$C5500$MemoryModel
            00000060    __stack
00001000                __SYSSTACK_SIZE
00002000                __STACK_SIZE
00002000                __SYSMEM_SIZE
            00001060    __STACK_END
            00001060    __sysstack
            00001860    __ftable
            000018d8    __tmpnams
            00001978    __ft_end
            00001abb    _i2c_timeout
            00001ac2    __lock
            00001ac4    __unlock
            00001ac6    __cleanup_ptr
            00001ac8    __dtors_ptr
            00001aca    __sys_memory
            00002aca    __ctypes_
            00008000    _Counter
            00008002    _keepSample
            00008003    _bInput
            00008803    _bInputFill
            00009003    _bInputFreq
            00009803    _bqCoeff
            00009808    _dbuffer
            0000980b    _f0
            0000980c    _w0
            0000980d    _bSpeech
            0000a00d    _bSpeechFill
            0000a80d    _bSpeechFreq
            0000b00d    _bSynth
            0000b80d    _bSynthFill
            0000c00d    _bSynthFreq
            0000c80d    _speechReal
            0000cc0d    _speechImag
            0000d00d    _synthReal
            0000d40d    _synthImag
            0000d80d    _bPhase
            0000dc0d    _bPhaseCos
            0000e00d    _bVocoded
            0000e80d    _sineTable
            0000e90d    _cosTable
            0000ea0e    _pSpeech
            0000ea10    _pSpeechFill
            0000ea12    _pSpeechFreq
            0000ea14    _pSynth
            0000ea16    _pSynthFill
            0000ea18    _pSynthFreq
            0000ea1a    _pVocoded
            0000ea1c    _psReal
            0000ea1e    _psImag
            0000ea20    _pyReal
            0000ea22    _pyImag
            0000ea24    _phase
            0000ea26    _phaseCos
            0000ea28    _pInput
            0000ea2a    _pInputFill
            0000ea2c    _pInputFreq
            0000ea2e    _pbqCoeff
            0000ea30    _pdbuffer
00021362                __printfi
000215a4                _write
000216e6                _unlink
00021719                _rename
00021772                _remove_device
000217a8                _read
00021856                _open
00021915                _lseek
0002197b                _find_registered_device
00021984                _close
000219f7                _add_device
00021ae7                _getenv
00021b62                _HOSTwrite
00021bef                _HOSTunlink
00021c59                _HOSTtime
00021cb7                _HOSTrename
00021d65                _HOSTread
00021df2                _HOSTopen
00021e91                _HOSTlseek
00021f46                _HOSTclose
00021fb1                _HOSTclock
0002200f                _free
000220db                _minit
00022140                _malloc
00022235                _realloc
000223e6                _max_free
00022440                _free_memory
00022496                _chkheap
0002249e                _calloc
000224c4                _I2S_interrupt_setup
00022515                _sinLookup
0002254f                _cosLookup
00022589                _getFrequencies
000225dd                _calculateLPCoeff
000227e4                _main
00022903                __divd
00022df0                __cleanup
00022e4a                _freopen
00022f13                _fopen
00022f4e                __remull
00022f9c                __remlli
00022fcb                __mpylli
00023083                __divull
00023177                __divlli
000231ac                __addd
00023406                _AIC3204_rset
00023428                _AIC_init
000235ca                _AIC_read2
000235fd                _AIC_write2
00023622                _AIC_off
00023629                __neqd
0002365d                __lssd
000236a5                __leqd
000236f2                __gtrd
0002373d                __geqd
00023787                __eqld
000237bb                __cmpd
00023813                _fputs
00023948                _puts
00023976                _I2S_ISR
00023ad1                _USBSTK5515_GPIO_init
00023ad5                _USBSTK5515_GPIO_setDirection
00023b52                _USBSTK5515_GPIO_setOutput
00023bcf                _USBSTK5515_GPIO_getInput
00023c27                __mpyd
00023d73                _USBSTK5515_I2C_init
00023d92                _USBSTK5515_I2C_close
00023d9b                _USBSTK5515_I2C_reset
00023da9                _USBSTK5515_I2C_write
00023e38                _USBSTK5515_I2C_read
00023eb1                _setvbuf
00023f97                __wrt_ok
00024017                __rd_ok
00024074                __doflush
000240dd                _fflush
00024136                _modf
000241f5                _writemsg
000242aa                C$$IO$$
000242af                _fputc
000242af                _putc
00024346                _putchar
00024355                _floor
000243f7                _iircas51
00024498                __divul
00024539                _ltoa
000245b6                _fclose
00024631                _sine
000246a8                __fixdul
0002471f                __frcmpyd
00024795                __frcmpyd_div
00024808                __remul
0002487a                __fixdli
000248e9                _readmsg
00024956                _fseek
000249c1                __fltlid
00024a28                _atoi
00024a84                _USBSTK5515_wait
00024ab8                _USBSTK5515_waitusec
00024aca                _USBSTK5515_init
00024ad8                _printf
00024b28                _auto_init
00024b75                __args_main
00024bc0                __remli
00024c0b                __divli
00024c53                _multiply
00024c99                _memcpy
00024cd8                _exit
00024d16                _c_int00
00024d4a                __fixdi
00024d74                I$$UDIV
00024d74                __divu
00024d89                I$$UMOD
00024d89                __remu
00024d9e                _memccpy
00024dc1                __fixdu
00024ddc                ___isinf
00024df6                __subd
00024e0a                I$$LMPY
00024e0a                __mpyli
00024e1d                __register_unlock
00024e25                __register_lock
00024e2d                __nop
00024e2f                __negd
00024e3f                __fltid
00024e4b                _remove
00024e55                _abort
00024e56                C$$EXIT
            00020000    __CIOBUF_
            00020120    ___cinit__
            00020120    cinit
0004fe00                _Reset
ffffffff                .bss
ffffffff                .data
ffffffff                .text
ffffffff                ___binit__
ffffffff                ___bss__
ffffffff                ___c_args__
ffffffff                ___data__
ffffffff                ___edata__
ffffffff                ___end__
ffffffff                ___etext__
ffffffff                ___pinit__
ffffffff                ___text__
ffffffff                binit
ffffffff                edata
ffffffff                end
ffffffff                etext
ffffffff                pinit

[210 symbols]
