******************************************************************************
              TMS320C55x Linker PC v4.4.1                      
******************************************************************************
>> Linked Mon Nov 21 14:28:26 2016

OUTPUT FILE NAME:   <Vocoder.out>
ENTRY POINT SYMBOL: "_c_int00"  address: 00025838


MEMORY CONFIGURATION

         name            origin    length      used     unused   attr    fill
                        (bytes)   (bytes)    (bytes)   (bytes)
----------------------  --------  ---------  --------  --------  ----  --------
PAGE 0:
  MMR                   00000000   000000c0  00000000  000000c0  RWIX
  DARAM0                000000c0   0000ff40  0000fcd2  0000026e  RWIX
  SARAM0                00010000   00010000  00000800  0000f800  RWIX
  SARAM1                00020000   00020000  00005981  0001a67f  RWIX
  SARAM2                00040000   0000fe00  0000035c  0000faa4  RWIX
  VECS                  0004fe00   00000200  00000100  00000100  RWIX
  PDROM                 00ff8000   00008000  00000000  00008000  R IX

PAGE 2:
  IOPORT                00000000   00020000  00000000  00020000  RWI 


SECTION ALLOCATION MAP
(Addresses surrounded by []'s are displayed for convenience only!)

output                                                          attributes/
section   page  orgn(bytes) orgn(words) len(bytes) len(words)   input sections
--------  ----  ----------- ----------- ---------- ----------   --------------
.pinit       0   [ 00040000 ]  00020000          *   00000000   UNINITIALIZED

.stack       0   [ 000000c0 ]  00000060          *   00001000   UNINITIALIZED
                 [ 000000c0 ]  00000060          *   00001000   --HOLE--

.sysstack 
*            0   [ 000020c0 ]  00001060          *   00000800   UNINITIALIZED
                 [ 000020c0 ]  00001060          *   00000800   --HOLE--

.bss         0   [ 000030c0 ]  00001860          *   000054a0   UNINITIALIZED
                 [ 000030c0 ]  00001860          *   0000521e   vocoder.obj (.bss)
                 [ 0000d4fc ]  00006a7e          *   00000119   rts55x.lib : defs.obj (.bss)
                 [ 0000d72e ]  00006b97          *   000000d0              : trgdrv.obj (.bss)
                 [ 0000d8ce ]  00006c67          *   00000001              : fopen.obj (.bss)
                 [ 0000d8d0 ]  00006c68          *   00000071              : lowlev.obj (.bss)
                 [ 0000d9b2 ]  00006cd9          *   00000001   usbstk5515bsl.lib : usbstk5515_i2c.obj (.bss)
                 [ 0000d9b4 ]  00006cda          *   00000008   rts55x.lib : cos.obj (.bss)
                 [ 0000d9c4 ]  00006ce2          *   00000008              : sin.obj (.bss)
                 [ 0000d9d4 ]  00006cea          *   00000006              : memory.obj (.bss)
                 [ 0000d9e0 ]  00006cf0          *   00000004   55xdspx_LARGE.lib : cfft_scale.obj (.bss)
                 [ 0000d9e8 ]  00006cf4          *   00000004                     : cifft_scale.obj (.bss)
                 [ 0000d9f0 ]  00006cf8          *   00000004   rts55x.lib : _lock.obj (.bss)
                 [ 0000d9f8 ]  00006cfc          *   00000004              : exit.obj (.bss)

.sysmem      0   [ 0000da00 ]  00006d00          *   00001000   UNINITIALIZED
                 [ 0000da00 ]  00006d00          *   00001000   --HOLE--

.data.1      0   [ 0000fa00 ]  00007d00          *   00000015   
                 [ 0000fa00 ]  00007d00          *   00000010   55xdspx_LARGE.lib : sqrtv.obj (.data)
                 [ 0000fa20 ]  00007d10          *   00000005                     : arct2.obj (.data)

.const.1     0   [ 0000fa2c ]  00007d16          *   00000101   
                 [ 0000fa2c ]  00007d16          *   00000101   rts55x.lib : ctype.obj (.const:__ctypes_)

.const.2     0   [ 0000fc30 ]  00007e18          *   0000002d   
                 [ 0000fc30 ]  00007e18          *   0000002d   vocoder.obj (.const:.string)

.const.3     0   [ 0000fc8c ]  00007e46          *   00000086   
                 [ 0000fc8c ]  00007e46          *   00000024   rts55x.lib : _printfi.obj (.const:.string)
                 [ 0000fcd4 ]  00007e6a          *   00000016              : cos.obj (.const)
                 [ 0000fd00 ]  00007e80          *   00000014              : sin.obj (.const)
                 [ 0000fd28 ]  00007e94          *   0000000c              : _printfi.obj (.const)
                 [ 0000fd40 ]  00007ea0          *   00000008              : divd.obj (.const:_initial_approx$1)
                 [ 0000fd50 ]  00007ea8          *   00000008              : floor.obj (.const)
                 [ 0000fd60 ]  00007eb0          *   00000008              : round.obj (.const)
                 [ 0000fd70 ]  00007eb8          *   00000006              : modf.obj (.const)
                 [ 0000fd7c ]  00007ebe          *   00000006   vocoder.obj (.const)
                 [ 0000fd88 ]  00007ec4          *   00000004   rts55x.lib : trunc.obj (.const)
                 [ 0000fd90 ]  00007ec8          *   00000002              : fputs.obj (.const:.string)
                 [ 0000fd94 ]  00007eca          *   00000002              : fltlid.obj (.const)

.data.2      0   [ 00010000 ]  00008000          *   00000400   
                 [ 00010000 ]  00008000          *   00000400   55xdspx_LARGE.lib : twiddle.obj (.data:twiddle)

.text        0     00020000  [ 00010000 ] 00005981          *   
                   00020000  [ 00010000 ] 000015a4          *   rts55x.lib : _printfi.obj (.text)
                   000215a4  [ 00010ad2 ] 0000058f          *   vocoder.obj (.text)
                   00021b33  [ 00010d99+] 00000543          *   rts55x.lib : lowlev.obj (.text)
                   00022076  [ 0001103b ] 00000528          *              : trgdrv.obj (.text)
                   0002259e  [ 000112cf ] 000004b5          *              : memory.obj (.text)
                   00022a53  [ 00011529+] 000003cc          *              : divd.obj (.text)
                   00022e1f  [ 0001170f+] 0000027f          *              : fopen.obj (.text)
                   0002309e  [ 0001184f ] 0000025e          *              : llmpy.obj (.text)
                   000232fc  [ 0001197e ] 0000025a          *              : addd.obj (.text)
                   00023556  [ 00011aab ] 00000223          *   452_Labs_Essentials.lib : AIC_func.obj (.text)
                   00023779  [ 00011bbc+] 00000218          *   rts55x.lib : cos.obj (.text)
                   00023991  [ 00011cc8+] 000001f2          *              : sin.obj (.text)
                   00023b83  [ 00011dc1+] 000001ee          *   55xdspx_LARGE.lib : cfft_scale.obj (.text)
                   00023d71  [ 00011eb8+] 000001ee          *                     : cifft_scale.obj (.text)
                   00023f5f  [ 00011faf+] 000001ea          *   rts55x.lib : cmpd.obj (.text)
                   00024149  [ 000120a4+] 00000194          *   vocoder.obj (.text:retain)
                   000242dd  [ 0001216e+] 00000163          *   rts55x.lib : fputs.obj (.text)
                   00024440  [ 00012220 ] 00000156          *   usbstk5515bsl.lib : usbstk5515_gpio.obj (.text)
                   00024596  [ 000122cb ] 0000014c          *   rts55x.lib : mpyd.obj (.text)
                   000246e2  [ 00012371 ] 0000013e          *   usbstk5515bsl.lib : usbstk5515_i2c.obj (.text)
                   00024820  [ 00012410 ] 000000e6          *   rts55x.lib : setvbuf.obj (.text)
                   00024906  [ 00012483 ] 000000de          *   55xdspx_LARGE.lib : cbrev.obj (.text:cbrev)
                   000249e4  [ 000124f2 ] 000000dd          *   rts55x.lib : _io_perm.obj (.text)
                   00024ac1  [ 00012560+] 000000c2          *              : fflush.obj (.text)
                   00024b83  [ 000125c1+] 000000bf          *              : modf.obj (.text)
                   00024c42  [ 00012621 ] 000000ba          *              : trgmsg.obj (.text:CIO_breakpoint)
                   00024cfc  [ 0001267e ] 000000a9          *   55xdspx_LARGE.lib : arct2.obj (.text)
                   00024da5  [ 000126d2+] 000000a6          *   rts55x.lib : fputc.obj (.text)
                   00024e4b  [ 00012725+] 000000a2          *              : floor.obj (.text)
                   00024eed  [ 00012776+] 000000a1          *              : divul.obj (.text)
                   00024f8e  [ 000127c7 ] 0000007d          *              : ltoa.obj (.text)
                   0002500b  [ 00012805+] 0000007b          *              : fclose.obj (.text)
                   00025086  [ 00012843 ] 00000077          *              : fixdul.obj (.text)
                   000250fd  [ 0001287e+] 00000076          *              : frcmpyd.obj (.text)
                   00025173  [ 000128b9+] 00000073          *              : frcmpyd_div.obj (.text)
                   000251e6  [ 000128f3 ] 00000072          *              : remul.obj (.text)
                   00025258  [ 0001292c ] 0000006f          *              : fixdli.obj (.text)
                   000252c7  [ 00012963+] 0000006d          *              : trgmsg.obj (.text)
                   00025334  [ 0001299a ] 0000006b          *              : fseek.obj (.text)
                   0002539f  [ 000129cf+] 00000067          *              : fltlid.obj (.text)
                   00025406  [ 00012a03 ] 0000005f          *   55xdspx_LARGE.lib : sqrtv.obj (.text)
                   00025465  [ 00012a32+] 0000005f          *   rts55x.lib : round.obj (.text)
                   000254c4  [ 00012a62 ] 0000005c          *              : atoi.obj (.text)
                   00025520  [ 00012a90 ] 00000054          *   usbstk5515bsl.lib : usbstk5515.obj (.text)
                   00025574  [ 00012aba ] 00000050          *   rts55x.lib : printf.obj (.text)
                   000255c4  [ 00012ae2 ] 0000004d          *              : autoinit.obj (.text)
                   00025611  [ 00012b08+] 0000004b          *              : args_main.obj (.text)
                   0002565c  [ 00012b2e ] 0000004b          *              : remli.obj (.text)
                   000256a7  [ 00012b53+] 00000048          *              : divli.obj (.text)
                   000256ef  [ 00012b77+] 00000046          *   multiply.obj (.text)
                   00025735  [ 00012b9a+] 00000045          *   55xdspx_LARGE.lib : add.obj (.text)
                   0002577a  [ 00012bbd ] 00000041          *   rts55x.lib : trunc.obj (.text)
                   000257bb  [ 00012bdd+] 0000003f          *              : memcpy.obj (.text)
                   000257fa  [ 00012bfd ] 0000003e          *              : exit.obj (.text)
                   00025838  [ 00012c1c ] 00000034          *              : boot.obj (.text)
                   0002586c  [ 00012c36 ] 0000002a          *              : fixdi.obj (.text)
                   00025896  [ 00012c4b ] 0000002a          *              : udiv.obj (.text)
                   000258c0  [ 00012c60 ] 00000023          *              : memccpy.obj (.text)
                   000258e3  [ 00012c71+] 0000001b          *              : fixdu.obj (.text)
                   000258fe  [ 00012c7f ] 0000001a          *              : isinf.obj (.text)
                   00025918  [ 00012c8c ] 00000014          *              : subd.obj (.text)
                   0002592c  [ 00012c96 ] 00000013          *              : lmpy.obj (.text)
                   0002593f  [ 00012c9f+] 00000012          *              : _lock.obj (.text)
                   00025951  [ 00012ca8+] 00000010          *              : negd.obj (.text)
                   00025961  [ 00012cb0+] 0000000c          *              : fltid.obj (.text)
                   0002596d  [ 00012cb6+] 0000000a          *              : remove.obj (.text)
                   00025977  [ 00012cbb+] 00000007          *              : exit.obj (.text:CIO_breakpoint)
                   0002597e  [ 00012cbf ] 00000002          *              : vectors.obj (.text)
                   00025980  [ 00012cc0 ] 00000001          *   --HOLE-- [fill = 20]

.cio         0   [ 00040000 ]  00020000          *   00000120   UNINITIALIZED
                 [ 00040000 ]  00020000          *   00000120   rts55x.lib : trgmsg.obj (.cio)

.cinit       0   [ 00040240 ]  00020120          *   0000008e   
                 [ 00040240 ]  00020120          *   0000002d   rts55x.lib : lowlev.obj (.cinit)
                 [ 0004029a ]  0002014d          *   0000002a              : defs.obj (.cinit)
                 [ 000402ee ]  00020177          *   0000000b              : cos.obj (.cinit)
                 [ 00040304 ]  00020182          *   0000000b              : sin.obj (.cinit)
                 [ 0004031a ]  0002018d          *   0000000a              : _lock.obj (.cinit)
                 [ 0004032e ]  00020197          *   0000000a              : exit.obj (.cinit)
                 [ 00040342 ]  000201a1          *   00000004              : fopen.obj (.cinit)
                 [ 0004034a ]  000201a5          *   00000004              : memory.obj (.cinit)
                 [ 00040352 ]  000201a9          *   00000004   usbstk5515bsl.lib : usbstk5515_i2c.obj (.cinit)
                 [ 0004035a ]  000201ad          *   00000001   --HOLE-- [fill = 0]

vectors      0     0004fe00  [ 00027f00 ] 00000100          *   
                   0004fe00  [ 00027f00 ] 00000100          *   rts55x.lib : vectors.obj (vectors)


GLOBAL SYMBOLS: SORTED ALPHABETICALLY BY Name 

abs. value/
byte addr   word addr   name
---------   ---------   ----
00000002                $TI_capability$C5500$CallingConvention
00000002                $TI_capability$C5500$MemoryModel
00000001                $TI_capability_requires_rev3
ffffffff                .bss
ffffffff                .data
ffffffff                .text
00025978                C$$EXIT
00024cf7                C$$IO$$
0002592c                I$$LMPY
00025896                I$$UDIV
000258ab                I$$UMOD
            00007d00    SqrtTable
00023556                _AIC3204_rset
00023578                _AIC_init
00023772                _AIC_off
0002371a                _AIC_read2
0002374d                _AIC_write2
            00001860    _Counter
00022540                _HOSTclock
000224d5                _HOSTclose
00022420                _HOSTlseek
00022381                _HOSTopen
000222f4                _HOSTread
00022246                _HOSTrename
000221e8                _HOSTtime
0002217e                _HOSTunlink
000220f1                _HOSTwrite
00024149                _I2S_ISR
000215a4                _I2S_interrupt_setup
0004fe00                _Reset
0002453e                _USBSTK5515_GPIO_getInput
00024440                _USBSTK5515_GPIO_init
00024444                _USBSTK5515_GPIO_setDirection
000244c1                _USBSTK5515_GPIO_setOutput
00024701                _USBSTK5515_I2C_close
000246e2                _USBSTK5515_I2C_init
000247a7                _USBSTK5515_I2C_read
0002470a                _USBSTK5515_I2C_reset
00024718                _USBSTK5515_I2C_write
00025566                _USBSTK5515_init
00025520                _USBSTK5515_wait
00025554                _USBSTK5515_waitusec
            00020000    __CIOBUF_
            00001060    __STACK_END
00002000                __STACK_SIZE
00002000                __SYSMEM_SIZE
00001000                __SYSSTACK_SIZE
00000001                __TI_args_main
ffffffff                ___binit__
ffffffff                ___bss__
ffffffff                ___c_args__
            00020120    ___cinit__
ffffffff                ___data__
ffffffff                ___edata__
ffffffff                ___end__
ffffffff                ___etext__
000258fe                ___isinf
ffffffff                ___pinit__
ffffffff                ___text__
000232fc                __addd
00025611                __args_main
00022f40                __cleanup
            00006cfc    __cleanup_ptr
000240f1                __cmpd
            00007d16    __ctypes_
00022a53                __divd
000256a7                __divli
000232c7                __divlli
00025896                __divu
00024eed                __divul
000231d3                __divull
00024ac1                __doflush
            00006cfe    __dtors_ptr
000240bd                __eqld
0002586c                __fixdi
00025258                __fixdli
000258e3                __fixdu
00025086                __fixdul
00025961                __fltid
0002539f                __fltlid
000250fd                __frcmpyd
00025173                __frcmpyd_div
            00006b96    __ft_end
            00006a7e    __ftable
00024073                __geqd
00024028                __gtrd
00023fdb                __leqd
            00006cf8    __lock
00023f93                __lssd
00024596                __mpyd
0002592c                __mpyli
0002311b                __mpylli
00025951                __negd
00023f5f                __neqd
0002594f                __nop
00025465                __nround
00021362                __printfi
00024a64                __rd_ok
00025947                __register_lock
0002593f                __register_unlock
0002565c                __remli
000230ec                __remlli
000258ab                __remu
000251e6                __remul
0002309e                __remull
            00000060    __stack
00025918                __subd
            00006d00    __sys_memory
            00001060    __sysstack
            00006af6    __tmpnams
0002577a                __trunc
            00006cfa    __unlock
000249e4                __wrt_ok
00025977                _abort
00025735                _add
00021f86                _add_device
00024cfc                _atan2_16
000254c4                _atoi
000255c4                _auto_init
            00005863    _bPhase
            00005c63    _bPhaseCos
            00001863    _bSpeech
            00002063    _bSpeechFill
            00002863    _bSpeechFreq
            00003063    _bSynth
            00003863    _bSynthFill
            00004063    _bSynthFreq
            00006063    _bVocoded
00025838                _c_int00
00022a2d                _calloc
00024906                _cbrev
00023b83                _cfft_SCALE
00022a25                _chkheap
00023d71                _cifft_SCALE
00021f13                _close
00021676                _combineRealImag
00023779                _cos
0002171e                _cosLookup
            00006963    _cosTable
000257fa                _exit
0002500b                _fclose
00024b2a                _fflush
00021f0a                _find_registered_device
00024e4b                _floor
00023063                _fopen
00024da5                _fputc
000242dd                _fputs
0002259e                _free
000229cf                _free_memory
00022f9a                _freopen
00025334                _fseek
00022076                _getenv
            00006cd9    _i2c_timeout
            00001862    _keepSample
00021ea4                _lseek
00024f8e                _ltoa
000217ad                _main
000226cf                _malloc
00022975                _max_free
000258c0                _memccpy
000257bb                _memcpy
0002266a                _minit
00024b83                _modf
000256ef                _multiply
00021de5                _open
            00006a64    _pSpeech
            00006a66    _pSpeechFill
            00006a68    _pSpeechFreq
            00006a6a    _pSynth
            00006a6c    _pSynthFill
            00006a6e    _pSynthFreq
            00006a70    _pVocoded
            00006a7a    _phase
            00006a7c    _phaseCos
00025574                _printf
            00006a74    _psImag
            00006a72    _psReal
00024da5                _putc
00024e3c                _putchar
00024412                _puts
            00006a78    _pyImag
            00006a76    _pyReal
00021d37                _read
000252c7                _readmsg
000227c4                _realloc
0002596d                _remove
00021d01                _remove_device
00021ca8                _rename
00024820                _setvbuf
00023991                _sin
000216e4                _sinLookup
            00006863    _sineTable
            00004c63    _speechImag
            00004863    _speechReal
000215f5                _splitRealImag
00025406                _sqrt_16
000216cb                _square
            00005463    _synthImag
            00005063    _synthReal
00021c75                _unlink
00021758                _vecCosSin
00021b33                _write
00024c42                _writemsg
ffffffff                binit
            00020120    cinit
ffffffff                edata
ffffffff                end
ffffffff                etext
ffffffff                pinit
            00008000    twiddle


GLOBAL SYMBOLS: SORTED BY Symbol Address 

abs. value/
byte addr   word addr   name
---------   ---------   ----
00000001                $TI_capability_requires_rev3
00000001                __TI_args_main
00000002                $TI_capability$C5500$CallingConvention
00000002                $TI_capability$C5500$MemoryModel
            00000060    __stack
00001000                __SYSSTACK_SIZE
00002000                __STACK_SIZE
00002000                __SYSMEM_SIZE
            00001060    __STACK_END
            00001060    __sysstack
            00001860    _Counter
            00001862    _keepSample
            00001863    _bSpeech
            00002063    _bSpeechFill
            00002863    _bSpeechFreq
            00003063    _bSynth
            00003863    _bSynthFill
            00004063    _bSynthFreq
            00004863    _speechReal
            00004c63    _speechImag
            00005063    _synthReal
            00005463    _synthImag
            00005863    _bPhase
            00005c63    _bPhaseCos
            00006063    _bVocoded
            00006863    _sineTable
            00006963    _cosTable
            00006a64    _pSpeech
            00006a66    _pSpeechFill
            00006a68    _pSpeechFreq
            00006a6a    _pSynth
            00006a6c    _pSynthFill
            00006a6e    _pSynthFreq
            00006a70    _pVocoded
            00006a72    _psReal
            00006a74    _psImag
            00006a76    _pyReal
            00006a78    _pyImag
            00006a7a    _phase
            00006a7c    _phaseCos
            00006a7e    __ftable
            00006af6    __tmpnams
            00006b96    __ft_end
            00006cd9    _i2c_timeout
            00006cf8    __lock
            00006cfa    __unlock
            00006cfc    __cleanup_ptr
            00006cfe    __dtors_ptr
            00006d00    __sys_memory
            00007d00    SqrtTable
            00007d16    __ctypes_
            00008000    twiddle
00021362                __printfi
000215a4                _I2S_interrupt_setup
000215f5                _splitRealImag
00021676                _combineRealImag
000216cb                _square
000216e4                _sinLookup
0002171e                _cosLookup
00021758                _vecCosSin
000217ad                _main
00021b33                _write
00021c75                _unlink
00021ca8                _rename
00021d01                _remove_device
00021d37                _read
00021de5                _open
00021ea4                _lseek
00021f0a                _find_registered_device
00021f13                _close
00021f86                _add_device
00022076                _getenv
000220f1                _HOSTwrite
0002217e                _HOSTunlink
000221e8                _HOSTtime
00022246                _HOSTrename
000222f4                _HOSTread
00022381                _HOSTopen
00022420                _HOSTlseek
000224d5                _HOSTclose
00022540                _HOSTclock
0002259e                _free
0002266a                _minit
000226cf                _malloc
000227c4                _realloc
00022975                _max_free
000229cf                _free_memory
00022a25                _chkheap
00022a2d                _calloc
00022a53                __divd
00022f40                __cleanup
00022f9a                _freopen
00023063                _fopen
0002309e                __remull
000230ec                __remlli
0002311b                __mpylli
000231d3                __divull
000232c7                __divlli
000232fc                __addd
00023556                _AIC3204_rset
00023578                _AIC_init
0002371a                _AIC_read2
0002374d                _AIC_write2
00023772                _AIC_off
00023779                _cos
00023991                _sin
00023b83                _cfft_SCALE
00023d71                _cifft_SCALE
00023f5f                __neqd
00023f93                __lssd
00023fdb                __leqd
00024028                __gtrd
00024073                __geqd
000240bd                __eqld
000240f1                __cmpd
00024149                _I2S_ISR
000242dd                _fputs
00024412                _puts
00024440                _USBSTK5515_GPIO_init
00024444                _USBSTK5515_GPIO_setDirection
000244c1                _USBSTK5515_GPIO_setOutput
0002453e                _USBSTK5515_GPIO_getInput
00024596                __mpyd
000246e2                _USBSTK5515_I2C_init
00024701                _USBSTK5515_I2C_close
0002470a                _USBSTK5515_I2C_reset
00024718                _USBSTK5515_I2C_write
000247a7                _USBSTK5515_I2C_read
00024820                _setvbuf
00024906                _cbrev
000249e4                __wrt_ok
00024a64                __rd_ok
00024ac1                __doflush
00024b2a                _fflush
00024b83                _modf
00024c42                _writemsg
00024cf7                C$$IO$$
00024cfc                _atan2_16
00024da5                _fputc
00024da5                _putc
00024e3c                _putchar
00024e4b                _floor
00024eed                __divul
00024f8e                _ltoa
0002500b                _fclose
00025086                __fixdul
000250fd                __frcmpyd
00025173                __frcmpyd_div
000251e6                __remul
00025258                __fixdli
000252c7                _readmsg
00025334                _fseek
0002539f                __fltlid
00025406                _sqrt_16
00025465                __nround
000254c4                _atoi
00025520                _USBSTK5515_wait
00025554                _USBSTK5515_waitusec
00025566                _USBSTK5515_init
00025574                _printf
000255c4                _auto_init
00025611                __args_main
0002565c                __remli
000256a7                __divli
000256ef                _multiply
00025735                _add
0002577a                __trunc
000257bb                _memcpy
000257fa                _exit
00025838                _c_int00
0002586c                __fixdi
00025896                I$$UDIV
00025896                __divu
000258ab                I$$UMOD
000258ab                __remu
000258c0                _memccpy
000258e3                __fixdu
000258fe                ___isinf
00025918                __subd
0002592c                I$$LMPY
0002592c                __mpyli
0002593f                __register_unlock
00025947                __register_lock
0002594f                __nop
00025951                __negd
00025961                __fltid
0002596d                _remove
00025977                _abort
00025978                C$$EXIT
            00020000    __CIOBUF_
            00020120    ___cinit__
            00020120    cinit
0004fe00                _Reset
ffffffff                .bss
ffffffff                .data
ffffffff                .text
ffffffff                ___binit__
ffffffff                ___bss__
ffffffff                ___c_args__
ffffffff                ___data__
ffffffff                ___edata__
ffffffff                ___end__
ffffffff                ___etext__
ffffffff                ___pinit__
ffffffff                ___text__
ffffffff                binit
ffffffff                edata
ffffffff                end
ffffffff                etext
ffffffff                pinit

[210 symbols]
