******************************************************************************
              TMS320C55x Linker PC v4.4.1                      
******************************************************************************
>> Linked Wed Dec 07 20:07:54 2016

OUTPUT FILE NAME:   <VE1939_regression.out>
ENTRY POINT SYMBOL: "_c_int00"  address: 00025257


MEMORY CONFIGURATION

         name            origin    length      used     unused   attr    fill
                        (bytes)   (bytes)    (bytes)   (bytes)
----------------------  --------  ---------  --------  --------  ----  --------
PAGE 0:
  MMR                   00000000   000000c0  00000000  000000c0  RWIX
  DARAM0                000000c0   0000ff40  00005fa2  00009f9e  RWIX
  SARAM0                00010000   00010000  0000f42e  00000bd2  RWIX
  SARAM1                00020000   00020000  00005379  0001ac87  RWIX
  SARAM2                00040000   0000fe00  00001b42  0000e2be  RWIX
  VECS                  0004fe00   00000200  00000100  00000100  RWIX
  PDROM                 00ff8000   00008000  00000000  00008000  R IX

PAGE 2:
  IOPORT                00000000   00020000  00000000  00020000  RWI 


SECTION ALLOCATION MAP
(Addresses surrounded by []'s are displayed for convenience only!)

output                                                          attributes/
section   page  orgn(bytes) orgn(words) len(bytes) len(words)   input sections
--------  ----  ----------- ----------- ---------- ----------   --------------
.pinit       0   [ 00040000 ]  00020000          *   00000000   UNINITIALIZED

.stack       0   [ 000000c0 ]  00000060          *   00001000   UNINITIALIZED
                 [ 000000c0 ]  00000060          *   00001000   --HOLE--

.sysstack 
*            0   [ 000020c0 ]  00001060          *   00000800   UNINITIALIZED
                 [ 000020c0 ]  00001060          *   00000800   --HOLE--

.bss.1       0   [ 000030c0 ]  00001860          *   00000272   UNINITIALIZED
                 [ 000030c0 ]  00001860          *   00000119   rts55x.lib : defs.obj (.bss)
                 [ 000032f2 ]  00001979          *   000000d0              : trgdrv.obj (.bss)
                 [ 00003492 ]  00001a49          *   00000001              : fopen.obj (.bss)
                 [ 00003494 ]  00001a4a          *   00000071              : lowlev.obj (.bss)
                 [ 00003576 ]  00001abb          *   00000001   usbstk5515bsl.lib : usbstk5515_i2c.obj (.bss)
                 [ 00003578 ]  00001abc          *   00000006   rts55x.lib : memory.obj (.bss)
                 [ 00003584 ]  00001ac2          *   00000004   55xdspx_LARGE.lib : cfft_scale.obj (.bss)
                 [ 0000358c ]  00001ac6          *   00000004                     : cifft_noscale.obj (.bss)
                 [ 00003594 ]  00001aca          *   00000004   rts55x.lib : _lock.obj (.bss)
                 [ 0000359c ]  00001ace          *   00000004              : exit.obj (.bss)

.sysmem      0   [ 000035a4 ]  00001ad2          *   00001000   UNINITIALIZED
                 [ 000035a4 ]  00001ad2          *   00001000   --HOLE--

.data        0   [ 000055a4 ]  00002ad2          *   0000041b   
                 [ 000055a4 ]  00002ad2          *   00000400   55xdspx_LARGE.lib : twiddle.obj (.data:twiddle)
                 [ 00005da4 ]  00002ed2          *   00000010                     : sqrtv.obj (.data)
                 [ 00005dc4 ]  00002ee2          *   00000006                     : sine.obj (.data)
                 [ 00005dd0 ]  00002ee8          *   00000005                     : arct2.obj (.data)

.const.1     0   [ 00005ddc ]  00002eee          *   00000101   
                 [ 00005ddc ]  00002eee          *   00000101   rts55x.lib : ctype.obj (.const:__ctypes_)

.const.2     0   [ 00005fe0 ]  00002ff0          *   0000003f   
                 [ 00005fe0 ]  00002ff0          *   00000024   rts55x.lib : _printfi.obj (.const:.string)
                 [ 00006028 ]  00003014          *   0000000c              : _printfi.obj (.const)
                 [ 00006040 ]  00003020          *   00000008              : divd.obj (.const:_initial_approx$1)
                 [ 00006050 ]  00003028          *   00000007   hailMary.obj (.const:.string)

.const.3     0   [ 00006060 ]  00003030          *   00000004   
                 [ 00006060 ]  00003030          *   00000002   rts55x.lib : fputs.obj (.const:.string)
                 [ 00006064 ]  00003032          *   00000002              : fltlid.obj (.const)

.bss.2       0   [ 00010000 ]  00008000          *   00007a17   UNINITIALIZED
                 [ 00010000 ]  00008000          *   00007a17   hailMary.obj (.bss)

.text        0     00020000  [ 00010000 ] 00005379          *   
                   00020000  [ 00010000 ] 000015a4          *   rts55x.lib : _printfi.obj (.text)
                   000215a4  [ 00010ad2 ] 00000726          *   hailMary.obj (.text)
                   00021cca  [ 00010e65 ] 00000543          *   rts55x.lib : lowlev.obj (.text)
                   0002220d  [ 00011106+] 00000528          *              : trgdrv.obj (.text)
                   00022735  [ 0001139a+] 000004b5          *              : memory.obj (.text)
                   00022bea  [ 000115f5 ] 000003cc          *              : divd.obj (.text)
                   00022fb6  [ 000117db ] 0000027f          *              : fopen.obj (.text)
                   00023235  [ 0001191a+] 0000025e          *              : llmpy.obj (.text)
                   00023493  [ 00011a49+] 0000025a          *              : addd.obj (.text)
                   000236ed  [ 00011b76+] 000001f9          *   AIC_func.obj (.text)
                   000238e6  [ 00011c73 ] 000001ee          *   55xdspx_LARGE.lib : cfft_scale.obj (.text)
                   00023ad4  [ 00011d6a ] 000001ea          *   rts55x.lib : cmpd.obj (.text)
                   00023cbe  [ 00011e5f ] 00000167          *   hailMary.obj (.text:retain)
                   00023e25  [ 00011f12+] 00000163          *   55xdspx_LARGE.lib : cifft_noscale.obj (.text)
                   00023f88  [ 00011fc4 ] 00000163          *   rts55x.lib : fputs.obj (.text)
                   000240eb  [ 00012075+] 00000156          *   usbstk5515bsl.lib : usbstk5515_gpio.obj (.text)
                   00024241  [ 00012120+] 0000014c          *   rts55x.lib : mpyd.obj (.text)
                   0002438d  [ 000121c6+] 0000013e          *   usbstk5515bsl.lib : usbstk5515_i2c.obj (.text)
                   000244cb  [ 00012265+] 000000e6          *   rts55x.lib : setvbuf.obj (.text)
                   000245b1  [ 000122d8+] 000000de          *   55xdspx_LARGE.lib : cbrev.obj (.text:cbrev)
                   0002468f  [ 00012347+] 000000dd          *   rts55x.lib : _io_perm.obj (.text)
                   0002476c  [ 000123b6 ] 000000c2          *              : fflush.obj (.text)
                   0002482e  [ 00012417 ] 000000ba          *              : trgmsg.obj (.text:CIO_breakpoint)
                   000248e8  [ 00012474 ] 000000a9          *   55xdspx_LARGE.lib : arct2.obj (.text)
                   00024991  [ 000124c8+] 000000a6          *   rts55x.lib : fputc.obj (.text)
                   00024a37  [ 0001251b+] 000000a1          *              : divul.obj (.text)
                   00024ad8  [ 0001256c ] 0000007d          *              : ltoa.obj (.text)
                   00024b55  [ 000125aa+] 0000007b          *              : fclose.obj (.text)
                   00024bd0  [ 000125e8 ] 00000077          *   55xdspx_LARGE.lib : sine.obj (.text)
                   00024c47  [ 00012623+] 00000076          *   rts55x.lib : frcmpyd.obj (.text)
                   00024cbd  [ 0001265e+] 00000073          *              : frcmpyd_div.obj (.text)
                   00024d30  [ 00012698 ] 00000072          *              : remul.obj (.text)
                   00024da2  [ 000126d1 ] 0000006f          *              : fixdli.obj (.text)
                   00024e11  [ 00012708+] 0000006d          *              : trgmsg.obj (.text)
                   00024e7e  [ 0001273f ] 0000006b          *              : fseek.obj (.text)
                   00024ee9  [ 00012774+] 00000067          *              : fltlid.obj (.text)
                   00024f50  [ 000127a8 ] 0000005f          *   55xdspx_LARGE.lib : sqrtv.obj (.text)
                   00024faf  [ 000127d7+] 0000005c          *   rts55x.lib : atoi.obj (.text)
                   0002500b  [ 00012805+] 00000054          *   usbstk5515bsl.lib : usbstk5515.obj (.text)
                   0002505f  [ 0001282f+] 00000050          *   rts55x.lib : printf.obj (.text)
                   000250af  [ 00012857+] 0000004d          *              : autoinit.obj (.text)
                   000250fc  [ 0001287e ] 0000004b          *              : args_main.obj (.text)
                   00025147  [ 000128a3+] 0000004b          *              : remli.obj (.text)
                   00025192  [ 000128c9 ] 00000048          *              : divli.obj (.text)
                   000251da  [ 000128ed ] 0000003f          *              : memcpy.obj (.text)
                   00025219  [ 0001290c+] 0000003e          *              : exit.obj (.text)
                   00025257  [ 0001292b+] 00000034          *              : boot.obj (.text)
                   0002528b  [ 00012945+] 0000002a          *              : fixdi.obj (.text)
                   000252b5  [ 0001295a+] 0000002a          *              : udiv.obj (.text)
                   000252df  [ 0001296f+] 00000023          *              : memccpy.obj (.text)
                   00025302  [ 00012981 ] 0000001a          *              : isinf.obj (.text)
                   0002531c  [ 0001298e ] 00000014          *              : subd.obj (.text)
                   00025330  [ 00012998 ] 00000013          *              : lmpy.obj (.text)
                   00025343  [ 000129a1+] 00000012          *              : _lock.obj (.text)
                   00025355  [ 000129aa+] 00000010          *              : negd.obj (.text)
                   00025365  [ 000129b2+] 0000000a          *              : remove.obj (.text)
                   0002536f  [ 000129b7+] 00000007          *              : exit.obj (.text:CIO_breakpoint)
                   00025376  [ 000129bb ] 00000002          *              : vectors.obj (.text)
                   00025378  [ 000129bc ] 00000001          *   --HOLE-- [fill = 20]

.cinit       0   [ 00040000 ]  00020000          *   00000c81   
                 [ 00040000 ]  00020000          *   00000c09   hailMary.obj (.cinit)
                 [ 00041812 ]  00020c09          *   0000002d   rts55x.lib : lowlev.obj (.cinit)
                 [ 0004186c ]  00020c36          *   0000002a              : defs.obj (.cinit)
                 [ 000418c0 ]  00020c60          *   0000000a              : _lock.obj (.cinit)
                 [ 000418d4 ]  00020c6a          *   0000000a              : exit.obj (.cinit)
                 [ 000418e8 ]  00020c74          *   00000004              : fopen.obj (.cinit)
                 [ 000418f0 ]  00020c78          *   00000004              : memory.obj (.cinit)
                 [ 000418f8 ]  00020c7c          *   00000004   usbstk5515bsl.lib : usbstk5515_i2c.obj (.cinit)
                 [ 00041900 ]  00020c80          *   00000001   --HOLE-- [fill = 0]

.cio         0   [ 00041908 ]  00020c84          *   00000120   UNINITIALIZED
                 [ 00041908 ]  00020c84          *   00000120   rts55x.lib : trgmsg.obj (.cio)

vectors      0     0004fe00  [ 00027f00 ] 00000100          *   
                   0004fe00  [ 00027f00 ] 00000100          *   rts55x.lib : vectors.obj (vectors)


GLOBAL SYMBOLS: SORTED ALPHABETICALLY BY Name 

abs. value/
byte addr   word addr   name
---------   ---------   ----
00000002                $TI_capability$C5500$CallingConvention
00000002                $TI_capability$C5500$MemoryModel
00000001                $TI_capability_requires_rev3
ffffffff                .bss
ffffffff                .data
ffffffff                .text
00025370                C$$EXIT
000248e3                C$$IO$$
00025330                I$$LMPY
000252b5                I$$UDIV
000252ca                I$$UMOD
            00002ed2    SqrtTable
0002372a                _AIC3204_rset
00023744                _AIC_init
00023723                _AIC_off
00023706                _AIC_read2
000236ed                _AIC_write2
00021c6f                _DACClean_Fifo_Get
00021640                _DACClean_Fifo_Init
000217bc                _DACClean_Fifo_Put
00021cba                _DACClean_Fifo_Size
            0000a410    _DACClean_GetI
            0000a40e    _DACClean_PutI
00021c34                _DACVocoder_Fifo_Get
00021630                _DACVocoder_Fifo_Init
00021779                _DACVocoder_Fifo_Put
00021caa                _DACVocoder_Fifo_Size
            00009c0c    _DACVocoder_GetI
            00009c0a    _DACVocoder_PutI
000226d7                _HOSTclock
0002266c                _HOSTclose
000225b7                _HOSTlseek
00022518                _HOSTopen
0002248b                _HOSTread
000223dd                _HOSTrename
0002237f                _HOSTtime
00022315                _HOSTunlink
00022288                _HOSTwrite
00023cbe                _I2S_ISR
00021670                _I2S_interrupt_setup
0004fe00                _Reset
000216ce                _Speech_Fifo_Get
00021650                _Speech_Fifo_Init
00021bf1                _Speech_Fifo_Put
000216ae                _Speech_Fifo_Size
            00009408    _Speech_GetI
            00009406    _Speech_PutI
00021709                _Synth_Fifo_Get
00021660                _Synth_Fifo_Init
00021bae                _Synth_Fifo_Put
000216be                _Synth_Fifo_Size
            00008c04    _Synth_GetI
            00008c02    _Synth_PutI
000241e9                _USBSTK5515_GPIO_getInput
000240eb                _USBSTK5515_GPIO_init
000240ef                _USBSTK5515_GPIO_setDirection
0002416c                _USBSTK5515_GPIO_setOutput
000243ac                _USBSTK5515_I2C_close
0002438d                _USBSTK5515_I2C_init
00024452                _USBSTK5515_I2C_read
000243b5                _USBSTK5515_I2C_reset
000243c3                _USBSTK5515_I2C_write
00025051                _USBSTK5515_init
0002500b                _USBSTK5515_wait
0002503f                _USBSTK5515_waitusec
            00020c84    __CIOBUF_
            00001060    __STACK_END
00002000                __STACK_SIZE
00002000                __SYSMEM_SIZE
00001000                __SYSSTACK_SIZE
00000001                __TI_args_main
ffffffff                ___binit__
ffffffff                ___bss__
ffffffff                ___c_args__
            00020000    ___cinit__
ffffffff                ___data__
ffffffff                ___edata__
ffffffff                ___end__
ffffffff                ___etext__
00025302                ___isinf
ffffffff                ___pinit__
ffffffff                ___text__
00023493                __addd
000250fc                __args_main
000230d7                __cleanup
            00001ace    __cleanup_ptr
00023c66                __cmpd
            00002eee    __ctypes_
00022bea                __divd
00025192                __divli
0002345e                __divlli
000252b5                __divu
00024a37                __divul
0002336a                __divull
0002476c                __doflush
            00001ad0    __dtors_ptr
00023c32                __eqld
0002528b                __fixdi
00024da2                __fixdli
00024ee9                __fltlid
00024c47                __frcmpyd
00024cbd                __frcmpyd_div
            00001978    __ft_end
            00001860    __ftable
00023be8                __geqd
00023b9d                __gtrd
00023b50                __leqd
            00001aca    __lock
00023b08                __lssd
00024241                __mpyd
00025330                __mpyli
000232b2                __mpylli
00025355                __negd
00023ad4                __neqd
00025353                __nop
00021362                __printfi
0002470f                __rd_ok
0002534b                __register_lock
00025343                __register_unlock
00025147                __remli
00023283                __remlli
000252ca                __remu
00024d30                __remul
00023235                __remull
            00000060    __stack
0002531c                __subd
            00001ad2    __sys_memory
            00001060    __sysstack
            000018d8    __tmpnams
            00001acc    __unlock
0002468f                __wrt_ok
0002536f                _abort
0002211d                _add_device
00021755                _addition
00021744                _applyGain
000248e8                _atan2_16
00024faf                _atoi
000250af                _auto_init
00025257                _c_int00
00022bc4                _calloc
000245b1                _cbrev
000238e6                _cfft_SCALE
00022bbc                _chkheap
00023e25                _cifft_NOSCALE
000220aa                _close
00021766                _combineRealImag
00025219                _exit
            0000cc12    _extra
00024b55                _fclose
000247d5                _fflush
000220a1                _find_registered_device
            00008c01    _flag1
            0000ce11    _flag2
000231fa                _fopen
00024991                _fputc
00023f88                _fputs
00022735                _free
00022b66                _free_memory
00023131                _freopen
00024e7e                _fseek
0002220d                _getenv
            00001abb    _i2c_timeout
            00008800    _imagNoise
            0000ac12    _inputSpeech
            0000b412    _inputSynth
            00008c00    _keepSample
0002203b                _lseek
00024ad8                _ltoa
000217ff                _main
00022866                _malloc
00022b0c                _max_free
000252df                _memccpy
000251da                _memcpy
00022801                _minit
000215a4                _multiply
00021614                _multiplyReal
00021f7c                _open
            0000c412    _output
            0000ee12    _phase
            0000f612    _phaseCosine
            0000f212    _phaseSine
0002505f                _printf
00024991                _putc
00024a28                _putchar
000240bd                _puts
00021ece                _read
00024e11                _readmsg
            00008400    _realNoise
0002295b                _realloc
00025365                _remove
00021e98                _remove_device
00021e3f                _rename
000215dc                _selectiveAddition
000244cb                _setvbuf
00024bd0                _sine
            0000d612    _speechAdd
            0000d212    _speechImag
            0000da12    _speechMagnitude
            0000bc12    _speechPassThrough
            0000ce12    _speechReal
000215c9                _splitRealImag
00024f50                _sqrt_16
000215ba                _square
            0000e612    _synthAdd
            0000fa14    _synthImag
            0000e212    _synthImagb
            0000ea12    _synthMagnitude
            0000fa12    _synthReal
            0000de12    _synthRealb
            0000fa16    _temporary
            00008000    _triWindow
00021e0c                _unlink
00021cca                _write
0002482e                _writemsg
ffffffff                binit
            00020000    cinit
ffffffff                edata
ffffffff                end
ffffffff                etext
ffffffff                pinit
            00002ad2    twiddle


GLOBAL SYMBOLS: SORTED BY Symbol Address 

abs. value/
byte addr   word addr   name
---------   ---------   ----
00000001                $TI_capability_requires_rev3
00000001                __TI_args_main
00000002                $TI_capability$C5500$CallingConvention
00000002                $TI_capability$C5500$MemoryModel
            00000060    __stack
00001000                __SYSSTACK_SIZE
00002000                __STACK_SIZE
00002000                __SYSMEM_SIZE
            00001060    __STACK_END
            00001060    __sysstack
            00001860    __ftable
            000018d8    __tmpnams
            00001978    __ft_end
            00001abb    _i2c_timeout
            00001aca    __lock
            00001acc    __unlock
            00001ace    __cleanup_ptr
            00001ad0    __dtors_ptr
            00001ad2    __sys_memory
            00002ad2    twiddle
            00002ed2    SqrtTable
            00002eee    __ctypes_
            00008000    _triWindow
            00008400    _realNoise
            00008800    _imagNoise
            00008c00    _keepSample
            00008c01    _flag1
            00008c02    _Synth_PutI
            00008c04    _Synth_GetI
            00009406    _Speech_PutI
            00009408    _Speech_GetI
            00009c0a    _DACVocoder_PutI
            00009c0c    _DACVocoder_GetI
            0000a40e    _DACClean_PutI
            0000a410    _DACClean_GetI
            0000ac12    _inputSpeech
            0000b412    _inputSynth
            0000bc12    _speechPassThrough
            0000c412    _output
            0000cc12    _extra
            0000ce11    _flag2
            0000ce12    _speechReal
            0000d212    _speechImag
            0000d612    _speechAdd
            0000da12    _speechMagnitude
            0000de12    _synthRealb
            0000e212    _synthImagb
            0000e612    _synthAdd
            0000ea12    _synthMagnitude
            0000ee12    _phase
            0000f212    _phaseSine
            0000f612    _phaseCosine
            0000fa12    _synthReal
            0000fa14    _synthImag
            0000fa16    _temporary
00021362                __printfi
000215a4                _multiply
000215ba                _square
000215c9                _splitRealImag
000215dc                _selectiveAddition
00021614                _multiplyReal
00021630                _DACVocoder_Fifo_Init
00021640                _DACClean_Fifo_Init
00021650                _Speech_Fifo_Init
00021660                _Synth_Fifo_Init
00021670                _I2S_interrupt_setup
000216ae                _Speech_Fifo_Size
000216be                _Synth_Fifo_Size
000216ce                _Speech_Fifo_Get
00021709                _Synth_Fifo_Get
00021744                _applyGain
00021755                _addition
00021766                _combineRealImag
00021779                _DACVocoder_Fifo_Put
000217bc                _DACClean_Fifo_Put
000217ff                _main
00021bae                _Synth_Fifo_Put
00021bf1                _Speech_Fifo_Put
00021c34                _DACVocoder_Fifo_Get
00021c6f                _DACClean_Fifo_Get
00021caa                _DACVocoder_Fifo_Size
00021cba                _DACClean_Fifo_Size
00021cca                _write
00021e0c                _unlink
00021e3f                _rename
00021e98                _remove_device
00021ece                _read
00021f7c                _open
0002203b                _lseek
000220a1                _find_registered_device
000220aa                _close
0002211d                _add_device
0002220d                _getenv
00022288                _HOSTwrite
00022315                _HOSTunlink
0002237f                _HOSTtime
000223dd                _HOSTrename
0002248b                _HOSTread
00022518                _HOSTopen
000225b7                _HOSTlseek
0002266c                _HOSTclose
000226d7                _HOSTclock
00022735                _free
00022801                _minit
00022866                _malloc
0002295b                _realloc
00022b0c                _max_free
00022b66                _free_memory
00022bbc                _chkheap
00022bc4                _calloc
00022bea                __divd
000230d7                __cleanup
00023131                _freopen
000231fa                _fopen
00023235                __remull
00023283                __remlli
000232b2                __mpylli
0002336a                __divull
0002345e                __divlli
00023493                __addd
000236ed                _AIC_write2
00023706                _AIC_read2
00023723                _AIC_off
0002372a                _AIC3204_rset
00023744                _AIC_init
000238e6                _cfft_SCALE
00023ad4                __neqd
00023b08                __lssd
00023b50                __leqd
00023b9d                __gtrd
00023be8                __geqd
00023c32                __eqld
00023c66                __cmpd
00023cbe                _I2S_ISR
00023e25                _cifft_NOSCALE
00023f88                _fputs
000240bd                _puts
000240eb                _USBSTK5515_GPIO_init
000240ef                _USBSTK5515_GPIO_setDirection
0002416c                _USBSTK5515_GPIO_setOutput
000241e9                _USBSTK5515_GPIO_getInput
00024241                __mpyd
0002438d                _USBSTK5515_I2C_init
000243ac                _USBSTK5515_I2C_close
000243b5                _USBSTK5515_I2C_reset
000243c3                _USBSTK5515_I2C_write
00024452                _USBSTK5515_I2C_read
000244cb                _setvbuf
000245b1                _cbrev
0002468f                __wrt_ok
0002470f                __rd_ok
0002476c                __doflush
000247d5                _fflush
0002482e                _writemsg
000248e3                C$$IO$$
000248e8                _atan2_16
00024991                _fputc
00024991                _putc
00024a28                _putchar
00024a37                __divul
00024ad8                _ltoa
00024b55                _fclose
00024bd0                _sine
00024c47                __frcmpyd
00024cbd                __frcmpyd_div
00024d30                __remul
00024da2                __fixdli
00024e11                _readmsg
00024e7e                _fseek
00024ee9                __fltlid
00024f50                _sqrt_16
00024faf                _atoi
0002500b                _USBSTK5515_wait
0002503f                _USBSTK5515_waitusec
00025051                _USBSTK5515_init
0002505f                _printf
000250af                _auto_init
000250fc                __args_main
00025147                __remli
00025192                __divli
000251da                _memcpy
00025219                _exit
00025257                _c_int00
0002528b                __fixdi
000252b5                I$$UDIV
000252b5                __divu
000252ca                I$$UMOD
000252ca                __remu
000252df                _memccpy
00025302                ___isinf
0002531c                __subd
00025330                I$$LMPY
00025330                __mpyli
00025343                __register_unlock
0002534b                __register_lock
00025353                __nop
00025355                __negd
00025365                _remove
0002536f                _abort
00025370                C$$EXIT
            00020000    ___cinit__
            00020000    cinit
            00020c84    __CIOBUF_
0004fe00                _Reset
ffffffff                .bss
ffffffff                .data
ffffffff                .text
ffffffff                ___binit__
ffffffff                ___bss__
ffffffff                ___c_args__
ffffffff                ___data__
ffffffff                ___edata__
ffffffff                ___end__
ffffffff                ___etext__
ffffffff                ___pinit__
ffffffff                ___text__
ffffffff                binit
ffffffff                edata
ffffffff                end
ffffffff                etext
ffffffff                pinit

[221 symbols]
