******************************************************************************
              TMS320C55x Linker PC v4.4.1                      
******************************************************************************
>> Linked Thu Dec 08 03:47:24 2016

OUTPUT FILE NAME:   <VE1939_whatever.out>
ENTRY POINT SYMBOL: "_c_int00"  address: 0003577d


MEMORY CONFIGURATION

         name            origin    length      used     unused   attr    fill
                        (bytes)   (bytes)    (bytes)   (bytes)
----------------------  --------  ---------  --------  --------  ----  --------
PAGE 0:
  MMR                   00000000   000000c0  00000000  000000c0  RWIX
  DARAM0                000000c0   0000ff40  00005fa2  00009f9e  RWIX
  SARAM0                00010000   00010000  00000000  00010000  RWIX
  SARAM1                00020000   00020000  0001589f  0000a761  RWIX
  SARAM2                00040000   0000fe00  00002b48  0000d2b8  RWIX
  VECS                  0004fe00   00000200  00000100  00000100  RWIX
  PDROM                 00ff8000   00008000  00000000  00008000  R IX

PAGE 2:
  IOPORT                00000000   00020000  00000000  00020000  RWI 


SECTION ALLOCATION MAP
(Addresses surrounded by []'s are displayed for convenience only!)

output                                                          attributes/
section   page  orgn(bytes) orgn(words) len(bytes) len(words)   input sections
--------  ----  ----------- ----------- ---------- ----------   --------------
.pinit       0   [ 00040000 ]  00020000          *   00000000   UNINITIALIZED

.stack       0   [ 000000c0 ]  00000060          *   00001000   UNINITIALIZED
                 [ 000000c0 ]  00000060          *   00001000   --HOLE--

.sysstack 
*            0   [ 000020c0 ]  00001060          *   00000800   UNINITIALIZED
                 [ 000020c0 ]  00001060          *   00000800   --HOLE--

.bss.1       0   [ 000030c0 ]  00001860          *   00000272   UNINITIALIZED
                 [ 000030c0 ]  00001860          *   00000119   rts55x.lib : defs.obj (.bss)
                 [ 000032f2 ]  00001979          *   000000d0              : trgdrv.obj (.bss)
                 [ 00003492 ]  00001a49          *   00000001              : fopen.obj (.bss)
                 [ 00003494 ]  00001a4a          *   00000071              : lowlev.obj (.bss)
                 [ 00003576 ]  00001abb          *   00000001   usbstk5515bsl.lib : usbstk5515_i2c.obj (.bss)
                 [ 00003578 ]  00001abc          *   00000006   rts55x.lib : memory.obj (.bss)
                 [ 00003584 ]  00001ac2          *   00000004   55xdspx_LARGE.lib : cfft_scale.obj (.bss)
                 [ 0000358c ]  00001ac6          *   00000004                     : cifft_noscale.obj (.bss)
                 [ 00003594 ]  00001aca          *   00000004   rts55x.lib : _lock.obj (.bss)
                 [ 0000359c ]  00001ace          *   00000004              : exit.obj (.bss)

.sysmem      0   [ 000035a4 ]  00001ad2          *   00001000   UNINITIALIZED
                 [ 000035a4 ]  00001ad2          *   00001000   --HOLE--

.data        0   [ 000055a4 ]  00002ad2          *   0000041b   
                 [ 000055a4 ]  00002ad2          *   00000400   55xdspx_LARGE.lib : twiddle.obj (.data:twiddle)
                 [ 00005da4 ]  00002ed2          *   00000010                     : sqrtv.obj (.data)
                 [ 00005dc4 ]  00002ee2          *   00000006                     : sine.obj (.data)
                 [ 00005dd0 ]  00002ee8          *   00000005                     : arct2.obj (.data)

.const.1     0   [ 00005ddc ]  00002eee          *   00000101   
                 [ 00005ddc ]  00002eee          *   00000101   rts55x.lib : ctype.obj (.const:__ctypes_)

.const.2     0   [ 00005fe0 ]  00002ff0          *   0000003f   
                 [ 00005fe0 ]  00002ff0          *   00000024   rts55x.lib : _printfi.obj (.const:.string)
                 [ 00006028 ]  00003014          *   0000000c              : _printfi.obj (.const)
                 [ 00006040 ]  00003020          *   00000008              : divd.obj (.const:_initial_approx$1)
                 [ 00006050 ]  00003028          *   00000007   hailMary.obj (.const:.string)

.const.3     0   [ 00006060 ]  00003030          *   00000004   
                 [ 00006060 ]  00003030          *   00000002   rts55x.lib : fputs.obj (.const:.string)
                 [ 00006064 ]  00003032          *   00000002              : fltlid.obj (.const)

.bss.2       0   [ 00020000 ]  00010000          *   00008217   UNINITIALIZED
                 [ 00020000 ]  00010000          *   00008217   hailMary.obj (.bss)

.text        0     0003042e  [ 00018217 ] 00005471          *   
                   0003042e  [ 00018217 ] 000015a4          *   rts55x.lib : _printfi.obj (.text)
                   000319d2  [ 00018ce9 ] 0000076d          *   hailMary.obj (.text)
                   0003213f  [ 0001909f+] 00000543          *   rts55x.lib : lowlev.obj (.text)
                   00032682  [ 00019341 ] 00000528          *              : trgdrv.obj (.text)
                   00032baa  [ 000195d5 ] 000004b5          *              : memory.obj (.text)
                   0003305f  [ 0001982f+] 000003cc          *              : divd.obj (.text)
                   0003342b  [ 00019a15+] 0000027f          *              : fopen.obj (.text)
                   000336aa  [ 00019b55 ] 0000025e          *              : llmpy.obj (.text)
                   00033908  [ 00019c84 ] 0000025a          *              : addd.obj (.text)
                   00033b62  [ 00019db1 ] 000001f9          *   AIC_func.obj (.text)
                   00033d5b  [ 00019ead+] 000001ee          *   55xdspx_LARGE.lib : cfft_scale.obj (.text)
                   00033f49  [ 00019fa4+] 000001ea          *   rts55x.lib : cmpd.obj (.text)
                   00034133  [ 0001a099+] 00000167          *   hailMary.obj (.text:retain)
                   0003429a  [ 0001a14d ] 00000163          *   55xdspx_LARGE.lib : cifft_noscale.obj (.text)
                   000343fd  [ 0001a1fe+] 00000163          *   rts55x.lib : fputs.obj (.text)
                   00034560  [ 0001a2b0 ] 00000156          *   usbstk5515bsl.lib : usbstk5515_gpio.obj (.text)
                   000346b6  [ 0001a35b ] 0000014c          *   rts55x.lib : mpyd.obj (.text)
                   00034802  [ 0001a401 ] 0000013e          *   usbstk5515bsl.lib : usbstk5515_i2c.obj (.text)
                   00034940  [ 0001a4a0 ] 000000e6          *   rts55x.lib : setvbuf.obj (.text)
                   00034a26  [ 0001a513 ] 000000de          *   55xdspx_LARGE.lib : cbrev.obj (.text:cbrev)
                   00034b04  [ 0001a582 ] 000000dd          *   rts55x.lib : _io_perm.obj (.text)
                   00034be1  [ 0001a5f0+] 000000c2          *              : fflush.obj (.text)
                   00034ca3  [ 0001a651+] 000000ba          *              : trgmsg.obj (.text:CIO_breakpoint)
                   00034d5d  [ 0001a6ae+] 000000b1          *   InitializeC55xxCPU.obj (.text)
                   00034e0e  [ 0001a707 ] 000000a9          *   55xdspx_LARGE.lib : arct2.obj (.text)
                   00034eb7  [ 0001a75b+] 000000a6          *   rts55x.lib : fputc.obj (.text)
                   00034f5d  [ 0001a7ae+] 000000a1          *              : divul.obj (.text)
                   00034ffe  [ 0001a7ff ] 0000007d          *              : ltoa.obj (.text)
                   0003507b  [ 0001a83d+] 0000007b          *              : fclose.obj (.text)
                   000350f6  [ 0001a87b ] 00000077          *   55xdspx_LARGE.lib : sine.obj (.text)
                   0003516d  [ 0001a8b6+] 00000076          *   rts55x.lib : frcmpyd.obj (.text)
                   000351e3  [ 0001a8f1+] 00000073          *              : frcmpyd_div.obj (.text)
                   00035256  [ 0001a92b ] 00000072          *              : remul.obj (.text)
                   000352c8  [ 0001a964 ] 0000006f          *              : fixdli.obj (.text)
                   00035337  [ 0001a99b+] 0000006d          *              : trgmsg.obj (.text)
                   000353a4  [ 0001a9d2 ] 0000006b          *              : fseek.obj (.text)
                   0003540f  [ 0001aa07+] 00000067          *              : fltlid.obj (.text)
                   00035476  [ 0001aa3b ] 0000005f          *   55xdspx_LARGE.lib : sqrtv.obj (.text)
                   000354d5  [ 0001aa6a+] 0000005c          *   rts55x.lib : atoi.obj (.text)
                   00035531  [ 0001aa98+] 00000054          *   usbstk5515bsl.lib : usbstk5515.obj (.text)
                   00035585  [ 0001aac2+] 00000050          *   rts55x.lib : printf.obj (.text)
                   000355d5  [ 0001aaea+] 0000004d          *              : autoinit.obj (.text)
                   00035622  [ 0001ab11 ] 0000004b          *              : args_main.obj (.text)
                   0003566d  [ 0001ab36+] 0000004b          *              : remli.obj (.text)
                   000356b8  [ 0001ab5c ] 00000048          *              : divli.obj (.text)
                   00035700  [ 0001ab80 ] 0000003f          *              : memcpy.obj (.text)
                   0003573f  [ 0001ab9f+] 0000003e          *              : exit.obj (.text)
                   0003577d  [ 0001abbe+] 00000034          *              : boot.obj (.text)
                   000357b1  [ 0001abd8+] 0000002a          *              : fixdi.obj (.text)
                   000357db  [ 0001abed+] 0000002a          *              : udiv.obj (.text)
                   00035805  [ 0001ac02+] 00000023          *              : memccpy.obj (.text)
                   00035828  [ 0001ac14 ] 0000001a          *              : isinf.obj (.text)
                   00035842  [ 0001ac21 ] 00000014          *              : subd.obj (.text)
                   00035856  [ 0001ac2b ] 00000013          *              : lmpy.obj (.text)
                   00035869  [ 0001ac34+] 00000012          *              : _lock.obj (.text)
                   0003587b  [ 0001ac3d+] 00000010          *              : negd.obj (.text)
                   0003588b  [ 0001ac45+] 0000000a          *              : remove.obj (.text)
                   00035895  [ 0001ac4a+] 00000007          *              : exit.obj (.text:CIO_breakpoint)
                   0003589c  [ 0001ac4e ] 00000002          *              : vectors.obj (.text)
                   0003589e  [ 0001ac4f ] 00000001          *   --HOLE-- [fill = 20]

.cinit       0   [ 00040000 ]  00020000          *   00001484   
                 [ 00040000 ]  00020000          *   0000140c   hailMary.obj (.cinit)
                 [ 00042818 ]  0002140c          *   0000002d   rts55x.lib : lowlev.obj (.cinit)
                 [ 00042872 ]  00021439          *   0000002a              : defs.obj (.cinit)
                 [ 000428c6 ]  00021463          *   0000000a              : _lock.obj (.cinit)
                 [ 000428da ]  0002146d          *   0000000a              : exit.obj (.cinit)
                 [ 000428ee ]  00021477          *   00000004              : fopen.obj (.cinit)
                 [ 000428f6 ]  0002147b          *   00000004              : memory.obj (.cinit)
                 [ 000428fe ]  0002147f          *   00000004   usbstk5515bsl.lib : usbstk5515_i2c.obj (.cinit)
                 [ 00042906 ]  00021483          *   00000001   --HOLE-- [fill = 0]

.cio         0   [ 00042908 ]  00021484          *   00000120   UNINITIALIZED
                 [ 00042908 ]  00021484          *   00000120   rts55x.lib : trgmsg.obj (.cio)

vectors      0     0004fe00  [ 00027f00 ] 00000100          *   
                   0004fe00  [ 00027f00 ] 00000100          *   rts55x.lib : vectors.obj (vectors)


GLOBAL SYMBOLS: SORTED ALPHABETICALLY BY Name 

abs. value/
byte addr   word addr   name
---------   ---------   ----
00000002                $TI_capability$C5500$CallingConvention
00000002                $TI_capability$C5500$MemoryModel
00000001                $TI_capability_requires_rev3
ffffffff                .bss
ffffffff                .data
ffffffff                .text
00035896                C$$EXIT
00034d58                C$$IO$$
00035856                I$$LMPY
000357db                I$$UDIV
000357f0                I$$UMOD
            00002ed2    SqrtTable
00033b9f                _AIC3204_rset
00033bb9                _AIC_init
00033b98                _AIC_off
00033b7b                _AIC_read2
00033b62                _AIC_write2
00034e06                _ConfigPort
000320e4                _DACClean_Fifo_Get
00031a6e                _DACClean_Fifo_Init
00031c03                _DACClean_Fifo_Put
0003212f                _DACClean_Fifo_Size
            00012c10    _DACClean_GetI
            00012c0e    _DACClean_PutI
000320a9                _DACVocoder_Fifo_Get
00031a5e                _DACVocoder_Fifo_Init
00031bc0                _DACVocoder_Fifo_Put
0003211f                _DACVocoder_Fifo_Size
            0001240c    _DACVocoder_GetI
            0001240a    _DACVocoder_PutI
00032b4c                _HOSTclock
00032ae1                _HOSTclose
00032a2c                _HOSTlseek
0003298d                _HOSTopen
00032900                _HOSTread
00032852                _HOSTrename
000327f4                _HOSTtime
0003278a                _HOSTunlink
000326fd                _HOSTwrite
00034133                _I2S_ISR
00031a9e                _I2S_interrupt_setup
00034d5d                _InitializeCPU
0004fe00                _Reset
00031afc                _Speech_Fifo_Get
00031a7e                _Speech_Fifo_Init
00032066                _Speech_Fifo_Put
00031adc                _Speech_Fifo_Size
            00011c08    _Speech_GetI
            00011c06    _Speech_PutI
00031b37                _Synth_Fifo_Get
00031a8e                _Synth_Fifo_Init
00032023                _Synth_Fifo_Put
00031aec                _Synth_Fifo_Size
            00011404    _Synth_GetI
            00011402    _Synth_PutI
0003465e                _USBSTK5515_GPIO_getInput
00034560                _USBSTK5515_GPIO_init
00034564                _USBSTK5515_GPIO_setDirection
000345e1                _USBSTK5515_GPIO_setOutput
00034821                _USBSTK5515_I2C_close
00034802                _USBSTK5515_I2C_init
000348c7                _USBSTK5515_I2C_read
0003482a                _USBSTK5515_I2C_reset
00034838                _USBSTK5515_I2C_write
00035577                _USBSTK5515_init
00035531                _USBSTK5515_wait
00035565                _USBSTK5515_waitusec
            00021484    __CIOBUF_
            00001060    __STACK_END
00002000                __STACK_SIZE
00002000                __SYSMEM_SIZE
00001000                __SYSSTACK_SIZE
00000001                __TI_args_main
ffffffff                ___binit__
ffffffff                ___bss__
ffffffff                ___c_args__
            00020000    ___cinit__
ffffffff                ___data__
ffffffff                ___edata__
ffffffff                ___end__
ffffffff                ___etext__
00035828                ___isinf
ffffffff                ___pinit__
ffffffff                ___text__
00033908                __addd
00035622                __args_main
0003354c                __cleanup
            00001ace    __cleanup_ptr
000340db                __cmpd
            00002eee    __ctypes_
0003305f                __divd
000356b8                __divli
000338d3                __divlli
000357db                __divu
00034f5d                __divul
000337df                __divull
00034be1                __doflush
            00001ad0    __dtors_ptr
000340a7                __eqld
000357b1                __fixdi
000352c8                __fixdli
0003540f                __fltlid
0003516d                __frcmpyd
000351e3                __frcmpyd_div
            00001978    __ft_end
            00001860    __ftable
0003405d                __geqd
00034012                __gtrd
00033fc5                __leqd
            00001aca    __lock
00033f7d                __lssd
000346b6                __mpyd
00035856                __mpyli
00033727                __mpylli
0003587b                __negd
00033f49                __neqd
00035879                __nop
00031790                __printfi
00034b84                __rd_ok
00035871                __register_lock
00035869                __register_unlock
0003566d                __remli
000336f8                __remlli
000357f0                __remu
00035256                __remul
000336aa                __remull
            00000060    __stack
00035842                __subd
            00001ad2    __sys_memory
            00001060    __sysstack
            000018d8    __tmpnams
            00001acc    __unlock
00034b04                __wrt_ok
00035895                _abort
00032592                _add_device
00031b9c                _addition
00031b72                _applyGain
00031b83                _applyLogGain
00034e0e                _atan2_16
000354d5                _atoi
000355d5                _auto_init
0003577d                _c_int00
00033039                _calloc
00034a26                _cbrev
00033d5b                _cfft_SCALE
00033031                _chkheap
0003429a                _cifft_NOSCALE
0003251f                _close
00031bad                _combineRealImag
0003573f                _exit
            00015412    _extra
0003507b                _fclose
00034c4a                _fflush
00032516                _find_registered_device
            00011401    _flag1
            00015611    _flag2
0003366f                _fopen
00034eb7                _fputc
000343fd                _fputs
00032baa                _free
00032fdb                _free_memory
000335a6                _freopen
000353a4                _fseek
00032682                _getenv
            00001abb    _i2c_timeout
            00010800    _imagNoise
            00013412    _inputSpeech
            00013c12    _inputSynth
            00011400    _keepSample
            00010c00    _logGain
000324b0                _lseek
00034ffe                _ltoa
00031c46                _main
00032cdb                _malloc
00032f81                _max_free
00035805                _memccpy
00035700                _memcpy
00032c76                _minit
000319d2                _multiply
00031a42                _multiplyReal
000323f1                _open
            00014c12    _output
            00017612    _phase
            00017e12    _phaseCosine
            00017a12    _phaseSine
00035585                _printf
00034eb7                _putc
00034f4e                _putchar
00034532                _puts
00032343                _read
00035337                _readmsg
            00010400    _realNoise
00032dd0                _realloc
0003588b                _remove
0003230d                _remove_device
000322b4                _rename
00031a0a                _selectiveAddition
00034940                _setvbuf
000350f6                _sine
            00015e12    _speechAdd
            00015a12    _speechImag
            00016212    _speechMagnitude
            00014412    _speechPassThrough
            00015612    _speechReal
000319f7                _splitRealImag
00035476                _sqrt_16
000319e8                _square
            00016e12    _synthAdd
            00018214    _synthImag
            00016a12    _synthImagb
            00017212    _synthMagnitude
            00018212    _synthReal
            00016612    _synthRealb
            00018216    _temporary
            00010000    _triWindow
00032281                _unlink
0003213f                _write
00034ca3                _writemsg
ffffffff                binit
            00020000    cinit
ffffffff                edata
ffffffff                end
ffffffff                etext
ffffffff                pinit
            00002ad2    twiddle


GLOBAL SYMBOLS: SORTED BY Symbol Address 

abs. value/
byte addr   word addr   name
---------   ---------   ----
00000001                $TI_capability_requires_rev3
00000001                __TI_args_main
00000002                $TI_capability$C5500$CallingConvention
00000002                $TI_capability$C5500$MemoryModel
            00000060    __stack
00001000                __SYSSTACK_SIZE
00002000                __STACK_SIZE
00002000                __SYSMEM_SIZE
            00001060    __STACK_END
            00001060    __sysstack
            00001860    __ftable
            000018d8    __tmpnams
            00001978    __ft_end
            00001abb    _i2c_timeout
            00001aca    __lock
            00001acc    __unlock
            00001ace    __cleanup_ptr
            00001ad0    __dtors_ptr
            00001ad2    __sys_memory
            00002ad2    twiddle
            00002ed2    SqrtTable
            00002eee    __ctypes_
            00010000    _triWindow
            00010400    _realNoise
            00010800    _imagNoise
            00010c00    _logGain
            00011400    _keepSample
            00011401    _flag1
            00011402    _Synth_PutI
            00011404    _Synth_GetI
            00011c06    _Speech_PutI
            00011c08    _Speech_GetI
            0001240a    _DACVocoder_PutI
            0001240c    _DACVocoder_GetI
            00012c0e    _DACClean_PutI
            00012c10    _DACClean_GetI
            00013412    _inputSpeech
            00013c12    _inputSynth
            00014412    _speechPassThrough
            00014c12    _output
            00015412    _extra
            00015611    _flag2
            00015612    _speechReal
            00015a12    _speechImag
            00015e12    _speechAdd
            00016212    _speechMagnitude
            00016612    _synthRealb
            00016a12    _synthImagb
            00016e12    _synthAdd
            00017212    _synthMagnitude
            00017612    _phase
            00017a12    _phaseSine
            00017e12    _phaseCosine
            00018212    _synthReal
            00018214    _synthImag
            00018216    _temporary
00031790                __printfi
000319d2                _multiply
000319e8                _square
000319f7                _splitRealImag
00031a0a                _selectiveAddition
00031a42                _multiplyReal
00031a5e                _DACVocoder_Fifo_Init
00031a6e                _DACClean_Fifo_Init
00031a7e                _Speech_Fifo_Init
00031a8e                _Synth_Fifo_Init
00031a9e                _I2S_interrupt_setup
00031adc                _Speech_Fifo_Size
00031aec                _Synth_Fifo_Size
00031afc                _Speech_Fifo_Get
00031b37                _Synth_Fifo_Get
00031b72                _applyGain
00031b83                _applyLogGain
00031b9c                _addition
00031bad                _combineRealImag
00031bc0                _DACVocoder_Fifo_Put
00031c03                _DACClean_Fifo_Put
00031c46                _main
00032023                _Synth_Fifo_Put
00032066                _Speech_Fifo_Put
000320a9                _DACVocoder_Fifo_Get
000320e4                _DACClean_Fifo_Get
0003211f                _DACVocoder_Fifo_Size
0003212f                _DACClean_Fifo_Size
0003213f                _write
00032281                _unlink
000322b4                _rename
0003230d                _remove_device
00032343                _read
000323f1                _open
000324b0                _lseek
00032516                _find_registered_device
0003251f                _close
00032592                _add_device
00032682                _getenv
000326fd                _HOSTwrite
0003278a                _HOSTunlink
000327f4                _HOSTtime
00032852                _HOSTrename
00032900                _HOSTread
0003298d                _HOSTopen
00032a2c                _HOSTlseek
00032ae1                _HOSTclose
00032b4c                _HOSTclock
00032baa                _free
00032c76                _minit
00032cdb                _malloc
00032dd0                _realloc
00032f81                _max_free
00032fdb                _free_memory
00033031                _chkheap
00033039                _calloc
0003305f                __divd
0003354c                __cleanup
000335a6                _freopen
0003366f                _fopen
000336aa                __remull
000336f8                __remlli
00033727                __mpylli
000337df                __divull
000338d3                __divlli
00033908                __addd
00033b62                _AIC_write2
00033b7b                _AIC_read2
00033b98                _AIC_off
00033b9f                _AIC3204_rset
00033bb9                _AIC_init
00033d5b                _cfft_SCALE
00033f49                __neqd
00033f7d                __lssd
00033fc5                __leqd
00034012                __gtrd
0003405d                __geqd
000340a7                __eqld
000340db                __cmpd
00034133                _I2S_ISR
0003429a                _cifft_NOSCALE
000343fd                _fputs
00034532                _puts
00034560                _USBSTK5515_GPIO_init
00034564                _USBSTK5515_GPIO_setDirection
000345e1                _USBSTK5515_GPIO_setOutput
0003465e                _USBSTK5515_GPIO_getInput
000346b6                __mpyd
00034802                _USBSTK5515_I2C_init
00034821                _USBSTK5515_I2C_close
0003482a                _USBSTK5515_I2C_reset
00034838                _USBSTK5515_I2C_write
000348c7                _USBSTK5515_I2C_read
00034940                _setvbuf
00034a26                _cbrev
00034b04                __wrt_ok
00034b84                __rd_ok
00034be1                __doflush
00034c4a                _fflush
00034ca3                _writemsg
00034d58                C$$IO$$
00034d5d                _InitializeCPU
00034e06                _ConfigPort
00034e0e                _atan2_16
00034eb7                _fputc
00034eb7                _putc
00034f4e                _putchar
00034f5d                __divul
00034ffe                _ltoa
0003507b                _fclose
000350f6                _sine
0003516d                __frcmpyd
000351e3                __frcmpyd_div
00035256                __remul
000352c8                __fixdli
00035337                _readmsg
000353a4                _fseek
0003540f                __fltlid
00035476                _sqrt_16
000354d5                _atoi
00035531                _USBSTK5515_wait
00035565                _USBSTK5515_waitusec
00035577                _USBSTK5515_init
00035585                _printf
000355d5                _auto_init
00035622                __args_main
0003566d                __remli
000356b8                __divli
00035700                _memcpy
0003573f                _exit
0003577d                _c_int00
000357b1                __fixdi
000357db                I$$UDIV
000357db                __divu
000357f0                I$$UMOD
000357f0                __remu
00035805                _memccpy
00035828                ___isinf
00035842                __subd
00035856                I$$LMPY
00035856                __mpyli
00035869                __register_unlock
00035871                __register_lock
00035879                __nop
0003587b                __negd
0003588b                _remove
00035895                _abort
00035896                C$$EXIT
            00020000    ___cinit__
            00020000    cinit
            00021484    __CIOBUF_
0004fe00                _Reset
ffffffff                .bss
ffffffff                .data
ffffffff                .text
ffffffff                ___binit__
ffffffff                ___bss__
ffffffff                ___c_args__
ffffffff                ___data__
ffffffff                ___edata__
ffffffff                ___end__
ffffffff                ___etext__
ffffffff                ___pinit__
ffffffff                ___text__
ffffffff                binit
ffffffff                edata
ffffffff                end
ffffffff                etext
ffffffff                pinit

[225 symbols]
