<?xml version="1.0"?>
<link_info>
   <banner>TMS320C55x Linker PC v4.4.1</banner>
   <copyright>Copyright (c) 1996-2012 Texas Instruments Incorporated</copyright>
   <link_time>0x58493413</link_time>
   <output_file>fxzfxfxfxfxfxfx.out</output_file>
   <entry_point>
      <name>_c_int00</name>
      <address>0x4c014</address>
   </entry_point>
   <input_file_list>
      <input_file id="fl-2">
         <path>.\</path>
         <kind>object</kind>
         <file>AIC_func.obj</file>
         <name>AIC_func.obj</name>
      </input_file>
      <input_file id="fl-3">
         <path>.\</path>
         <kind>object</kind>
         <file>InitializeC55xxCPU.obj</file>
         <name>InitializeC55xxCPU.obj</name>
      </input_file>
      <input_file id="fl-4">
         <path>.\</path>
         <kind>object</kind>
         <file>VE1939_UART.obj</file>
         <name>VE1939_UART.obj</name>
      </input_file>
      <input_file id="fl-5">
         <path>.\</path>
         <kind>object</kind>
         <file>fxfamilytime.obj</file>
         <name>fxfamilytime.obj</name>
      </input_file>
      <input_file id="fl-6">
         <path>.\</path>
         <kind>object</kind>
         <file>ve1939fx.obj</file>
         <name>ve1939fx.obj</name>
      </input_file>
      <input_file id="fl-7">
         <path>.\</path>
         <kind>object</kind>
         <file>vectors.obj</file>
         <name>vectors.obj</name>
      </input_file>
      <input_file id="fl-e">
         <path>N:\windat.V2\workspace_v6_1\C5515_Support_Files\452_Support\</path>
         <kind>archive</kind>
         <file>usbstk5515bsl.lib</file>
         <name>usbstk5515_i2c.obj</name>
      </input_file>
      <input_file id="fl-f">
         <path>N:\windat.V2\workspace_v6_1\C5515_Support_Files\452_Support\</path>
         <kind>archive</kind>
         <file>usbstk5515bsl.lib</file>
         <name>usbstk5515_gpio.obj</name>
      </input_file>
      <input_file id="fl-10">
         <path>N:\windat.V2\workspace_v6_1\C5515_Support_Files\452_Support\</path>
         <kind>archive</kind>
         <file>usbstk5515bsl.lib</file>
         <name>usbstk5515.obj</name>
      </input_file>
      <input_file id="fl-11">
         <path>C:\VApps\ticcs\6p1p0\ccsv6\tools\compiler\c5500_4.4.1\lib\</path>
         <kind>archive</kind>
         <file>rts55x.lib</file>
         <name>boot.obj</name>
      </input_file>
      <input_file id="fl-12">
         <path>C:\VApps\ticcs\6p1p0\ccsv6\tools\compiler\c5500_4.4.1\lib\</path>
         <kind>archive</kind>
         <file>rts55x.lib</file>
         <name>divli.obj</name>
      </input_file>
      <input_file id="fl-13">
         <path>C:\VApps\ticcs\6p1p0\ccsv6\tools\compiler\c5500_4.4.1\lib\</path>
         <kind>archive</kind>
         <file>rts55x.lib</file>
         <name>divul.obj</name>
      </input_file>
      <input_file id="fl-14">
         <path>C:\VApps\ticcs\6p1p0\ccsv6\tools\compiler\c5500_4.4.1\lib\</path>
         <kind>archive</kind>
         <file>rts55x.lib</file>
         <name>exit.obj</name>
      </input_file>
      <input_file id="fl-15">
         <path>C:\VApps\ticcs\6p1p0\ccsv6\tools\compiler\c5500_4.4.1\lib\</path>
         <kind>archive</kind>
         <file>rts55x.lib</file>
         <name>lmpy.obj</name>
      </input_file>
      <input_file id="fl-16">
         <path>C:\VApps\ticcs\6p1p0\ccsv6\tools\compiler\c5500_4.4.1\lib\</path>
         <kind>archive</kind>
         <file>rts55x.lib</file>
         <name>printf.obj</name>
      </input_file>
      <input_file id="fl-17">
         <path>C:\VApps\ticcs\6p1p0\ccsv6\tools\compiler\c5500_4.4.1\lib\</path>
         <kind>archive</kind>
         <file>rts55x.lib</file>
         <name>_lock.obj</name>
      </input_file>
      <input_file id="fl-18">
         <path>C:\VApps\ticcs\6p1p0\ccsv6\tools\compiler\c5500_4.4.1\lib\</path>
         <kind>archive</kind>
         <file>rts55x.lib</file>
         <name>_printfi.obj</name>
      </input_file>
      <input_file id="fl-19">
         <path>C:\VApps\ticcs\6p1p0\ccsv6\tools\compiler\c5500_4.4.1\lib\</path>
         <kind>archive</kind>
         <file>rts55x.lib</file>
         <name>args_main.obj</name>
      </input_file>
      <input_file id="fl-1a">
         <path>C:\VApps\ticcs\6p1p0\ccsv6\tools\compiler\c5500_4.4.1\lib\</path>
         <kind>archive</kind>
         <file>rts55x.lib</file>
         <name>atoi.obj</name>
      </input_file>
      <input_file id="fl-1b">
         <path>C:\VApps\ticcs\6p1p0\ccsv6\tools\compiler\c5500_4.4.1\lib\</path>
         <kind>archive</kind>
         <file>rts55x.lib</file>
         <name>autoinit.obj</name>
      </input_file>
      <input_file id="fl-1c">
         <path>C:\VApps\ticcs\6p1p0\ccsv6\tools\compiler\c5500_4.4.1\lib\</path>
         <kind>archive</kind>
         <file>rts55x.lib</file>
         <name>cmpd.obj</name>
      </input_file>
      <input_file id="fl-1d">
         <path>C:\VApps\ticcs\6p1p0\ccsv6\tools\compiler\c5500_4.4.1\lib\</path>
         <kind>archive</kind>
         <file>rts55x.lib</file>
         <name>ctype.obj</name>
      </input_file>
      <input_file id="fl-1e">
         <path>C:\VApps\ticcs\6p1p0\ccsv6\tools\compiler\c5500_4.4.1\lib\</path>
         <kind>archive</kind>
         <file>rts55x.lib</file>
         <name>defs.obj</name>
      </input_file>
      <input_file id="fl-1f">
         <path>C:\VApps\ticcs\6p1p0\ccsv6\tools\compiler\c5500_4.4.1\lib\</path>
         <kind>archive</kind>
         <file>rts55x.lib</file>
         <name>divd.obj</name>
      </input_file>
      <input_file id="fl-20">
         <path>C:\VApps\ticcs\6p1p0\ccsv6\tools\compiler\c5500_4.4.1\lib\</path>
         <kind>archive</kind>
         <file>rts55x.lib</file>
         <name>fixdi.obj</name>
      </input_file>
      <input_file id="fl-21">
         <path>C:\VApps\ticcs\6p1p0\ccsv6\tools\compiler\c5500_4.4.1\lib\</path>
         <kind>archive</kind>
         <file>rts55x.lib</file>
         <name>fixdli.obj</name>
      </input_file>
      <input_file id="fl-22">
         <path>C:\VApps\ticcs\6p1p0\ccsv6\tools\compiler\c5500_4.4.1\lib\</path>
         <kind>archive</kind>
         <file>rts55x.lib</file>
         <name>fltlid.obj</name>
      </input_file>
      <input_file id="fl-23">
         <path>C:\VApps\ticcs\6p1p0\ccsv6\tools\compiler\c5500_4.4.1\lib\</path>
         <kind>archive</kind>
         <file>rts55x.lib</file>
         <name>fputc.obj</name>
      </input_file>
      <input_file id="fl-24">
         <path>C:\VApps\ticcs\6p1p0\ccsv6\tools\compiler\c5500_4.4.1\lib\</path>
         <kind>archive</kind>
         <file>rts55x.lib</file>
         <name>fputs.obj</name>
      </input_file>
      <input_file id="fl-25">
         <path>C:\VApps\ticcs\6p1p0\ccsv6\tools\compiler\c5500_4.4.1\lib\</path>
         <kind>archive</kind>
         <file>rts55x.lib</file>
         <name>frcmpyd_div.obj</name>
      </input_file>
      <input_file id="fl-26">
         <path>C:\VApps\ticcs\6p1p0\ccsv6\tools\compiler\c5500_4.4.1\lib\</path>
         <kind>archive</kind>
         <file>rts55x.lib</file>
         <name>isinf.obj</name>
      </input_file>
      <input_file id="fl-27">
         <path>C:\VApps\ticcs\6p1p0\ccsv6\tools\compiler\c5500_4.4.1\lib\</path>
         <kind>archive</kind>
         <file>rts55x.lib</file>
         <name>llmpy.obj</name>
      </input_file>
      <input_file id="fl-28">
         <path>C:\VApps\ticcs\6p1p0\ccsv6\tools\compiler\c5500_4.4.1\lib\</path>
         <kind>archive</kind>
         <file>rts55x.lib</file>
         <name>lowlev.obj</name>
      </input_file>
      <input_file id="fl-29">
         <path>C:\VApps\ticcs\6p1p0\ccsv6\tools\compiler\c5500_4.4.1\lib\</path>
         <kind>archive</kind>
         <file>rts55x.lib</file>
         <name>ltoa.obj</name>
      </input_file>
      <input_file id="fl-2a">
         <path>C:\VApps\ticcs\6p1p0\ccsv6\tools\compiler\c5500_4.4.1\lib\</path>
         <kind>archive</kind>
         <file>rts55x.lib</file>
         <name>memccpy.obj</name>
      </input_file>
      <input_file id="fl-2b">
         <path>C:\VApps\ticcs\6p1p0\ccsv6\tools\compiler\c5500_4.4.1\lib\</path>
         <kind>archive</kind>
         <file>rts55x.lib</file>
         <name>memcpy.obj</name>
      </input_file>
      <input_file id="fl-2c">
         <path>C:\VApps\ticcs\6p1p0\ccsv6\tools\compiler\c5500_4.4.1\lib\</path>
         <kind>archive</kind>
         <file>rts55x.lib</file>
         <name>mpyd.obj</name>
      </input_file>
      <input_file id="fl-2d">
         <path>C:\VApps\ticcs\6p1p0\ccsv6\tools\compiler\c5500_4.4.1\lib\</path>
         <kind>archive</kind>
         <file>rts55x.lib</file>
         <name>negd.obj</name>
      </input_file>
      <input_file id="fl-2e">
         <path>C:\VApps\ticcs\6p1p0\ccsv6\tools\compiler\c5500_4.4.1\lib\</path>
         <kind>archive</kind>
         <file>rts55x.lib</file>
         <name>remli.obj</name>
      </input_file>
      <input_file id="fl-2f">
         <path>C:\VApps\ticcs\6p1p0\ccsv6\tools\compiler\c5500_4.4.1\lib\</path>
         <kind>archive</kind>
         <file>rts55x.lib</file>
         <name>remul.obj</name>
      </input_file>
      <input_file id="fl-30">
         <path>C:\VApps\ticcs\6p1p0\ccsv6\tools\compiler\c5500_4.4.1\lib\</path>
         <kind>archive</kind>
         <file>rts55x.lib</file>
         <name>subd.obj</name>
      </input_file>
      <input_file id="fl-31">
         <path>C:\VApps\ticcs\6p1p0\ccsv6\tools\compiler\c5500_4.4.1\lib\</path>
         <kind>archive</kind>
         <file>rts55x.lib</file>
         <name>trgdrv.obj</name>
      </input_file>
      <input_file id="fl-32">
         <path>C:\VApps\ticcs\6p1p0\ccsv6\tools\compiler\c5500_4.4.1\lib\</path>
         <kind>archive</kind>
         <file>rts55x.lib</file>
         <name>trgmsg.obj</name>
      </input_file>
      <input_file id="fl-33">
         <path>C:\VApps\ticcs\6p1p0\ccsv6\tools\compiler\c5500_4.4.1\lib\</path>
         <kind>archive</kind>
         <file>rts55x.lib</file>
         <name>udiv.obj</name>
      </input_file>
      <input_file id="fl-34">
         <path>C:\VApps\ticcs\6p1p0\ccsv6\tools\compiler\c5500_4.4.1\lib\</path>
         <kind>archive</kind>
         <file>rts55x.lib</file>
         <name>_io_perm.obj</name>
      </input_file>
      <input_file id="fl-35">
         <path>C:\VApps\ticcs\6p1p0\ccsv6\tools\compiler\c5500_4.4.1\lib\</path>
         <kind>archive</kind>
         <file>rts55x.lib</file>
         <name>addd.obj</name>
      </input_file>
      <input_file id="fl-36">
         <path>C:\VApps\ticcs\6p1p0\ccsv6\tools\compiler\c5500_4.4.1\lib\</path>
         <kind>archive</kind>
         <file>rts55x.lib</file>
         <name>fflush.obj</name>
      </input_file>
      <input_file id="fl-37">
         <path>C:\VApps\ticcs\6p1p0\ccsv6\tools\compiler\c5500_4.4.1\lib\</path>
         <kind>archive</kind>
         <file>rts55x.lib</file>
         <name>frcmpyd.obj</name>
      </input_file>
      <input_file id="fl-38">
         <path>C:\VApps\ticcs\6p1p0\ccsv6\tools\compiler\c5500_4.4.1\lib\</path>
         <kind>archive</kind>
         <file>rts55x.lib</file>
         <name>fseek.obj</name>
      </input_file>
      <input_file id="fl-39">
         <path>C:\VApps\ticcs\6p1p0\ccsv6\tools\compiler\c5500_4.4.1\lib\</path>
         <kind>archive</kind>
         <file>rts55x.lib</file>
         <name>setvbuf.obj</name>
      </input_file>
      <input_file id="fl-3a">
         <path>C:\VApps\ticcs\6p1p0\ccsv6\tools\compiler\c5500_4.4.1\lib\</path>
         <kind>archive</kind>
         <file>rts55x.lib</file>
         <name>fopen.obj</name>
      </input_file>
      <input_file id="fl-3b">
         <path>C:\VApps\ticcs\6p1p0\ccsv6\tools\compiler\c5500_4.4.1\lib\</path>
         <kind>archive</kind>
         <file>rts55x.lib</file>
         <name>memory.obj</name>
      </input_file>
      <input_file id="fl-3c">
         <path>C:\VApps\ticcs\6p1p0\ccsv6\tools\compiler\c5500_4.4.1\lib\</path>
         <kind>archive</kind>
         <file>rts55x.lib</file>
         <name>fclose.obj</name>
      </input_file>
      <input_file id="fl-3d">
         <path>C:\VApps\ticcs\6p1p0\ccsv6\tools\compiler\c5500_4.4.1\lib\</path>
         <kind>archive</kind>
         <file>rts55x.lib</file>
         <name>remove.obj</name>
      </input_file>
   </input_file_list>
   <object_component_list>
      <object_component id="oc-24">
         <name>.text</name>
         <load_address>0x3ec56</load_address>
         <run_address>0x3ec56</run_address>
         <size>0x6eb</size>
         <input_file_ref idref="fl-5"/>
      </object_component>
      <object_component id="oc-a7">
         <name>.text</name>
         <load_address>0x3f341</load_address>
         <run_address>0x3f341</run_address>
         <size>0x543</size>
         <input_file_ref idref="fl-28"/>
      </object_component>
      <object_component id="oc-cd">
         <name>.text</name>
         <load_address>0x3f884</load_address>
         <run_address>0x3f884</run_address>
         <size>0x528</size>
         <input_file_ref idref="fl-31"/>
      </object_component>
      <object_component id="oc-12">
         <name>.text</name>
         <load_address>0x3fdac</load_address>
         <run_address>0x3fdac</run_address>
         <size>0x1f9</size>
         <input_file_ref idref="fl-2"/>
      </object_component>
      <object_component id="oc-3f">
         <name>.text</name>
         <load_address>0x3ffa5</load_address>
         <run_address>0x3ffa5</run_address>
         <size>0x54</size>
         <input_file_ref idref="fl-10"/>
      </object_component>
      <object_component id="oc-65">
         <name>.text</name>
         <load_address>0x48470</load_address>
         <run_address>0x48470</run_address>
         <size>0x15a4</size>
         <input_file_ref idref="fl-18"/>
      </object_component>
      <object_component id="oc-fa">
         <name>.text</name>
         <load_address>0x49a14</load_address>
         <run_address>0x49a14</run_address>
         <size>0x4b5</size>
         <input_file_ref idref="fl-3b"/>
      </object_component>
      <object_component id="oc-81">
         <name>.text</name>
         <load_address>0x49ec9</load_address>
         <run_address>0x49ec9</run_address>
         <size>0x3cc</size>
         <input_file_ref idref="fl-1f"/>
      </object_component>
      <object_component id="oc-f4">
         <name>.text</name>
         <load_address>0x4a295</load_address>
         <run_address>0x4a295</run_address>
         <size>0x27f</size>
         <input_file_ref idref="fl-3a"/>
      </object_component>
      <object_component id="oc-a3">
         <name>.text</name>
         <load_address>0x4a514</load_address>
         <run_address>0x4a514</run_address>
         <size>0x25e</size>
         <input_file_ref idref="fl-27"/>
      </object_component>
      <object_component id="oc-e0">
         <name>.text</name>
         <load_address>0x4a772</load_address>
         <run_address>0x4a772</run_address>
         <size>0x25a</size>
         <input_file_ref idref="fl-35"/>
      </object_component>
      <object_component id="oc-77">
         <name>.text</name>
         <load_address>0x4a9cc</load_address>
         <run_address>0x4a9cc</run_address>
         <size>0x1ea</size>
         <input_file_ref idref="fl-1c"/>
      </object_component>
      <object_component id="oc-96">
         <name>.text</name>
         <load_address>0x4abb6</load_address>
         <run_address>0x4abb6</run_address>
         <size>0x163</size>
         <input_file_ref idref="fl-24"/>
      </object_component>
      <object_component id="oc-3a">
         <name>.text</name>
         <load_address>0x4ad19</load_address>
         <run_address>0x4ad19</run_address>
         <size>0x156</size>
         <input_file_ref idref="fl-f"/>
      </object_component>
      <object_component id="oc-28">
         <name>.text:retain</name>
         <load_address>0x4ae6f</load_address>
         <run_address>0x4ae6f</run_address>
         <size>0x14f</size>
         <input_file_ref idref="fl-5"/>
      </object_component>
      <object_component id="oc-b9">
         <name>.text</name>
         <load_address>0x4afbe</load_address>
         <run_address>0x4afbe</run_address>
         <size>0x14c</size>
         <input_file_ref idref="fl-2c"/>
      </object_component>
      <object_component id="oc-20">
         <name>.text:retain</name>
         <load_address>0x4b10a</load_address>
         <run_address>0x4b10a</run_address>
         <size>0x149</size>
         <input_file_ref idref="fl-4"/>
      </object_component>
      <object_component id="oc-33">
         <name>.text</name>
         <load_address>0x4b253</load_address>
         <run_address>0x4b253</run_address>
         <size>0x13e</size>
         <input_file_ref idref="fl-e"/>
      </object_component>
      <object_component id="oc-f0">
         <name>.text</name>
         <load_address>0x4b391</load_address>
         <run_address>0x4b391</run_address>
         <size>0xe6</size>
         <input_file_ref idref="fl-39"/>
      </object_component>
      <object_component id="oc-dc">
         <name>.text</name>
         <load_address>0x4b477</load_address>
         <run_address>0x4b477</run_address>
         <size>0xdd</size>
         <input_file_ref idref="fl-34"/>
      </object_component>
      <object_component id="oc-e4">
         <name>.text</name>
         <load_address>0x4b554</load_address>
         <run_address>0x4b554</run_address>
         <size>0xc2</size>
         <input_file_ref idref="fl-36"/>
      </object_component>
      <object_component id="oc-d5">
         <name>.text:CIO_breakpoint</name>
         <load_address>0x4b616</load_address>
         <run_address>0x4b616</run_address>
         <size>0xba</size>
         <input_file_ref idref="fl-32"/>
      </object_component>
      <object_component id="oc-17">
         <name>.text</name>
         <load_address>0x4b6d0</load_address>
         <run_address>0x4b6d0</run_address>
         <size>0xb1</size>
         <input_file_ref idref="fl-3"/>
      </object_component>
      <object_component id="oc-92">
         <name>.text</name>
         <load_address>0x4b781</load_address>
         <run_address>0x4b781</run_address>
         <size>0xa6</size>
         <input_file_ref idref="fl-23"/>
      </object_component>
      <object_component id="oc-4c">
         <name>.text</name>
         <load_address>0x4b827</load_address>
         <run_address>0x4b827</run_address>
         <size>0xa1</size>
         <input_file_ref idref="fl-13"/>
      </object_component>
      <object_component id="oc-2f">
         <name>.text</name>
         <load_address>0x4b8c8</load_address>
         <run_address>0x4b8c8</run_address>
         <size>0x87</size>
         <input_file_ref idref="fl-7"/>
      </object_component>
      <object_component id="oc-ad">
         <name>.text</name>
         <load_address>0x4b94f</load_address>
         <run_address>0x4b94f</run_address>
         <size>0x7d</size>
         <input_file_ref idref="fl-29"/>
      </object_component>
      <object_component id="oc-101">
         <name>.text</name>
         <load_address>0x4b9cc</load_address>
         <run_address>0x4b9cc</run_address>
         <size>0x7b</size>
         <input_file_ref idref="fl-3c"/>
      </object_component>
      <object_component id="oc-e8">
         <name>.text</name>
         <load_address>0x4ba47</load_address>
         <run_address>0x4ba47</run_address>
         <size>0x76</size>
         <input_file_ref idref="fl-37"/>
      </object_component>
      <object_component id="oc-9b">
         <name>.text</name>
         <load_address>0x4babd</load_address>
         <run_address>0x4babd</run_address>
         <size>0x73</size>
         <input_file_ref idref="fl-25"/>
      </object_component>
      <object_component id="oc-c5">
         <name>.text</name>
         <load_address>0x4bb30</load_address>
         <run_address>0x4bb30</run_address>
         <size>0x72</size>
         <input_file_ref idref="fl-2f"/>
      </object_component>
      <object_component id="oc-1c">
         <name>.text</name>
         <load_address>0x4bba2</load_address>
         <run_address>0x4bba2</run_address>
         <size>0x70</size>
         <input_file_ref idref="fl-4"/>
      </object_component>
      <object_component id="oc-89">
         <name>.text</name>
         <load_address>0x4bc12</load_address>
         <run_address>0x4bc12</run_address>
         <size>0x6f</size>
         <input_file_ref idref="fl-21"/>
      </object_component>
      <object_component id="oc-d2">
         <name>.text</name>
         <load_address>0x4bc81</load_address>
         <run_address>0x4bc81</run_address>
         <size>0x6d</size>
         <input_file_ref idref="fl-32"/>
      </object_component>
      <object_component id="oc-ec">
         <name>.text</name>
         <load_address>0x4bcee</load_address>
         <run_address>0x4bcee</run_address>
         <size>0x6b</size>
         <input_file_ref idref="fl-38"/>
      </object_component>
      <object_component id="oc-8d">
         <name>.text</name>
         <load_address>0x4bd59</load_address>
         <run_address>0x4bd59</run_address>
         <size>0x67</size>
         <input_file_ref idref="fl-22"/>
      </object_component>
      <object_component id="oc-6f">
         <name>.text</name>
         <load_address>0x4bdc0</load_address>
         <run_address>0x4bdc0</run_address>
         <size>0x5c</size>
         <input_file_ref idref="fl-1a"/>
      </object_component>
      <object_component id="oc-5b">
         <name>.text</name>
         <load_address>0x4be1c</load_address>
         <run_address>0x4be1c</run_address>
         <size>0x50</size>
         <input_file_ref idref="fl-16"/>
      </object_component>
      <object_component id="oc-73">
         <name>.text</name>
         <load_address>0x4be6c</load_address>
         <run_address>0x4be6c</run_address>
         <size>0x4d</size>
         <input_file_ref idref="fl-1b"/>
      </object_component>
      <object_component id="oc-6b">
         <name>.text</name>
         <load_address>0x4beb9</load_address>
         <run_address>0x4beb9</run_address>
         <size>0x4b</size>
         <input_file_ref idref="fl-19"/>
      </object_component>
      <object_component id="oc-c1">
         <name>.text</name>
         <load_address>0x4bf04</load_address>
         <run_address>0x4bf04</run_address>
         <size>0x4b</size>
         <input_file_ref idref="fl-2e"/>
      </object_component>
      <object_component id="oc-48">
         <name>.text</name>
         <load_address>0x4bf4f</load_address>
         <run_address>0x4bf4f</run_address>
         <size>0x48</size>
         <input_file_ref idref="fl-12"/>
      </object_component>
      <object_component id="oc-b5">
         <name>.text</name>
         <load_address>0x4bf97</load_address>
         <run_address>0x4bf97</run_address>
         <size>0x3f</size>
         <input_file_ref idref="fl-2b"/>
      </object_component>
      <object_component id="oc-50">
         <name>.text</name>
         <load_address>0x4bfd6</load_address>
         <run_address>0x4bfd6</run_address>
         <size>0x3e</size>
         <input_file_ref idref="fl-14"/>
      </object_component>
      <object_component id="oc-10">
         <name>.text</name>
         <load_address>0x4c014</load_address>
         <run_address>0x4c014</run_address>
         <size>0x34</size>
         <input_file_ref idref="fl-11"/>
      </object_component>
      <object_component id="oc-85">
         <name>.text</name>
         <load_address>0x4c048</load_address>
         <run_address>0x4c048</run_address>
         <size>0x2a</size>
         <input_file_ref idref="fl-20"/>
      </object_component>
      <object_component id="oc-d8">
         <name>.text</name>
         <load_address>0x4c072</load_address>
         <run_address>0x4c072</run_address>
         <size>0x2a</size>
         <input_file_ref idref="fl-33"/>
      </object_component>
      <object_component id="oc-b1">
         <name>.text</name>
         <load_address>0x4c09c</load_address>
         <run_address>0x4c09c</run_address>
         <size>0x23</size>
         <input_file_ref idref="fl-2a"/>
      </object_component>
      <object_component id="oc-9f">
         <name>.text</name>
         <load_address>0x4c0bf</load_address>
         <run_address>0x4c0bf</run_address>
         <size>0x1a</size>
         <input_file_ref idref="fl-26"/>
      </object_component>
      <object_component id="oc-c9">
         <name>.text</name>
         <load_address>0x4c0d9</load_address>
         <run_address>0x4c0d9</run_address>
         <size>0x14</size>
         <input_file_ref idref="fl-30"/>
      </object_component>
      <object_component id="oc-57">
         <name>.text</name>
         <load_address>0x4c0ed</load_address>
         <run_address>0x4c0ed</run_address>
         <size>0x13</size>
         <input_file_ref idref="fl-15"/>
      </object_component>
      <object_component id="oc-5f">
         <name>.text</name>
         <load_address>0x4c100</load_address>
         <run_address>0x4c100</run_address>
         <size>0x12</size>
         <input_file_ref idref="fl-17"/>
      </object_component>
      <object_component id="oc-bd">
         <name>.text</name>
         <load_address>0x4c112</load_address>
         <run_address>0x4c112</run_address>
         <size>0x10</size>
         <input_file_ref idref="fl-2d"/>
      </object_component>
      <object_component id="oc-105">
         <name>.text</name>
         <load_address>0x4c122</load_address>
         <run_address>0x4c122</run_address>
         <size>0xa</size>
         <input_file_ref idref="fl-3d"/>
      </object_component>
      <object_component id="oc-54">
         <name>.text:CIO_breakpoint</name>
         <load_address>0x4c12c</load_address>
         <run_address>0x4c12c</run_address>
         <size>0x7</size>
         <input_file_ref idref="fl-14"/>
      </object_component>
      <object_component id="oc-44">
         <name>.stack</name>
         <uninitialized>true</uninitialized>
         <run_address>0xc0</run_address>
         <size>0x0</size>
         <input_file_ref idref="fl-11"/>
      </object_component>
      <object_component id="oc-124">
         <name>.stack</name>
         <uninitialized>true</uninitialized>
         <run_address>0xc0</run_address>
         <size>0x0</size>
      </object_component>
      <object_component id="oc-109">
         <name>.sysstack</name>
         <uninitialized>true</uninitialized>
         <run_address>0x20c0</run_address>
         <size>0x0</size>
         <input_file_ref idref="fl-11"/>
      </object_component>
      <object_component id="oc-126">
         <name>.sysstack</name>
         <uninitialized>true</uninitialized>
         <run_address>0x20c0</run_address>
         <size>0x0</size>
      </object_component>
      <object_component id="oc-7d">
         <name>.bss</name>
         <uninitialized>true</uninitialized>
         <run_address>0x30c0</run_address>
         <size>0x232</size>
         <input_file_ref idref="fl-1e"/>
      </object_component>
      <object_component id="oc-ce">
         <name>.bss</name>
         <uninitialized>true</uninitialized>
         <run_address>0x32f2</run_address>
         <size>0x1a0</size>
         <input_file_ref idref="fl-31"/>
      </object_component>
      <object_component id="oc-f5">
         <name>.bss</name>
         <uninitialized>true</uninitialized>
         <run_address>0x3492</run_address>
         <size>0x2</size>
         <input_file_ref idref="fl-3a"/>
      </object_component>
      <object_component id="oc-a8">
         <name>.bss</name>
         <uninitialized>true</uninitialized>
         <run_address>0x3494</run_address>
         <size>0xe2</size>
         <input_file_ref idref="fl-28"/>
      </object_component>
      <object_component id="oc-1d">
         <name>.bss</name>
         <uninitialized>true</uninitialized>
         <run_address>0x3576</run_address>
         <size>0x1c</size>
         <input_file_ref idref="fl-4"/>
      </object_component>
      <object_component id="oc-34">
         <name>.bss</name>
         <uninitialized>true</uninitialized>
         <run_address>0x3592</run_address>
         <size>0x2</size>
         <input_file_ref idref="fl-e"/>
      </object_component>
      <object_component id="oc-fb">
         <name>.bss</name>
         <uninitialized>true</uninitialized>
         <run_address>0x3594</run_address>
         <size>0xc</size>
         <input_file_ref idref="fl-3b"/>
      </object_component>
      <object_component id="oc-60">
         <name>.bss</name>
         <uninitialized>true</uninitialized>
         <run_address>0x35a0</run_address>
         <size>0x8</size>
         <input_file_ref idref="fl-17"/>
      </object_component>
      <object_component id="oc-51">
         <name>.bss</name>
         <uninitialized>true</uninitialized>
         <run_address>0x35a8</run_address>
         <size>0x8</size>
         <input_file_ref idref="fl-14"/>
      </object_component>
      <object_component id="oc-25">
         <name>.bss</name>
         <uninitialized>true</uninitialized>
         <run_address>0x20000</run_address>
         <size>0x1ec56</size>
         <input_file_ref idref="fl-5"/>
      </object_component>
      <object_component id="oc-10b">
         <name>.const:__ctypes_</name>
         <load_address>0x55b0</load_address>
         <run_address>0x55b0</run_address>
         <size>0x202</size>
         <input_file_ref idref="fl-1d"/>
      </object_component>
      <object_component id="oc-68">
         <name>.const:.string</name>
         <load_address>0x57b4</load_address>
         <run_address>0x57b4</run_address>
         <size>0x48</size>
         <input_file_ref idref="fl-18"/>
      </object_component>
      <object_component id="oc-67">
         <name>.const</name>
         <load_address>0x57fc</load_address>
         <run_address>0x57fc</run_address>
         <size>0x18</size>
         <input_file_ref idref="fl-18"/>
      </object_component>
      <object_component id="oc-10c">
         <name>.const:_initial_approx$1</name>
         <load_address>0x5814</load_address>
         <run_address>0x5814</run_address>
         <size>0x10</size>
         <input_file_ref idref="fl-1f"/>
      </object_component>
      <object_component id="oc-29">
         <name>.const:.string</name>
         <load_address>0x5824</load_address>
         <run_address>0x5824</run_address>
         <size>0xe</size>
         <input_file_ref idref="fl-5"/>
      </object_component>
      <object_component id="oc-98">
         <name>.const:.string</name>
         <load_address>0x5834</load_address>
         <run_address>0x5834</run_address>
         <size>0x4</size>
         <input_file_ref idref="fl-24"/>
      </object_component>
      <object_component id="oc-8f">
         <name>.const</name>
         <load_address>0x5838</load_address>
         <run_address>0x5838</run_address>
         <size>0x4</size>
         <input_file_ref idref="fl-22"/>
      </object_component>
      <object_component id="oc-fe">
         <name>.sysmem</name>
         <uninitialized>true</uninitialized>
         <run_address>0x35b0</run_address>
         <size>0x0</size>
         <input_file_ref idref="fl-3b"/>
      </object_component>
      <object_component id="oc-125">
         <name>.sysmem</name>
         <uninitialized>true</uninitialized>
         <run_address>0x35b0</run_address>
         <size>0x0</size>
      </object_component>
      <object_component id="oc-10a">
         <name>.switch:_uart_interrupt_handler</name>
         <load_address>0x48440</load_address>
         <run_address>0x48440</run_address>
         <size>0x30</size>
         <input_file_ref idref="fl-4"/>
      </object_component>
      <object_component id="oc-27">
         <name>.cinit</name>
         <load_address>0x40000</load_address>
         <run_address>0x40000</run_address>
         <size>0x80a2</size>
         <input_file_ref idref="fl-5"/>
      </object_component>
      <object_component id="oc-1f">
         <name>.cinit</name>
         <load_address>0x480a2</load_address>
         <run_address>0x480a2</run_address>
         <size>0x68</size>
         <input_file_ref idref="fl-4"/>
      </object_component>
      <object_component id="oc-aa">
         <name>.cinit</name>
         <load_address>0x4810a</load_address>
         <run_address>0x4810a</run_address>
         <size>0x5a</size>
         <input_file_ref idref="fl-28"/>
      </object_component>
      <object_component id="oc-7f">
         <name>.cinit</name>
         <load_address>0x48164</load_address>
         <run_address>0x48164</run_address>
         <size>0x54</size>
         <input_file_ref idref="fl-1e"/>
      </object_component>
      <object_component id="oc-62">
         <name>.cinit</name>
         <load_address>0x481b8</load_address>
         <run_address>0x481b8</run_address>
         <size>0x14</size>
         <input_file_ref idref="fl-17"/>
      </object_component>
      <object_component id="oc-53">
         <name>.cinit</name>
         <load_address>0x481cc</load_address>
         <run_address>0x481cc</run_address>
         <size>0x14</size>
         <input_file_ref idref="fl-14"/>
      </object_component>
      <object_component id="oc-f7">
         <name>.cinit</name>
         <load_address>0x481e0</load_address>
         <run_address>0x481e0</run_address>
         <size>0x8</size>
         <input_file_ref idref="fl-3a"/>
      </object_component>
      <object_component id="oc-fd">
         <name>.cinit</name>
         <load_address>0x481e8</load_address>
         <run_address>0x481e8</run_address>
         <size>0x8</size>
         <input_file_ref idref="fl-3b"/>
      </object_component>
      <object_component id="oc-36">
         <name>.cinit</name>
         <load_address>0x481f0</load_address>
         <run_address>0x481f0</run_address>
         <size>0x8</size>
         <input_file_ref idref="fl-e"/>
      </object_component>
      <object_component id="oc-d4">
         <name>.cio</name>
         <uninitialized>true</uninitialized>
         <run_address>0x48200</run_address>
         <size>0x240</size>
         <input_file_ref idref="fl-32"/>
      </object_component>
      <object_component id="oc-11">
         <name>vectors</name>
         <load_address>0x4fe00</load_address>
         <run_address>0x4fe00</run_address>
         <size>0x100</size>
         <input_file_ref idref="fl-7"/>
      </object_component>
      <object_component id="oc-13">
         <name>.debug_info</name>
         <load_address>0x0</load_address>
         <run_address>0x0</run_address>
         <size>0xc64</size>
         <input_file_ref idref="fl-2"/>
      </object_component>
      <object_component id="oc-18">
         <name>.debug_info</name>
         <load_address>0xc64</load_address>
         <run_address>0xc64</run_address>
         <size>0x64f</size>
         <input_file_ref idref="fl-3"/>
      </object_component>
      <object_component id="oc-1e">
         <name>.debug_info</name>
         <load_address>0x12b3</load_address>
         <run_address>0x12b3</run_address>
         <size>0x77e</size>
         <input_file_ref idref="fl-4"/>
      </object_component>
      <object_component id="oc-26">
         <name>.debug_info</name>
         <load_address>0x1a31</load_address>
         <run_address>0x1a31</run_address>
         <size>0x229b</size>
         <input_file_ref idref="fl-5"/>
      </object_component>
      <object_component id="oc-2d">
         <name>.debug_info</name>
         <load_address>0x3ccc</load_address>
         <run_address>0x3ccc</run_address>
         <size>0x480</size>
         <input_file_ref idref="fl-6"/>
      </object_component>
      <object_component id="oc-30">
         <name>.debug_info</name>
         <load_address>0x414c</load_address>
         <run_address>0x414c</run_address>
         <size>0xfc</size>
         <input_file_ref idref="fl-7"/>
      </object_component>
      <object_component id="oc-35">
         <name>.debug_info</name>
         <load_address>0x4248</load_address>
         <run_address>0x4248</run_address>
         <size>0xbe6</size>
         <input_file_ref idref="fl-e"/>
      </object_component>
      <object_component id="oc-3b">
         <name>.debug_info</name>
         <load_address>0x4e2e</load_address>
         <run_address>0x4e2e</run_address>
         <size>0x840</size>
         <input_file_ref idref="fl-f"/>
      </object_component>
      <object_component id="oc-40">
         <name>.debug_info</name>
         <load_address>0x566e</load_address>
         <run_address>0x566e</run_address>
         <size>0x6a7</size>
         <input_file_ref idref="fl-10"/>
      </object_component>
      <object_component id="oc-45">
         <name>.debug_info</name>
         <load_address>0x5d15</load_address>
         <run_address>0x5d15</run_address>
         <size>0xe8</size>
         <input_file_ref idref="fl-11"/>
      </object_component>
      <object_component id="oc-49">
         <name>.debug_info</name>
         <load_address>0x5dfd</load_address>
         <run_address>0x5dfd</run_address>
         <size>0x4f2</size>
         <input_file_ref idref="fl-12"/>
      </object_component>
      <object_component id="oc-4d">
         <name>.debug_info</name>
         <load_address>0x62ef</load_address>
         <run_address>0x62ef</run_address>
         <size>0x534</size>
         <input_file_ref idref="fl-13"/>
      </object_component>
      <object_component id="oc-52">
         <name>.debug_info</name>
         <load_address>0x6823</load_address>
         <run_address>0x6823</run_address>
         <size>0x5fb</size>
         <input_file_ref idref="fl-14"/>
      </object_component>
      <object_component id="oc-58">
         <name>.debug_info</name>
         <load_address>0x6e1e</load_address>
         <run_address>0x6e1e</run_address>
         <size>0xbd</size>
         <input_file_ref idref="fl-15"/>
      </object_component>
      <object_component id="oc-5c">
         <name>.debug_info</name>
         <load_address>0x6edb</load_address>
         <run_address>0x6edb</run_address>
         <size>0x76c</size>
         <input_file_ref idref="fl-16"/>
      </object_component>
      <object_component id="oc-61">
         <name>.debug_info</name>
         <load_address>0x7647</load_address>
         <run_address>0x7647</run_address>
         <size>0x5bc</size>
         <input_file_ref idref="fl-17"/>
      </object_component>
      <object_component id="oc-66">
         <name>.debug_info</name>
         <load_address>0x7c03</load_address>
         <run_address>0x7c03</run_address>
         <size>0x27bd</size>
         <input_file_ref idref="fl-18"/>
      </object_component>
      <object_component id="oc-6c">
         <name>.debug_info</name>
         <load_address>0xa3c0</load_address>
         <run_address>0xa3c0</run_address>
         <size>0x586</size>
         <input_file_ref idref="fl-19"/>
      </object_component>
      <object_component id="oc-70">
         <name>.debug_info</name>
         <load_address>0xa946</load_address>
         <run_address>0xa946</run_address>
         <size>0x5a4</size>
         <input_file_ref idref="fl-1a"/>
      </object_component>
      <object_component id="oc-74">
         <name>.debug_info</name>
         <load_address>0xaeea</load_address>
         <run_address>0xaeea</run_address>
         <size>0xcd</size>
         <input_file_ref idref="fl-1b"/>
      </object_component>
      <object_component id="oc-78">
         <name>.debug_info</name>
         <load_address>0xafb7</load_address>
         <run_address>0xafb7</run_address>
         <size>0x81f</size>
         <input_file_ref idref="fl-1c"/>
      </object_component>
      <object_component id="oc-7b">
         <name>.debug_info</name>
         <load_address>0xb7d6</load_address>
         <run_address>0xb7d6</run_address>
         <size>0x498</size>
         <input_file_ref idref="fl-1d"/>
      </object_component>
      <object_component id="oc-7e">
         <name>.debug_info</name>
         <load_address>0xbc6e</load_address>
         <run_address>0xbc6e</run_address>
         <size>0x57e</size>
         <input_file_ref idref="fl-1e"/>
      </object_component>
      <object_component id="oc-82">
         <name>.debug_info</name>
         <load_address>0xc1ec</load_address>
         <run_address>0xc1ec</run_address>
         <size>0x7e8</size>
         <input_file_ref idref="fl-1f"/>
      </object_component>
      <object_component id="oc-86">
         <name>.debug_info</name>
         <load_address>0xc9d4</load_address>
         <run_address>0xc9d4</run_address>
         <size>0x4cf</size>
         <input_file_ref idref="fl-20"/>
      </object_component>
      <object_component id="oc-8a">
         <name>.debug_info</name>
         <load_address>0xcea3</load_address>
         <run_address>0xcea3</run_address>
         <size>0x534</size>
         <input_file_ref idref="fl-21"/>
      </object_component>
      <object_component id="oc-8e">
         <name>.debug_info</name>
         <load_address>0xd3d7</load_address>
         <run_address>0xd3d7</run_address>
         <size>0x549</size>
         <input_file_ref idref="fl-22"/>
      </object_component>
      <object_component id="oc-93">
         <name>.debug_info</name>
         <load_address>0xd920</load_address>
         <run_address>0xd920</run_address>
         <size>0x6aa</size>
         <input_file_ref idref="fl-23"/>
      </object_component>
      <object_component id="oc-97">
         <name>.debug_info</name>
         <load_address>0xdfca</load_address>
         <run_address>0xdfca</run_address>
         <size>0x942</size>
         <input_file_ref idref="fl-24"/>
      </object_component>
      <object_component id="oc-9c">
         <name>.debug_info</name>
         <load_address>0xe90c</load_address>
         <run_address>0xe90c</run_address>
         <size>0x53e</size>
         <input_file_ref idref="fl-25"/>
      </object_component>
      <object_component id="oc-a0">
         <name>.debug_info</name>
         <load_address>0xee4a</load_address>
         <run_address>0xee4a</run_address>
         <size>0x680</size>
         <input_file_ref idref="fl-26"/>
      </object_component>
      <object_component id="oc-a4">
         <name>.debug_info</name>
         <load_address>0xf4ca</load_address>
         <run_address>0xf4ca</run_address>
         <size>0x7d4</size>
         <input_file_ref idref="fl-27"/>
      </object_component>
      <object_component id="oc-a9">
         <name>.debug_info</name>
         <load_address>0xfc9e</load_address>
         <run_address>0xfc9e</run_address>
         <size>0x144b</size>
         <input_file_ref idref="fl-28"/>
      </object_component>
      <object_component id="oc-ae">
         <name>.debug_info</name>
         <load_address>0x110e9</load_address>
         <run_address>0x110e9</run_address>
         <size>0x5ad</size>
         <input_file_ref idref="fl-29"/>
      </object_component>
      <object_component id="oc-b2">
         <name>.debug_info</name>
         <load_address>0x11696</load_address>
         <run_address>0x11696</run_address>
         <size>0x574</size>
         <input_file_ref idref="fl-2a"/>
      </object_component>
      <object_component id="oc-b6">
         <name>.debug_info</name>
         <load_address>0x11c0a</load_address>
         <run_address>0x11c0a</run_address>
         <size>0xd1</size>
         <input_file_ref idref="fl-2b"/>
      </object_component>
      <object_component id="oc-ba">
         <name>.debug_info</name>
         <load_address>0x11cdb</load_address>
         <run_address>0x11cdb</run_address>
         <size>0x55b</size>
         <input_file_ref idref="fl-2c"/>
      </object_component>
      <object_component id="oc-be">
         <name>.debug_info</name>
         <load_address>0x12236</load_address>
         <run_address>0x12236</run_address>
         <size>0x4b7</size>
         <input_file_ref idref="fl-2d"/>
      </object_component>
      <object_component id="oc-c2">
         <name>.debug_info</name>
         <load_address>0x126ed</load_address>
         <run_address>0x126ed</run_address>
         <size>0x4f2</size>
         <input_file_ref idref="fl-2e"/>
      </object_component>
      <object_component id="oc-c6">
         <name>.debug_info</name>
         <load_address>0x12bdf</load_address>
         <run_address>0x12bdf</run_address>
         <size>0x534</size>
         <input_file_ref idref="fl-2f"/>
      </object_component>
      <object_component id="oc-ca">
         <name>.debug_info</name>
         <load_address>0x13113</load_address>
         <run_address>0x13113</run_address>
         <size>0x4de</size>
         <input_file_ref idref="fl-30"/>
      </object_component>
      <object_component id="oc-cf">
         <name>.debug_info</name>
         <load_address>0x135f1</load_address>
         <run_address>0x135f1</run_address>
         <size>0xed4</size>
         <input_file_ref idref="fl-31"/>
      </object_component>
      <object_component id="oc-d3">
         <name>.debug_info</name>
         <load_address>0x144c5</load_address>
         <run_address>0x144c5</run_address>
         <size>0x744</size>
         <input_file_ref idref="fl-32"/>
      </object_component>
      <object_component id="oc-d9">
         <name>.debug_info</name>
         <load_address>0x14c09</load_address>
         <run_address>0x14c09</run_address>
         <size>0xef</size>
         <input_file_ref idref="fl-33"/>
      </object_component>
      <object_component id="oc-dd">
         <name>.debug_info</name>
         <load_address>0x14cf8</load_address>
         <run_address>0x14cf8</run_address>
         <size>0x662</size>
         <input_file_ref idref="fl-34"/>
      </object_component>
      <object_component id="oc-e1">
         <name>.debug_info</name>
         <load_address>0x1535a</load_address>
         <run_address>0x1535a</run_address>
         <size>0x5ab</size>
         <input_file_ref idref="fl-35"/>
      </object_component>
      <object_component id="oc-e5">
         <name>.debug_info</name>
         <load_address>0x15905</load_address>
         <run_address>0x15905</run_address>
         <size>0x706</size>
         <input_file_ref idref="fl-36"/>
      </object_component>
      <object_component id="oc-e9">
         <name>.debug_info</name>
         <load_address>0x1600b</load_address>
         <run_address>0x1600b</run_address>
         <size>0x4d2</size>
         <input_file_ref idref="fl-37"/>
      </object_component>
      <object_component id="oc-ed">
         <name>.debug_info</name>
         <load_address>0x164dd</load_address>
         <run_address>0x164dd</run_address>
         <size>0x5f7</size>
         <input_file_ref idref="fl-38"/>
      </object_component>
      <object_component id="oc-f1">
         <name>.debug_info</name>
         <load_address>0x16ad4</load_address>
         <run_address>0x16ad4</run_address>
         <size>0x64a</size>
         <input_file_ref idref="fl-39"/>
      </object_component>
      <object_component id="oc-f6">
         <name>.debug_info</name>
         <load_address>0x1711e</load_address>
         <run_address>0x1711e</run_address>
         <size>0xa1c</size>
         <input_file_ref idref="fl-3a"/>
      </object_component>
      <object_component id="oc-fc">
         <name>.debug_info</name>
         <load_address>0x17b3a</load_address>
         <run_address>0x17b3a</run_address>
         <size>0xb97</size>
         <input_file_ref idref="fl-3b"/>
      </object_component>
      <object_component id="oc-102">
         <name>.debug_info</name>
         <load_address>0x186d1</load_address>
         <run_address>0x186d1</run_address>
         <size>0x64f</size>
         <input_file_ref idref="fl-3c"/>
      </object_component>
      <object_component id="oc-106">
         <name>.debug_info</name>
         <load_address>0x18d20</load_address>
         <run_address>0x18d20</run_address>
         <size>0x510</size>
         <input_file_ref idref="fl-3d"/>
      </object_component>
      <object_component id="oc-130">
         <name>.debug_info</name>
         <load_address>0x19230</load_address>
         <run_address>0x19230</run_address>
         <size>0x6e</size>
      </object_component>
      <object_component id="oc-14">
         <name>.debug_frame</name>
         <load_address>0x0</load_address>
         <run_address>0x0</run_address>
         <size>0x144</size>
         <input_file_ref idref="fl-2"/>
      </object_component>
      <object_component id="oc-19">
         <name>.debug_frame</name>
         <load_address>0x144</load_address>
         <run_address>0x144</run_address>
         <size>0xf5</size>
         <input_file_ref idref="fl-3"/>
      </object_component>
      <object_component id="oc-21">
         <name>.debug_frame</name>
         <load_address>0x239</load_address>
         <run_address>0x239</run_address>
         <size>0x145</size>
         <input_file_ref idref="fl-4"/>
      </object_component>
      <object_component id="oc-2a">
         <name>.debug_frame</name>
         <load_address>0x37e</load_address>
         <run_address>0x37e</run_address>
         <size>0x54d</size>
         <input_file_ref idref="fl-5"/>
      </object_component>
      <object_component id="oc-37">
         <name>.debug_frame</name>
         <load_address>0x8cb</load_address>
         <run_address>0x8cb</run_address>
         <size>0x14a</size>
         <input_file_ref idref="fl-e"/>
      </object_component>
      <object_component id="oc-3c">
         <name>.debug_frame</name>
         <load_address>0xa15</load_address>
         <run_address>0xa15</run_address>
         <size>0x135</size>
         <input_file_ref idref="fl-f"/>
      </object_component>
      <object_component id="oc-41">
         <name>.debug_frame</name>
         <load_address>0xb4a</load_address>
         <run_address>0xb4a</run_address>
         <size>0x116</size>
         <input_file_ref idref="fl-10"/>
      </object_component>
      <object_component id="oc-15">
         <name>.debug_line</name>
         <load_address>0x0</load_address>
         <run_address>0x0</run_address>
         <size>0xe2</size>
         <input_file_ref idref="fl-2"/>
      </object_component>
      <object_component id="oc-1a">
         <name>.debug_line</name>
         <load_address>0xe2</load_address>
         <run_address>0xe2</run_address>
         <size>0xa4</size>
         <input_file_ref idref="fl-3"/>
      </object_component>
      <object_component id="oc-22">
         <name>.debug_line</name>
         <load_address>0x186</load_address>
         <run_address>0x186</run_address>
         <size>0xfc</size>
         <input_file_ref idref="fl-4"/>
      </object_component>
      <object_component id="oc-2b">
         <name>.debug_line</name>
         <load_address>0x282</load_address>
         <run_address>0x282</run_address>
         <size>0x4a0</size>
         <input_file_ref idref="fl-5"/>
      </object_component>
      <object_component id="oc-31">
         <name>.debug_line</name>
         <load_address>0x722</load_address>
         <run_address>0x722</run_address>
         <size>0x6b</size>
         <input_file_ref idref="fl-7"/>
      </object_component>
      <object_component id="oc-38">
         <name>.debug_line</name>
         <load_address>0x78d</load_address>
         <run_address>0x78d</run_address>
         <size>0x16c</size>
         <input_file_ref idref="fl-e"/>
      </object_component>
      <object_component id="oc-3d">
         <name>.debug_line</name>
         <load_address>0x8f9</load_address>
         <run_address>0x8f9</run_address>
         <size>0xdf</size>
         <input_file_ref idref="fl-f"/>
      </object_component>
      <object_component id="oc-42">
         <name>.debug_line</name>
         <load_address>0x9d8</load_address>
         <run_address>0x9d8</run_address>
         <size>0x84</size>
         <input_file_ref idref="fl-10"/>
      </object_component>
      <object_component id="oc-46">
         <name>.debug_line</name>
         <load_address>0xa5c</load_address>
         <run_address>0xa5c</run_address>
         <size>0x54</size>
         <input_file_ref idref="fl-11"/>
      </object_component>
      <object_component id="oc-4a">
         <name>.debug_line</name>
         <load_address>0xab0</load_address>
         <run_address>0xab0</run_address>
         <size>0x3c</size>
         <input_file_ref idref="fl-12"/>
      </object_component>
      <object_component id="oc-4e">
         <name>.debug_line</name>
         <load_address>0xaec</load_address>
         <run_address>0xaec</run_address>
         <size>0x44</size>
         <input_file_ref idref="fl-13"/>
      </object_component>
      <object_component id="oc-55">
         <name>.debug_line</name>
         <load_address>0xb30</load_address>
         <run_address>0xb30</run_address>
         <size>0x51</size>
         <input_file_ref idref="fl-14"/>
      </object_component>
      <object_component id="oc-59">
         <name>.debug_line</name>
         <load_address>0xb81</load_address>
         <run_address>0xb81</run_address>
         <size>0x3c</size>
         <input_file_ref idref="fl-15"/>
      </object_component>
      <object_component id="oc-5d">
         <name>.debug_line</name>
         <load_address>0xbbd</load_address>
         <run_address>0xbbd</run_address>
         <size>0x69</size>
         <input_file_ref idref="fl-16"/>
      </object_component>
      <object_component id="oc-63">
         <name>.debug_line</name>
         <load_address>0xc26</load_address>
         <run_address>0xc26</run_address>
         <size>0x57</size>
         <input_file_ref idref="fl-17"/>
      </object_component>
      <object_component id="oc-69">
         <name>.debug_line</name>
         <load_address>0xc7d</load_address>
         <run_address>0xc7d</run_address>
         <size>0x328</size>
         <input_file_ref idref="fl-18"/>
      </object_component>
      <object_component id="oc-6d">
         <name>.debug_line</name>
         <load_address>0xfa5</load_address>
         <run_address>0xfa5</run_address>
         <size>0x41</size>
         <input_file_ref idref="fl-19"/>
      </object_component>
      <object_component id="oc-71">
         <name>.debug_line</name>
         <load_address>0xfe6</load_address>
         <run_address>0xfe6</run_address>
         <size>0x46</size>
         <input_file_ref idref="fl-1a"/>
      </object_component>
      <object_component id="oc-75">
         <name>.debug_line</name>
         <load_address>0x102c</load_address>
         <run_address>0x102c</run_address>
         <size>0x55</size>
         <input_file_ref idref="fl-1b"/>
      </object_component>
      <object_component id="oc-79">
         <name>.debug_line</name>
         <load_address>0x1081</load_address>
         <run_address>0x1081</run_address>
         <size>0xad</size>
         <input_file_ref idref="fl-1c"/>
      </object_component>
      <object_component id="oc-83">
         <name>.debug_line</name>
         <load_address>0x112e</load_address>
         <run_address>0x112e</run_address>
         <size>0x5b</size>
         <input_file_ref idref="fl-1f"/>
      </object_component>
      <object_component id="oc-87">
         <name>.debug_line</name>
         <load_address>0x1189</load_address>
         <run_address>0x1189</run_address>
         <size>0x3d</size>
         <input_file_ref idref="fl-20"/>
      </object_component>
      <object_component id="oc-8b">
         <name>.debug_line</name>
         <load_address>0x11c6</load_address>
         <run_address>0x11c6</run_address>
         <size>0x3d</size>
         <input_file_ref idref="fl-21"/>
      </object_component>
      <object_component id="oc-90">
         <name>.debug_line</name>
         <load_address>0x1203</load_address>
         <run_address>0x1203</run_address>
         <size>0x44</size>
         <input_file_ref idref="fl-22"/>
      </object_component>
      <object_component id="oc-94">
         <name>.debug_line</name>
         <load_address>0x1247</load_address>
         <run_address>0x1247</run_address>
         <size>0x56</size>
         <input_file_ref idref="fl-23"/>
      </object_component>
      <object_component id="oc-99">
         <name>.debug_line</name>
         <load_address>0x129d</load_address>
         <run_address>0x129d</run_address>
         <size>0xa8</size>
         <input_file_ref idref="fl-24"/>
      </object_component>
      <object_component id="oc-9d">
         <name>.debug_line</name>
         <load_address>0x1345</load_address>
         <run_address>0x1345</run_address>
         <size>0x40</size>
         <input_file_ref idref="fl-25"/>
      </object_component>
      <object_component id="oc-a1">
         <name>.debug_line</name>
         <load_address>0x1385</load_address>
         <run_address>0x1385</run_address>
         <size>0x38</size>
         <input_file_ref idref="fl-26"/>
      </object_component>
      <object_component id="oc-a5">
         <name>.debug_line</name>
         <load_address>0x13bd</load_address>
         <run_address>0x13bd</run_address>
         <size>0xa8</size>
         <input_file_ref idref="fl-27"/>
      </object_component>
      <object_component id="oc-ab">
         <name>.debug_line</name>
         <load_address>0x1465</load_address>
         <run_address>0x1465</run_address>
         <size>0x1b0</size>
         <input_file_ref idref="fl-28"/>
      </object_component>
      <object_component id="oc-af">
         <name>.debug_line</name>
         <load_address>0x1615</load_address>
         <run_address>0x1615</run_address>
         <size>0x40</size>
         <input_file_ref idref="fl-29"/>
      </object_component>
      <object_component id="oc-b3">
         <name>.debug_line</name>
         <load_address>0x1655</load_address>
         <run_address>0x1655</run_address>
         <size>0x3c</size>
         <input_file_ref idref="fl-2a"/>
      </object_component>
      <object_component id="oc-b7">
         <name>.debug_line</name>
         <load_address>0x1691</load_address>
         <run_address>0x1691</run_address>
         <size>0x4d</size>
         <input_file_ref idref="fl-2b"/>
      </object_component>
      <object_component id="oc-bb">
         <name>.debug_line</name>
         <load_address>0x16de</load_address>
         <run_address>0x16de</run_address>
         <size>0x3c</size>
         <input_file_ref idref="fl-2c"/>
      </object_component>
      <object_component id="oc-bf">
         <name>.debug_line</name>
         <load_address>0x171a</load_address>
         <run_address>0x171a</run_address>
         <size>0x37</size>
         <input_file_ref idref="fl-2d"/>
      </object_component>
      <object_component id="oc-c3">
         <name>.debug_line</name>
         <load_address>0x1751</load_address>
         <run_address>0x1751</run_address>
         <size>0x3c</size>
         <input_file_ref idref="fl-2e"/>
      </object_component>
      <object_component id="oc-c7">
         <name>.debug_line</name>
         <load_address>0x178d</load_address>
         <run_address>0x178d</run_address>
         <size>0x44</size>
         <input_file_ref idref="fl-2f"/>
      </object_component>
      <object_component id="oc-cb">
         <name>.debug_line</name>
         <load_address>0x17d1</load_address>
         <run_address>0x17d1</run_address>
         <size>0x37</size>
         <input_file_ref idref="fl-30"/>
      </object_component>
      <object_component id="oc-d0">
         <name>.debug_line</name>
         <load_address>0x1808</load_address>
         <run_address>0x1808</run_address>
         <size>0x15d</size>
         <input_file_ref idref="fl-31"/>
      </object_component>
      <object_component id="oc-d6">
         <name>.debug_line</name>
         <load_address>0x1965</load_address>
         <run_address>0x1965</run_address>
         <size>0x6a</size>
         <input_file_ref idref="fl-32"/>
      </object_component>
      <object_component id="oc-da">
         <name>.debug_line</name>
         <load_address>0x19cf</load_address>
         <run_address>0x19cf</run_address>
         <size>0x58</size>
         <input_file_ref idref="fl-33"/>
      </object_component>
      <object_component id="oc-de">
         <name>.debug_line</name>
         <load_address>0x1a27</load_address>
         <run_address>0x1a27</run_address>
         <size>0x57</size>
         <input_file_ref idref="fl-34"/>
      </object_component>
      <object_component id="oc-e2">
         <name>.debug_line</name>
         <load_address>0x1a7e</load_address>
         <run_address>0x1a7e</run_address>
         <size>0x5c</size>
         <input_file_ref idref="fl-35"/>
      </object_component>
      <object_component id="oc-e6">
         <name>.debug_line</name>
         <load_address>0x1ada</load_address>
         <run_address>0x1ada</run_address>
         <size>0x5b</size>
         <input_file_ref idref="fl-36"/>
      </object_component>
      <object_component id="oc-ea">
         <name>.debug_line</name>
         <load_address>0x1b35</load_address>
         <run_address>0x1b35</run_address>
         <size>0x3a</size>
         <input_file_ref idref="fl-37"/>
      </object_component>
      <object_component id="oc-ee">
         <name>.debug_line</name>
         <load_address>0x1b6f</load_address>
         <run_address>0x1b6f</run_address>
         <size>0x3c</size>
         <input_file_ref idref="fl-38"/>
      </object_component>
      <object_component id="oc-f2">
         <name>.debug_line</name>
         <load_address>0x1bab</load_address>
         <run_address>0x1bab</run_address>
         <size>0x3f</size>
         <input_file_ref idref="fl-39"/>
      </object_component>
      <object_component id="oc-f8">
         <name>.debug_line</name>
         <load_address>0x1bea</load_address>
         <run_address>0x1bea</run_address>
         <size>0xd7</size>
         <input_file_ref idref="fl-3a"/>
      </object_component>
      <object_component id="oc-ff">
         <name>.debug_line</name>
         <load_address>0x1cc1</load_address>
         <run_address>0x1cc1</run_address>
         <size>0x112</size>
         <input_file_ref idref="fl-3b"/>
      </object_component>
      <object_component id="oc-103">
         <name>.debug_line</name>
         <load_address>0x1dd3</load_address>
         <run_address>0x1dd3</run_address>
         <size>0x3d</size>
         <input_file_ref idref="fl-3c"/>
      </object_component>
      <object_component id="oc-107">
         <name>.debug_line</name>
         <load_address>0x1e10</load_address>
         <run_address>0x1e10</run_address>
         <size>0x39</size>
         <input_file_ref idref="fl-3d"/>
      </object_component>
      <object_component id="oc-16">
         <name>.debug_abbrev</name>
         <load_address>0x0</load_address>
         <run_address>0x0</run_address>
         <size>0x127</size>
         <input_file_ref idref="fl-2"/>
      </object_component>
      <object_component id="oc-1b">
         <name>.debug_abbrev</name>
         <load_address>0x127</load_address>
         <run_address>0x127</run_address>
         <size>0xe4</size>
         <input_file_ref idref="fl-3"/>
      </object_component>
      <object_component id="oc-23">
         <name>.debug_abbrev</name>
         <load_address>0x20b</load_address>
         <run_address>0x20b</run_address>
         <size>0xfd</size>
         <input_file_ref idref="fl-4"/>
      </object_component>
      <object_component id="oc-2c">
         <name>.debug_abbrev</name>
         <load_address>0x308</load_address>
         <run_address>0x308</run_address>
         <size>0x1a6</size>
         <input_file_ref idref="fl-5"/>
      </object_component>
      <object_component id="oc-2e">
         <name>.debug_abbrev</name>
         <load_address>0x4ae</load_address>
         <run_address>0x4ae</run_address>
         <size>0x34</size>
         <input_file_ref idref="fl-6"/>
      </object_component>
      <object_component id="oc-32">
         <name>.debug_abbrev</name>
         <load_address>0x4e2</load_address>
         <run_address>0x4e2</run_address>
         <size>0x3b</size>
         <input_file_ref idref="fl-7"/>
      </object_component>
      <object_component id="oc-39">
         <name>.debug_abbrev</name>
         <load_address>0x51d</load_address>
         <run_address>0x51d</run_address>
         <size>0x108</size>
         <input_file_ref idref="fl-e"/>
      </object_component>
      <object_component id="oc-3e">
         <name>.debug_abbrev</name>
         <load_address>0x625</load_address>
         <run_address>0x625</run_address>
         <size>0x8d</size>
         <input_file_ref idref="fl-f"/>
      </object_component>
      <object_component id="oc-43">
         <name>.debug_abbrev</name>
         <load_address>0x6b2</load_address>
         <run_address>0x6b2</run_address>
         <size>0xf3</size>
         <input_file_ref idref="fl-10"/>
      </object_component>
      <object_component id="oc-47">
         <name>.debug_abbrev</name>
         <load_address>0x7a5</load_address>
         <run_address>0x7a5</run_address>
         <size>0x3a</size>
         <input_file_ref idref="fl-11"/>
      </object_component>
      <object_component id="oc-4b">
         <name>.debug_abbrev</name>
         <load_address>0x7df</load_address>
         <run_address>0x7df</run_address>
         <size>0xa6</size>
         <input_file_ref idref="fl-12"/>
      </object_component>
      <object_component id="oc-4f">
         <name>.debug_abbrev</name>
         <load_address>0x885</load_address>
         <run_address>0x885</run_address>
         <size>0xb5</size>
         <input_file_ref idref="fl-13"/>
      </object_component>
      <object_component id="oc-56">
         <name>.debug_abbrev</name>
         <load_address>0x93a</load_address>
         <run_address>0x93a</run_address>
         <size>0xf7</size>
         <input_file_ref idref="fl-14"/>
      </object_component>
      <object_component id="oc-5a">
         <name>.debug_abbrev</name>
         <load_address>0xa31</load_address>
         <run_address>0xa31</run_address>
         <size>0x38</size>
         <input_file_ref idref="fl-15"/>
      </object_component>
      <object_component id="oc-5e">
         <name>.debug_abbrev</name>
         <load_address>0xa69</load_address>
         <run_address>0xa69</run_address>
         <size>0x145</size>
         <input_file_ref idref="fl-16"/>
      </object_component>
      <object_component id="oc-64">
         <name>.debug_abbrev</name>
         <load_address>0xbae</load_address>
         <run_address>0xbae</run_address>
         <size>0x9f</size>
         <input_file_ref idref="fl-17"/>
      </object_component>
      <object_component id="oc-6a">
         <name>.debug_abbrev</name>
         <load_address>0xc4d</load_address>
         <run_address>0xc4d</run_address>
         <size>0x1f8</size>
         <input_file_ref idref="fl-18"/>
      </object_component>
      <object_component id="oc-6e">
         <name>.debug_abbrev</name>
         <load_address>0xe45</load_address>
         <run_address>0xe45</run_address>
         <size>0xec</size>
         <input_file_ref idref="fl-19"/>
      </object_component>
      <object_component id="oc-72">
         <name>.debug_abbrev</name>
         <load_address>0xf31</load_address>
         <run_address>0xf31</run_address>
         <size>0xd5</size>
         <input_file_ref idref="fl-1a"/>
      </object_component>
      <object_component id="oc-76">
         <name>.debug_abbrev</name>
         <load_address>0x1006</load_address>
         <run_address>0x1006</run_address>
         <size>0x44</size>
         <input_file_ref idref="fl-1b"/>
      </object_component>
      <object_component id="oc-7a">
         <name>.debug_abbrev</name>
         <load_address>0x104a</load_address>
         <run_address>0x104a</run_address>
         <size>0xb7</size>
         <input_file_ref idref="fl-1c"/>
      </object_component>
      <object_component id="oc-7c">
         <name>.debug_abbrev</name>
         <load_address>0x1101</load_address>
         <run_address>0x1101</run_address>
         <size>0x68</size>
         <input_file_ref idref="fl-1d"/>
      </object_component>
      <object_component id="oc-80">
         <name>.debug_abbrev</name>
         <load_address>0x1169</load_address>
         <run_address>0x1169</run_address>
         <size>0x83</size>
         <input_file_ref idref="fl-1e"/>
      </object_component>
      <object_component id="oc-84">
         <name>.debug_abbrev</name>
         <load_address>0x11ec</load_address>
         <run_address>0x11ec</run_address>
         <size>0x112</size>
         <input_file_ref idref="fl-1f"/>
      </object_component>
      <object_component id="oc-88">
         <name>.debug_abbrev</name>
         <load_address>0x12fe</load_address>
         <run_address>0x12fe</run_address>
         <size>0x8f</size>
         <input_file_ref idref="fl-20"/>
      </object_component>
      <object_component id="oc-8c">
         <name>.debug_abbrev</name>
         <load_address>0x138d</load_address>
         <run_address>0x138d</run_address>
         <size>0xb7</size>
         <input_file_ref idref="fl-21"/>
      </object_component>
      <object_component id="oc-91">
         <name>.debug_abbrev</name>
         <load_address>0x1444</load_address>
         <run_address>0x1444</run_address>
         <size>0xc2</size>
         <input_file_ref idref="fl-22"/>
      </object_component>
      <object_component id="oc-95">
         <name>.debug_abbrev</name>
         <load_address>0x1506</load_address>
         <run_address>0x1506</run_address>
         <size>0x103</size>
         <input_file_ref idref="fl-23"/>
      </object_component>
      <object_component id="oc-9a">
         <name>.debug_abbrev</name>
         <load_address>0x1609</load_address>
         <run_address>0x1609</run_address>
         <size>0x140</size>
         <input_file_ref idref="fl-24"/>
      </object_component>
      <object_component id="oc-9e">
         <name>.debug_abbrev</name>
         <load_address>0x1749</load_address>
         <run_address>0x1749</run_address>
         <size>0x9a</size>
         <input_file_ref idref="fl-25"/>
      </object_component>
      <object_component id="oc-a2">
         <name>.debug_abbrev</name>
         <load_address>0x17e3</load_address>
         <run_address>0x17e3</run_address>
         <size>0xd0</size>
         <input_file_ref idref="fl-26"/>
      </object_component>
      <object_component id="oc-a6">
         <name>.debug_abbrev</name>
         <load_address>0x18b3</load_address>
         <run_address>0x18b3</run_address>
         <size>0xb7</size>
         <input_file_ref idref="fl-27"/>
      </object_component>
      <object_component id="oc-ac">
         <name>.debug_abbrev</name>
         <load_address>0x196a</load_address>
         <run_address>0x196a</run_address>
         <size>0x225</size>
         <input_file_ref idref="fl-28"/>
      </object_component>
      <object_component id="oc-b0">
         <name>.debug_abbrev</name>
         <load_address>0x1b8f</load_address>
         <run_address>0x1b8f</run_address>
         <size>0xec</size>
         <input_file_ref idref="fl-29"/>
      </object_component>
      <object_component id="oc-b4">
         <name>.debug_abbrev</name>
         <load_address>0x1c7b</load_address>
         <run_address>0x1c7b</run_address>
         <size>0xb7</size>
         <input_file_ref idref="fl-2a"/>
      </object_component>
      <object_component id="oc-b8">
         <name>.debug_abbrev</name>
         <load_address>0x1d32</load_address>
         <run_address>0x1d32</run_address>
         <size>0x38</size>
         <input_file_ref idref="fl-2b"/>
      </object_component>
      <object_component id="oc-bc">
         <name>.debug_abbrev</name>
         <load_address>0x1d6a</load_address>
         <run_address>0x1d6a</run_address>
         <size>0xdc</size>
         <input_file_ref idref="fl-2c"/>
      </object_component>
      <object_component id="oc-c0">
         <name>.debug_abbrev</name>
         <load_address>0x1e46</load_address>
         <run_address>0x1e46</run_address>
         <size>0x81</size>
         <input_file_ref idref="fl-2d"/>
      </object_component>
      <object_component id="oc-c4">
         <name>.debug_abbrev</name>
         <load_address>0x1ec7</load_address>
         <run_address>0x1ec7</run_address>
         <size>0xa6</size>
         <input_file_ref idref="fl-2e"/>
      </object_component>
      <object_component id="oc-c8">
         <name>.debug_abbrev</name>
         <load_address>0x1f6d</load_address>
         <run_address>0x1f6d</run_address>
         <size>0xb5</size>
         <input_file_ref idref="fl-2f"/>
      </object_component>
      <object_component id="oc-cc">
         <name>.debug_abbrev</name>
         <load_address>0x2022</load_address>
         <run_address>0x2022</run_address>
         <size>0x8f</size>
         <input_file_ref idref="fl-30"/>
      </object_component>
      <object_component id="oc-d1">
         <name>.debug_abbrev</name>
         <load_address>0x20b1</load_address>
         <run_address>0x20b1</run_address>
         <size>0x15a</size>
         <input_file_ref idref="fl-31"/>
      </object_component>
      <object_component id="oc-d7">
         <name>.debug_abbrev</name>
         <load_address>0x220b</load_address>
         <run_address>0x220b</run_address>
         <size>0xde</size>
         <input_file_ref idref="fl-32"/>
      </object_component>
      <object_component id="oc-db">
         <name>.debug_abbrev</name>
         <load_address>0x22e9</load_address>
         <run_address>0x22e9</run_address>
         <size>0x38</size>
         <input_file_ref idref="fl-33"/>
      </object_component>
      <object_component id="oc-df">
         <name>.debug_abbrev</name>
         <load_address>0x2321</load_address>
         <run_address>0x2321</run_address>
         <size>0xd1</size>
         <input_file_ref idref="fl-34"/>
      </object_component>
      <object_component id="oc-e3">
         <name>.debug_abbrev</name>
         <load_address>0x23f2</load_address>
         <run_address>0x23f2</run_address>
         <size>0xd4</size>
         <input_file_ref idref="fl-35"/>
      </object_component>
      <object_component id="oc-e7">
         <name>.debug_abbrev</name>
         <load_address>0x24c6</load_address>
         <run_address>0x24c6</run_address>
         <size>0x136</size>
         <input_file_ref idref="fl-36"/>
      </object_component>
      <object_component id="oc-eb">
         <name>.debug_abbrev</name>
         <load_address>0x25fc</load_address>
         <run_address>0x25fc</run_address>
         <size>0x81</size>
         <input_file_ref idref="fl-37"/>
      </object_component>
      <object_component id="oc-ef">
         <name>.debug_abbrev</name>
         <load_address>0x267d</load_address>
         <run_address>0x267d</run_address>
         <size>0xd1</size>
         <input_file_ref idref="fl-38"/>
      </object_component>
      <object_component id="oc-f3">
         <name>.debug_abbrev</name>
         <load_address>0x274e</load_address>
         <run_address>0x274e</run_address>
         <size>0x10b</size>
         <input_file_ref idref="fl-39"/>
      </object_component>
      <object_component id="oc-f9">
         <name>.debug_abbrev</name>
         <load_address>0x2859</load_address>
         <run_address>0x2859</run_address>
         <size>0x1a2</size>
         <input_file_ref idref="fl-3a"/>
      </object_component>
      <object_component id="oc-100">
         <name>.debug_abbrev</name>
         <load_address>0x29fb</load_address>
         <run_address>0x29fb</run_address>
         <size>0x1de</size>
         <input_file_ref idref="fl-3b"/>
      </object_component>
      <object_component id="oc-104">
         <name>.debug_abbrev</name>
         <load_address>0x2bd9</load_address>
         <run_address>0x2bd9</run_address>
         <size>0x118</size>
         <input_file_ref idref="fl-3c"/>
      </object_component>
      <object_component id="oc-108">
         <name>.debug_abbrev</name>
         <load_address>0x2cf1</load_address>
         <run_address>0x2cf1</run_address>
         <size>0xbf</size>
         <input_file_ref idref="fl-3d"/>
      </object_component>
      <object_component id="oc-131">
         <name>.debug_abbrev</name>
         <load_address>0x2db0</load_address>
         <run_address>0x2db0</run_address>
         <size>0xd</size>
      </object_component>
   </object_component_list>
   <logical_group_list>
      <logical_group id="lg-129">
         <name>.text.1</name>
         <load_address>0x3ec56</load_address>
         <run_address>0x3ec56</run_address>
         <size>0x13a4</size>
         <contents>
            <object_component_ref idref="oc-24"/>
            <object_component_ref idref="oc-a7"/>
            <object_component_ref idref="oc-cd"/>
            <object_component_ref idref="oc-12"/>
            <object_component_ref idref="oc-3f"/>
         </contents>
      </logical_group>
      <logical_group id="lg-12a">
         <name>.text.2</name>
         <load_address>0x48470</load_address>
         <run_address>0x48470</run_address>
         <size>0x3cc4</size>
         <contents>
[...]
         <value>0x39848</value>
         <object_component_ref idref="oc-25"/>
      </symbol>
      <symbol id="sm-147">
         <name>_delayIn</name>
         <value>0x3802c</value>
         <object_component_ref idref="oc-25"/>
      </symbol>
      <symbol id="sm-148">
         <name>_input</name>
         <value>0x3b858</value>
         <object_component_ref idref="oc-25"/>
      </symbol>
      <symbol id="sm-179">
         <name>_Reset</name>
         <value>0x4fe00</value>
         <object_component_ref idref="oc-11"/>
      </symbol>
      <symbol id="sm-17a">
         <name>reset_isr</name>
         <value>0x4b8c8</value>
         <object_component_ref idref="oc-2f"/>
      </symbol>
      <symbol id="sm-1a2">
         <name>_USBSTK5515_I2C_reset</name>
         <value>0x4b27b</value>
         <object_component_ref idref="oc-33"/>
      </symbol>
      <symbol id="sm-1a3">
         <name>_USBSTK5515_I2C_read</name>
         <value>0x4b318</value>
         <object_component_ref idref="oc-33"/>
      </symbol>
      <symbol id="sm-1a4">
         <name>_USBSTK5515_I2C_write</name>
         <value>0x4b289</value>
         <object_component_ref idref="oc-33"/>
      </symbol>
      <symbol id="sm-1a5">
         <name>_USBSTK5515_I2C_close</name>
         <value>0x4b272</value>
         <object_component_ref idref="oc-33"/>
      </symbol>
      <symbol id="sm-1a6">
         <name>_i2c_timeout</name>
         <value>0x3592</value>
         <object_component_ref idref="oc-34"/>
      </symbol>
      <symbol id="sm-1a7">
         <name>_USBSTK5515_I2C_init</name>
         <value>0x4b253</value>
         <object_component_ref idref="oc-33"/>
      </symbol>
      <symbol id="sm-1bb">
         <name>_USBSTK5515_GPIO_setDirection</name>
         <value>0x4ad1d</value>
         <object_component_ref idref="oc-3a"/>
      </symbol>
      <symbol id="sm-1bc">
         <name>_USBSTK5515_GPIO_getInput</name>
         <value>0x4ae17</value>
         <object_component_ref idref="oc-3a"/>
      </symbol>
      <symbol id="sm-1bd">
         <name>_USBSTK5515_GPIO_init</name>
         <value>0x4ad19</value>
         <object_component_ref idref="oc-3a"/>
      </symbol>
      <symbol id="sm-1be">
         <name>_USBSTK5515_GPIO_setOutput</name>
         <value>0x4ad9a</value>
         <object_component_ref idref="oc-3a"/>
      </symbol>
      <symbol id="sm-1cc">
         <name>_USBSTK5515_wait</name>
         <value>0x3ffa5</value>
         <object_component_ref idref="oc-3f"/>
      </symbol>
      <symbol id="sm-1cd">
         <name>_USBSTK5515_init</name>
         <value>0x3ffeb</value>
         <object_component_ref idref="oc-3f"/>
      </symbol>
      <symbol id="sm-1ce">
         <name>_USBSTK5515_waitusec</name>
         <value>0x3ffd9</value>
         <object_component_ref idref="oc-3f"/>
      </symbol>
      <symbol id="sm-1da">
         <name>__sysstack</name>
         <value>0x20c0</value>
         <object_component_ref idref="oc-109"/>
      </symbol>
      <symbol id="sm-1db">
         <name>_c_int00</name>
         <value>0x4c014</value>
         <object_component_ref idref="oc-10"/>
      </symbol>
      <symbol id="sm-1dc">
         <name>__stack</name>
         <value>0xc0</value>
         <object_component_ref idref="oc-44"/>
      </symbol>
      <symbol id="sm-1e6">
         <name>__divli</name>
         <value>0x4bf4f</value>
         <object_component_ref idref="oc-48"/>
      </symbol>
      <symbol id="sm-1f1">
         <name>__divul</name>
         <value>0x4b827</value>
         <object_component_ref idref="oc-4c"/>
      </symbol>
      <symbol id="sm-201">
         <name>C$$EXIT</name>
         <value>0x4c12d</value>
         <object_component_ref idref="oc-54"/>
      </symbol>
      <symbol id="sm-202">
         <name>_exit</name>
         <value>0x4bfd6</value>
         <object_component_ref idref="oc-50"/>
      </symbol>
      <symbol id="sm-203">
         <name>_abort</name>
         <value>0x4c12c</value>
         <object_component_ref idref="oc-54"/>
      </symbol>
      <symbol id="sm-204">
         <name>__cleanup_ptr</name>
         <value>0x35a8</value>
         <object_component_ref idref="oc-51"/>
      </symbol>
      <symbol id="sm-205">
         <name>__dtors_ptr</name>
         <value>0x35ac</value>
         <object_component_ref idref="oc-51"/>
      </symbol>
      <symbol id="sm-20d">
         <name>__mpyli</name>
         <value>0x4c0ed</value>
         <object_component_ref idref="oc-57"/>
      </symbol>
      <symbol id="sm-20e">
         <name>I$$LMPY</name>
         <value>0x4c0ed</value>
         <object_component_ref idref="oc-57"/>
      </symbol>
      <symbol id="sm-218">
         <name>_printf</name>
         <value>0x4be1c</value>
         <object_component_ref idref="oc-5b"/>
      </symbol>
      <symbol id="sm-226">
         <name>__unlock</name>
         <value>0x35a4</value>
         <object_component_ref idref="oc-60"/>
      </symbol>
      <symbol id="sm-227">
         <name>__lock</name>
         <value>0x35a0</value>
         <object_component_ref idref="oc-60"/>
      </symbol>
      <symbol id="sm-228">
         <name>__register_lock</name>
         <value>0x4c108</value>
         <object_component_ref idref="oc-5f"/>
      </symbol>
      <symbol id="sm-229">
         <name>__nop</name>
         <value>0x4c110</value>
         <object_component_ref idref="oc-5f"/>
      </symbol>
      <symbol id="sm-22a">
         <name>__register_unlock</name>
         <value>0x4c100</value>
         <object_component_ref idref="oc-5f"/>
      </symbol>
      <symbol id="sm-23c">
         <name>__printfi</name>
         <value>0x497d2</value>
         <object_component_ref idref="oc-65"/>
      </symbol>
      <symbol id="sm-246">
         <name>__args_main</name>
         <value>0x4beb9</value>
         <object_component_ref idref="oc-6b"/>
      </symbol>
      <symbol id="sm-247">
         <name>__TI_args_main</name>
         <value>0x1</value>
      </symbol>
      <symbol id="sm-251">
         <name>_atoi</name>
         <value>0x4bdc0</value>
         <object_component_ref idref="oc-6f"/>
      </symbol>
      <symbol id="sm-259">
         <name>_auto_init</name>
         <value>0x4be6c</value>
         <object_component_ref idref="oc-73"/>
      </symbol>
      <symbol id="sm-263">
         <name>__eqld</name>
         <value>0x4ab2a</value>
         <object_component_ref idref="oc-77"/>
      </symbol>
      <symbol id="sm-264">
         <name>__cmpd</name>
         <value>0x4ab5e</value>
         <object_component_ref idref="oc-77"/>
      </symbol>
      <symbol id="sm-265">
         <name>__neqd</name>
         <value>0x4a9cc</value>
         <object_component_ref idref="oc-77"/>
      </symbol>
      <symbol id="sm-266">
         <name>__gtrd</name>
         <value>0x4aa95</value>
         <object_component_ref idref="oc-77"/>
      </symbol>
      <symbol id="sm-267">
         <name>__geqd</name>
         <value>0x4aae0</value>
         <object_component_ref idref="oc-77"/>
      </symbol>
      <symbol id="sm-268">
         <name>__leqd</name>
         <value>0x4aa48</value>
         <object_component_ref idref="oc-77"/>
      </symbol>
      <symbol id="sm-269">
         <name>__lssd</name>
         <value>0x4aa00</value>
         <object_component_ref idref="oc-77"/>
      </symbol>
      <symbol id="sm-271">
         <name>__ctypes_</name>
         <value>0x55b0</value>
         <object_component_ref idref="oc-10b"/>
      </symbol>
      <symbol id="sm-27b">
         <name>__tmpnams</name>
         <value>0x31b0</value>
         <object_component_ref idref="oc-7d"/>
      </symbol>
      <symbol id="sm-27c">
         <name>__ft_end</name>
         <value>0x32f0</value>
         <object_component_ref idref="oc-7d"/>
      </symbol>
      <symbol id="sm-27d">
         <name>__ftable</name>
         <value>0x30c0</value>
         <object_component_ref idref="oc-7d"/>
      </symbol>
      <symbol id="sm-289">
         <name>__divd</name>
         <value>0x49ec9</value>
         <object_component_ref idref="oc-81"/>
      </symbol>
      <symbol id="sm-293">
         <name>__fixdi</name>
         <value>0x4c048</value>
         <object_component_ref idref="oc-85"/>
      </symbol>
      <symbol id="sm-29d">
         <name>__fixdli</name>
         <value>0x4bc12</value>
         <object_component_ref idref="oc-89"/>
      </symbol>
      <symbol id="sm-2a9">
         <name>__fltlid</name>
         <value>0x4bd59</value>
         <object_component_ref idref="oc-8d"/>
      </symbol>
      <symbol id="sm-2b3">
         <name>_putchar</name>
         <value>0x4b818</value>
         <object_component_ref idref="oc-92"/>
      </symbol>
      <symbol id="sm-2b4">
         <name>_putc</name>
         <value>0x4b781</value>
         <object_component_ref idref="oc-92"/>
      </symbol>
      <symbol id="sm-2b5">
         <name>_fputc</name>
         <value>0x4b781</value>
         <object_component_ref idref="oc-92"/>
      </symbol>
      <symbol id="sm-2c3">
         <name>_puts</name>
         <value>0x4aceb</value>
         <object_component_ref idref="oc-96"/>
      </symbol>
      <symbol id="sm-2c4">
         <name>_fputs</name>
         <value>0x4abb6</value>
         <object_component_ref idref="oc-96"/>
      </symbol>
      <symbol id="sm-2ce">
         <name>__frcmpyd_div</name>
         <value>0x4babd</value>
         <object_component_ref idref="oc-9b"/>
      </symbol>
      <symbol id="sm-2d8">
         <name>___isinf</name>
         <value>0x4c0bf</value>
         <object_component_ref idref="oc-9f"/>
      </symbol>
      <symbol id="sm-2e2">
         <name>__divull</name>
         <value>0x4a649</value>
         <object_component_ref idref="oc-a3"/>
      </symbol>
      <symbol id="sm-2e3">
         <name>__mpylli</name>
         <value>0x4a591</value>
         <object_component_ref idref="oc-a3"/>
      </symbol>
      <symbol id="sm-2e4">
         <name>__remlli</name>
         <value>0x4a562</value>
         <object_component_ref idref="oc-a3"/>
      </symbol>
      <symbol id="sm-2e5">
         <name>__divlli</name>
         <value>0x4a73d</value>
         <object_component_ref idref="oc-a3"/>
      </symbol>
      <symbol id="sm-2e6">
         <name>__remull</name>
         <value>0x4a514</value>
         <object_component_ref idref="oc-a3"/>
      </symbol>
      <symbol id="sm-2f8">
         <name>_add_device</name>
         <value>0x3f794</value>
         <object_component_ref idref="oc-a7"/>
      </symbol>
      <symbol id="sm-2f9">
         <name>_rename</name>
         <value>0x3f4b6</value>
         <object_component_ref idref="oc-a7"/>
      </symbol>
      <symbol id="sm-2fa">
         <name>_read</name>
         <value>0x3f545</value>
         <object_component_ref idref="oc-a7"/>
      </symbol>
      <symbol id="sm-2fb">
         <name>_unlink</name>
         <value>0x3f483</value>
         <object_component_ref idref="oc-a7"/>
      </symbol>
      <symbol id="sm-2fc">
         <name>_remove_device</name>
         <value>0x3f50f</value>
         <object_component_ref idref="oc-a7"/>
      </symbol>
      <symbol id="sm-2fd">
         <name>_open</name>
         <value>0x3f5f3</value>
         <object_component_ref idref="oc-a7"/>
      </symbol>
      <symbol id="sm-2fe">
         <name>_find_registered_device</name>
         <value>0x3f718</value>
         <object_component_ref idref="oc-a7"/>
      </symbol>
      <symbol id="sm-2ff">
         <name>_lseek</name>
         <value>0x3f6b2</value>
         <object_component_ref idref="oc-a7"/>
      </symbol>
      <symbol id="sm-300">
         <name>_close</name>
         <value>0x3f721</value>
         <object_component_ref idref="oc-a7"/>
      </symbol>
      <symbol id="sm-301">
         <name>_write</name>
         <value>0x3f341</value>
         <object_component_ref idref="oc-a7"/>
      </symbol>
      <symbol id="sm-30b">
         <name>_ltoa</name>
         <value>0x4b94f</value>
         <object_component_ref idref="oc-ad"/>
      </symbol>
      <symbol id="sm-316">
         <name>_memccpy</name>
         <value>0x4c09c</value>
         <object_component_ref idref="oc-b1"/>
      </symbol>
      <symbol id="sm-31e">
         <name>_memcpy</name>
         <value>0x4bf97</value>
         <object_component_ref idref="oc-b5"/>
      </symbol>
      <symbol id="sm-328">
         <name>__mpyd</name>
         <value>0x4afbe</value>
         <object_component_ref idref="oc-b9"/>
      </symbol>
      <symbol id="sm-332">
         <name>__negd</name>
         <value>0x4c112</value>
         <object_component_ref idref="oc-bd"/>
      </symbol>
      <symbol id="sm-33c">
         <name>__remli</name>
         <value>0x4bf04</value>
         <object_component_ref idref="oc-c1"/>
      </symbol>
      <symbol id="sm-347">
         <name>__remul</name>
         <value>0x4bb30</value>
         <object_component_ref idref="oc-c5"/>
      </symbol>
      <symbol id="sm-351">
         <name>__subd</name>
         <value>0x4c0d9</value>
         <object_component_ref idref="oc-c9"/>
      </symbol>
      <symbol id="sm-35d">
         <name>_HOSTopen</name>
         <value>0x3fb8f</value>
         <object_component_ref idref="oc-cd"/>
      </symbol>
      <symbol id="sm-35e">
         <name>_HOSTread</name>
         <value>0x3fb02</value>
         <object_component_ref idref="oc-cd"/>
      </symbol>
      <symbol id="sm-35f">
         <name>_HOSTtime</name>
         <value>0x3f9f6</value>
         <object_component_ref idref="oc-cd"/>
      </symbol>
      <symbol id="sm-360">
         <name>_getenv</name>
         <value>0x3f884</value>
         <object_component_ref idref="oc-cd"/>
      </symbol>
      <symbol id="sm-361">
         <name>_HOSTrename</name>
         <value>0x3fa54</value>
         <object_component_ref idref="oc-cd"/>
      </symbol>
      <symbol id="sm-362">
         <name>_HOSTclock</name>
         <value>0x3fd4e</value>
         <object_component_ref idref="oc-cd"/>
      </symbol>
      <symbol id="sm-363">
         <name>_HOSTwrite</name>
         <value>0x3f8ff</value>
         <object_component_ref idref="oc-cd"/>
      </symbol>
      <symbol id="sm-364">
         <name>_HOSTlseek</name>
         <value>0x3fc2e</value>
         <object_component_ref idref="oc-cd"/>
      </symbol>
      <symbol id="sm-365">
         <name>_HOSTunlink</name>
         <value>0x3f98c</value>
         <object_component_ref idref="oc-cd"/>
      </symbol>
      <symbol id="sm-366">
         <name>_HOSTclose</name>
         <value>0x3fce3</value>
         <object_component_ref idref="oc-cd"/>
      </symbol>
      <symbol id="sm-378">
         <name>C$$IO$$</name>
         <value>0x4b6cb</value>
         <object_component_ref idref="oc-d5"/>
      </symbol>
      <symbol id="sm-379">
         <name>__CIOBUF_</name>
         <value>0x48200</value>
         <object_component_ref idref="oc-d4"/>
      </symbol>
      <symbol id="sm-37a">
         <name>_readmsg</name>
         <value>0x4bc81</value>
         <object_component_ref idref="oc-d2"/>
      </symbol>
      <symbol id="sm-37b">
         <name>_writemsg</name>
         <value>0x4b616</value>
         <object_component_ref idref="oc-d5"/>
      </symbol>
      <symbol id="sm-383">
         <name>__remu</name>
         <value>0x4c087</value>
         <object_component_ref idref="oc-d8"/>
      </symbol>
      <symbol id="sm-384">
         <name>__divu</name>
         <value>0x4c072</value>
         <object_component_ref idref="oc-d8"/>
      </symbol>
      <symbol id="sm-385">
         <name>I$$UMOD</name>
         <value>0x4c087</value>
         <object_component_ref idref="oc-d8"/>
      </symbol>
      <symbol id="sm-386">
         <name>I$$UDIV</name>
         <value>0x4c072</value>
         <object_component_ref idref="oc-d8"/>
      </symbol>
      <symbol id="sm-390">
         <name>__rd_ok</name>
         <value>0x4b4f7</value>
         <object_component_ref idref="oc-dc"/>
      </symbol>
      <symbol id="sm-391">
         <name>__wrt_ok</name>
         <value>0x4b477</value>
         <object_component_ref idref="oc-dc"/>
      </symbol>
      <symbol id="sm-39b">
         <name>__addd</name>
         <value>0x4a772</value>
         <object_component_ref idref="oc-e0"/>
      </symbol>
      <symbol id="sm-3a5">
         <name>__doflush</name>
         <value>0x4b554</value>
         <object_component_ref idref="oc-e4"/>
      </symbol>
      <symbol id="sm-3a6">
         <name>_fflush</name>
         <value>0x4b5bd</value>
         <object_component_ref idref="oc-e4"/>
      </symbol>
      <symbol id="sm-3b0">
         <name>__frcmpyd</name>
         <value>0x4ba47</value>
         <object_component_ref idref="oc-e8"/>
      </symbol>
      <symbol id="sm-3ba">
         <name>_fseek</name>
         <value>0x4bcee</value>
         <object_component_ref idref="oc-ec"/>
      </symbol>
      <symbol id="sm-3c4">
         <name>_setvbuf</name>
         <value>0x4b391</value>
         <object_component_ref idref="oc-f0"/>
      </symbol>
      <symbol id="sm-3d3">
         <name>__cleanup</name>
         <value>0x4a3b6</value>
         <object_component_ref idref="oc-f4"/>
      </symbol>
      <symbol id="sm-3d4">
         <name>_fopen</name>
         <value>0x4a4d9</value>
         <object_component_ref idref="oc-f4"/>
      </symbol>
      <symbol id="sm-3d5">
         <name>_freopen</name>
         <value>0x4a410</value>
         <object_component_ref idref="oc-f4"/>
      </symbol>
      <symbol id="sm-3e5">
         <name>__sys_memory</name>
         <value>0x35b0</value>
         <object_component_ref idref="oc-fe"/>
      </symbol>
      <symbol id="sm-3e6">
         <name>_chkheap</name>
         <value>0x49e9b</value>
         <object_component_ref idref="oc-fa"/>
      </symbol>
      <symbol id="sm-3e7">
         <name>_realloc</name>
         <value>0x49c3a</value>
         <object_component_ref idref="oc-fa"/>
      </symbol>
      <symbol id="sm-3e8">
         <name>_free_memory</name>
         <value>0x49e45</value>
         <object_component_ref idref="oc-fa"/>
      </symbol>
      <symbol id="sm-3e9">
         <name>_max_free</name>
         <value>0x49deb</value>
         <object_component_ref idref="oc-fa"/>
      </symbol>
      <symbol id="sm-3ea">
         <name>_free</name>
         <value>0x49a14</value>
         <object_component_ref idref="oc-fa"/>
      </symbol>
      <symbol id="sm-3eb">
         <name>_calloc</name>
         <value>0x49ea3</value>
         <object_component_ref idref="oc-fa"/>
      </symbol>
      <symbol id="sm-3ec">
         <name>_malloc</name>
         <value>0x49b45</value>
         <object_component_ref idref="oc-fa"/>
      </symbol>
      <symbol id="sm-3ed">
         <name>_minit</name>
         <value>0x49ae0</value>
         <object_component_ref idref="oc-fa"/>
      </symbol>
      <symbol id="sm-3f7">
         <name>_fclose</name>
         <value>0x4b9cc</value>
         <object_component_ref idref="oc-101"/>
      </symbol>
      <symbol id="sm-401">
         <name>_remove</name>
         <value>0x4c122</value>
         <object_component_ref idref="oc-105"/>
      </symbol>
   </symbol_table>
</link_info>
