<?xml version="1.0"?>
<link_info>
   <banner>TMS320C55x Linker PC v4.4.1</banner>
   <copyright>Copyright (c) 1996-2012 Texas Instruments Incorporated</copyright>
   <link_time>0x58487ad9</link_time>
   <output_file>fxzfxfxfxfxfxfx.out</output_file>
   <entry_point>
      <name>_c_int00</name>
      <address>0x3909c</address>
   </entry_point>
   <input_file_list>
      <input_file id="fl-2">
         <path>.\</path>
         <kind>object</kind>
         <file>AIC_func.obj</file>
         <name>AIC_func.obj</name>
      </input_file>
      <input_file id="fl-3">
         <path>.\</path>
         <kind>object</kind>
         <file>InitializeC55xxCPU.obj</file>
         <name>InitializeC55xxCPU.obj</name>
      </input_file>
      <input_file id="fl-4">
         <path>.\</path>
         <kind>object</kind>
         <file>VE1939_UART.obj</file>
         <name>VE1939_UART.obj</name>
      </input_file>
      <input_file id="fl-5">
         <path>.\</path>
         <kind>object</kind>
         <file>fxfamilytime.obj</file>
         <name>fxfamilytime.obj</name>
      </input_file>
      <input_file id="fl-6">
         <path>.\</path>
         <kind>object</kind>
         <file>ve1939fx.obj</file>
         <name>ve1939fx.obj</name>
      </input_file>
      <input_file id="fl-7">
         <path>.\</path>
         <kind>object</kind>
         <file>vectors.obj</file>
         <name>vectors.obj</name>
      </input_file>
      <input_file id="fl-e">
         <path>N:\windat.V2\workspace_v6_1\C5515_Support_Files\452_Support\</path>
         <kind>archive</kind>
         <file>usbstk5515bsl.lib</file>
         <name>usbstk5515_i2c.obj</name>
      </input_file>
      <input_file id="fl-f">
         <path>N:\windat.V2\workspace_v6_1\C5515_Support_Files\452_Support\</path>
         <kind>archive</kind>
         <file>usbstk5515bsl.lib</file>
         <name>usbstk5515_gpio.obj</name>
      </input_file>
      <input_file id="fl-10">
         <path>N:\windat.V2\workspace_v6_1\C5515_Support_Files\452_Support\</path>
         <kind>archive</kind>
         <file>usbstk5515bsl.lib</file>
         <name>usbstk5515.obj</name>
      </input_file>
      <input_file id="fl-11">
         <path>C:\VApps\ticcs\6p1p0\ccsv6\tools\compiler\c5500_4.4.1\lib\</path>
         <kind>archive</kind>
         <file>rts55x.lib</file>
         <name>boot.obj</name>
      </input_file>
      <input_file id="fl-12">
         <path>C:\VApps\ticcs\6p1p0\ccsv6\tools\compiler\c5500_4.4.1\lib\</path>
         <kind>archive</kind>
         <file>rts55x.lib</file>
         <name>exit.obj</name>
      </input_file>
      <input_file id="fl-13">
         <path>C:\VApps\ticcs\6p1p0\ccsv6\tools\compiler\c5500_4.4.1\lib\</path>
         <kind>archive</kind>
         <file>rts55x.lib</file>
         <name>lmpy.obj</name>
      </input_file>
      <input_file id="fl-14">
         <path>C:\VApps\ticcs\6p1p0\ccsv6\tools\compiler\c5500_4.4.1\lib\</path>
         <kind>archive</kind>
         <file>rts55x.lib</file>
         <name>printf.obj</name>
      </input_file>
      <input_file id="fl-15">
         <path>C:\VApps\ticcs\6p1p0\ccsv6\tools\compiler\c5500_4.4.1\lib\</path>
         <kind>archive</kind>
         <file>rts55x.lib</file>
         <name>_lock.obj</name>
      </input_file>
      <input_file id="fl-16">
         <path>C:\VApps\ticcs\6p1p0\ccsv6\tools\compiler\c5500_4.4.1\lib\</path>
         <kind>archive</kind>
         <file>rts55x.lib</file>
         <name>_printfi.obj</name>
      </input_file>
      <input_file id="fl-17">
         <path>C:\VApps\ticcs\6p1p0\ccsv6\tools\compiler\c5500_4.4.1\lib\</path>
         <kind>archive</kind>
         <file>rts55x.lib</file>
         <name>args_main.obj</name>
      </input_file>
      <input_file id="fl-18">
         <path>C:\VApps\ticcs\6p1p0\ccsv6\tools\compiler\c5500_4.4.1\lib\</path>
         <kind>archive</kind>
         <file>rts55x.lib</file>
         <name>atoi.obj</name>
      </input_file>
      <input_file id="fl-19">
         <path>C:\VApps\ticcs\6p1p0\ccsv6\tools\compiler\c5500_4.4.1\lib\</path>
         <kind>archive</kind>
         <file>rts55x.lib</file>
         <name>autoinit.obj</name>
      </input_file>
      <input_file id="fl-1a">
         <path>C:\VApps\ticcs\6p1p0\ccsv6\tools\compiler\c5500_4.4.1\lib\</path>
         <kind>archive</kind>
         <file>rts55x.lib</file>
         <name>cmpd.obj</name>
      </input_file>
      <input_file id="fl-1b">
         <path>C:\VApps\ticcs\6p1p0\ccsv6\tools\compiler\c5500_4.4.1\lib\</path>
         <kind>archive</kind>
         <file>rts55x.lib</file>
         <name>ctype.obj</name>
      </input_file>
      <input_file id="fl-1c">
         <path>C:\VApps\ticcs\6p1p0\ccsv6\tools\compiler\c5500_4.4.1\lib\</path>
         <kind>archive</kind>
         <file>rts55x.lib</file>
         <name>defs.obj</name>
      </input_file>
      <input_file id="fl-1d">
         <path>C:\VApps\ticcs\6p1p0\ccsv6\tools\compiler\c5500_4.4.1\lib\</path>
         <kind>archive</kind>
         <file>rts55x.lib</file>
         <name>divd.obj</name>
      </input_file>
      <input_file id="fl-1e">
         <path>C:\VApps\ticcs\6p1p0\ccsv6\tools\compiler\c5500_4.4.1\lib\</path>
         <kind>archive</kind>
         <file>rts55x.lib</file>
         <name>divul.obj</name>
      </input_file>
      <input_file id="fl-1f">
         <path>C:\VApps\ticcs\6p1p0\ccsv6\tools\compiler\c5500_4.4.1\lib\</path>
         <kind>archive</kind>
         <file>rts55x.lib</file>
         <name>fixdi.obj</name>
      </input_file>
      <input_file id="fl-20">
         <path>C:\VApps\ticcs\6p1p0\ccsv6\tools\compiler\c5500_4.4.1\lib\</path>
         <kind>archive</kind>
         <file>rts55x.lib</file>
         <name>fixdli.obj</name>
      </input_file>
      <input_file id="fl-21">
         <path>C:\VApps\ticcs\6p1p0\ccsv6\tools\compiler\c5500_4.4.1\lib\</path>
         <kind>archive</kind>
         <file>rts55x.lib</file>
         <name>fltlid.obj</name>
      </input_file>
      <input_file id="fl-22">
         <path>C:\VApps\ticcs\6p1p0\ccsv6\tools\compiler\c5500_4.4.1\lib\</path>
         <kind>archive</kind>
         <file>rts55x.lib</file>
         <name>fputc.obj</name>
      </input_file>
      <input_file id="fl-23">
         <path>C:\VApps\ticcs\6p1p0\ccsv6\tools\compiler\c5500_4.4.1\lib\</path>
         <kind>archive</kind>
         <file>rts55x.lib</file>
         <name>fputs.obj</name>
      </input_file>
      <input_file id="fl-24">
         <path>C:\VApps\ticcs\6p1p0\ccsv6\tools\compiler\c5500_4.4.1\lib\</path>
         <kind>archive</kind>
         <file>rts55x.lib</file>
         <name>frcmpyd_div.obj</name>
      </input_file>
      <input_file id="fl-25">
         <path>C:\VApps\ticcs\6p1p0\ccsv6\tools\compiler\c5500_4.4.1\lib\</path>
         <kind>archive</kind>
         <file>rts55x.lib</file>
         <name>isinf.obj</name>
      </input_file>
      <input_file id="fl-26">
         <path>C:\VApps\ticcs\6p1p0\ccsv6\tools\compiler\c5500_4.4.1\lib\</path>
         <kind>archive</kind>
         <file>rts55x.lib</file>
         <name>llmpy.obj</name>
      </input_file>
      <input_file id="fl-27">
         <path>C:\VApps\ticcs\6p1p0\ccsv6\tools\compiler\c5500_4.4.1\lib\</path>
         <kind>archive</kind>
         <file>rts55x.lib</file>
         <name>lowlev.obj</name>
      </input_file>
      <input_file id="fl-28">
         <path>C:\VApps\ticcs\6p1p0\ccsv6\tools\compiler\c5500_4.4.1\lib\</path>
         <kind>archive</kind>
         <file>rts55x.lib</file>
         <name>ltoa.obj</name>
      </input_file>
      <input_file id="fl-29">
         <path>C:\VApps\ticcs\6p1p0\ccsv6\tools\compiler\c5500_4.4.1\lib\</path>
         <kind>archive</kind>
         <file>rts55x.lib</file>
         <name>memccpy.obj</name>
      </input_file>
      <input_file id="fl-2a">
         <path>C:\VApps\ticcs\6p1p0\ccsv6\tools\compiler\c5500_4.4.1\lib\</path>
         <kind>archive</kind>
         <file>rts55x.lib</file>
         <name>memcpy.obj</name>
      </input_file>
      <input_file id="fl-2b">
         <path>C:\VApps\ticcs\6p1p0\ccsv6\tools\compiler\c5500_4.4.1\lib\</path>
         <kind>archive</kind>
         <file>rts55x.lib</file>
         <name>mpyd.obj</name>
      </input_file>
      <input_file id="fl-2c">
         <path>C:\VApps\ticcs\6p1p0\ccsv6\tools\compiler\c5500_4.4.1\lib\</path>
         <kind>archive</kind>
         <file>rts55x.lib</file>
         <name>negd.obj</name>
      </input_file>
      <input_file id="fl-2d">
         <path>C:\VApps\ticcs\6p1p0\ccsv6\tools\compiler\c5500_4.4.1\lib\</path>
         <kind>archive</kind>
         <file>rts55x.lib</file>
         <name>remli.obj</name>
      </input_file>
      <input_file id="fl-2e">
         <path>C:\VApps\ticcs\6p1p0\ccsv6\tools\compiler\c5500_4.4.1\lib\</path>
         <kind>archive</kind>
         <file>rts55x.lib</file>
         <name>remul.obj</name>
      </input_file>
      <input_file id="fl-2f">
         <path>C:\VApps\ticcs\6p1p0\ccsv6\tools\compiler\c5500_4.4.1\lib\</path>
         <kind>archive</kind>
         <file>rts55x.lib</file>
         <name>subd.obj</name>
      </input_file>
      <input_file id="fl-30">
         <path>C:\VApps\ticcs\6p1p0\ccsv6\tools\compiler\c5500_4.4.1\lib\</path>
         <kind>archive</kind>
         <file>rts55x.lib</file>
         <name>trgdrv.obj</name>
      </input_file>
      <input_file id="fl-31">
         <path>C:\VApps\ticcs\6p1p0\ccsv6\tools\compiler\c5500_4.4.1\lib\</path>
         <kind>archive</kind>
         <file>rts55x.lib</file>
         <name>trgmsg.obj</name>
      </input_file>
      <input_file id="fl-32">
         <path>C:\VApps\ticcs\6p1p0\ccsv6\tools\compiler\c5500_4.4.1\lib\</path>
         <kind>archive</kind>
         <file>rts55x.lib</file>
         <name>udiv.obj</name>
      </input_file>
      <input_file id="fl-33">
         <path>C:\VApps\ticcs\6p1p0\ccsv6\tools\compiler\c5500_4.4.1\lib\</path>
         <kind>archive</kind>
         <file>rts55x.lib</file>
         <name>_io_perm.obj</name>
      </input_file>
      <input_file id="fl-34">
         <path>C:\VApps\ticcs\6p1p0\ccsv6\tools\compiler\c5500_4.4.1\lib\</path>
         <kind>archive</kind>
         <file>rts55x.lib</file>
         <name>addd.obj</name>
      </input_file>
      <input_file id="fl-35">
         <path>C:\VApps\ticcs\6p1p0\ccsv6\tools\compiler\c5500_4.4.1\lib\</path>
         <kind>archive</kind>
         <file>rts55x.lib</file>
         <name>divli.obj</name>
      </input_file>
      <input_file id="fl-36">
         <path>C:\VApps\ticcs\6p1p0\ccsv6\tools\compiler\c5500_4.4.1\lib\</path>
         <kind>archive</kind>
         <file>rts55x.lib</file>
         <name>fflush.obj</name>
      </input_file>
      <input_file id="fl-37">
         <path>C:\VApps\ticcs\6p1p0\ccsv6\tools\compiler\c5500_4.4.1\lib\</path>
         <kind>archive</kind>
         <file>rts55x.lib</file>
         <name>frcmpyd.obj</name>
      </input_file>
      <input_file id="fl-38">
         <path>C:\VApps\ticcs\6p1p0\ccsv6\tools\compiler\c5500_4.4.1\lib\</path>
         <kind>archive</kind>
         <file>rts55x.lib</file>
         <name>fseek.obj</name>
      </input_file>
      <input_file id="fl-39">
         <path>C:\VApps\ticcs\6p1p0\ccsv6\tools\compiler\c5500_4.4.1\lib\</path>
         <kind>archive</kind>
         <file>rts55x.lib</file>
         <name>setvbuf.obj</name>
      </input_file>
      <input_file id="fl-3a">
         <path>C:\VApps\ticcs\6p1p0\ccsv6\tools\compiler\c5500_4.4.1\lib\</path>
         <kind>archive</kind>
         <file>rts55x.lib</file>
         <name>fopen.obj</name>
      </input_file>
      <input_file id="fl-3b">
         <path>C:\VApps\ticcs\6p1p0\ccsv6\tools\compiler\c5500_4.4.1\lib\</path>
         <kind>archive</kind>
         <file>rts55x.lib</file>
         <name>memory.obj</name>
      </input_file>
      <input_file id="fl-3c">
         <path>C:\VApps\ticcs\6p1p0\ccsv6\tools\compiler\c5500_4.4.1\lib\</path>
         <kind>archive</kind>
         <file>rts55x.lib</file>
         <name>fclose.obj</name>
      </input_file>
      <input_file id="fl-3d">
         <path>C:\VApps\ticcs\6p1p0\ccsv6\tools\compiler\c5500_4.4.1\lib\</path>
         <kind>archive</kind>
         <file>rts55x.lib</file>
         <name>remove.obj</name>
      </input_file>
   </input_file_list>
   <object_component_list>
      <object_component id="oc-5d">
         <name>.text</name>
         <load_address>0x3443e</load_address>
         <run_address>0x3443e</run_address>
         <size>0x15a4</size>
         <input_file_ref idref="fl-16"/>
      </object_component>
      <object_component id="oc-a3">
         <name>.text</name>
         <load_address>0x359e2</load_address>
         <run_address>0x359e2</run_address>
         <size>0x543</size>
         <input_file_ref idref="fl-27"/>
      </object_component>
      <object_component id="oc-c9">
         <name>.text</name>
         <load_address>0x35f25</load_address>
         <run_address>0x35f25</run_address>
         <size>0x528</size>
         <input_file_ref idref="fl-30"/>
      </object_component>
      <object_component id="oc-fa">
         <name>.text</name>
         <load_address>0x3644d</load_address>
         <run_address>0x3644d</run_address>
         <size>0x4b5</size>
         <input_file_ref idref="fl-3b"/>
      </object_component>
      <object_component id="oc-24">
         <name>.text</name>
         <load_address>0x36902</load_address>
         <run_address>0x36902</run_address>
         <size>0x42b</size>
         <input_file_ref idref="fl-5"/>
      </object_component>
      <object_component id="oc-79">
         <name>.text</name>
         <load_address>0x36d2d</load_address>
         <run_address>0x36d2d</run_address>
         <size>0x3cc</size>
         <input_file_ref idref="fl-1d"/>
      </object_component>
      <object_component id="oc-f4">
         <name>.text</name>
         <load_address>0x370f9</load_address>
         <run_address>0x370f9</run_address>
         <size>0x27f</size>
         <input_file_ref idref="fl-3a"/>
      </object_component>
      <object_component id="oc-9f">
         <name>.text</name>
         <load_address>0x37378</load_address>
         <run_address>0x37378</run_address>
         <size>0x25e</size>
         <input_file_ref idref="fl-26"/>
      </object_component>
      <object_component id="oc-dc">
         <name>.text</name>
         <load_address>0x375d6</load_address>
         <run_address>0x375d6</run_address>
         <size>0x25a</size>
         <input_file_ref idref="fl-34"/>
      </object_component>
      <object_component id="oc-12">
         <name>.text</name>
         <load_address>0x37830</load_address>
         <run_address>0x37830</run_address>
         <size>0x1f9</size>
         <input_file_ref idref="fl-2"/>
      </object_component>
      <object_component id="oc-6f">
         <name>.text</name>
         <load_address>0x37a29</load_address>
         <run_address>0x37a29</run_address>
         <size>0x1ea</size>
         <input_file_ref idref="fl-1a"/>
      </object_component>
      <object_component id="oc-92">
         <name>.text</name>
         <load_address>0x37c13</load_address>
         <run_address>0x37c13</run_address>
         <size>0x163</size>
         <input_file_ref idref="fl-23"/>
      </object_component>
      <object_component id="oc-3a">
         <name>.text</name>
         <load_address>0x37d76</load_address>
         <run_address>0x37d76</run_address>
         <size>0x156</size>
         <input_file_ref idref="fl-f"/>
      </object_component>
      <object_component id="oc-b5">
         <name>.text</name>
         <load_address>0x37ecc</load_address>
         <run_address>0x37ecc</run_address>
         <size>0x14c</size>
         <input_file_ref idref="fl-2b"/>
      </object_component>
      <object_component id="oc-28">
         <name>.text:retain</name>
         <load_address>0x38018</load_address>
         <run_address>0x38018</run_address>
         <size>0x149</size>
         <input_file_ref idref="fl-5"/>
      </object_component>
      <object_component id="oc-33">
         <name>.text</name>
         <load_address>0x38161</load_address>
         <run_address>0x38161</run_address>
         <size>0x13e</size>
         <input_file_ref idref="fl-e"/>
      </object_component>
      <object_component id="oc-20">
         <name>.text:retain</name>
         <load_address>0x3829f</load_address>
         <run_address>0x3829f</run_address>
         <size>0x125</size>
         <input_file_ref idref="fl-4"/>
      </object_component>
      <object_component id="oc-f0">
         <name>.text</name>
         <load_address>0x383c4</load_address>
         <run_address>0x383c4</run_address>
         <size>0xe6</size>
         <input_file_ref idref="fl-39"/>
      </object_component>
      <object_component id="oc-d8">
         <name>.text</name>
         <load_address>0x384aa</load_address>
         <run_address>0x384aa</run_address>
         <size>0xdd</size>
         <input_file_ref idref="fl-33"/>
      </object_component>
      <object_component id="oc-e4">
         <name>.text</name>
         <load_address>0x38587</load_address>
         <run_address>0x38587</run_address>
         <size>0xc2</size>
         <input_file_ref idref="fl-36"/>
      </object_component>
      <object_component id="oc-d1">
         <name>.text:CIO_breakpoint</name>
         <load_address>0x38649</load_address>
         <run_address>0x38649</run_address>
         <size>0xba</size>
         <input_file_ref idref="fl-31"/>
      </object_component>
      <object_component id="oc-17">
         <name>.text</name>
         <load_address>0x38703</load_address>
         <run_address>0x38703</run_address>
         <size>0xb1</size>
         <input_file_ref idref="fl-3"/>
      </object_component>
      <object_component id="oc-8e">
         <name>.text</name>
         <load_address>0x387b4</load_address>
         <run_address>0x387b4</run_address>
         <size>0xa6</size>
         <input_file_ref idref="fl-22"/>
      </object_component>
      <object_component id="oc-7d">
         <name>.text</name>
         <load_address>0x3885a</load_address>
         <run_address>0x3885a</run_address>
         <size>0xa1</size>
         <input_file_ref idref="fl-1e"/>
      </object_component>
      <object_component id="oc-2f">
         <name>.text</name>
         <load_address>0x388fc</load_address>
         <run_address>0x388fc</run_address>
         <size>0x87</size>
         <input_file_ref idref="fl-7"/>
      </object_component>
      <object_component id="oc-a9">
         <name>.text</name>
         <load_address>0x38983</load_address>
         <run_address>0x38983</run_address>
         <size>0x7d</size>
         <input_file_ref idref="fl-28"/>
      </object_component>
      <object_component id="oc-101">
         <name>.text</name>
         <load_address>0x38a00</load_address>
         <run_address>0x38a00</run_address>
         <size>0x7b</size>
         <input_file_ref idref="fl-3c"/>
      </object_component>
      <object_component id="oc-e8">
         <name>.text</name>
         <load_address>0x38a7b</load_address>
         <run_address>0x38a7b</run_address>
         <size>0x76</size>
         <input_file_ref idref="fl-37"/>
      </object_component>
      <object_component id="oc-97">
         <name>.text</name>
         <load_address>0x38af1</load_address>
         <run_address>0x38af1</run_address>
         <size>0x73</size>
         <input_file_ref idref="fl-24"/>
      </object_component>
      <object_component id="oc-c1">
         <name>.text</name>
         <load_address>0x38b64</load_address>
         <run_address>0x38b64</run_address>
         <size>0x72</size>
         <input_file_ref idref="fl-2e"/>
      </object_component>
      <object_component id="oc-1c">
         <name>.text</name>
         <load_address>0x38bd6</load_address>
         <run_address>0x38bd6</run_address>
         <size>0x70</size>
         <input_file_ref idref="fl-4"/>
      </object_component>
      <object_component id="oc-85">
         <name>.text</name>
         <load_address>0x38c46</load_address>
         <run_address>0x38c46</run_address>
         <size>0x6f</size>
         <input_file_ref idref="fl-20"/>
      </object_component>
      <object_component id="oc-ce">
         <name>.text</name>
         <load_address>0x38cb5</load_address>
         <run_address>0x38cb5</run_address>
         <size>0x6d</size>
         <input_file_ref idref="fl-31"/>
      </object_component>
      <object_component id="oc-ec">
         <name>.text</name>
         <load_address>0x38d22</load_address>
         <run_address>0x38d22</run_address>
         <size>0x6b</size>
         <input_file_ref idref="fl-38"/>
      </object_component>
      <object_component id="oc-89">
         <name>.text</name>
         <load_address>0x38d8d</load_address>
         <run_address>0x38d8d</run_address>
         <size>0x67</size>
         <input_file_ref idref="fl-21"/>
      </object_component>
      <object_component id="oc-67">
         <name>.text</name>
         <load_address>0x38df4</load_address>
         <run_address>0x38df4</run_address>
         <size>0x5c</size>
         <input_file_ref idref="fl-18"/>
      </object_component>
      <object_component id="oc-3f">
         <name>.text</name>
         <load_address>0x38e50</load_address>
         <run_address>0x38e50</run_address>
         <size>0x54</size>
         <input_file_ref idref="fl-10"/>
      </object_component>
      <object_component id="oc-53">
         <name>.text</name>
         <load_address>0x38ea4</load_address>
         <run_address>0x38ea4</run_address>
         <size>0x50</size>
         <input_file_ref idref="fl-14"/>
      </object_component>
      <object_component id="oc-6b">
         <name>.text</name>
         <load_address>0x38ef4</load_address>
         <run_address>0x38ef4</run_address>
         <size>0x4d</size>
         <input_file_ref idref="fl-19"/>
      </object_component>
      <object_component id="oc-63">
         <name>.text</name>
         <load_address>0x38f41</load_address>
         <run_address>0x38f41</run_address>
         <size>0x4b</size>
         <input_file_ref idref="fl-17"/>
      </object_component>
      <object_component id="oc-bd">
         <name>.text</name>
         <load_address>0x38f8c</load_address>
         <run_address>0x38f8c</run_address>
         <size>0x4b</size>
         <input_file_ref idref="fl-2d"/>
      </object_component>
      <object_component id="oc-e0">
         <name>.text</name>
         <load_address>0x38fd7</load_address>
         <run_address>0x38fd7</run_address>
         <size>0x48</size>
         <input_file_ref idref="fl-35"/>
      </object_component>
      <object_component id="oc-b1">
         <name>.text</name>
         <load_address>0x3901f</load_address>
         <run_address>0x3901f</run_address>
         <size>0x3f</size>
         <input_file_ref idref="fl-2a"/>
      </object_component>
      <object_component id="oc-48">
         <name>.text</name>
         <load_address>0x3905e</load_address>
         <run_address>0x3905e</run_address>
         <size>0x3e</size>
         <input_file_ref idref="fl-12"/>
      </object_component>
      <object_component id="oc-10">
         <name>.text</name>
         <load_address>0x3909c</load_address>
         <run_address>0x3909c</run_address>
         <size>0x34</size>
         <input_file_ref idref="fl-11"/>
      </object_component>
      <object_component id="oc-81">
         <name>.text</name>
         <load_address>0x390d0</load_address>
         <run_address>0x390d0</run_address>
         <size>0x2a</size>
         <input_file_ref idref="fl-1f"/>
      </object_component>
      <object_component id="oc-d4">
         <name>.text</name>
         <load_address>0x390fa</load_address>
         <run_address>0x390fa</run_address>
         <size>0x2a</size>
         <input_file_ref idref="fl-32"/>
      </object_component>
      <object_component id="oc-ad">
         <name>.text</name>
         <load_address>0x39124</load_address>
         <run_address>0x39124</run_address>
         <size>0x23</size>
         <input_file_ref idref="fl-29"/>
      </object_component>
      <object_component id="oc-9b">
         <name>.text</name>
         <load_address>0x39147</load_address>
         <run_address>0x39147</run_address>
         <size>0x1a</size>
         <input_file_ref idref="fl-25"/>
      </object_component>
      <object_component id="oc-c5">
         <name>.text</name>
         <load_address>0x39161</load_address>
         <run_address>0x39161</run_address>
         <size>0x14</size>
         <input_file_ref idref="fl-2f"/>
      </object_component>
      <object_component id="oc-4f">
         <name>.text</name>
         <load_address>0x39175</load_address>
         <run_address>0x39175</run_address>
         <size>0x13</size>
         <input_file_ref idref="fl-13"/>
      </object_component>
      <object_component id="oc-57">
         <name>.text</name>
         <load_address>0x39188</load_address>
         <run_address>0x39188</run_address>
         <size>0x12</size>
         <input_file_ref idref="fl-15"/>
      </object_component>
      <object_component id="oc-b9">
         <name>.text</name>
         <load_address>0x3919a</load_address>
         <run_address>0x3919a</run_address>
         <size>0x10</size>
         <input_file_ref idref="fl-2c"/>
      </object_component>
      <object_component id="oc-105">
         <name>.text</name>
         <load_address>0x391aa</load_address>
         <run_address>0x391aa</run_address>
         <size>0xa</size>
         <input_file_ref idref="fl-3d"/>
      </object_component>
      <object_component id="oc-4c">
         <name>.text:CIO_breakpoint</name>
         <load_address>0x391b4</load_address>
         <run_address>0x391b4</run_address>
         <size>0x7</size>
         <input_file_ref idref="fl-12"/>
      </object_component>
      <object_component id="oc-44">
         <name>.stack</name>
         <uninitialized>true</uninitialized>
         <run_address>0xc0</run_address>
         <size>0x0</size>
         <input_file_ref idref="fl-11"/>
      </object_component>
      <object_component id="oc-124">
         <name>.stack</name>
         <uninitialized>true</uninitialized>
         <run_address>0xc0</run_address>
         <size>0x0</size>
      </object_component>
      <object_component id="oc-109">
         <name>.sysstack</name>
         <uninitialized>true</uninitialized>
         <run_address>0x20c0</run_address>
         <size>0x0</size>
         <input_file_ref idref="fl-11"/>
      </object_component>
      <object_component id="oc-126">
         <name>.sysstack</name>
         <uninitialized>true</uninitialized>
         <run_address>0x20c0</run_address>
         <size>0x0</size>
      </object_component>
      <object_component id="oc-75">
         <name>.bss</name>
         <uninitialized>true</uninitialized>
         <run_address>0x30c0</run_address>
         <size>0x232</size>
         <input_file_ref idref="fl-1c"/>
      </object_component>
      <object_component id="oc-ca">
         <name>.bss</name>
         <uninitialized>true</uninitialized>
         <run_address>0x32f2</run_address>
         <size>0x1a0</size>
         <input_file_ref idref="fl-30"/>
      </object_component>
      <object_component id="oc-f5">
         <name>.bss</name>
         <uninitialized>true</uninitialized>
         <run_address>0x3492</run_address>
         <size>0x2</size>
         <input_file_ref idref="fl-3a"/>
      </object_component>
      <object_component id="oc-a4">
         <name>.bss</name>
         <uninitialized>true</uninitialized>
         <run_address>0x3494</run_address>
         <size>0xe2</size>
         <input_file_ref idref="fl-27"/>
      </object_component>
      <object_component id="oc-1d">
         <name>.bss</name>
         <uninitialized>true</uninitialized>
         <run_address>0x3576</run_address>
         <size>0x18</size>
         <input_file_ref idref="fl-4"/>
      </object_component>
      <object_component id="oc-34">
         <name>.bss</name>
         <uninitialized>true</uninitialized>
         <run_address>0x358e</run_address>
         <size>0x2</size>
         <input_file_ref idref="fl-e"/>
      </object_component>
      <object_component id="oc-fb">
         <name>.bss</name>
         <uninitialized>true</uninitialized>
         <run_address>0x3590</run_address>
         <size>0xc</size>
         <input_file_ref idref="fl-3b"/>
      </object_component>
      <object_component id="oc-58">
         <name>.bss</name>
         <uninitialized>true</uninitialized>
         <run_address>0x359c</run_address>
         <size>0x8</size>
         <input_file_ref idref="fl-15"/>
      </object_component>
      <object_component id="oc-49">
         <name>.bss</name>
         <uninitialized>true</uninitialized>
         <run_address>0x35a4</run_address>
         <size>0x8</size>
         <input_file_ref idref="fl-12"/>
      </object_component>
      <object_component id="oc-25">
         <name>.bss</name>
         <uninitialized>true</uninitialized>
         <run_address>0x20000</run_address>
         <size>0x1443e</size>
         <input_file_ref idref="fl-5"/>
      </object_component>
      <object_component id="oc-10b">
         <name>.const:__ctypes_</name>
         <load_address>0x55ac</load_address>
         <run_address>0x55ac</run_address>
         <size>0x202</size>
         <input_file_ref idref="fl-1b"/>
      </object_component>
      <object_component id="oc-60">
         <name>.const:.string</name>
         <load_address>0x57b0</load_address>
         <run_address>0x57b0</run_address>
         <size>0x48</size>
         <input_file_ref idref="fl-16"/>
      </object_component>
      <object_component id="oc-5f">
         <name>.const</name>
         <load_address>0x57f8</load_address>
         <run_address>0x57f8</run_address>
         <size>0x18</size>
         <input_file_ref idref="fl-16"/>
      </object_component>
      <object_component id="oc-10c">
         <name>.const:_initial_approx$1</name>
         <load_address>0x5810</load_address>
         <run_address>0x5810</run_address>
         <size>0x10</size>
         <input_file_ref idref="fl-1d"/>
      </object_component>
      <object_component id="oc-29">
         <name>.const:.string</name>
         <load_address>0x5820</load_address>
         <run_address>0x5820</run_address>
         <size>0xe</size>
         <input_file_ref idref="fl-5"/>
      </object_component>
      <object_component id="oc-94">
         <name>.const:.string</name>
         <load_address>0x5830</load_address>
         <run_address>0x5830</run_address>
         <size>0x4</size>
         <input_file_ref idref="fl-23"/>
      </object_component>
      <object_component id="oc-8b">
         <name>.const</name>
         <load_address>0x5834</load_address>
         <run_address>0x5834</run_address>
         <size>0x4</size>
         <input_file_ref idref="fl-21"/>
      </object_component>
      <object_component id="oc-fe">
         <name>.sysmem</name>
         <uninitialized>true</uninitialized>
         <run_address>0x35ac</run_address>
         <size>0x0</size>
         <input_file_ref idref="fl-3b"/>
      </object_component>
      <object_component id="oc-125">
         <name>.sysmem</name>
         <uninitialized>true</uninitialized>
         <run_address>0x35ac</run_address>
         <size>0x0</size>
      </object_component>
      <object_component id="oc-10a">
         <name>.switch:_uart_interrupt_handler</name>
         <load_address>0x403e0</load_address>
         <run_address>0x403e0</run_address>
         <size>0x28</size>
         <input_file_ref idref="fl-4"/>
      </object_component>
      <object_component id="oc-a6">
         <name>.cinit</name>
         <load_address>0x40240</load_address>
         <run_address>0x40240</run_address>
         <size>0x5a</size>
         <input_file_ref idref="fl-27"/>
      </object_component>
      <object_component id="oc-1f">
         <name>.cinit</name>
         <load_address>0x4029a</load_address>
         <run_address>0x4029a</run_address>
         <size>0x58</size>
         <input_file_ref idref="fl-4"/>
      </object_component>
      <object_component id="oc-27">
         <name>.cinit</name>
         <load_address>0x402f2</load_address>
         <run_address>0x402f2</run_address>
         <size>0x56</size>
         <input_file_ref idref="fl-5"/>
      </object_component>
      <object_component id="oc-77">
         <name>.cinit</name>
         <load_address>0x40348</load_address>
         <run_address>0x40348</run_address>
         <size>0x54</size>
         <input_file_ref idref="fl-1c"/>
      </object_component>
      <object_component id="oc-5a">
         <name>.cinit</name>
         <load_address>0x4039c</load_address>
         <run_address>0x4039c</run_address>
         <size>0x14</size>
         <input_file_ref idref="fl-15"/>
      </object_component>
      <object_component id="oc-4b">
         <name>.cinit</name>
         <load_address>0x403b0</load_address>
         <run_address>0x403b0</run_address>
         <size>0x14</size>
         <input_file_ref idref="fl-12"/>
      </object_component>
      <object_component id="oc-f7">
         <name>.cinit</name>
         <load_address>0x403c4</load_address>
         <run_address>0x403c4</run_address>
         <size>0x8</size>
         <input_file_ref idref="fl-3a"/>
      </object_component>
      <object_component id="oc-fd">
         <name>.cinit</name>
         <load_address>0x403cc</load_address>
         <run_address>0x403cc</run_address>
         <size>0x8</size>
         <input_file_ref idref="fl-3b"/>
      </object_component>
      <object_component id="oc-36">
         <name>.cinit</name>
         <load_address>0x403d4</load_address>
         <run_address>0x403d4</run_address>
         <size>0x8</size>
         <input_file_ref idref="fl-e"/>
      </object_component>
      <object_component id="oc-d0">
         <name>.cio</name>
         <uninitialized>true</uninitialized>
         <run_address>0x40000</run_address>
         <size>0x240</size>
         <input_file_ref idref="fl-31"/>
      </object_component>
      <object_component id="oc-11">
         <name>vectors</name>
         <load_address>0x4fe00</load_address>
         <run_address>0x4fe00</run_address>
         <size>0x100</size>
         <input_file_ref idref="fl-7"/>
      </object_component>
      <object_component id="oc-13">
         <name>.debug_info</name>
         <load_address>0x0</load_address>
         <run_address>0x0</run_address>
         <size>0xc64</size>
         <input_file_ref idref="fl-2"/>
      </object_component>
      <object_component id="oc-18">
         <name>.debug_info</name>
         <load_address>0xc64</load_address>
         <run_address>0xc64</run_address>
         <size>0x64f</size>
         <input_file_ref idref="fl-3"/>
      </object_component>
      <object_component id="oc-1e">
         <name>.debug_info</name>
         <load_address>0x12b3</load_address>
         <run_address>0x12b3</run_address>
         <size>0x74e</size>
         <input_file_ref idref="fl-4"/>
      </object_component>
      <object_component id="oc-26">
         <name>.debug_info</name>
         <load_address>0x1a01</load_address>
         <run_address>0x1a01</run_address>
         <size>0x16a5</size>
         <input_file_ref idref="fl-5"/>
      </object_component>
      <object_component id="oc-2d">
         <name>.debug_info</name>
         <load_address>0x30a6</load_address>
         <run_address>0x30a6</run_address>
         <size>0x480</size>
         <input_file_ref idref="fl-6"/>
      </object_component>
      <object_component id="oc-30">
         <name>.debug_info</name>
         <load_address>0x3526</load_address>
         <run_address>0x3526</run_address>
         <size>0xfc</size>
         <input_file_ref idref="fl-7"/>
      </object_component>
      <object_component id="oc-35">
         <name>.debug_info</name>
         <load_address>0x3622</load_address>
         <run_address>0x3622</run_address>
         <size>0xbe6</size>
         <input_file_ref idref="fl-e"/>
      </object_component>
      <object_component id="oc-3b">
         <name>.debug_info</name>
         <load_address>0x4208</load_address>
         <run_address>0x4208</run_address>
         <size>0x840</size>
         <input_file_ref idref="fl-f"/>
      </object_component>
      <object_component id="oc-40">
         <name>.debug_info</name>
         <load_address>0x4a48</load_address>
         <run_address>0x4a48</run_address>
         <size>0x6a7</size>
         <input_file_ref idref="fl-10"/>
      </object_component>
      <object_component id="oc-45">
         <name>.debug_info</name>
         <load_address>0x50ef</load_address>
         <run_address>0x50ef</run_address>
         <size>0xe8</size>
         <input_file_ref idref="fl-11"/>
      </object_component>
      <object_component id="oc-4a">
         <name>.debug_info</name>
         <load_address>0x51d7</load_address>
         <run_address>0x51d7</run_address>
         <size>0x5fb</size>
         <input_file_ref idref="fl-12"/>
      </object_component>
      <object_component id="oc-50">
         <name>.debug_info</name>
         <load_address>0x57d2</load_address>
         <run_address>0x57d2</run_address>
         <size>0xbd</size>
         <input_file_ref idref="fl-13"/>
      </object_component>
      <object_component id="oc-54">
         <name>.debug_info</name>
         <load_address>0x588f</load_address>
         <run_address>0x588f</run_address>
         <size>0x76c</size>
         <input_file_ref idref="fl-14"/>
      </object_component>
      <object_component id="oc-59">
         <name>.debug_info</name>
         <load_address>0x5ffb</load_address>
         <run_address>0x5ffb</run_address>
         <size>0x5bc</size>
         <input_file_ref idref="fl-15"/>
      </object_component>
      <object_component id="oc-5e">
         <name>.debug_info</name>
         <load_address>0x65b7</load_address>
         <run_address>0x65b7</run_address>
         <size>0x27bd</size>
         <input_file_ref idref="fl-16"/>
      </object_component>
      <object_component id="oc-64">
         <name>.debug_info</name>
         <load_address>0x8d74</load_address>
         <run_address>0x8d74</run_address>
         <size>0x586</size>
         <input_file_ref idref="fl-17"/>
      </object_component>
      <object_component id="oc-68">
         <name>.debug_info</name>
         <load_address>0x92fa</load_address>
         <run_address>0x92fa</run_address>
         <size>0x5a4</size>
         <input_file_ref idref="fl-18"/>
      </object_component>
      <object_component id="oc-6c">
         <name>.debug_info</name>
         <load_address>0x989e</load_address>
         <run_address>0x989e</run_address>
         <size>0xcd</size>
         <input_file_ref idref="fl-19"/>
      </object_component>
      <object_component id="oc-70">
         <name>.debug_info</name>
         <load_address>0x996b</load_address>
         <run_address>0x996b</run_address>
         <size>0x81f</size>
         <input_file_ref idref="fl-1a"/>
      </object_component>
      <object_component id="oc-73">
         <name>.debug_info</name>
         <load_address>0xa18a</load_address>
         <run_address>0xa18a</run_address>
         <size>0x498</size>
         <input_file_ref idref="fl-1b"/>
      </object_component>
      <object_component id="oc-76">
         <name>.debug_info</name>
         <load_address>0xa622</load_address>
         <run_address>0xa622</run_address>
         <size>0x57e</size>
         <input_file_ref idref="fl-1c"/>
      </object_component>
      <object_component id="oc-7a">
         <name>.debug_info</name>
         <load_address>0xaba0</load_address>
         <run_address>0xaba0</run_address>
         <size>0x7e8</size>
         <input_file_ref idref="fl-1d"/>
      </object_component>
      <object_component id="oc-7e">
         <name>.debug_info</name>
         <load_address>0xb388</load_address>
         <run_address>0xb388</run_address>
         <size>0x534</size>
         <input_file_ref idref="fl-1e"/>
      </object_component>
      <object_component id="oc-82">
         <name>.debug_info</name>
         <load_address>0xb8bc</load_address>
         <run_address>0xb8bc</run_address>
         <size>0x4cf</size>
         <input_file_ref idref="fl-1f"/>
      </object_component>
      <object_component id="oc-86">
         <name>.debug_info</name>
         <load_address>0xbd8b</load_address>
         <run_address>0xbd8b</run_address>
         <size>0x534</size>
         <input_file_ref idref="fl-20"/>
      </object_component>
      <object_component id="oc-8a">
         <name>.debug_info</name>
         <load_address>0xc2bf</load_address>
         <run_address>0xc2bf</run_address>
         <size>0x549</size>
         <input_file_ref idref="fl-21"/>
      </object_component>
      <object_component id="oc-8f">
         <name>.debug_info</name>
         <load_address>0xc808</load_address>
         <run_address>0xc808</run_address>
         <size>0x6aa</size>
         <input_file_ref idref="fl-22"/>
      </object_component>
      <object_component id="oc-93">
         <name>.debug_info</name>
         <load_address>0xceb2</load_address>
         <run_address>0xceb2</run_address>
         <size>0x942</size>
         <input_file_ref idref="fl-23"/>
      </object_component>
      <object_component id="oc-98">
         <name>.debug_info</name>
         <load_address>0xd7f4</load_address>
         <run_address>0xd7f4</run_address>
         <size>0x53e</size>
         <input_file_ref idref="fl-24"/>
      </object_component>
      <object_component id="oc-9c">
         <name>.debug_info</name>
         <load_address>0xdd32</load_address>
         <run_address>0xdd32</run_address>
         <size>0x680</size>
         <input_file_ref idref="fl-25"/>
      </object_component>
      <object_component id="oc-a0">
         <name>.debug_info</name>
         <load_address>0xe3b2</load_address>
         <run_address>0xe3b2</run_address>
         <size>0x7d4</size>
         <input_file_ref idref="fl-26"/>
      </object_component>
      <object_component id="oc-a5">
         <name>.debug_info</name>
         <load_address>0xeb86</load_address>
         <run_address>0xeb86</run_address>
         <size>0x144b</size>
         <input_file_ref idref="fl-27"/>
      </object_component>
      <object_component id="oc-aa">
         <name>.debug_info</name>
         <load_address>0xffd1</load_address>
         <run_address>0xffd1</run_address>
         <size>0x5ad</size>
         <input_file_ref idref="fl-28"/>
      </object_component>
      <object_component id="oc-ae">
         <name>.debug_info</name>
         <load_address>0x1057e</load_address>
         <run_address>0x1057e</run_address>
         <size>0x574</size>
         <input_file_ref idref="fl-29"/>
      </object_component>
      <object_component id="oc-b2">
         <name>.debug_info</name>
         <load_address>0x10af2</load_address>
         <run_address>0x10af2</run_address>
         <size>0xd1</size>
         <input_file_ref idref="fl-2a"/>
      </object_component>
      <object_component id="oc-b6">
         <name>.debug_info</name>
         <load_address>0x10bc3</load_address>
         <run_address>0x10bc3</run_address>
         <size>0x55b</size>
         <input_file_ref idref="fl-2b"/>
      </object_component>
      <object_component id="oc-ba">
         <name>.debug_info</name>
         <load_address>0x1111e</load_address>
         <run_address>0x1111e</run_address>
         <size>0x4b7</size>
         <input_file_ref idref="fl-2c"/>
      </object_component>
      <object_component id="oc-be">
         <name>.debug_info</name>
         <load_address>0x115d5</load_address>
         <run_address>0x115d5</run_address>
         <size>0x4f2</size>
         <input_file_ref idref="fl-2d"/>
      </object_component>
      <object_component id="oc-c2">
         <name>.debug_info</name>
         <load_address>0x11ac7</load_address>
         <run_address>0x11ac7</run_address>
         <size>0x534</size>
         <input_file_ref idref="fl-2e"/>
      </object_component>
      <object_component id="oc-c6">
         <name>.debug_info</name>
         <load_address>0x11ffb</load_address>
         <run_address>0x11ffb</run_address>
         <size>0x4de</size>
         <input_file_ref idref="fl-2f"/>
      </object_component>
      <object_component id="oc-cb">
         <name>.debug_info</name>
         <load_address>0x124d9</load_address>
         <run_address>0x124d9</run_address>
         <size>0xed4</size>
         <input_file_ref idref="fl-30"/>
      </object_component>
      <object_component id="oc-cf">
         <name>.debug_info</name>
         <load_address>0x133ad</load_address>
         <run_address>0x133ad</run_address>
         <size>0x744</size>
         <input_file_ref idref="fl-31"/>
      </object_component>
      <object_component id="oc-d5">
         <name>.debug_info</name>
         <load_address>0x13af1</load_address>
         <run_address>0x13af1</run_address>
         <size>0xef</size>
         <input_file_ref idref="fl-32"/>
      </object_component>
      <object_component id="oc-d9">
         <name>.debug_info</name>
         <load_address>0x13be0</load_address>
         <run_address>0x13be0</run_address>
         <size>0x662</size>
         <input_file_ref idref="fl-33"/>
      </object_component>
      <object_component id="oc-dd">
         <name>.debug_info</name>
         <load_address>0x14242</load_address>
         <run_address>0x14242</run_address>
         <size>0x5ab</size>
         <input_file_ref idref="fl-34"/>
      </object_component>
      <object_component id="oc-e1">
         <name>.debug_info</name>
         <load_address>0x147ed</load_address>
         <run_address>0x147ed</run_address>
         <size>0x4f2</size>
         <input_file_ref idref="fl-35"/>
      </object_component>
      <object_component id="oc-e5">
         <name>.debug_info</name>
         <load_address>0x14cdf</load_address>
         <run_address>0x14cdf</run_address>
         <size>0x706</size>
         <input_file_ref idref="fl-36"/>
      </object_component>
      <object_component id="oc-e9">
         <name>.debug_info</name>
         <load_address>0x153e5</load_address>
         <run_address>0x153e5</run_address>
         <size>0x4d2</size>
         <input_file_ref idref="fl-37"/>
      </object_component>
      <object_component id="oc-ed">
         <name>.debug_info</name>
         <load_address>0x158b7</load_address>
         <run_address>0x158b7</run_address>
         <size>0x5f7</size>
         <input_file_ref idref="fl-38"/>
      </object_component>
      <object_component id="oc-f1">
         <name>.debug_info</name>
         <load_address>0x15eae</load_address>
         <run_address>0x15eae</run_address>
         <size>0x64a</size>
         <input_file_ref idref="fl-39"/>
      </object_component>
      <object_component id="oc-f6">
         <name>.debug_info</name>
         <load_address>0x164f8</load_address>
         <run_address>0x164f8</run_address>
         <size>0xa1c</size>
         <input_file_ref idref="fl-3a"/>
      </object_component>
      <object_component id="oc-fc">
         <name>.debug_info</name>
         <load_address>0x16f14</load_address>
         <run_address>0x16f14</run_address>
         <size>0xb97</size>
         <input_file_ref idref="fl-3b"/>
      </object_component>
      <object_component id="oc-102">
         <name>.debug_info</name>
         <load_address>0x17aab</load_address>
         <run_address>0x17aab</run_address>
         <size>0x64f</size>
         <input_file_ref idref="fl-3c"/>
      </object_component>
      <object_component id="oc-106">
         <name>.debug_info</name>
         <load_address>0x180fa</load_address>
         <run_address>0x180fa</run_address>
         <size>0x510</size>
         <input_file_ref idref="fl-3d"/>
      </object_component>
      <object_component id="oc-12e">
         <name>.debug_info</name>
         <load_address>0x1860a</load_address>
         <run_address>0x1860a</run_address>
         <size>0x6e</size>
      </object_component>
      <object_component id="oc-14">
         <name>.debug_frame</name>
         <load_address>0x0</load_address>
         <run_address>0x0</run_address>
         <size>0x144</size>
         <input_file_ref idref="fl-2"/>
      </object_component>
      <object_component id="oc-19">
         <name>.debug_frame</name>
         <load_address>0x144</load_address>
         <run_address>0x144</run_address>
         <size>0xf5</size>
         <input_file_ref idref="fl-3"/>
      </object_component>
      <object_component id="oc-21">
         <name>.debug_frame</name>
         <load_address>0x239</load_address>
         <run_address>0x239</run_address>
         <size>0x144</size>
         <input_file_ref idref="fl-4"/>
      </object_component>
      <object_component id="oc-2a">
         <name>.debug_frame</name>
         <load_address>0x37d</load_address>
         <run_address>0x37d</run_address>
         <size>0x411</size>
         <input_file_ref idref="fl-5"/>
      </object_component>
      <object_component id="oc-37">
         <name>.debug_frame</name>
         <load_address>0x78e</load_address>
         <run_address>0x78e</run_address>
         <size>0x14a</size>
         <input_file_ref idref="fl-e"/>
      </object_component>
      <object_component id="oc-3c">
         <name>.debug_frame</name>
         <load_address>0x8d8</load_address>
         <run_address>0x8d8</run_address>
         <size>0x135</size>
         <input_file_ref idref="fl-f"/>
      </object_component>
      <object_component id="oc-41">
         <name>.debug_frame</name>
         <load_address>0xa0d</load_address>
         <run_address>0xa0d</run_address>
         <size>0x116</size>
         <input_file_ref idref="fl-10"/>
      </object_component>
      <object_component id="oc-15">
         <name>.debug_line</name>
         <load_address>0x0</load_address>
         <run_address>0x0</run_address>
         <size>0xe2</size>
         <input_file_ref idref="fl-2"/>
      </object_component>
      <object_component id="oc-1a">
         <name>.debug_line</name>
         <load_address>0xe2</load_address>
         <run_address>0xe2</run_address>
         <size>0xa4</size>
         <input_file_ref idref="fl-3"/>
      </object_component>
      <object_component id="oc-22">
         <name>.debug_line</name>
         <load_address>0x186</load_address>
         <run_address>0x186</run_address>
         <size>0xe9</size>
         <input_file_ref idref="fl-4"/>
      </object_component>
      <object_component id="oc-2b">
         <name>.debug_line</name>
         <load_address>0x26f</load_address>
         <run_address>0x26f</run_address>
         <size>0x2e9</size>
         <input_file_ref idref="fl-5"/>
      </object_component>
      <object_component id="oc-31">
         <name>.debug_line</name>
         <load_address>0x558</load_address>
         <run_address>0x558</run_address>
         <size>0x6b</size>
         <input_file_ref idref="fl-7"/>
      </object_component>
      <object_component id="oc-38">
         <name>.debug_line</name>
         <load_address>0x5c3</load_address>
         <run_address>0x5c3</run_address>
         <size>0x16c</size>
         <input_file_ref idref="fl-e"/>
      </object_component>
      <object_component id="oc-3d">
         <name>.debug_line</name>
         <load_address>0x72f</load_address>
         <run_address>0x72f</run_address>
         <size>0xdf</size>
         <input_file_ref idref="fl-f"/>
      </object_component>
      <object_component id="oc-42">
         <name>.debug_line</name>
         <load_address>0x80e</load_address>
         <run_address>0x80e</run_address>
         <size>0x84</size>
         <input_file_ref idref="fl-10"/>
      </object_component>
      <object_component id="oc-46">
         <name>.debug_line</name>
         <load_address>0x892</load_address>
         <run_address>0x892</run_address>
         <size>0x54</size>
         <input_file_ref idref="fl-11"/>
      </object_component>
      <object_component id="oc-4d">
         <name>.debug_line</name>
         <load_address>0x8e6</load_address>
         <run_address>0x8e6</run_address>
         <size>0x51</size>
         <input_file_ref idref="fl-12"/>
      </object_component>
      <object_component id="oc-51">
         <name>.debug_line</name>
         <load_address>0x937</load_address>
         <run_address>0x937</run_address>
         <size>0x3c</size>
         <input_file_ref idref="fl-13"/>
      </object_component>
      <object_component id="oc-55">
         <name>.debug_line</name>
         <load_address>0x973</load_address>
         <run_address>0x973</run_address>
         <size>0x69</size>
         <input_file_ref idref="fl-14"/>
      </object_component>
      <object_component id="oc-5b">
         <name>.debug_line</name>
         <load_address>0x9dc</load_address>
         <run_address>0x9dc</run_address>
         <size>0x57</size>
         <input_file_ref idref="fl-15"/>
      </object_component>
      <object_component id="oc-61">
         <name>.debug_line</name>
         <load_address>0xa33</load_address>
         <run_address>0xa33</run_address>
         <size>0x328</size>
         <input_file_ref idref="fl-16"/>
      </object_component>
      <object_component id="oc-65">
         <name>.debug_line</name>
         <load_address>0xd5b</load_address>
         <run_address>0xd5b</run_address>
         <size>0x41</size>
         <input_file_ref idref="fl-17"/>
      </object_component>
      <object_component id="oc-69">
         <name>.debug_line</name>
         <load_address>0xd9c</load_address>
         <run_address>0xd9c</run_address>
         <size>0x46</size>
         <input_file_ref idref="fl-18"/>
      </object_component>
      <object_component id="oc-6d">
         <name>.debug_line</name>
         <load_address>0xde2</load_address>
         <run_address>0xde2</run_address>
         <size>0x55</size>
         <input_file_ref idref="fl-19"/>
      </object_component>
      <object_component id="oc-71">
         <name>.debug_line</name>
         <load_address>0xe37</load_address>
         <run_address>0xe37</run_address>
         <size>0xad</size>
         <input_file_ref idref="fl-1a"/>
      </object_component>
      <object_component id="oc-7b">
         <name>.debug_line</name>
         <load_address>0xee4</load_address>
         <run_address>0xee4</run_address>
         <size>0x5b</size>
         <input_file_ref idref="fl-1d"/>
      </object_component>
      <object_component id="oc-7f">
         <name>.debug_line</name>
         <load_address>0xf3f</load_address>
         <run_address>0xf3f</run_address>
         <size>0x44</size>
         <input_file_ref idref="fl-1e"/>
      </object_component>
      <object_component id="oc-83">
         <name>.debug_line</name>
         <load_address>0xf83</load_address>
         <run_address>0xf83</run_address>
         <size>0x3d</size>
         <input_file_ref idref="fl-1f"/>
      </object_component>
      <object_component id="oc-87">
         <name>.debug_line</name>
         <load_address>0xfc0</load_address>
         <run_address>0xfc0</run_address>
         <size>0x3d</size>
         <input_file_ref idref="fl-20"/>
      </object_component>
      <object_component id="oc-8c">
         <name>.debug_line</name>
         <load_address>0xffd</load_address>
         <run_address>0xffd</run_address>
         <size>0x44</size>
         <input_file_ref idref="fl-21"/>
      </object_component>
      <object_component id="oc-90">
         <name>.debug_line</name>
         <load_address>0x1041</load_address>
         <run_address>0x1041</run_address>
         <size>0x56</size>
         <input_file_ref idref="fl-22"/>
      </object_component>
      <object_component id="oc-95">
         <name>.debug_line</name>
         <load_address>0x1097</load_address>
         <run_address>0x1097</run_address>
         <size>0xa8</size>
         <input_file_ref idref="fl-23"/>
      </object_component>
      <object_component id="oc-99">
         <name>.debug_line</name>
         <load_address>0x113f</load_address>
         <run_address>0x113f</run_address>
         <size>0x40</size>
         <input_file_ref idref="fl-24"/>
      </object_component>
      <object_component id="oc-9d">
         <name>.debug_line</name>
         <load_address>0x117f</load_address>
         <run_address>0x117f</run_address>
         <size>0x38</size>
         <input_file_ref idref="fl-25"/>
      </object_component>
      <object_component id="oc-a1">
         <name>.debug_line</name>
         <load_address>0x11b7</load_address>
         <run_address>0x11b7</run_address>
         <size>0xa8</size>
         <input_file_ref idref="fl-26"/>
      </object_component>
      <object_component id="oc-a7">
         <name>.debug_line</name>
         <load_address>0x125f</load_address>
         <run_address>0x125f</run_address>
         <size>0x1b0</size>
         <input_file_ref idref="fl-27"/>
      </object_component>
      <object_component id="oc-ab">
         <name>.debug_line</name>
         <load_address>0x140f</load_address>
         <run_address>0x140f</run_address>
         <size>0x40</size>
         <input_file_ref idref="fl-28"/>
      </object_component>
      <object_component id="oc-af">
         <name>.debug_line</name>
         <load_address>0x144f</load_address>
         <run_address>0x144f</run_address>
         <size>0x3c</size>
         <input_file_ref idref="fl-29"/>
      </object_component>
      <object_component id="oc-b3">
         <name>.debug_line</name>
         <load_address>0x148b</load_address>
         <run_address>0x148b</run_address>
         <size>0x4d</size>
         <input_file_ref idref="fl-2a"/>
      </object_component>
      <object_component id="oc-b7">
         <name>.debug_line</name>
         <load_address>0x14d8</load_address>
         <run_address>0x14d8</run_address>
         <size>0x3c</size>
         <input_file_ref idref="fl-2b"/>
      </object_component>
      <object_component id="oc-bb">
         <name>.debug_line</name>
         <load_address>0x1514</load_address>
         <run_address>0x1514</run_address>
         <size>0x37</size>
         <input_file_ref idref="fl-2c"/>
      </object_component>
      <object_component id="oc-bf">
         <name>.debug_line</name>
         <load_address>0x154b</load_address>
         <run_address>0x154b</run_address>
         <size>0x3c</size>
         <input_file_ref idref="fl-2d"/>
      </object_component>
      <object_component id="oc-c3">
         <name>.debug_line</name>
         <load_address>0x1587</load_address>
         <run_address>0x1587</run_address>
         <size>0x44</size>
         <input_file_ref idref="fl-2e"/>
      </object_component>
      <object_component id="oc-c7">
         <name>.debug_line</name>
         <load_address>0x15cb</load_address>
         <run_address>0x15cb</run_address>
         <size>0x37</size>
         <input_file_ref idref="fl-2f"/>
      </object_component>
      <object_component id="oc-cc">
         <name>.debug_line</name>
         <load_address>0x1602</load_address>
         <run_address>0x1602</run_address>
         <size>0x15d</size>
         <input_file_ref idref="fl-30"/>
      </object_component>
      <object_component id="oc-d2">
         <name>.debug_line</name>
         <load_address>0x175f</load_address>
         <run_address>0x175f</run_address>
         <size>0x6a</size>
         <input_file_ref idref="fl-31"/>
      </object_component>
      <object_component id="oc-d6">
         <name>.debug_line</name>
         <load_address>0x17c9</load_address>
         <run_address>0x17c9</run_address>
         <size>0x58</size>
         <input_file_ref idref="fl-32"/>
      </object_component>
      <object_component id="oc-da">
         <name>.debug_line</name>
         <load_address>0x1821</load_address>
         <run_address>0x1821</run_address>
         <size>0x57</size>
         <input_file_ref idref="fl-33"/>
      </object_component>
      <object_component id="oc-de">
         <name>.debug_line</name>
         <load_address>0x1878</load_address>
         <run_address>0x1878</run_address>
         <size>0x5c</size>
         <input_file_ref idref="fl-34"/>
      </object_component>
      <object_component id="oc-e2">
         <name>.debug_line</name>
         <load_address>0x18d4</load_address>
         <run_address>0x18d4</run_address>
         <size>0x3c</size>
         <input_file_ref idref="fl-35"/>
      </object_component>
      <object_component id="oc-e6">
         <name>.debug_line</name>
         <load_address>0x1910</load_address>
         <run_address>0x1910</run_address>
         <size>0x5b</size>
         <input_file_ref idref="fl-36"/>
      </object_component>
      <object_component id="oc-ea">
         <name>.debug_line</name>
         <load_address>0x196b</load_address>
         <run_address>0x196b</run_address>
         <size>0x3a</size>
         <input_file_ref idref="fl-37"/>
      </object_component>
      <object_component id="oc-ee">
         <name>.debug_line</name>
         <load_address>0x19a5</load_address>
         <run_address>0x19a5</run_address>
         <size>0x3c</size>
         <input_file_ref idref="fl-38"/>
      </object_component>
      <object_component id="oc-f2">
         <name>.debug_line</name>
         <load_address>0x19e1</load_address>
         <run_address>0x19e1</run_address>
         <size>0x3f</size>
         <input_file_ref idref="fl-39"/>
      </object_component>
      <object_component id="oc-f8">
         <name>.debug_line</name>
         <load_address>0x1a20</load_address>
         <run_address>0x1a20</run_address>
         <size>0xd7</size>
         <input_file_ref idref="fl-3a"/>
      </object_component>
      <object_component id="oc-ff">
         <name>.debug_line</name>
         <load_address>0x1af7</load_address>
         <run_address>0x1af7</run_address>
         <size>0x112</size>
         <input_file_ref idref="fl-3b"/>
      </object_component>
      <object_component id="oc-103">
         <name>.debug_line</name>
         <load_address>0x1c09</load_address>
         <run_address>0x1c09</run_address>
         <size>0x3d</size>
         <input_file_ref idref="fl-3c"/>
      </object_component>
      <object_component id="oc-107">
         <name>.debug_line</name>
         <load_address>0x1c46</load_address>
         <run_address>0x1c46</run_address>
         <size>0x39</size>
         <input_file_ref idref="fl-3d"/>
      </object_component>
      <object_component id="oc-16">
         <name>.debug_abbrev</name>
         <load_address>0x0</load_address>
         <run_address>0x0</run_address>
         <size>0x127</size>
         <input_file_ref idref="fl-2"/>
      </object_component>
      <object_component id="oc-1b">
         <name>.debug_abbrev</name>
         <load_address>0x127</load_address>
         <run_address>0x127</run_address>
         <size>0xe4</size>
         <input_file_ref idref="fl-3"/>
      </object_component>
      <object_component id="oc-23">
         <name>.debug_abbrev</name>
         <load_address>0x20b</load_address>
         <run_address>0x20b</run_address>
         <size>0xfd</size>
         <input_file_ref idref="fl-4"/>
      </object_component>
      <object_component id="oc-2c">
         <name>.debug_abbrev</name>
         <load_address>0x308</load_address>
         <run_address>0x308</run_address>
         <size>0x1b6</size>
         <input_file_ref idref="fl-5"/>
      </object_component>
      <object_component id="oc-2e">
         <name>.debug_abbrev</name>
         <load_address>0x4be</load_address>
         <run_address>0x4be</run_address>
         <size>0x34</size>
         <input_file_ref idref="fl-6"/>
      </object_component>
      <object_component id="oc-32">
         <name>.debug_abbrev</name>
         <load_address>0x4f2</load_address>
         <run_address>0x4f2</run_address>
         <size>0x3b</size>
         <input_file_ref idref="fl-7"/>
      </object_component>
      <object_component id="oc-39">
         <name>.debug_abbrev</name>
         <load_address>0x52d</load_address>
         <run_address>0x52d</run_address>
         <size>0x108</size>
         <input_file_ref idref="fl-e"/>
      </object_component>
      <object_component id="oc-3e">
         <name>.debug_abbrev</name>
         <load_address>0x635</load_address>
         <run_address>0x635</run_address>
         <size>0x8d</size>
         <input_file_ref idref="fl-f"/>
      </object_component>
      <object_component id="oc-43">
         <name>.debug_abbrev</name>
         <load_address>0x6c2</load_address>
         <run_address>0x6c2</run_address>
         <size>0xf3</size>
         <input_file_ref idref="fl-10"/>
      </object_component>
      <object_component id="oc-47">
         <name>.debug_abbrev</name>
         <load_address>0x7b5</load_address>
         <run_address>0x7b5</run_address>
         <size>0x3a</size>
         <input_file_ref idref="fl-11"/>
      </object_component>
      <object_component id="oc-4e">
         <name>.debug_abbrev</name>
         <load_address>0x7ef</load_address>
         <run_address>0x7ef</run_address>
         <size>0xf7</size>
         <input_file_ref idref="fl-12"/>
      </object_component>
      <object_component id="oc-52">
         <name>.debug_abbrev</name>
         <load_address>0x8e6</load_address>
         <run_address>0x8e6</run_address>
         <size>0x38</size>
         <input_file_ref idref="fl-13"/>
      </object_component>
      <object_component id="oc-56">
         <name>.debug_abbrev</name>
         <load_address>0x91e</load_address>
         <run_address>0x91e</run_address>
         <size>0x145</size>
         <input_file_ref idref="fl-14"/>
      </object_component>
      <object_component id="oc-5c">
         <name>.debug_abbrev</name>
         <load_address>0xa63</load_address>
         <run_address>0xa63</run_address>
         <size>0x9f</size>
         <input_file_ref idref="fl-15"/>
      </object_component>
      <object_component id="oc-62">
         <name>.debug_abbrev</name>
         <load_address>0xb02</load_address>
         <run_address>0xb02</run_address>
         <size>0x1f8</size>
         <input_file_ref idref="fl-16"/>
      </object_component>
      <object_component id="oc-66">
         <name>.debug_abbrev</name>
         <load_address>0xcfa</load_address>
         <run_address>0xcfa</run_address>
         <size>0xec</size>
         <input_file_ref idref="fl-17"/>
      </object_component>
      <object_component id="oc-6a">
         <name>.debug_abbrev</name>
         <load_address>0xde6</load_address>
         <run_address>0xde6</run_address>
         <size>0xd5</size>
         <input_file_ref idref="fl-18"/>
      </object_component>
      <object_component id="oc-6e">
         <name>.debug_abbrev</name>
         <load_address>0xebb</load_address>
         <run_address>0xebb</run_address>
         <size>0x44</size>
         <input_file_ref idref="fl-19"/>
      </object_component>
      <object_component id="oc-72">
         <name>.debug_abbrev</name>
         <load_address>0xeff</load_address>
         <run_address>0xeff</run_address>
         <size>0xb7</size>
         <input_file_ref idref="fl-1a"/>
      </object_component>
      <object_component id="oc-74">
         <name>.debug_abbrev</name>
         <load_address>0xfb6</load_address>
         <run_address>0xfb6</run_address>
         <size>0x68</size>
         <input_file_ref idref="fl-1b"/>
      </object_component>
      <object_component id="oc-78">
         <name>.debug_abbrev</name>
         <load_address>0x101e</load_address>
         <run_address>0x101e</run_address>
         <size>0x83</size>
         <input_file_ref idref="fl-1c"/>
      </object_component>
      <object_component id="oc-7c">
         <name>.debug_abbrev</name>
         <load_address>0x10a1</load_address>
         <run_address>0x10a1</run_address>
         <size>0x112</size>
         <input_file_ref idref="fl-1d"/>
      </object_component>
      <object_component id="oc-80">
         <name>.debug_abbrev</name>
         <load_address>0x11b3</load_address>
         <run_address>0x11b3</run_address>
         <size>0xb5</size>
         <input_file_ref idref="fl-1e"/>
      </object_component>
      <object_component id="oc-84">
         <name>.debug_abbrev</name>
         <load_address>0x1268</load_address>
         <run_address>0x1268</run_address>
         <size>0x8f</size>
         <input_file_ref idref="fl-1f"/>
      </object_component>
      <object_component id="oc-88">
         <name>.debug_abbrev</name>
         <load_address>0x12f7</load_address>
         <run_address>0x12f7</run_address>
         <size>0xb7</size>
         <input_file_ref idref="fl-20"/>
      </object_component>
      <object_component id="oc-8d">
         <name>.debug_abbrev</name>
         <load_address>0x13ae</load_address>
         <run_address>0x13ae</run_address>
         <size>0xc2</size>
         <input_file_ref idref="fl-21"/>
      </object_component>
      <object_component id="oc-91">
         <name>.debug_abbrev</name>
         <load_address>0x1470</load_address>
         <run_address>0x1470</run_address>
         <size>0x103</size>
         <input_file_ref idref="fl-22"/>
      </object_component>
      <object_component id="oc-96">
         <name>.debug_abbrev</name>
         <load_address>0x1573</load_address>
         <run_address>0x1573</run_address>
         <size>0x140</size>
         <input_file_ref idref="fl-23"/>
      </object_component>
      <object_component id="oc-9a">
         <name>.debug_abbrev</name>
         <load_address>0x16b3</load_address>
         <run_address>0x16b3</run_address>
         <size>0x9a</size>
         <input_file_ref idref="fl-24"/>
      </object_component>
      <object_component id="oc-9e">
         <name>.debug_abbrev</name>
         <load_address>0x174d</load_address>
         <run_address>0x174d</run_address>
         <size>0xd0</size>
         <input_file_ref idref="fl-25"/>
      </object_component>
      <object_component id="oc-a2">
         <name>.debug_abbrev</name>
         <load_address>0x181d</load_address>
         <run_address>0x181d</run_address>
         <size>0xb7</size>
         <input_file_ref idref="fl-26"/>
      </object_component>
      <object_component id="oc-a8">
         <name>.debug_abbrev</name>
         <load_address>0x18d4</load_address>
         <run_address>0x18d4</run_address>
         <size>0x225</size>
         <input_file_ref idref="fl-27"/>
      </object_component>
      <object_component id="oc-ac">
         <name>.debug_abbrev</name>
         <load_address>0x1af9</load_address>
         <run_address>0x1af9</run_address>
         <size>0xec</size>
         <input_file_ref idref="fl-28"/>
      </object_component>
      <object_component id="oc-b0">
         <name>.debug_abbrev</name>
         <load_address>0x1be5</load_address>
         <run_address>0x1be5</run_address>
         <size>0xb7</size>
         <input_file_ref idref="fl-29"/>
      </object_component>
      <object_component id="oc-b4">
         <name>.debug_abbrev</name>
         <load_address>0x1c9c</load_address>
         <run_address>0x1c9c</run_address>
         <size>0x38</size>
         <input_file_ref idref="fl-2a"/>
      </object_component>
      <object_component id="oc-b8">
         <name>.debug_abbrev</name>
         <load_address>0x1cd4</load_address>
         <run_address>0x1cd4</run_address>
         <size>0xdc</size>
         <input_file_ref idref="fl-2b"/>
      </object_component>
      <object_component id="oc-bc">
         <name>.debug_abbrev</name>
         <load_address>0x1db0</load_address>
         <run_address>0x1db0</run_address>
         <size>0x81</size>
         <input_file_ref idref="fl-2c"/>
      </object_component>
      <object_component id="oc-c0">
         <name>.debug_abbrev</name>
         <load_address>0x1e31</load_address>
         <run_address>0x1e31</run_address>
         <size>0xa6</size>
         <input_file_ref idref="fl-2d"/>
      </object_component>
      <object_component id="oc-c4">
         <name>.debug_abbrev</name>
         <load_address>0x1ed7</load_address>
         <run_address>0x1ed7</run_address>
         <size>0xb5</size>
         <input_file_ref idref="fl-2e"/>
      </object_component>
      <object_component id="oc-c8">
         <name>.debug_abbrev</name>
         <load_address>0x1f8c</load_address>
         <run_address>0x1f8c</run_address>
         <size>0x8f</size>
         <input_file_ref idref="fl-2f"/>
      </object_component>
      <object_component id="oc-cd">
         <name>.debug_abbrev</name>
         <load_address>0x201b</load_address>
         <run_address>0x201b</run_address>
         <size>0x15a</size>
         <input_file_ref idref="fl-30"/>
      </object_component>
      <object_component id="oc-d3">
         <name>.debug_abbrev</name>
         <load_address>0x2175</load_address>
         <run_address>0x2175</run_address>
         <size>0xde</size>
         <input_file_ref idref="fl-31"/>
      </object_component>
      <object_component id="oc-d7">
         <name>.debug_abbrev</name>
         <load_address>0x2253</load_address>
         <run_address>0x2253</run_address>
         <size>0x38</size>
         <input_file_ref idref="fl-32"/>
      </object_component>
      <object_component id="oc-db">
         <name>.debug_abbrev</name>
         <load_address>0x228b</load_address>
         <run_address>0x228b</run_address>
         <size>0xd1</size>
         <input_file_ref idref="fl-33"/>
      </object_component>
      <object_component id="oc-df">
         <name>.debug_abbrev</name>
         <load_address>0x235c</load_address>
         <run_address>0x235c</run_address>
         <size>0xd4</size>
         <input_file_ref idref="fl-34"/>
      </object_component>
      <object_component id="oc-e3">
         <name>.debug_abbrev</name>
         <load_address>0x2430</load_address>
         <run_address>0x2430</run_address>
         <size>0xa6</size>
         <input_file_ref idref="fl-35"/>
      </object_component>
      <object_component id="oc-e7">
         <name>.debug_abbrev</name>
         <load_address>0x24d6</load_address>
         <run_address>0x24d6</run_address>
         <size>0x136</size>
         <input_file_ref idref="fl-36"/>
      </object_component>
      <object_component id="oc-eb">
         <name>.debug_abbrev</name>
         <load_address>0x260c</load_address>
         <run_address>0x260c</run_address>
         <size>0x81</size>
         <input_file_ref idref="fl-37"/>
      </object_component>
      <object_component id="oc-ef">
         <name>.debug_abbrev</name>
         <load_address>0x268d</load_address>
         <run_address>0x268d</run_address>
         <size>0xd1</size>
         <input_file_ref idref="fl-38"/>
      </object_component>
      <object_component id="oc-f3">
         <name>.debug_abbrev</name>
         <load_address>0x275e</load_address>
         <run_address>0x275e</run_address>
         <size>0x10b</size>
         <input_file_ref idref="fl-39"/>
      </object_component>
      <object_component id="oc-f9">
         <name>.debug_abbrev</name>
         <load_address>0x2869</load_address>
         <run_address>0x2869</run_address>
         <size>0x1a2</size>
         <input_file_ref idref="fl-3a"/>
      </object_component>
      <object_component id="oc-100">
         <name>.debug_abbrev</name>
         <load_address>0x2a0b</load_address>
         <run_address>0x2a0b</run_address>
         <size>0x1de</size>
         <input_file_ref idref="fl-3b"/>
      </object_component>
      <object_component id="oc-104">
         <name>.debug_abbrev</name>
         <load_address>0x2be9</load_address>
         <run_address>0x2be9</run_address>
         <size>0x118</size>
         <input_file_ref idref="fl-3c"/>
      </object_component>
      <object_component id="oc-108">
         <name>.debug_abbrev</name>
         <load_address>0x2d01</load_address>
         <run_address>0x2d01</run_address>
         <size>0xbf</size>
         <input_file_ref idref="fl-3d"/>
      </object_component>
      <object_component id="oc-12f">
         <name>.debug_abbrev</name>
         <load_address>0x2dc0</load_address>
         <run_address>0x2dc0</run_address>
         <size>0xd</size>
      </object_component>
   </object_component_list>
   <logical_group_list>
      <logical_group id="lg-128">
         <name>.text</name>
         <load_address>0x3443e</load_address>
         <run_address>0x3443e</run_address>
         <size>0x4d7e</size>
         <contents>
            <object_component_ref idref="oc-5d"/>
            <object_component_ref idref="oc-a3"/>
            <object_component_ref idref="oc-c9"/>
            <object_component_ref idref="oc-fa"/>
            <object_component_ref idref="oc-24"/>
            <object_component_ref idref="oc-79"/>
            <object_component_ref idref="oc-f4"/>
            <object_component_ref idref="oc-9f"/>
            <object_component_ref idref="oc-dc"/>
            <object_component_ref idref="oc-12"/>
[...]
         <value>0x36a92</value>
         <object_component_ref idref="oc-24"/>
      </symbol>
      <symbol id="sm-10f">
         <name>_writeIndex</name>
         <value>0x20020</value>
         <object_component_ref idref="oc-25"/>
      </symbol>
      <symbol id="sm-110">
         <name>_input</name>
         <value>0x32040</value>
         <object_component_ref idref="oc-25"/>
      </symbol>
      <symbol id="sm-141">
         <name>_Reset</name>
         <value>0x4fe00</value>
         <object_component_ref idref="oc-11"/>
      </symbol>
      <symbol id="sm-142">
         <name>reset_isr</name>
         <value>0x388fc</value>
         <object_component_ref idref="oc-2f"/>
      </symbol>
      <symbol id="sm-16a">
         <name>_USBSTK5515_I2C_reset</name>
         <value>0x38189</value>
         <object_component_ref idref="oc-33"/>
      </symbol>
      <symbol id="sm-16b">
         <name>_USBSTK5515_I2C_read</name>
         <value>0x38226</value>
         <object_component_ref idref="oc-33"/>
      </symbol>
      <symbol id="sm-16c">
         <name>_USBSTK5515_I2C_write</name>
         <value>0x38197</value>
         <object_component_ref idref="oc-33"/>
      </symbol>
      <symbol id="sm-16d">
         <name>_USBSTK5515_I2C_close</name>
         <value>0x38180</value>
         <object_component_ref idref="oc-33"/>
      </symbol>
      <symbol id="sm-16e">
         <name>_i2c_timeout</name>
         <value>0x358e</value>
         <object_component_ref idref="oc-34"/>
      </symbol>
      <symbol id="sm-16f">
         <name>_USBSTK5515_I2C_init</name>
         <value>0x38161</value>
         <object_component_ref idref="oc-33"/>
      </symbol>
      <symbol id="sm-183">
         <name>_USBSTK5515_GPIO_setDirection</name>
         <value>0x37d7a</value>
         <object_component_ref idref="oc-3a"/>
      </symbol>
      <symbol id="sm-184">
         <name>_USBSTK5515_GPIO_getInput</name>
         <value>0x37e74</value>
         <object_component_ref idref="oc-3a"/>
      </symbol>
      <symbol id="sm-185">
         <name>_USBSTK5515_GPIO_init</name>
         <value>0x37d76</value>
         <object_component_ref idref="oc-3a"/>
      </symbol>
      <symbol id="sm-186">
         <name>_USBSTK5515_GPIO_setOutput</name>
         <value>0x37df7</value>
         <object_component_ref idref="oc-3a"/>
      </symbol>
      <symbol id="sm-194">
         <name>_USBSTK5515_wait</name>
         <value>0x38e50</value>
         <object_component_ref idref="oc-3f"/>
      </symbol>
      <symbol id="sm-195">
         <name>_USBSTK5515_init</name>
         <value>0x38e96</value>
         <object_component_ref idref="oc-3f"/>
      </symbol>
      <symbol id="sm-196">
         <name>_USBSTK5515_waitusec</name>
         <value>0x38e84</value>
         <object_component_ref idref="oc-3f"/>
      </symbol>
      <symbol id="sm-1a2">
         <name>__sysstack</name>
         <value>0x20c0</value>
         <object_component_ref idref="oc-109"/>
      </symbol>
      <symbol id="sm-1a3">
         <name>_c_int00</name>
         <value>0x3909c</value>
         <object_component_ref idref="oc-10"/>
      </symbol>
      <symbol id="sm-1a4">
         <name>__stack</name>
         <value>0xc0</value>
         <object_component_ref idref="oc-44"/>
      </symbol>
      <symbol id="sm-1b4">
         <name>C$$EXIT</name>
         <value>0x391b5</value>
         <object_component_ref idref="oc-4c"/>
      </symbol>
      <symbol id="sm-1b5">
         <name>_exit</name>
         <value>0x3905e</value>
         <object_component_ref idref="oc-48"/>
      </symbol>
      <symbol id="sm-1b6">
         <name>_abort</name>
         <value>0x391b4</value>
         <object_component_ref idref="oc-4c"/>
      </symbol>
      <symbol id="sm-1b7">
         <name>__cleanup_ptr</name>
         <value>0x35a4</value>
         <object_component_ref idref="oc-49"/>
      </symbol>
      <symbol id="sm-1b8">
         <name>__dtors_ptr</name>
         <value>0x35a8</value>
         <object_component_ref idref="oc-49"/>
      </symbol>
      <symbol id="sm-1c0">
         <name>__mpyli</name>
         <value>0x39175</value>
         <object_component_ref idref="oc-4f"/>
      </symbol>
      <symbol id="sm-1c1">
         <name>I$$LMPY</name>
         <value>0x39175</value>
         <object_component_ref idref="oc-4f"/>
      </symbol>
      <symbol id="sm-1cb">
         <name>_printf</name>
         <value>0x38ea4</value>
         <object_component_ref idref="oc-53"/>
      </symbol>
      <symbol id="sm-1d9">
         <name>__unlock</name>
         <value>0x35a0</value>
         <object_component_ref idref="oc-58"/>
      </symbol>
      <symbol id="sm-1da">
         <name>__lock</name>
         <value>0x359c</value>
         <object_component_ref idref="oc-58"/>
      </symbol>
      <symbol id="sm-1db">
         <name>__register_lock</name>
         <value>0x39190</value>
         <object_component_ref idref="oc-57"/>
      </symbol>
      <symbol id="sm-1dc">
         <name>__nop</name>
         <value>0x39198</value>
         <object_component_ref idref="oc-57"/>
      </symbol>
      <symbol id="sm-1dd">
         <name>__register_unlock</name>
         <value>0x39188</value>
         <object_component_ref idref="oc-57"/>
      </symbol>
      <symbol id="sm-1ef">
         <name>__printfi</name>
         <value>0x357a0</value>
         <object_component_ref idref="oc-5d"/>
      </symbol>
      <symbol id="sm-1f9">
         <name>__args_main</name>
         <value>0x38f41</value>
         <object_component_ref idref="oc-63"/>
      </symbol>
      <symbol id="sm-1fa">
         <name>__TI_args_main</name>
         <value>0x1</value>
      </symbol>
      <symbol id="sm-204">
         <name>_atoi</name>
         <value>0x38df4</value>
         <object_component_ref idref="oc-67"/>
      </symbol>
      <symbol id="sm-20c">
         <name>_auto_init</name>
         <value>0x38ef4</value>
         <object_component_ref idref="oc-6b"/>
      </symbol>
      <symbol id="sm-216">
         <name>__eqld</name>
         <value>0x37b87</value>
         <object_component_ref idref="oc-6f"/>
      </symbol>
      <symbol id="sm-217">
         <name>__cmpd</name>
         <value>0x37bbb</value>
         <object_component_ref idref="oc-6f"/>
      </symbol>
      <symbol id="sm-218">
         <name>__neqd</name>
         <value>0x37a29</value>
         <object_component_ref idref="oc-6f"/>
      </symbol>
      <symbol id="sm-219">
         <name>__gtrd</name>
         <value>0x37af2</value>
         <object_component_ref idref="oc-6f"/>
      </symbol>
      <symbol id="sm-21a">
         <name>__geqd</name>
         <value>0x37b3d</value>
         <object_component_ref idref="oc-6f"/>
      </symbol>
      <symbol id="sm-21b">
         <name>__leqd</name>
         <value>0x37aa5</value>
         <object_component_ref idref="oc-6f"/>
      </symbol>
      <symbol id="sm-21c">
         <name>__lssd</name>
         <value>0x37a5d</value>
         <object_component_ref idref="oc-6f"/>
      </symbol>
      <symbol id="sm-224">
         <name>__ctypes_</name>
         <value>0x55ac</value>
         <object_component_ref idref="oc-10b"/>
      </symbol>
      <symbol id="sm-22e">
         <name>__tmpnams</name>
         <value>0x31b0</value>
         <object_component_ref idref="oc-75"/>
      </symbol>
      <symbol id="sm-22f">
         <name>__ft_end</name>
         <value>0x32f0</value>
         <object_component_ref idref="oc-75"/>
      </symbol>
      <symbol id="sm-230">
         <name>__ftable</name>
         <value>0x30c0</value>
         <object_component_ref idref="oc-75"/>
      </symbol>
      <symbol id="sm-23c">
         <name>__divd</name>
         <value>0x36d2d</value>
         <object_component_ref idref="oc-79"/>
      </symbol>
      <symbol id="sm-247">
         <name>__divul</name>
         <value>0x3885a</value>
         <object_component_ref idref="oc-7d"/>
      </symbol>
      <symbol id="sm-251">
         <name>__fixdi</name>
         <value>0x390d0</value>
         <object_component_ref idref="oc-81"/>
      </symbol>
      <symbol id="sm-25b">
         <name>__fixdli</name>
         <value>0x38c46</value>
         <object_component_ref idref="oc-85"/>
      </symbol>
      <symbol id="sm-267">
         <name>__fltlid</name>
         <value>0x38d8d</value>
         <object_component_ref idref="oc-89"/>
      </symbol>
      <symbol id="sm-271">
         <name>_putchar</name>
         <value>0x3884b</value>
         <object_component_ref idref="oc-8e"/>
      </symbol>
      <symbol id="sm-272">
         <name>_putc</name>
         <value>0x387b4</value>
         <object_component_ref idref="oc-8e"/>
      </symbol>
      <symbol id="sm-273">
         <name>_fputc</name>
         <value>0x387b4</value>
         <object_component_ref idref="oc-8e"/>
      </symbol>
      <symbol id="sm-281">
         <name>_puts</name>
         <value>0x37d48</value>
         <object_component_ref idref="oc-92"/>
      </symbol>
      <symbol id="sm-282">
         <name>_fputs</name>
         <value>0x37c13</value>
         <object_component_ref idref="oc-92"/>
      </symbol>
      <symbol id="sm-28c">
         <name>__frcmpyd_div</name>
         <value>0x38af1</value>
         <object_component_ref idref="oc-97"/>
      </symbol>
      <symbol id="sm-296">
         <name>___isinf</name>
         <value>0x39147</value>
         <object_component_ref idref="oc-9b"/>
      </symbol>
      <symbol id="sm-2a0">
         <name>__divull</name>
         <value>0x374ad</value>
         <object_component_ref idref="oc-9f"/>
      </symbol>
      <symbol id="sm-2a1">
         <name>__mpylli</name>
         <value>0x373f5</value>
         <object_component_ref idref="oc-9f"/>
      </symbol>
      <symbol id="sm-2a2">
         <name>__remlli</name>
         <value>0x373c6</value>
         <object_component_ref idref="oc-9f"/>
      </symbol>
      <symbol id="sm-2a3">
         <name>__divlli</name>
         <value>0x375a1</value>
         <object_component_ref idref="oc-9f"/>
      </symbol>
      <symbol id="sm-2a4">
         <name>__remull</name>
         <value>0x37378</value>
         <object_component_ref idref="oc-9f"/>
      </symbol>
      <symbol id="sm-2b6">
         <name>_add_device</name>
         <value>0x35e35</value>
         <object_component_ref idref="oc-a3"/>
      </symbol>
      <symbol id="sm-2b7">
         <name>_rename</name>
         <value>0x35b57</value>
         <object_component_ref idref="oc-a3"/>
      </symbol>
      <symbol id="sm-2b8">
         <name>_read</name>
         <value>0x35be6</value>
         <object_component_ref idref="oc-a3"/>
      </symbol>
      <symbol id="sm-2b9">
         <name>_unlink</name>
         <value>0x35b24</value>
         <object_component_ref idref="oc-a3"/>
      </symbol>
      <symbol id="sm-2ba">
         <name>_remove_device</name>
         <value>0x35bb0</value>
         <object_component_ref idref="oc-a3"/>
      </symbol>
      <symbol id="sm-2bb">
         <name>_open</name>
         <value>0x35c94</value>
         <object_component_ref idref="oc-a3"/>
      </symbol>
      <symbol id="sm-2bc">
         <name>_find_registered_device</name>
         <value>0x35db9</value>
         <object_component_ref idref="oc-a3"/>
      </symbol>
      <symbol id="sm-2bd">
         <name>_lseek</name>
         <value>0x35d53</value>
         <object_component_ref idref="oc-a3"/>
      </symbol>
      <symbol id="sm-2be">
         <name>_close</name>
         <value>0x35dc2</value>
         <object_component_ref idref="oc-a3"/>
      </symbol>
      <symbol id="sm-2bf">
         <name>_write</name>
         <value>0x359e2</value>
         <object_component_ref idref="oc-a3"/>
      </symbol>
      <symbol id="sm-2c9">
         <name>_ltoa</name>
         <value>0x38983</value>
         <object_component_ref idref="oc-a9"/>
      </symbol>
      <symbol id="sm-2d4">
         <name>_memccpy</name>
         <value>0x39124</value>
         <object_component_ref idref="oc-ad"/>
      </symbol>
      <symbol id="sm-2dc">
         <name>_memcpy</name>
         <value>0x3901f</value>
         <object_component_ref idref="oc-b1"/>
      </symbol>
      <symbol id="sm-2e6">
         <name>__mpyd</name>
         <value>0x37ecc</value>
         <object_component_ref idref="oc-b5"/>
      </symbol>
      <symbol id="sm-2f0">
         <name>__negd</name>
         <value>0x3919a</value>
         <object_component_ref idref="oc-b9"/>
      </symbol>
      <symbol id="sm-2fa">
         <name>__remli</name>
         <value>0x38f8c</value>
         <object_component_ref idref="oc-bd"/>
      </symbol>
      <symbol id="sm-305">
         <name>__remul</name>
         <value>0x38b64</value>
         <object_component_ref idref="oc-c1"/>
      </symbol>
      <symbol id="sm-30f">
         <name>__subd</name>
         <value>0x39161</value>
         <object_component_ref idref="oc-c5"/>
      </symbol>
      <symbol id="sm-31b">
         <name>_HOSTopen</name>
         <value>0x36230</value>
         <object_component_ref idref="oc-c9"/>
      </symbol>
      <symbol id="sm-31c">
         <name>_HOSTread</name>
         <value>0x361a3</value>
         <object_component_ref idref="oc-c9"/>
      </symbol>
      <symbol id="sm-31d">
         <name>_HOSTtime</name>
         <value>0x36097</value>
         <object_component_ref idref="oc-c9"/>
      </symbol>
      <symbol id="sm-31e">
         <name>_getenv</name>
         <value>0x35f25</value>
         <object_component_ref idref="oc-c9"/>
      </symbol>
      <symbol id="sm-31f">
         <name>_HOSTrename</name>
         <value>0x360f5</value>
         <object_component_ref idref="oc-c9"/>
      </symbol>
      <symbol id="sm-320">
         <name>_HOSTclock</name>
         <value>0x363ef</value>
         <object_component_ref idref="oc-c9"/>
      </symbol>
      <symbol id="sm-321">
         <name>_HOSTwrite</name>
         <value>0x35fa0</value>
         <object_component_ref idref="oc-c9"/>
      </symbol>
      <symbol id="sm-322">
         <name>_HOSTlseek</name>
         <value>0x362cf</value>
         <object_component_ref idref="oc-c9"/>
      </symbol>
      <symbol id="sm-323">
         <name>_HOSTunlink</name>
         <value>0x3602d</value>
         <object_component_ref idref="oc-c9"/>
      </symbol>
      <symbol id="sm-324">
         <name>_HOSTclose</name>
         <value>0x36384</value>
         <object_component_ref idref="oc-c9"/>
      </symbol>
      <symbol id="sm-336">
         <name>C$$IO$$</name>
         <value>0x386fe</value>
         <object_component_ref idref="oc-d1"/>
      </symbol>
      <symbol id="sm-337">
         <name>__CIOBUF_</name>
         <value>0x40000</value>
         <object_component_ref idref="oc-d0"/>
      </symbol>
      <symbol id="sm-338">
         <name>_readmsg</name>
         <value>0x38cb5</value>
         <object_component_ref idref="oc-ce"/>
      </symbol>
      <symbol id="sm-339">
         <name>_writemsg</name>
         <value>0x38649</value>
         <object_component_ref idref="oc-d1"/>
      </symbol>
      <symbol id="sm-341">
         <name>__remu</name>
         <value>0x3910f</value>
         <object_component_ref idref="oc-d4"/>
      </symbol>
      <symbol id="sm-342">
         <name>__divu</name>
         <value>0x390fa</value>
         <object_component_ref idref="oc-d4"/>
      </symbol>
      <symbol id="sm-343">
         <name>I$$UMOD</name>
         <value>0x3910f</value>
         <object_component_ref idref="oc-d4"/>
      </symbol>
      <symbol id="sm-344">
         <name>I$$UDIV</name>
         <value>0x390fa</value>
         <object_component_ref idref="oc-d4"/>
      </symbol>
      <symbol id="sm-34e">
         <name>__rd_ok</name>
         <value>0x3852a</value>
         <object_component_ref idref="oc-d8"/>
      </symbol>
      <symbol id="sm-34f">
         <name>__wrt_ok</name>
         <value>0x384aa</value>
         <object_component_ref idref="oc-d8"/>
      </symbol>
      <symbol id="sm-359">
         <name>__addd</name>
         <value>0x375d6</value>
         <object_component_ref idref="oc-dc"/>
      </symbol>
      <symbol id="sm-363">
         <name>__divli</name>
         <value>0x38fd7</value>
         <object_component_ref idref="oc-e0"/>
      </symbol>
      <symbol id="sm-36d">
         <name>__doflush</name>
         <value>0x38587</value>
         <object_component_ref idref="oc-e4"/>
      </symbol>
      <symbol id="sm-36e">
         <name>_fflush</name>
         <value>0x385f0</value>
         <object_component_ref idref="oc-e4"/>
      </symbol>
      <symbol id="sm-378">
         <name>__frcmpyd</name>
         <value>0x38a7b</value>
         <object_component_ref idref="oc-e8"/>
      </symbol>
      <symbol id="sm-382">
         <name>_fseek</name>
         <value>0x38d22</value>
         <object_component_ref idref="oc-ec"/>
      </symbol>
      <symbol id="sm-38c">
         <name>_setvbuf</name>
         <value>0x383c4</value>
         <object_component_ref idref="oc-f0"/>
      </symbol>
      <symbol id="sm-39b">
         <name>__cleanup</name>
         <value>0x3721a</value>
         <object_component_ref idref="oc-f4"/>
      </symbol>
      <symbol id="sm-39c">
         <name>_fopen</name>
         <value>0x3733d</value>
         <object_component_ref idref="oc-f4"/>
      </symbol>
      <symbol id="sm-39d">
         <name>_freopen</name>
         <value>0x37274</value>
         <object_component_ref idref="oc-f4"/>
      </symbol>
      <symbol id="sm-3ad">
         <name>__sys_memory</name>
         <value>0x35ac</value>
         <object_component_ref idref="oc-fe"/>
      </symbol>
      <symbol id="sm-3ae">
         <name>_chkheap</name>
         <value>0x368d4</value>
         <object_component_ref idref="oc-fa"/>
      </symbol>
      <symbol id="sm-3af">
         <name>_realloc</name>
         <value>0x36673</value>
         <object_component_ref idref="oc-fa"/>
      </symbol>
      <symbol id="sm-3b0">
         <name>_free_memory</name>
         <value>0x3687e</value>
         <object_component_ref idref="oc-fa"/>
      </symbol>
      <symbol id="sm-3b1">
         <name>_max_free</name>
         <value>0x36824</value>
         <object_component_ref idref="oc-fa"/>
      </symbol>
      <symbol id="sm-3b2">
         <name>_free</name>
         <value>0x3644d</value>
         <object_component_ref idref="oc-fa"/>
      </symbol>
      <symbol id="sm-3b3">
         <name>_calloc</name>
         <value>0x368dc</value>
         <object_component_ref idref="oc-fa"/>
      </symbol>
      <symbol id="sm-3b4">
         <name>_malloc</name>
         <value>0x3657e</value>
         <object_component_ref idref="oc-fa"/>
      </symbol>
      <symbol id="sm-3b5">
         <name>_minit</name>
         <value>0x36519</value>
         <object_component_ref idref="oc-fa"/>
      </symbol>
      <symbol id="sm-3bf">
         <name>_fclose</name>
         <value>0x38a00</value>
         <object_component_ref idref="oc-101"/>
      </symbol>
      <symbol id="sm-3c9">
         <name>_remove</name>
         <value>0x391aa</value>
         <object_component_ref idref="oc-105"/>
      </symbol>
   </symbol_table>
</link_info>
